0.01 -0.0600137 -0.0615363 -0.0615639
0.02 -0.113933 -0.122521 -0.12281
0.03 -0.156972 -0.182007 -0.183451
0.04 -0.186312 -0.23831 -0.243079
0.05 -0.201476 -0.289038 -0.301019
0.06 -0.204185 -0.331412 -0.35614
0.07 -0.197759 -0.362819 -0.406674
0.08 -0.186232 -0.381408 -0.450139
0.09 -0.173399 -0.38654 -0.483424
0.1 -0.16203 -0.378958 -0.503086
0.11 -0.15341 -0.360582 -0.505835
0.12 -0.147272 -0.333984 -0.489125
0.13 -0.142096 -0.301687 -0.451735
0.14 -0.135636 -0.265474 -0.39418
0.15 -0.125516 -0.225935 -0.31884
0.16 -0.10975 -0.18237 -0.229749
0.17 -0.087057 -0.133107 -0.13204
0.18 -0.0569551 -0.0761459 -0.0311691
0.19 -0.0196765 -0.00995506 0.067928
0.2 0.0240146 0.0658046 0.161569
0.21 0.0729935 0.149834 0.247773
0.22 0.125865 0.239162 0.326327
0.23 0.180955 0.329539 0.398469
0.24 0.236234 0.416161 0.466262
0.25 0.28927 0.494526 0.531811
0.26 0.337279 0.561201 0.596521
0.27 0.377346 0.614306 0.660547
0.28 0.406816 0.6536 0.722571
0.29 0.423775 0.680164 0.779927
0.3 0.427514 0.695806 0.829028
0.31 0.418825 0.702358 0.865978
0.32 0.400001 0.701084 0.887225
0.33 0.374505 0.692342 0.890109
0.34 0.346327 0.6756 0.873206
0.35 0.319163 0.649755 0.836434
0.36 0.295608 0.613647 0.780941
0.37 0.276556 0.566591 0.708846
0.38 0.260981 0.508762 0.622926
0.39 0.246159 0.441313 0.52631
0.4 0.22832 0.366204 0.422255
0.41 0.203556 0.285815 0.313986
0.42 0.168806 0.202464 0.204587
0.43 0.122654 0.11801 0.0969088
0.44 0.065771 0.0336535 -0.00655178
0.45 0.000895188 -0.0499877 -0.103801
0.46 -0.0676446 -0.13257 -0.193497
0.47 -0.13473 -0.213587 -0.275056
0.48 -0.195388 -0.291963 -0.348644
0.49 -0.245643 -0.365826 -0.415027
0.5 -0.283099 -0.432571 -0.475264
0.51 -0.307149 -0.489206 -0.530281
0.52 -0.318808 -0.532914 -0.580435
0.53 -0.320249 -0.561674 -0.625158
0.54 -0.314191 -0.574747 -0.662808
0.55 -0.303309 -0.572897 -0.690776
0.56 -0.289788 -0.558244 -0.705887
0.57 -0.275098 -0.533794 -0.705
0.58 -0.259991 -0.502754 -0.685707
0.59 -0.244655 -0.467811 -0.646965
0.6 -0.228921 -0.43059 -0.589508
0.61 -0.21245 -0.39142 -0.515936
0.62 -0.194832 -0.349483 -0.430447
0.63 -0.17559 -0.303298 -0.338259
0.64 -0.154143 -0.251408 -0.244845
0.65 -0.129791 -0.193069 -0.155144
0.66 -0.101789 -0.128747 -0.0729172
0.67 -0.0695436 -0.0602993 -0.000377753
0.68 -0.0328979 0.00921949 0.0618499
0.69 0.00754922 0.0760651 0.114452
0.7 0.0502169 0.136477 0.158923
0.71 0.0925034 0.187337 0.196969
0.72 0.131004 0.226644 0.229962
0.73 0.161987 0.253684 0.258558
0.74 0.182046 0.268884 0.282537
0.75 0.188793 0.273415 0.300878
0.76 0.181421 0.268688 0.312
0.77 0.160976 0.255892 0.314107
0.78 0.130262 0.235722 0.305524
0.79 0.0933509 0.208355 0.284968
0.8 0.0548106 0.173666 0.251721
0.81 0.0188162 0.131585 0.205706
0.82 -0.0116567 0.0824658 0.147492
0.83 -0.0353626 0.0273282 0.078271
0.84 -0.0529197 -0.0321135 -0.000156975
0.85 -0.06652 -0.0936535 -0.0854035
0.86 -0.0792938 -0.154969 -0.174521
0.87 -0.0944854 -0.214043 -0.264088
0.88 -0.114639 -0.269502 -0.350379
0.89 -0.140983 -0.320745 -0.429646
0.9 -0.17314 -0.367825 -0.498482
0.91 -0.209207 -0.411098 -0.554212
0.92 -0.246157 -0.45076 -0.595236
0.93 -0.280442 -0.486411 -0.621221
0.94 -0.308634 -0.51679 -0.633085
0.95 -0.327967 -0.539789 -0.632738
0.96 -0.336674 -0.55276 -0.622623
0.97 -0.334075 -0.553053 -0.605134
0.98 -0.320464 -0.538635 -0.582049
0.99 -0.296866 -0.508634 -0.554103
1 -0.264757 -0.463642 -0.520817
1.01 -0.225839 -0.405687 -0.480632
1.02 -0.181902 -0.337881 -0.431315
1.03 -0.134765 -0.263825 -0.370581
1.04 -0.0862638 -0.186926 -0.296752
1.05 -0.0382084 -0.109807 -0.209335
1.06 0.00771873 -0.0339694 -0.109369
1.07 0.0501457 0.040234 0.000525073
1.08 0.0882364 0.113299 0.116412
1.09 0.121888 0.186057 0.233543
1.1 0.151816 0.259101 0.346995
1.11 0.179461 0.332308 0.452296
1.12 0.206686 0.404596 0.545919
1.13 0.23531 0.473971 0.625564
1.14 0.26657 0.537843 0.690188
1.15 0.300641 0.593496 0.739835
1.16 0.336355 0.638593 0.775324
1.17 0.371218 0.671553 0.797886
1.18 0.401746 0.691722 0.808848
1.19 0.424083 0.69929 0.809397
1.2 0.434761 0.695029 0.800464
1.21 0.431437 0.679931 0.782697
1.22 0.413428 0.654888 0.756498
1.23 0.38192 0.620512 0.722072
1.24 0.33979 0.577153 0.679475
1.25 0.291073 0.525092 0.628655
1.26 0.240216 0.464842 0.569494
1.27 0.191268 0.397432 0.501892
1.28 0.147203 0.324564 0.425897
1.29 0.109514 0.248571 0.341903
1.3 0.0781513 0.172168 0.250863
1.31 0.0517932 0.0980421 0.154487
1.32 0.0283582 0.0284194 0.0553432
1.33 0.00561628 -0.0352838 -0.0431961
1.34 -0.0182462 -0.0926018 -0.137185
1.35 -0.0442327 -0.143906 -0.222508
1.36 -0.072376 -0.190057 -0.295396
1.37 -0.10181 -0.231921 -0.352946
1.38 -0.131016 -0.269884 -0.393547
1.39 -0.158146 -0.303513 -0.417098
1.4 -0.181337 -0.331467 -0.424958
1.41 -0.198947 -0.351695 -0.419631
1.42 -0.209675 -0.361887 -0.404246
1.43 -0.212603 -0.360041 -0.381932
1.44 -0.207187 -0.345016 -0.355243
1.45 -0.193261 -0.316902 -0.325735
1.46 -0.171077 -0.277126 -0.293806
1.47 -0.141389 -0.228242 -0.258818
1.48 -0.105547 -0.173489 -0.219457
1.49 -0.0655262 -0.11621 -0.174253
1.5 -0.023861 -0.0593073 -0.122123
1.51 0.0165829 -0.00485242 -0.0628219
1.52 0.0529681 0.0460454 0.00280013
1.53 0.0829273 0.0931107 0.0727685
1.54 0.104988 0.136567 0.144181
1.55 0.11887 0.176712 0.213564
1.56 0.125554 0.213536 0.277303
1.57 0.127084 0.246494 0.332059
1.58 0.126112 0.274493 0.375084
1.59 0.125284 0.296072 0.404421
1.6 0.126594 0.309729 0.418963
1.61 0.130861 0.314258 0.418413
1.62 0.137472 0.309007 0.403185
1.63 0.144441 0.293977 0.374282
1.64 0.148807 0.269729 0.333176
1.65 0.147255 0.237161 0.281702
1.66 0.136844 0.197218 0.221939
1.67 0.11566 0.150656 0.156076
1.68 0.0832518 0.097938 0.0862418
1.69 0.0407581 0.0393036 0.0143151
1.7 -0.0092934 -0.0250038 -0.0582602
1.71 -0.0634507 -0.0944326 -0.130605
1.72 -0.11795 -0.167843 -0.202434
1.73 -0.16933 -0.24336 -0.273949
1.74 -0.214922 -0.318426 -0.345599
1.75 -0.253116 -0.390062 -0.417734
1.76 -0.283389 -0.455293 -0.490226
1.77 -0.306128 -0.511616 -0.562157
1.78 -0.322314 -0.557394 -0.631644
1.79 -0.333181 -0.592057 -0.695878
1.8 -0.339921 -0.616062 -0.751388
1.81 -0.343495 -0.630601 -0.794491
1.82 -0.344555 -0.637149 -0.821854
1.83 -0.343456 -0.63696 -0.831034
1.84 -0.340296 -0.630668 -0.820895
1.85 -0.334957 -0.618085 -0.791805
1.86 -0.327114 -0.598265 -0.745566
1.87 -0.316209 -0.569804 -0.685099
1.88 -0.301433 -0.531305 -0.613945
1.89 -0.281764 -0.481865 -0.53571
1.9 -0.256081 -0.421464 -0.453547
1.91 -0.223391 -0.351144 -0.369801
1.92 -0.183117 -0.272941 -0.285861
1.93 -0.135402 -0.189593 -0.202231
1.94 -0.0813368 -0.104113 -0.118789
1.95 -0.0230238 -0.0193336 -0.0351398
1.96 0.0365657 0.0624341 0.0490168
1.97 0.0939512 0.13958 0.133588
1.98 0.145663 0.211159 0.217915
1.99 0.18882 0.276699 0.300735
2 0.221631 0.335914 0.380269
2.01 0.243704 0.388448 0.454393
2.02 0.256078 0.43371 0.520834
2.03 0.260955 0.470877 0.577367
2.04 0.261196 0.499034 0.621978
2.05 0.259677 0.517406 0.652996
2.06 0.258663 0.525598 0.669198
2.07 0.259338 0.523752 0.669908
2.08 0.261596 0.512558 0.655092
2.09 0.26413 0.493121 0.625435
2.1 0.264791 0.466701 0.582383
2.11 0.261123 0.434438 0.52811
2.12 0.250944 0.397125 0.465394
2.13 0.232839 0.355125 0.397377
2.14 0.206464 0.308464 0.327247
2.15 0.172617 0.257083 0.257873
2.16 0.133075 0.201166 0.191475
2.17 0.0902718 0.141463 0.129399
2.18 0.0468989 0.0794792 0.072053
2.19 0.00553193 0.0174747 0.0190387
2.2 -0.0316544 -0.0417495 -0.0305405
2.21 -0.063042 -0.0952422 -0.077659
2.22 -0.0876048 -0.140371 -0.122925
2.23 -0.104861 -0.175251 -0.166216
2.24 -0.114789 -0.199022 -0.206487
2.25 -0.117749 -0.211903 -0.241797
2.26 -0.114433 -0.215005 -0.26956
2.27 -0.105829 -0.209969 -0.286968
2.28 -0.0931809 -0.198503 -0.291501
2.29 -0.0779002 -0.181975 -0.2814
2.3 -0.0614208 -0.161135 -0.256027
2.31 -0.04499 -0.136061 -0.216011
2.32 -0.0294374 -0.106306 -0.163191
2.33 -0.0149788 -0.0712217 -0.100347
2.34 -0.00112058 -0.0303323 -0.0308093
2.35 0.0132805 0.0163292 0.0419749
2.36 0.0297867 0.0680265 0.114833
2.37 0.0500034 0.123311 0.185148
2.38 0.0751324 0.18019 0.250992
2.39 0.105555 0.236418 0.311126
2.4 0.140552 0.289819 0.364887
2.41 0.178246 0.338549 0.412019
2.42 0.215794 0.381235 0.45249
2.43 0.249814 0.416967 0.48634
2.44 0.276947 0.445163 0.513567
2.45 0.294456 0.465384 0.534063
2.46 0.3007 0.477162 0.547564
2.47 0.295407 0.479922 0.553636
2.48 0.279663 0.473024 0.551652
2.49 0.255637 0.455915 0.540802
2.5 0.226115 0.428352 0.520125
2.51 0.193932 0.390597 0.488602
2.52 0.161462 0.34353 0.445305
2.53 0.13024 0.288612 0.389614
2.54 0.100811 0.227705 0.321446
2.55 0.0728039 0.162782 0.241482
2.56 0.0451915 0.095605 0.151303
2.57 0.0166575 0.0274662 0.0534045
2.58 -0.0140264 -0.0409302 -0.0489478
2.59 -0.0476947 -0.109407 -0.152018
2.6 -0.0846072 -0.178085 -0.252006
2.61 -0.124407 -0.247044 -0.345496
2.62 -0.166191 -0.315978 -0.42985
2.63 -0.208653 -0.383937 -0.503469
2.64 -0.250243 -0.449247 -0.565859
2.65 -0.289306 -0.509628 -0.617494
2.66 -0.324191 -0.562499 -0.659496
2.67 -0.353322 -0.605394 -0.693217
2.68 -0.375282 -0.636377 -0.7198
2.69 -0.388899 -0.65436 -0.739837
2.7 -0.393374 -0.659241 -0.753175
2.71 -0.388424 -0.651836 -0.758927
2.72 -0.374409 -0.633623 -0.755669
2.73 -0.352393 -0.606387 -0.741767
2.74 -0.324105 -0.571853 -0.715767
2.75 -0.291759 -0.531401 -0.676759
2.76 -0.257752 -0.48594 -0.624631
2.77 -0.224291 -0.435948 -0.560189
2.78 -0.193012 -0.381652 -0.485118
2.79 -0.164696 -0.323282 -0.401814
2.8 -0.139146 -0.26131 -0.313141
2.81 -0.11528 -0.196598 -0.222151
2.82 -0.0914266 -0.130418 -0.131837
2.83 -0.0657735 -0.0643472 -0.0449285
2.84 -0.0368663 -6.71069e-05 0.0362424
2.85 -0.00404623 0.0608532 0.10982
2.86 0.0322788 0.117126 0.174461
2.87 0.0705947 0.167818 0.229339
2.88 0.108489 0.212305 0.274131
2.89 0.143059 0.250145 0.30898
2.9 0.171427 0.280913 0.334417
2.91 0.191256 0.304074 0.35125
2.92 0.201143 0.318946 0.360405
2.93 0.200822 0.324782 0.362736
2.94 0.191142 0.320957 0.358851
2.95 0.173839 0.307204 0.348967
2.96 0.151179 0.283828 0.332865
2.97 0.125545 0.25183 0.309953
2.98 0.0990738 0.212879 0.279452
2.99 0.0734024 0.169127 0.240676
3 0.0495526 0.122912 0.193355
3.01 0.027955 0.0764025 0.137924
3.02 0.00856968 0.0312927 0.0757175
3.03 -0.00894691 -0.0113821 0.00899786
3.04 -0.0250765 -0.0512557 -0.059189
3.05 -0.0403094 -0.0884664 -0.125326
3.06 -0.0550587 -0.123363 -0.185846
3.07 -0.0696099 -0.156165 -0.237576
3.08 -0.0840818 -0.186669 -0.278126
3.09 -0.0983822 -0.21409 -0.306133
3.1 -0.112151 -0.237076 -0.321328
3.11 -0.124706 -0.253897 -0.324408
3.12 -0.135013 -0.262753 -0.316759
3.13 -0.141725 -0.262131 -0.300099
3.14 -0.143302 -0.251104 -0.276102
3.15 -0.138229 -0.229507 -0.246111
3.16 -0.125293 -0.197948 -0.210962
3.17 -0.103872 -0.157669 -0.170961
3.18 -0.0741738 -0.110296 -0.125988
3.19 -0.037339 -0.0575592 -0.0756981
3.2 0.00461849 -0.00105379 -0.0197545
3.21 0.0490546 0.0578902 0.0419485
3.22 0.0930815 0.118222 0.109121
3.23 0.134024 0.179078 0.18099
3.24 0.169851 0.239631 0.256285
3.25 0.199482 0.298946 0.33329
3.26 0.222899 0.355907 0.409931
3.27 0.241042 0.409228 0.483889
3.28 0.255495 0.457557 0.552724
3.29 0.268057 0.499646 0.614002
3.3 0.280271 0.534505 0.665437
3.31 0.293038 0.561514 0.705047
3.32 0.306385 0.580432 0.731308
3.33 0.319442 0.591308 0.743301
3.34 0.330616 0.59431 0.74082
3.35 0.337913 0.589544 0.724412
3.36 0.339338 0.576908 0.695315
3.37 0.333264 0.556049 0.655304
3.38 0.318718 0.526446 0.606446
3.39 0.295517 0.487598 0.550799
3.4 0.264258 0.439286 0.490126
3.41 0.226183 0.381814 0.425675
3.42 0.182972 0.316173 0.35807
3.43 0.136511 0.244066 0.287367
3.44 0.0886937 0.167773 0.213238
3.45 0.0412661 0.08988 0.135276
3.46 -0.00426266 0.0129359 0.0533307
3.47 -0.0466737 -0.0608763 -0.0321831
3.48 -0.0850663 -0.129982 -0.12009
3.49 -0.118882 -0.193506 -0.20841
3.5 -0.147925 -0.251202 -0.294492
3.51 -0.172371 -0.303237 -0.375285
3.52 -0.192744 -0.349911 -0.44771
3.53 -0.209832 -0.391373 -0.509041
3.54 -0.224547 -0.427422 -0.557231
3.55 -0.237725 -0.457449 -0.591123
3.56 -0.249906 -0.480512 -0.610509
3.57 -0.261142 -0.495535 -0.616044
3.58 -0.270889 -0.50156 -0.60905
3.59 -0.27803 -0.497983 -0.591252
3.6 -0.281034 -0.484718 -0.564514
3.61 -0.278249 -0.462235 -0.53061
3.62 -0.268266 -0.431487 -0.491075
3.63 -0.250277 -0.393755 -0.447134
3.64 -0.224349 -0.350455 -0.399704
3.65 -0.19154 -0.302975 -0.349451
3.66 -0.153819 -0.252578 -0.296871
3.67 -0.113806 -0.200401 -0.242377
3.68 -0.0743664 -0.147513 -0.186384
3.69 -0.0381652 -0.0950115 -0.129388
3.7 -0.00725684 -0.0441083 -0.0720334
3.71 0.017192 0.00385618 -0.0151831
3.72 0.0349963 0.0474721 0.0400317
3.73 0.0468513 0.0853958 0.0921822
3.74 0.0540685 0.116522 0.139557
3.75 0.0582173 0.140144 0.180238
3.76 0.0607544 0.156041 0.212242
3.77 0.0627225 0.164467 0.23373
3.78 0.0645738 0.166037 0.243243
3.79 0.0661409 0.16152 0.239939
3.8 0.0667416 0.151617 0.223773
3.81 0.0653769 0.136775 0.195576
3.82 0.0609656 0.117095 0.157003
3.83 0.0525635 0.0923672 0.110355
3.84 0.0395272 0.0622341 0.0582819
3.85 0.0216063 0.0264305 0.00344575
3.86 -0.00103043 -0.0149566 -0.0518183
3.87 -0.0278175 -0.0612846 -0.105754
3.88 -0.0578401 -0.111268 -0.157309
3.89 -0.0898894 -0.163038 -0.206106
3.9 -0.122521 -0.214336 -0.252273
3.91 -0.154126 -0.262807 -0.29617
3.92 -0.183017 -0.306302 -0.338082
3.93 -0.207562 -0.343141 -0.377947
3.94 -0.226337 -0.37226 -0.415171
3.95 -0.238301 -0.39322 -0.44858
3.96 -0.242955 -0.40609 -0.476506
3.97 -0.240438 -0.411241 -0.496987
3.98 -0.231532 -0.409122 -0.508033
3.99 -0.217549 -0.400075 -0.507907
4 -0.200103 -0.384235 -0.495365
4.01 -0.180816 -0.361541 -0.46981
4.02 -0.160996 -0.331842 -0.431358
4.03 -0.141378 -0.295041 -0.38081
4.04 -0.121979 -0.251256 -0.319549
4.05 -0.102109 -0.200918 -0.249394
4.06 -0.0805556 -0.144793 -0.172443
4.07 -0.0558913 -0.0839301 -0.0909161
4.08 -0.026852 -0.019544 -0.0070191
4.09 0.00730476 0.0471142 0.0771726
4.1 0.0465394 0.114858 0.159811
4.11 0.0899274 0.182606 0.23935
4.12 0.135737 0.249356 0.314601
4.13 0.18167 0.314106 0.384747
4.14 0.225207 0.375753 0.449317
4.15 0.263993 0.433037 0.508114
4.16 0.296162 0.484533 0.561084
4.17 0.320567 0.528744 0.608163
4.18 0.336851 0.564258 0.649112
4.19 0.345386 0.589945 0.683384
4.2 0.347087 0.605144 0.710066
4.21 0.343174 0.609771 0.727909
4.22 0.334931 0.604332 0.735466
4.23 0.323498 0.58981 0.731318
4.24 0.309751 0.567468 0.714348
4.25 0.294241 0.538596 0.684008
4.26 0.277219 0.504289 0.64053
4.27 0.258682 0.465292 0.585014
4.28 0.238451 0.42197 0.519386
4.29 0.21624 0.3744 0.446216
4.3 0.191721 0.322563 0.36843
4.31 0.164596 0.266574 0.288973
4.32 0.134662 0.206898 0.210489
4.33 0.101903 0.144482 0.135071
4.34 0.0665864 0.0807671 0.0641344
4.35 0.0293412 0.0175807 -0.00158205
4.36 -0.00878681 -0.0430697 -0.0618887
4.37 -0.0463523 -0.0992431 -0.116939
4.38 -0.0816086 -0.149296 -0.16699
4.39 -0.112692 -0.192041 -0.212186
4.4 -0.137868 -0.226805 -0.252407
4.41 -0.155803 -0.253383 -0.287202
4.42 -0.165799 -0.271919 -0.315822
4.43 -0.16793 -0.282747 -0.337312
4.44 -0.163064 -0.28626 -0.350665
4.45 -0.152715 -0.282821 -0.35498
4.46 -0.138793 -0.272754 -0.349602
4.47 -0.123254 -0.256397 -0.334241
4.48 -0.107762 -0.234182 -0.309042
4.49 -0.0934073 -0.206719 -0.274617
4.5 -0.0805597 -0.174833 -0.232046
4.51 -0.0688759 -0.139543 -0.182841
4.52 -0.0574664 -0.101982 -0.12889
4.53 -0.0451756 -0.0632878 -0.0723644
4.54 -0.030913 -0.0244897 -0.0155905
4.55 -0.0139596 0.0135638 0.0390986
4.56 0.00581462 0.0502103 0.0895391
4.57 0.0278641 0.0849106 0.133909
4.58 0.0510239 0.117137 0.170873
4.59 0.0736851 0.146246 0.199676
4.6 0.0940451 0.17139 0.220148
4.61 0.110375 0.191497 0.232627
4.62 0.121254 0.205341 0.237795
4.63 0.125725 0.2117 0.236461
4.64 0.123367 0.20956 0.22933
4.65 0.114282 0.198321 0.216808
4.66 0.0990174 0.177948 0.198896
4.67 0.0784589 0.149022 0.175187
4.68 0.0537132 0.112674 0.14498
4.69 0.0260005 0.0704232 0.107498
4.7 -0.00343947 0.0239385 0.0621403
4.71 -0.0334307 -0.0251976 0.00874897
4.72 -0.0629393 -0.0756807 -0.0522011
4.73 -0.0911491 -0.126581 -0.119508
4.74 -0.11753 -0.17733 -0.191279
4.75 -0.141882 -0.227601 -0.265079
4.76 -0.164338 -0.277138 -0.338181
4.77 -0.18531 -0.325572 -0.40784
4.78 -0.205369 -0.372276 -0.471572
4.79 -0.225071 -0.416315 -0.527362
4.8 -0.244763 -0.456477 -0.57379
4.81 -0.264399 -0.4914 -0.610055
4.82 -0.283426 -0.519738 -0.635911
4.83 -0.300767 -0.540326 -0.651544
4.84 -0.31492 -0.552314 -0.657417
4.85 -0.324173 -0.555221 -0.654118
4.86 -0.326892 -0.548926 -0.642239
4.87 -0.321819 -0.533598 -0.622293
4.88 -0.308336 -0.509599 -0.594672
4.89 -0.286611 -0.477406 -0.559644
4.9 -0.257609 -0.437563 -0.517376
4.91 -0.222955 -0.390685 -0.467984
4.92 -0.184679 -0.337504 -0.411584
4.93 -0.144892 -0.278925 -0.348376
4.94 -0.105469 -0.216069 -0.278717
4.95 -0.0677927 -0.150268 -0.203219
4.96 -0.032621 -0.0830028 -0.122826
4.97 -8.13968e-05 -0.0157912 -0.0388768
4.98 0.0302056 0.0499513 0.0468802
4.99 0.0589164 0.113039 0.132327
5 0.08678 0.172597 0.215088
5.01 0.114352 0.228064 0.292702
5.02 0.141852 0.279125 0.362845
5.03 0.16909 0.325573 0.423552
5.04 0.195483 0.36716 0.473423
5.05 0.220137 0.403461 0.511744
5.06 0.241985 0.433815 0.53852
5.07 0.259925 0.457346 0.554394
5.08 0.27295 0.473079 0.560467
5.09 0.280254 0.480126 0.558063
5.1 0.281301 0.477889 0.548477
5.11 0.275875 0.466227 0.532756
5.12 0.26411 0.445556 0.511565
5.13 0.246499 0.416844 0.485165
5.14 0.223891 0.381497 0.453486
5.15 0.197457 0.341179 0.416301
5.16 0.168614 0.2976 0.373439
5.17 0.138918 0.252316 0.324997
5.18 0.109899 0.206604 0.271502
5.19 0.0828964 0.161414 0.214002
5.2 0.0588831 0.11741 0.154043
5.21 0.03835 0.0750785 0.0935743
5.22 0.0212591 0.0348531 0.0347765
5.23 0.00709781 -0.00277085 -0.0201381
5.24 -0.00497204 -0.0371759 -0.0691236
5.25 -0.0158908 -0.0676251 -0.110465
5.26 -0.0264494 -0.0933239 -0.142891
5.27 -0.0370622 -0.113518 -0.165633
5.28 -0.0476187 -0.127596 -0.178421
5.29 -0.0574494 -0.135161 -0.181453
5.3 -0.065421 -0.136061 -0.175319
5.31 -0.0701422 -0.130367 -0.160915
5.32 -0.07024 -0.118318 -0.139348
5.33 -0.0646467 -0.100256 -0.111831
5.34 -0.0528365 -0.0765804 -0.0795818
5.35 -0.0349626 -0.0477374 -0.043727
5.36 -0.0118679 -0.0142559 -0.00522432
5.37 0.0150297 0.0231892 0.0351856
5.38 0.043948 0.0637088 0.0769848
5.39 0.0730005 0.106157 0.119833
5.4 0.100452 0.149142 0.163476
5.41 0.124922 0.191103 0.207612
5.42 0.1455 0.230436 0.251754
5.43 0.161773 0.265663 0.295101
5.44 0.173763 0.295586 0.336469
5.45 0.181808 0.319392 0.374292
5.46 0.186422 0.336692 0.406712
5.47 0.188155 0.347466 0.431754
5.48 0.187487 0.351942 0.44755
5.49 0.184753 0.350433 0.452577
5.5 0.180108 0.343174 0.445868
5.51 0.173521 0.330212 0.427149
5.52 0.164783 0.311378 0.396869
5.53 0.153534 0.286332 0.356135
5.54 0.139308 0.254701 0.306538
5.55 0.121585 0.21624 0.249935
5.56 0.0998792 0.170998 0.188206
5.57 0.0738343 0.119432 0.12305
5.58 0.0433434 0.0624418 0.0558393
5.59 0.0086529 0.00132552 -0.0124307
5.6 -0.029562 -0.0623447 -0.0811059
5.61 -0.0701808 -0.126883 -0.149769
5.62 -0.111696 -0.190654 -0.218096
5.63 -0.152352 -0.252201 -0.285705
5.64 -0.190344 -0.310313 -0.35203
5.65 -0.224054 -0.364033 -0.416256
5.66 -0.252267 -0.412614 -0.47729
5.67 -0.274333 -0.455441 -0.533812
5.68 -0.290225 -0.491977 -0.584346
5.69 -0.300497 -0.521714 -0.627374
5.7 -0.306115 -0.544187 -0.661451
5.71 -0.308233 -0.559006 -0.685318
5.72 -0.307928 -0.565919 -0.698003
5.73 -0.30597 -0.564861 -0.698909
5.74 -0.302667 -0.555978 -0.687868
5.75 -0.297827 -0.539616 -0.665181
5.76 -0.290823 -0.516266 -0.63162
5.77 -0.280767 -0.486489 -0.588392
5.78 -0.266733 -0.45085 -0.537061
5.79 -0.247992 -0.409872 -0.479431
5.8 -0.224199 -0.364044 -0.417399
5.81 -0.195511 -0.313869 -0.352788
5.82 -0.162598 -0.259954 -0.287202
5.83 -0.126578 -0.2031 -0.221911
5.84 -0.0888749 -0.144372 -0.157801
5.85 -0.0510452 -0.0851074 -0.095396
5.86 -0.0146057 -0.0268641 -0.0349548
5.87 0.0191118 0.0287032 0.0233803
5.88 0.0490599 0.0800074 0.0794114
5.89 0.0745274 0.1257 0.132727
5.9 0.0951482 0.164811 0.182598
5.91 0.110878 0.196821 0.227953
5.92 0.121953 0.221652 0.267439
5.93 0.12883 0.239581 0.299575
5.94 0.132128 0.251095 0.322948
5.95 0.132542 0.256738 0.336429
5.96 0.130765 0.256969 0.339364
5.97 0.127392 0.252089 0.331695
5.98 0.122834 0.24223 0.314004
5.99 0.117252 0.227424 0.287454
6 0.11053 0.207709 0.253658
6.01 0.102305 0.183259 0.214501
6.02 0.0920579 0.15448 0.171939
6.03 0.0792498 0.12207 0.127821
6.04 0.0634962 0.0870053 0.0837575
6.05 0.0447312 0.0504754 0.0410423
6.06 0.0233312 0.0137793 0.000642003
6.07 0.000161595 -0.0217874 -0.0367695
6.08 -0.0234703 -0.0550279 -0.0707405
6.09 -0.0459576 -0.0849019 -0.100957
6.1 -0.0656068 -0.110543 -0.127161
6.11 -0.0808834 -0.131241 -0.149078
6.12 -0.0906396 -0.146412 -0.166369
6.13 -0.0942791 -0.155571 -0.178602
6.14 -0.0918239 -0.158329 -0.185249
6.15 -0.0838711 -0.15442 -0.1857
6.16 -0.0714512 -0.143744 -0.179307
6.17 -0.0558193 -0.126422 -0.165452
6.18 -0.0382242 -0.102823 -0.14363
6.19 -0.0197039 -0.0735687 -0.113554
6.2 -0.000945172 -0.0394825 -0.0752559
6.21 0.017769 -0.00150956 -0.0291809
6.22 0.0365232 0.0393883 0.0237616
6.23 0.0556604 0.082329 0.082194
6.24 0.0756311 0.126574 0.14433
6.25 0.0968352 0.171538 0.2081
6.26 0.119488 0.216745 0.271318
6.27 0.143532 0.261738 0.331885
6.28 0.168603 0.305966 0.387971
6.29 0.194049 0.348693 0.438162
6.3 0.218982 0.388945 0.481535
6.31 0.242361 0.425527 0.517652
6.32 0.263079 0.457106 0.546472
6.33 0.28005 0.48235 0.568201
6.34 0.292299 0.500084 0.583122
6.35 0.299034 0.509443 0.591424
6.36 0.299725 0.509969 0.593091
6.37 0.294158 0.501646 0.587846
6.38 0.282475 0.484853 0.575188
6.39 0.265183 0.460273 0.55449
6.4 0.243116 0.428753 0.525154
6.41 0.217354 0.391179 0.486772
6.42 0.189096 0.348375 0.439274
6.43 0.159508 0.301063 0.383033
6.44 0.129565 0.249863 0.318904
6.45 0.0999294 0.195354 0.248194
6.46 0.0708781 0.13814 0.172583
6.47 0.0423124 0.0789158 0.0939976
6.48 0.0138471 0.0185103 0.0144712
6.49 -0.0150328 -0.0421181 -0.0639954
6.5 -0.04478 -0.101917 -0.139554
6.51 -0.0755961 -0.159805 -0.2106
6.52 -0.10729 -0.214732 -0.275834
6.53 -0.139218 -0.26574 -0.334291
6.54 -0.170314 -0.311985 -0.385337
6.55 -0.199219 -0.352736 -0.428644
6.56 -0.224473 -0.38736 -0.464144
6.57 -0.244735 -0.415295 -0.491958
6.58 -0.258988 -0.436046 -0.512316
6.59 -0.266683 -0.449204 -0.525476
6.6 -0.26781 -0.454491 -0.531642
6.61 -0.262865 -0.451827 -0.530912
6.62 -0.252748 -0.441394 -0.52326
6.63 -0.238606 -0.423679 -0.508558
6.64 -0.221655 -0.399475 -0.48665
6.65 -0.203022 -0.369829 -0.45746
6.66 -0.183622 -0.335948 -0.42112
6.67 -0.164101 -0.299075 -0.37809
6.68 -0.144826 -0.260365 -0.329243
6.69 -0.125921 -0.220789 -0.275898
6.7 -0.107343 -0.181092 -0.219772
6.71 -0.0889562 -0.14181 -0.162868
6.72 -0.0706121 -0.103339 -0.107305
6.73 -0.0522196 -0.0660379 -0.0551178
6.74 -0.0337969 -0.0303422 -0.00806932
6.75 -0.0155115 0.00316195 0.0325035
6.76 0.00229625 0.0337082 0.0657733
6.77 0.019106 0.0603843 0.0914284
6.78 0.034233 0.082222 0.109603
6.79 0.0468699 0.0983211 0.120752
6.8 0.0561598 0.107979 0.125495
6.81 0.061296 0.110792 0.124463
6.82 0.0616409 0.106715 0.118185
6.83 0.0568439 0.0960539 0.107021
6.84 0.0469367 0.0794159 0.09115
6.85 0.0323823 0.0576157 0.0706261
6.86 0.0140594 0.0315775 0.0454596
6.87 -0.00682199 0.00224785 0.0157221
6.88 -0.0288668 -0.0294603 -0.0183539
6.89 -0.0506788 -0.0626873 -0.0562984
6.9 -0.071048 -0.096616 -0.0973597
6.91 -0.089106 -0.130445 -0.140498
6.92 -0.104415 -0.163366 -0.184414
6.93 -0.116974 -0.194551 -0.227608
6.94 -0.127139 -0.223172 -0.268457
6.95 -0.135471 -0.248433 -0.305313
6.96 -0.142558 -0.269619 -0.336597
6.97 -0.14883 -0.286131 -0.36091
6.98 -0.15442 -0.297509 -0.377117
6.99 -0.159099 -0.303423 -0.384432
7 -0.162291 -0.303646 -0.382468
7.01 -0.163162 -0.298005 -0.371254
7.02 -0.160765 -0.28635 -0.35121
7.03 -0.154215 -0.268529 -0.323084
7.04 -0.142843 -0.244412 -0.287842
7.05 -0.126311 -0.213938 -0.246549
7.06 -0.10468 -0.177194 -0.200237
7.07 -0.0783981 -0.134497 -0.149799
7.08 -0.0482535 -0.086452 -0.0959279
7.09 -0.0152751 -0.033981 -0.0391066
7.1 0.0193761 0.0217139 0.0203389
7.11 0.0545169 0.0792314 0.0821376
7.12 0.0890376 0.137093 0.145945
7.13 0.121976 0.193876 0.211213
7.14 0.152566 0.248335 0.277093
7.15 0.180268 0.299474 0.34239
7.16 0.204779 0.346573 0.40559
7.17 0.226013 0.389153 0.46495
7.18 0.244076 0.426895 0.518644
7.19 0.25921 0.459547 0.564935
7.2 0.271717 0.486834 0.602344
7.21 0.281877 0.508403 0.62979
7.22 0.289854 0.523816 0.646667
7.23 0.29563 0.532588 0.652867
7.24 0.298955 0.534263 0.648735
7.25 0.299363 0.528503 0.634975
7.26 0.296226 0.515166 0.612532
7.27 0.288868 0.494365 0.582466
7.28 0.276703 0.466477 0.545846
7.29 0.259389 0.432122 0.503663
7.3 0.236947 0.392108 0.456795
7.31 0.209839 0.347368 0.405994
7.32 0.178957 0.298902 0.351904
7.33 0.145553 0.247736 0.295108
7.34 0.111089 0.194898 0.236177
7.35 0.0770511 0.14142 0.175721
7.36 0.0447681 0.0883323 0.11444
7.37 0.0152489 0.0366652 0.0531654
7.38 -0.0109092 -0.0125764 -0.00712378
7.39 -0.0335384 -0.05845 -0.0652928
7.4 -0.0528407 -0.100127 -0.120078
7.41 -0.069268 -0.136947 -0.170135
7.42 -0.0833704 -0.168448 -0.214124
7.43 -0.0956452 -0.194385 -0.250806
7.44 -0.106416 -0.214697 -0.279158
7.45 -0.115764 -0.229461 -0.298484
7.46 -0.123519 -0.238817 -0.308499
7.47 -0.129305 -0.242907 -0.309376
7.48 -0.132625 -0.241831 -0.301739
7.49 -0.132966 -0.235637 -0.286599
7.5 -0.129903 -0.224363 -0.265242
7.51 -0.123188 -0.208103 -0.239084
7.52 -0.1128 -0.187092 -0.209518
7.53 -0.098976 -0.161787 -0.177782
7.54 -0.0822092 -0.132911 -0.144869
7.55 -0.0632186 -0.101458 -0.111498
7.56 -0.0429044 -0.0686361 -0.0781407
7.57 -0.0222873 -0.0357746 -0.0451111
7.58 -0.00243471 -0.00420341 -0.0126753
7.59 0.0156205 0.0248671 0.0188269
7.6 0.0309663 0.0504404 0.0488847
7.61 0.0428936 0.0717859 0.0767632
7.62 0.0509636 0.088441 0.101506
7.63 0.0550469 0.10017 0.121993
7.64 0.0553249 0.106897 0.137045
7.65 0.0522449 0.10863 0.145546
7.66 0.0464335 0.1054 0.146579
7.67 0.0385771 0.0972342 0.139531
7.68 0.0292926 0.0841529 0.124165
7.69 0.019011 0.0662029 0.100657
7.7 0.00790128 0.0435015 0.069572
7.71 -0.00414903 0.0162812 0.0318202
7.72 -0.0174871 -0.0150815 -0.0114259
7.73 -0.0325899 -0.0500597 -0.0588219
7.74 -0.0499208 -0.0879921 -0.108947
7.75 -0.0697767 -0.128116 -0.160393
7.76 -0.0921584 -0.169601 -0.211837
7.77 -0.116693 -0.211586 -0.262104
7.78 -0.142624 -0.253186 -0.310196
7.79 -0.168876 -0.293502 -0.355311
7.8 -0.194176 -0.331612 -0.396827
7.81 -0.217213 -0.366572 -0.434269
7.82 -0.236802 -0.397425 -0.467254
7.83 -0.252018 -0.423233 -0.495426
7.84 -0.262289 -0.443137 -0.518387
7.85 -0.267422 -0.45642 -0.53565
7.86 -0.267574 -0.462576 -0.546615
7.87 -0.263168 -0.46136 -0.550578
7.88 -0.254795 -0.452806 -0.546789
7.89 -0.243097 -0.437206 -0.534545
7.9 -0.228674 -0.415051 -0.513302
7.91 -0.212016 -0.38695 -0.482794
7.92 -0.19346 -0.353539 -0.443135
7.93 -0.173195 -0.315414 -0.394875
7.94 -0.151277 -0.273086 -0.339003
7.95 -0.127671 -0.226989 -0.276895
7.96 -0.102302 -0.177521 -0.210201
7.97 -0.0751067 -0.125115 -0.140704
7.98 -0.0460946 -0.0703137 -0.0701654
7.99 -0.0153963 -0.0138325 -0.000187034
8 0.0166902 0.0434162 0.0678899
8.01 0.0496698 0.10034 0.133032
8.02 0.0828414 0.155723 0.194508
8.03 0.115318 0.20832 0.251827
8.04 0.146082 0.256951 0.304659
8.05 0.174067 0.300592 0.352732
8.06 0.198268 0.33844 0.395748
8.07 0.21786 0.369939 0.433323
8.08 0.232298 0.394767 0.464969
8.09 0.241393 0.412808 0.490109
8.1 0.245334 0.424098 0.508135
8.11 0.244651 0.428782 0.518473
8.12 0.240122 0.427085 0.520673
8.13 0.232646 0.419299 0.514481
8.14 0.223094 0.405784 0.499901
8.15 0.212175 0.386983 0.477238
8.16 0.200343 0.36343 0.447112
8.17 0.187761 0.335747 0.410445
8.18 0.174328 0.304634 0.368424
8.19 0.159769 0.270834 0.322447
8.2 0.143759 0.235105 0.274043
8.21 0.126056 0.198188 0.224778
8.22 0.106617 0.160798 0.176166
8.23 0.0856801 0.123625 0.129569
8.24 0.0637762 0.0873501 0.0861253
8.25 0.0416952 0.0526773 0.046695
8.26 0.020399 0.0203485 0.0118436
8.27 0.000905902 -0.00885268 -0.018136
8.28 -0.0158313 -0.0341258 -0.0431669
8.29 -0.0290332 -0.0547062 -0.0633043
8.3 -0.0381713 -0.0699373 -0.078642
8.31 -0.0430077 -0.0793491 -0.0892275
8.32 -0.0435957 -0.0827237 -0.095003
8.33 -0.0402483 -0.0801328 -0.0957891
8.34 -0.0334831 -0.0719343 -0.0913141
8.35 -0.0239555 -0.0587294 -0.0812862
8.36 -0.0123873 -0.0412855 -0.0654954
8.37 0.000501201 -0.0204439 -0.0439242
8.38 0.0140519 0.00296826 -0.0168438
8.39 0.0277177 0.0282036 0.0151243
8.4 0.0410981 0.0546241 0.0509966
8.41 0.0539544 0.0816927 0.0894694
8.42 0.0662046 0.108932 0.129008
8.43 0.0778917 0.135868 0.167971
8.44 0.0891295 0.161971 0.204744
8.45 0.100029 0.186621 0.237864
8.46 0.110619 0.209099 0.266119
8.47 0.120771 0.228609 0.288605
8.48 0.130152 0.244333 0.30474
8.49 0.138212 0.255492 0.314235
8.5 0.144219 0.261417 0.317043
8.51 0.14734 0.261594 0.313285
8.52 0.146753 0.255698 0.303181
8.53 0.141778 0.243599 0.286986
8.54 0.131995 0.225345 0.264946
8.55 0.117328 0.201143 0.237279
8.56 0.0980828 0.171333 0.204169
8.57 0.0749162 0.136373 0.165791
8.58 0.0487536 0.0968341 0.122342
8.59 0.0206644 0.0533916 0.0740829
8.6 -0.008279 0.0068284 0.0213924
8.61 -0.0371329 -0.0419794 -0.0351899
8.62 -0.0651792 -0.0920866 -0.0949229
8.63 -0.0919727 -0.142518 -0.156841
8.64 -0.117332 -0.192316 -0.219756
8.65 -0.141282 -0.240589 -0.28228
8.66 -0.163962 -0.286549 -0.342891
8.67 -0.185523 -0.329525 -0.400011
8.68 -0.206035 -0.368958 -0.452117
8.69 -0.225416 -0.404368 -0.497847
8.7 -0.243404 -0.435312 -0.536102
8.71 -0.259564 -0.461341 -0.56612
8.72 -0.273328 -0.481978 -0.587511
8.73 -0.284062 -0.496713 -0.600243
8.74 -0.291136 -0.505042 -0.604589
8.75 -0.294003 -0.50652 -0.601036
8.76 -0.292258 -0.50084 -0.590176
8.77 -0.285693 -0.487901 -0.572608
8.78 -0.274324 -0.467861 -0.548854
8.79 -0.258405 -0.441156 -0.519322
8.8 -0.238417 -0.408479 -0.484307
8.81 -0.215046 -0.370727 -0.444039
8.82 -0.189128 -0.328919 -0.398756
8.83 -0.16159 -0.284111 -0.348798
8.84 -0.133363 -0.237321 -0.294685
8.85 -0.105309 -0.189475 -0.237174
8.86 -0.0781353 -0.141387 -0.177275
8.87 -0.0523404 -0.0937672 -0.116234
8.88 -0.0281885 -0.047249 -0.0554664
8.89 -0.00572012 -0.0024277 0.00353169
8.9 0.0151958 0.0401101 0.0592861
8.91 0.0347785 0.0797708 0.110447
8.92 0.0532353 0.115958 0.155873
8.93 0.0706633 0.148096 0.194699
8.94 0.0869763 0.175661 0.226361
8.95 0.101872 0.198219 0.250608
8.96 0.114848 0.215448 0.267471
8.97 0.125271 0.227157 0.27723
8.98 0.132479 0.233289 0.280352
8.99 0.135903 0.233908 0.277431
9 0.135184 0.229195 0.269124
9.01 0.130255 0.219438 0.256097
9.02 0.121381 0.205037 0.23898
9.03 0.109145 0.186505 0.218338
9.04 0.0943803 0.164483 0.194667
9.05 0.0780727 0.139739 0.16841
9.06 0.0612387 0.113152 0.139991
9.07 0.0448139 0.0856893 0.109872
9.08 0.0295632 0.0583469 0.0786032
9.09 0.0160278 0.0320933 0.0468774
9.1 0.0045125 0.00780353 0.0155557
9.11 -0.00489038 -0.0137935 -0.0143319
9.12 -0.012249 -0.0321453 -0.0416245
9.13 -0.0177262 -0.0468772 -0.0651017
9.14 -0.0215125 -0.0577649 -0.0835825
9.15 -0.0237668 -0.0646869 -0.0960356
9.16 -0.0245746 -0.0675691 -0.101684
9.17 -0.0239243 -0.0663378 -0.100085
9.18 -0.0217026 -0.0608932 -0.0911728
9.19 -0.0177077 -0.0511127 -0.0752515
9.2 -0.0116784 -0.0368827 -0.0529483
9.21 -0.00333479 -0.0181522 -0.0251268
9.22 0.0075707 0.005006 0.00721732
9.23 0.021197 0.0323422 0.0430619
9.24 0.0375593 0.0633975 0.0814465
9.25 0.0564816 0.0975027 0.12153
9.26 0.0775682 0.133807 0.162609
9.27 0.100199 0.171334 0.204103
9.28 0.12356 0.209049 0.245509
9.29 0.146699 0.245925 0.286339
9.3 0.168618 0.281003 0.326063
9.31 0.188372 0.313424 0.364057
9.32 0.205169 0.342444 0.399577
9.33 0.218454 0.367432 0.431765
9.34 0.227953 0.387861 0.459668
9.35 0.233676 0.403285 0.482294
9.36 0.235869 0.41334 0.498674
9.37 0.234932 0.417742 0.507932
9.38 0.231317 0.416295 0.509355
9.39 0.22542 0.408903 0.502453
9.4 0.217495 0.395577 0.487005
9.41 0.207612 0.376439 0.463085
9.42 0.195654 0.351714 0.431071
9.43 0.181361 0.321709 0.391621
9.44 0.164416 0.2868 0.34564
9.45 0.144538 0.247415 0.29421
9.46 0.121582 0.204035 0.238521
9.47 0.0956103 0.157195 0.179786
9.48 0.0669364 0.107511 0.119167
9.49 0.0361203 0.0556963 0.057711
9.5 0.00393057 0.00257787 -0.0036854
9.51 -0.0287246 -0.0509017 -0.0642832
9.52 -0.0608826 -0.103708 -0.123476
9.53 -0.0916129 -0.154759 -0.180739
9.54 -0.120093 -0.20299 -0.235567
9.55 -0.145666 -0.247423 -0.287407
9.56 -0.167871 -0.287236 -0.335614
9.57 -0.186455 -0.321806 -0.379426
9.58 -0.201361 -0.35073 -0.417986
9.59 -0.212697 -0.373818 -0.45039
9.6 -0.220694 -0.391046 -0.475771
9.61 -0.225662 -0.402511 -0.493394
9.62 -0.227931 -0.40837 -0.502749
9.63 -0.227807 -0.4088 -0.503628
9.64 -0.225523 -0.403967 -0.496166
9.65 -0.221214 -0.394037 -0.480844
9.66 -0.214905 -0.379195 -0.458449
9.67 -0.206525 -0.359685 -0.430007
9.68 -0.195947 -0.335852 -0.396689
9.69 -0.183041 -0.308171 -0.359719
9.7 -0.167751 -0.277257 -0.320284
9.71 -0.15016 -0.243861 -0.279468
9.72 -0.130547 -0.208831 -0.238215
9.73 -0.109412 -0.173076 -0.197316
9.74 -0.0874636 -0.137515 -0.157421
9.75 -0.0655706 -0.103033 -0.119072
9.76 -0.0446762 -0.0704482 -0.0827398
9.77 -0.0256939 -0.040493 -0.0488644
9.78 -0.00940078 -0.0138001 -0.0178897
9.79 0.00365116 0.00910061 0.00971629
9.8 0.01319 0.0277869 0.0334538
9.81 0.0192349 0.0419508 0.0528007
9.82 0.0220613 0.0514081 0.0672377
9.83 0.0221292 0.0561089 0.0762872
9.84 0.0199884 0.0561435 0.0795625
9.85 0.0161805 0.0517396 0.076823
9.86 0.0111555 0.0432466 0.0680269
9.87 0.0052179 0.0311089 0.0533756
9.88 -0.00148966 0.0158301 0.0333391
9.89 -0.00896624 -0.00206232 0.00865857
9.9 -0.0173025 -0.0220458 -0.0196811
9.91 -0.0266136 -0.0436164 -0.0505064
9.92 -0.036969 -0.0662849 -0.0825338
9.93 -0.0483327 -0.0895567 -0.114463
9.94 -0.0605234 -0.112902 -0.145069
9.95 -0.0731997 -0.135727 -0.173285
9.96 -0.0858696 -0.157356 -0.198254
9.97 -0.0979227 -0.177033 -0.219352
9.98 -0.108677 -0.193951 -0.236173
9.99 -0.117436 -0.2073 -0.248482
10 -0.123546 -0.216328 -0.256153
10.01 -0.126454 -0.22041 -0.259097
10.02 -0.125755 -0.219103 -0.257203
10.03 -0.12123 -0.212178 -0.250301
10.04 -0.112867 -0.199626 -0.238157
10.05 -0.10086 -0.181644 -0.220502
10.06 -0.0855926 -0.158584 -0.197083
10.07 -0.0675974 -0.130913 -0.167736
10.08 -0.0474945 -0.0991536 -0.132458
10.09 -0.0259243 -0.0638532 -0.0914675
10.1 -0.00347526 -0.0255592 -0.0452407
10.11 0.0193755 0.0151819 0.00547793
10.12 0.0423007 0.0578134 0.0596995
10.13 0.0651312 0.10175 0.11624
10.14 0.0878303 0.146363 0.173791
10.15 0.110439 0.190968 0.230993
10.16 0.133002 0.234837 0.286518
10.17 0.155487 0.277206 0.339139
10.18 0.177721 0.317302 0.387776
10.19 0.199346 0.354369 0.43154
10.2 0.21982 0.387692 0.469743
10.21 0.238452 0.416615 0.501896
10.22 0.254474 0.44055 0.527686
10.23 0.267133 0.458992 0.54695
10.24 0.275788 0.471525 0.559629
10.25 0.279993 0.477834 0.56573
10.26 0.279556 0.477722 0.565288
10.27 0.274552 0.471136 0.558338
10.28 0.265303 0.45818 0.544911
10.29 0.252331 0.439127 0.525037
10.3 0.236276 0.414426 0.498776
10.31 0.217819 0.384674 0.466264
10.32 0.197606 0.350586 0.427767
10.33 0.176192 0.31295 0.383726
10.34 0.154009 0.272569 0.334805
10.35 0.13136 0.230221 0.281897
10.36 0.108437 0.186627 0.226116
10.37 0.085351 0.142435 0.168749
10.38 0.0621757 0.0982336 0.11118
10.39 0.0389909 0.0545767 0.0548022
10.4 0.0159206 0.0120151 0.000919451
10.41 -0.00683624 -0.0288738 -0.0493378
10.42 -0.0289883 -0.067471 -0.0950754
10.43 -0.0501483 -0.10312 -0.135666
10.44 -0.0698451 -0.135155 -0.170744
10.45 -0.087551 -0.162943 -0.200171
10.46 -0.102723 -0.185939 -0.223978
10.47 -0.114857 -0.203735 -0.242296
10.48 -0.123544 -0.216099 -0.255299
10.49 -0.128528 -0.222997 -0.263152
10.5 -0.12975 -0.224584 -0.265988
10.51 -0.127372 -0.221188 -0.263914
10.52 -0.121777 -0.213271 -0.257029
10.53 -0.113533 -0.201388 -0.245468
10.54 -0.103339 -0.186149 -0.229449
10.55 -0.0919427 -0.168192 -0.209315
10.56 -0.0800578 -0.148163 -0.185568
10.57 -0.0682868 -0.126708 -0.158884
10.58 -0.057066 -0.104469 -0.130107
10.59 -0.046643 -0.0820837 -0.100225
10.6 -0.0370899 -0.0601785 -0.0703264
10.61 -0.0283492 -0.0393606 -0.0415493
10.62 -0.0203032 -0.0202045 -0.0150139
10.63 -0.0128506 -0.00323807 0.00823876
10.64 -0.00597647 0.0110679 0.0273082
10.65 0.000201703 0.0223057 0.0414841
10.66 0.00541824 0.0301305 0.0502819
10.67 0.00927902 0.0342554 0.0534588
10.68 0.0113112 0.0344479 0.0510081
10.69 0.011033 0.0305289 0.0431334
10.7 0.00803053 0.0223816 0.030204
10.71 0.00202708 0.00996899 0.0126992
10.72 -0.00706688 -0.0066408 -0.00885067
10.73 -0.0191296 -0.0272477 -0.0339173
10.74 -0.0338323 -0.0514976 -0.0620108
10.75 -0.0506696 -0.0788739 -0.0926952
10.76 -0.0690074 -0.108706 -0.125578
10.77 -0.0881427 -0.140201 -0.16028
10.78 -0.107363 -0.172485 -0.196384
10.79 -0.126004 -0.204665 -0.233388
10.8 -0.143488 -0.235882 -0.270661
10.81 -0.15936 -0.265357 -0.307413
10.82 -0.173296 -0.292419 -0.342706
10.83 -0.185104 -0.316515 -0.375479
10.84 -0.194708 -0.337195 -0.40461
10.85 -0.202116 -0.354087 -0.428998
10.86 -0.207386 -0.366867 -0.447639
10.87 -0.210582 -0.375233 -0.459714
10.88 -0.211732 -0.378893 -0.464639
10.89 -0.210797 -0.377567 -0.462107
10.9 -0.207651 -0.371009 -0.452086
10.91 -0.202088 -0.359037 -0.434799
10.92 -0.19384 -0.341566 -0.410673
10.93 -0.182626 -0.318642 -0.380285
10.94 -0.168212 -0.290455 -0.3443
10.95 -0.150474 -0.257349 -0.303418
10.96 -0.129458 -0.219812 -0.258331
10.97 -0.105415 -0.178453 -0.209702
10.98 -0.0788118 -0.133976 -0.158161
10.99 -0.0503094 -0.087154 -0.104309
11 -0.020707 -0.0388025 -0.0487462
11.01 0.00913321 0.0102414 0.00791028
11.02 0.0383717 0.0591365 0.0649955
11.03 0.0662726 0.107054 0.121777
11.04 0.0922653 0.153193 0.177446
11.05 0.115977 0.196803 0.231112
11.06 0.137229 0.237203 0.281825
11.07 0.15601 0.273801 0.328605
11.08 0.172413 0.306112 0.370484
11.09 0.186575 0.333764 0.406564
11.1 0.198613 0.356496 0.436077
11.11 0.208574 0.374144 0.458441
11.12 0.216411 0.386626 0.473308
11.13 0.221983 0.393914 0.480591
11.14 0.225078 0.396025 0.480474
11.15 0.225459 0.393011 0.473384
11.16 0.222909 0.384968 0.459952
11.17 0.217288 0.372056 0.440949
11.18 0.208569 0.354525 0.417214
11.19 0.196872 0.332741 0.389586
11.2 0.182473 0.307207 0.35885
11.21 0.165798 0.278567 0.325707
11.22 0.147404 0.247586 0.290762
11.23 0.12794 0.215121 0.254545
11.24 0.108104 0.182067 0.217549
11.25 0.0885936 0.149307 0.180275
11.26 0.0700553 0.117657 0.143271
11.27 0.0530347 0.0878314 0.107168
11.28 0.0379419 0.060413 0.0726844
11.29 0.0250275 0.0358556 0.0406109
11.3 0.0143794 0.0144933 0.0117717
11.31 0.00593821 -0.00343747 -0.0130321
11.32 -0.000466713 -0.0177739 -0.0330871
11.33 -0.00506789 -0.0284071 -0.0478306
11.34 -0.00810351 -0.0352715 -0.0569021
11.35 -0.00976469 -0.0383452 -0.0601765
11.36 -0.0101565 -0.0376593 -0.057775
11.37 -0.00928086 -0.0333113 -0.050054
11.38 -0.00704569 -0.0254788 -0.0375742
11.39 -0.00330005 -0.0144291 -0.0210553
11.4 0.00211126 -0.000521038 -0.0013226
11.41 0.00928385 0.0157999 0.0207476
11.42 0.0181935 0.0340125 0.0442792
11.43 0.0286522 0.0535334 0.0684382
11.44 0.0402902 0.0737314 0.0924624
11.45 0.0525683 0.0939404 0.115678
11.46 0.0648206 0.113472 0.137499
11.47 0.0763177 0.131629 0.157422
11.48 0.0863432 0.147721 0.174996
11.49 0.0942663 0.161086 0.189804
11.5 0.0996014 0.171117 0.201431
11.51 0.102045 0.177291 0.209446
11.52 0.101484 0.1792 0.213393
11.53 0.0979802 0.17657 0.212798
11.54 0.0917316 0.169276 0.20719
11.55 0.0830231 0.157342 0.196151
11.56 0.0721743 0.140921 0.179359
11.57 0.0594926 0.120272 0.156648
11.58 0.0452393 0.0957239 0.128056
11.59 0.0296113 0.0676458 0.0938578
11.6 0.0127391 0.0364241 0.054576
11.61 -0.00530014 0.00245184 0.0109658
11.62 -0.024459 -0.0338658 -0.0360281
11.63 -0.0446884 -0.0720951 -0.0853324
11.64 -0.0659047 -0.111751 -0.135819
11.65 -0.087958 -0.152274 -0.186377
11.66 -0.110607 -0.19302 -0.235979
11.67 -0.133502 -0.233263 -0.28372
11.68 -0.156187 -0.272207 -0.328838
11.69 -0.178106 -0.309028 -0.370716
11.7 -0.198637 -0.342912 -0.408848
11.71 -0.217132 -0.3731 -0.442812
11.72 -0.232972 -0.398931 -0.472228
11.73 -0.245623 -0.419866 -0.496725
11.74 -0.254684 -0.43551 -0.515926
11.75 -0.259931 -0.445609 -0.529439
11.76 -0.261334 -0.450039 -0.536881
11.77 -0.259046 -0.448798 -0.537903
11.78 -0.253377 -0.44198 -0.532231
11.79 -0.244742 -0.429769 -0.519709
11.8 -0.233593 -0.412424 -0.500336
11.81 -0.220364 -0.390273 -0.4743
11.82 -0.205413 -0.363713 -0.44199
11.83 -0.188994 -0.333201 -0.403996
11.84 -0.171255 -0.299251 -0.3611
11.85 -0.152254 -0.262424 -0.314237
11.86 -0.132007 -0.223314 -0.264453
11.87 -0.110542 -0.182542 -0.212859
11.88 -0.0879513 -0.140745 -0.160566
11.89 -0.064437 -0.0985695 -0.108636
11.9 -0.0403339 -0.0566682 -0.0580323
11.91 -0.0161073 -0.0157021 -0.00958638
11.92 0.0076733 0.0236638 0.0360224
11.93 0.0303802 0.0607675 0.0782665
11.94 0.0513849 0.0949656 0.116754
11.95 0.0701176 0.125657 0.151198
11.96 0.0861188 0.152313 0.181382
11.97 0.0990772 0.174511 0.207121
11.98 0.108848 0.191967 0.228234
11.99 0.115453 0.204553 0.244536
12 0.119063 0.212304 0.255838
12.01 0.119965 0.21541 0.261976
12.02 0.118527 0.214194 0.262851
12.03 0.11515 0.209069 0.258473
12.04 0.110237 0.200507 0.249011
12.05 0.104151 0.189004 0.23482
12.06 0.0971967 0.175049 0.216459
12.07 0.089604 0.159117 0.194681
12.08 0.0815317 0.14167 0.170397
12.09 0.0730793 0.12317 0.144625
12.1 0.064312 0.10409 0.118426
12.11 0.0552936 0.0849344 0.0928306
12.12 0.0461217 0.0662432 0.0687829
12.13 0.03696 0.0485862 0.0470901
12.14 0.0280601 0.0325475 0.0283954
12.15 0.0197675 0.0187004 0.0131702
12.16 0.0125082 0.00757625 0.00172543
12.17 0.006756 -0.000365332 -0.00576406
12.18 0.00298351 -0.00476153 -0.00922726
12.19 0.00160496 -0.00536345 -0.00866391
12.2 0.0029194 -0.00204425 -0.00411641
12.21 0.00706508 0.00520055 0.00434932
12.22 0.0139934 0.0162584 0.0166516
12.23 0.0234682 0.0309081 0.0326891
12.24 0.0350906 0.0488293 0.052327
12.25 0.0483459 0.0696128 0.0753752
12.26 0.0626644 0.0927712 0.101563
12.27 0.0774852 0.117752 0.130516
12.28 0.092311 0.143953 0.161732
12.29 0.106747 0.170743 0.194576
12.3 0.120517 0.197482 0.228275
12.31 0.133455 0.223542 0.261943
12.32 0.145475 0.248328 0.294601
12.33 0.156536 0.271288 0.325234
12.34 0.16659 0.291915 0.352835
12.35 0.17555 0.309752 0.376471
12.36 0.18326 0.324372 0.395334
12.37 0.189483 0.335381 0.408787
12.38 0.193914 0.342401 0.41639
12.39 0.196202 0.345081 0.41791
12.4 0.195983 0.343102 0.413306
12.41 0.192924 0.336203 0.402697
12.42 0.186763 0.324209 0.386322
12.43 0.177342 0.307061 0.364488
12.44 0.164636 0.284837 0.337535
12.45 0.148761 0.257773 0.305803
12.46 0.129981 0.226256 0.269623
12.47 0.108691 0.19081 0.229322
12.48 0.0853889 0.152068 0.185249
12.49 0.0606446 0.110736 0.137809
12.5 0.0350545 0.0675485 0.0874923
12.51 0.00919781 0.0232418 0.0349094
12.52 -0.0164038 -0.0214754 -0.0191984
12.53 -0.0413186 -0.0659342 -0.0739618
12.54 -0.0652224 -0.109508 -0.128406
12.55 -0.0878998 -0.151609 -0.18149
12.56 -0.109228 -0.191679 -0.232159
12.57 -0.129145 -0.229186 -0.279402
12.58 -0.14761 -0.26362 -0.322303
12.59 -0.164562 -0.294501 -0.360089
12.6 -0.179883 -0.321387 -0.392166
12.61 -0.193379 -0.343889 -0.418129
12.62 -0.204784 -0.36169 -0.437769
12.63 -0.213772 -0.374553 -0.451054
12.64 -0.220008 -0.382335 -0.458112
12.65 -0.223189 -0.384993 -0.45919
12.66 -0.223105 -0.382584 -0.454627
12.67 -0.21968 -0.375269 -0.444816
12.68 -0.213003 -0.36331 -0.43018
12.69 -0.203335 -0.347067 -0.411149
12.7 -0.191091 -0.326997 -0.388156
12.71 -0.176803 -0.303647 -0.361637
12.72 -0.161071 -0.277638 -0.332043
12.73 -0.1445 -0.24965 -0.29986
12.74 -0.127657 -0.220394 -0.26563
12.75 -0.111019 -0.190587 -0.229973
12.76 -0.0949579 -0.160917 -0.193592
12.77 -0.0797298 -0.132018 -0.157272
12.78 -0.065488 -0.10445 -0.121865
12.79 -0.0523071 -0.0786874 -0.0882513
12.8 -0.0402148 -0.0551194 -0.0572952
12.81 -0.0292242 -0.0340621 -0.0297889
12.82 -0.0193622 -0.0157727 -0.00639877
12.83 -0.0106893 -0.000465633 0.0123815
12.84 -0.00330899 0.0116758 0.0262617
12.85 0.00263431 0.0204973 0.0351669
12.86 0.00696852 0.0258814 0.0392269
12.87 0.00951571 0.0277639 0.0387472
12.88 0.0101203 0.0261566 0.0341656
12.89 0.00868022 0.0211694 0.0260025
12.9 0.00517658 0.0130268 0.0148129
12.91 -0.000301669 0.00207487 0.00114819
12.92 -0.00754284 -0.0112249 -0.0144689
12.93 -0.0162106 -0.0263139 -0.0315517
12.94 -0.025857 -0.0425641 -0.0496426
12.95 -0.0359504 -0.0593108 -0.0682949
12.96 -0.0459164 -0.0758853 -0.0870485
12.97 -0.0551861 -0.0916441 -0.105408
12.98 -0.0632454 -0.10599 -0.122826
12.99 -0.069678 -0.118384 -0.138701
13 -0.0741951 -0.128356 -0.152382
13.01 -0.0766461 -0.135502 -0.163197
13.02 -0.0770098 -0.139486 -0.170478
13.03 -0.075366 -0.140041 -0.173605
13.04 -0.0718556 -0.136966 -0.172047
13.05 -0.0666346 -0.13013 -0.165402
13.06 -0.0598323 -0.119475 -0.153425
13.07 -0.051522 -0.105013 -0.136055
13.08 -0.0417091 -0.0868315 -0.113422
13.09 -0.0303399 -0.0650844 -0.0858403
13.1 -0.0173276 -0.039993 -0.0537954
13.11 -0.0025916 -0.0118415 -0.0179086
13.12 0.0138991 0.0190251 0.021099
13.13 0.0320857 0.0521999 0.0624498
13.14 0.051792 0.0872117 0.105352
13.15 0.0727125 0.123523 0.149037
13.16 0.0944198 0.160529 0.192782
13.17 0.116389 0.197565 0.235928
13.18 0.138036 0.23392 0.277874
13.19 0.158761 0.268854 0.318067
13.2 0.177994 0.301635 0.355977
13.21 0.195236 0.331565 0.39108
13.22 0.210087 0.358018 0.42283
13.23 0.222263 0.380466 0.450658
13.24 0.231601 0.398496 0.473973
13.25 0.238049 0.411816 0.492184
13.26 0.241651 0.420253 0.504734
13.27 0.242515 0.423734 0.511146
13.28 0.240792 0.422269 0.511067
13.29 0.236642 0.415928 0.504311
13.3 0.230211 0.404829 0.490887
13.31 0.221618 0.389132 0.471014
13.32 0.210941 0.369035 0.445109
13.33 0.198227 0.344791 0.413766
13.34 0.183509 0.316713 0.377713
13.35 0.166823 0.285189 0.33777
13.36 0.148249 0.250691 0.294791
13.37 0.127933 0.213771 0.24963
13.38 0.106117 0.175053 0.2031
13.39 0.0831504 0.135216 0.155951
13.4 0.0594871 0.09497 0.108869
13.41 0.0356669 0.055033 0.062471
13.42 0.0122793 0.0161039 0.0173239
13.43 -0.0100828 -0.0211576 -0.0260444
13.44 -0.0308744 -0.0561494 -0.0671271
13.45 -0.0496449 -0.0883398 -0.105428
13.46 -0.0660732 -0.117278 -0.140455
13.47 -0.0799853 -0.142602 -0.171728
13.48 -0.091352 -0.164043 -0.198788
13.49 -0.100267 -0.181429 -0.22122
13.5 -0.106911 -0.194686 -0.238681
13.51 -0.111511 -0.203837 -0.250929
13.52 -0.114291 -0.208992 -0.257855
13.53 -0.115447 -0.210339 -0.2595
13.54 -0.115119 -0.20813 -0.256081
13.55 -0.113391 -0.202669 -0.247984
13.56 -0.110304 -0.194294 -0.235759
13.57 -0.105876 -0.183373 -0.220089
13.58 -0.100135 -0.170295 -0.201758
13.59 -0.0931531 -0.155478 -0.181597
13.6 -0.0850663 -0.139369 -0.160442
13.61 -0.0760944 -0.122451 -0.139086
13.62 -0.0665423 -0.105247 -0.11824
13.63 -0.0567903 -0.0883137 -0.0985145
13.64 -0.0472734 -0.072231 -0.0804113
13.65 -0.0384507 -0.0575792 -0.0643309
13.66 -0.0307724 -0.0449118 -0.0505935
13.67 -0.0246437 -0.0347237 -0.0394644
13.68 -0.0203936 -0.0274221 -0.0311797
13.69 -0.0182499 -0.0233038 -0.0259649
13.7 -0.0183228 -0.0225421 -0.0240421
13.71 -0.0206004 -0.0251851 -0.025624
13.72 -0.0249559 -0.0311652 -0.0308945
13.73 -0.0311661 -0.0403163 -0.039979
13.74 -0.0389385 -0.0523942 -0.0529116
13.75 -0.0479454 -0.0670982 -0.0696031
13.76 -0.0578584 -0.084087 -0.0898168
13.77 -0.0683791 -0.10299 -0.113157
13.78 -0.0792614 -0.123412 -0.139074
13.79 -0.0903204 -0.144933 -0.166879
13.8 -0.101428 -0.167106 -0.195779
13.81 -0.112495 -0.189455 -0.224917
13.82 -0.123441 -0.211477 -0.253415
13.83 -0.134164 -0.232645 -0.280417
13.84 -0.144509 -0.25242 -0.305132
13.85 -0.154247 -0.270261 -0.326858
13.86 -0.163068 -0.285642 -0.345006
13.87 -0.170594 -0.298064 -0.359105
13.88 -0.176401 -0.307072 -0.3688
13.89 -0.180063 -0.312264 -0.37384
13.9 -0.181192 -0.313309 -0.374064
13.91 -0.179488 -0.309954 -0.369381
13.92 -0.174766 -0.302036 -0.35975
13.93 -0.166984 -0.289495 -0.345169
13.94 -0.156241 -0.272375 -0.32567
13.95 -0.142762 -0.250836 -0.30132
13.96 -0.126877 -0.225145 -0.272232
13.97 -0.108973 -0.195674 -0.238586
13.98 -0.0894654 -0.162879 -0.20065
13.99 -0.0687553 -0.127284 -0.158804
14 -0.0472059 -0.0894549 -0.113552
14.01 -0.025127 -0.0499786 -0.0655367
14.02 -0.00277191 -0.00944143 -0.0155271
14.03 0.019654 0.0315819 0.0355999
14.04 0.0419767 0.0725343 0.0868942
14.05 0.0640328 0.112875 0.137378
14.06 0.085648 0.152073 0.186093
14.07 0.106619 0.1896 0.232155
14.08 0.126701 0.224931 0.274785
14.09 0.145604 0.257541 0.313344
14.1 0.162998 0.286919 0.347345
14.11 0.178528 0.312584 0.376445
14.12 0.191835 0.334112 0.400432
14.13 0.202587 0.351155 0.419199
14.14 0.210505 0.363467 0.432717
14.15 0.215399 0.37092 0.441006
14.16 0.217185 0.373508 0.444122
14.17 0.215906 0.371348 0.442145
14.18 0.211729 0.364667 0.435187
14.19 0.204937 0.353787 0.423401
14.2 0.195901 0.339105 0.407001
14.21 0.18505 0.321074 0.386285
14.22 0.172823 0.300185 0.361645
14.23 0.159639 0.276952 0.333587
14.24 0.145862 0.251906 0.302724
14.25 0.131778 0.225581 0.269768
14.26 0.117599 0.198512 0.235511
14.27 0.103465 0.171226 0.200792
14.28 0.0894755 0.144235 0.166461
14.29 0.0757129 0.118031 0.133342
14.3 0.0622787 0.0930769 0.102191
14.31 0.0493161 0.0698011 0.0736654
14.32 0.037024 0.0485932 0.0482969
14.33 0.0256554 0.0297989 0.0264747
14.34 0.0155024 0.013716 0.00844221
14.35 0.0068677 0.000588676 -0.00569666
14.36 3.02958e-05 -0.00939957 -0.0159603
14.37 -0.00479082 -0.016135 -0.0224654
14.38 -0.00746743 -0.0195846 -0.0254
14.39 -0.00798298 -0.0198065 -0.0249976
14.4 -0.0064406 -0.016958 -0.0215157
14.41 -0.00305724 -0.0112988 -0.0152247
14.42 0.00185444 -0.00318624 -0.0064051
14.43 0.00791344 0.00693641 0.00464383
14.44 0.0147028 0.0185604 0.0175889
14.45 0.0218026 0.0311365 0.032044
14.46 0.0288198 0.0441028 0.0475525
14.47 0.0354113 0.0569105 0.0635772
14.48 0.0412985 0.0690443 0.0795002
14.49 0.046273 0.0800359 0.0946364
14.5 0.0501922 0.0894691 0.10826
14.51 0.0529676 0.0969775 0.119643
14.52 0.0545475 0.102238 0.128093
14.53 0.0548968 0.104964 0.133003
14.54 0.0539767 0.104901 0.133887
14.55 0.0517287 0.101823 0.130403
14.56 0.0480659 0.0955436 0.122374
14.57 0.0428723 0.0859216 0.109784
14.58 0.0360139 0.0728788 0.0927633
14.59 0.0273578 0.0564131 0.0715674
14.6 0.016799 0.0366107 0.0465473
14.61 0.00428998 0.0136537 0.0181198
14.62 -0.0101319 -0.0121794 -0.0132593
14.63 -0.0263246 -0.0405186 -0.0471146
14.64 -0.0440331 -0.070913 -0.0829628
14.65 -0.0628951 -0.102846 -0.120316
14.66 -0.0824619 -0.135749 -0.158678
14.67 -0.102231 -0.169024 -0.197537
14.68 -0.121683 -0.202053 -0.236351
14.69 -0.140327 -0.234221 -0.274544
14.7 -0.157734 -0.264925 -0.311501
14.71 -0.173558 -0.293591 -0.346566
14.72 -0.187554 -0.319689 -0.379054
14.73 -0.19957 -0.342743 -0.408268
14.74 -0.209529 -0.362338 -0.433529
14.75 -0.217409 -0.378131 -0.454199
14.76 -0.223208 -0.389849 -0.469721
14.77 -0.226922 -0.397292 -0.479652
14.78 -0.228526 -0.400325 -0.483686
14.79 -0.227967 -0.398875 -0.481678
14.8 -0.225162 -0.392926 -0.473649
14.81 -0.220022 -0.382516 -0.459786
14.82 -0.212466 -0.367741 -0.440417
14.83 -0.202448 -0.348758 -0.415992
14.84 -0.189984 -0.325795 -0.387046
14.85 -0.175169 -0.29916 -0.354163
14.86 -0.158189 -0.269245 -0.317946
14.87 -0.139321 -0.236525 -0.278994
14.88 -0.118931 -0.201558 -0.237886
14.89 -0.0974495 -0.16496 -0.19518
14.9 -0.0753537 -0.127392 -0.151423
14.91 -0.0531351 -0.0895265 -0.107159
14.92 -0.0312708 -0.0520257 -0.0629485
14.93 -0.0101949 -0.0155118 -0.0193784
14.94 0.00972504 0.0194504 0.0229335
14.95 0.0282042 0.0523667 0.063344
14.96 0.0450467 0.0828176 0.101201
14.97 0.0601424 0.110458 0.135871
14.98 0.0734535 0.13501 0.16677
14.99 0.084994 0.156258 0.193398
15 0.0948052 0.174043 0.215372
15.01 0.102931 0.188256 0.232449
15.02 0.1094 0.198846 0.244542
15.03 0.114211 0.205813 0.251722
15.04 0.117335 0.209223 0.254208
15.05 0.118728 0.209205 0.252348
15.06 0.118346 0.205958 0.246597
15.07 0.116178 0.199749 0.237477
15.08 0.11227 0.190911 0.225557
15.09 0.106744 0.179836 0.211417
15.1 0.0998169 0.166968 0.195628
15.11 0.0917963 0.152792 0.178738
15.12 0.0830663 0.137823 0.161261
15.13 0.0740623 0.122591 0.143678
15.14 0.0652365 0.10763 0.12644
15.15 0.0570205 0.0934568 0.109979
15.16 0.0497911 0.0805615 0.0947167
15.17 0.0438433 0.0693844 0.0810689
15.18 0.0393756 0.0603026 0.0694496
15.19 0.0364872 0.053616 0.0602652
15.2 0.0351873 0.0495389 0.0539015
15.21 0.035414 0.0481961 0.050703
15.22 0.0370577 0.0496264 0.0509476
15.23 0.0399867 0.0537901 0.0548184
15.24 0.0440679 0.0605811 0.0623784
15.25 0.0491833 0.069839 0.0735514
15.26 0.0552366 0.0813612 0.0881122
15.27 0.0621525 0.0949097 0.10569
15.28 0.0698686 0.110215 0.125786
15.29 0.0783212 0.126972 0.147796
15.3 0.0874284 0.144839 0.17105
15.31 0.0970731 0.163428 0.194847
15.32 0.107089 0.182306 0.218495
15.33 0.117251 0.200992 0.241336
15.34 0.127275 0.21897 0.262773
15.35 0.13682 0.235698 0.282275
15.36 0.145508 0.250632 0.299379
15.37 0.152943 0.263249 0.313678
15.38 0.158739 0.273067 0.324816
15.39 0.162549 0.279669 0.332465
15.4 0.164094 0.282715 0.336323
15.41 0.163183 0.281955 0.336107
15.42 0.159729 0.27723 0.331559
15.43 0.153749 0.268471 0.322456
15.44 0.145354 0.255694 0.308635
15.45 0.134733 0.238993 0.290005
15.46 0.122121 0.218532 0.266578
15.47 0.107774 0.19454 0.23848
15.48 0.0919411 0.167303 0.20597
15.49 0.074843 0.137158 0.169436
15.5 0.0566652 0.10449 0.129399
15.51 0.0375593 0.069728 0.0864879
15.52 0.0176556 0.0333332 0.0414245
15.53 -0.00291665 -0.00420141 -0.00500997
15.54 -0.0240058 -0.0423593 -0.0520064
15.55 -0.0454168 -0.0806061 -0.0987609
15.56 -0.0668973 -0.118395 -0.144506
15.57 -0.088133 -0.155174 -0.188533
15.58 -0.108755 -0.190391 -0.230212
15.59 -0.128357 -0.223504 -0.268999
15.6 -0.146523 -0.253994 -0.304434
15.61 -0.162856 -0.281377 -0.336136
15.62 -0.177009 -0.305222 -0.363788
15.63 -0.188707 -0.325169 -0.387124
15.64 -0.197769 -0.340942 -0.40592
15.65 -0.204115 -0.352364 -0.419984
15.66 -0.20776 -0.359363 -0.42916
15.67 -0.208809 -0.36197 -0.433337
15.68 -0.207433 -0.360315 -0.432462
15.69 -0.203853 -0.354609 -0.426566
15.7 -0.198314 -0.345134 -0.415779
15.71 -0.191062 -0.332219 -0.400347
15.72 -0.182333 -0.316229 -0.380644
15.73 -0.172336 -0.297554 -0.357167
15.74 -0.161255 -0.276597 -0.330525
15.75 -0.149249 -0.253778 -0.301413
15.76 -0.136463 -0.229533 -0.27058
15.77 -0.123041 -0.204312 -0.238794
15.78 -0.109143 -0.178585 -0.206805
15.79 -0.0949573 -0.152836 -0.175311
15.8 -0.0807121 -0.127555 -0.144933
15.81 -0.0666774 -0.103229 -0.116205
15.82 -0.0531596 -0.0803213 -0.0895634
15.83 -0.0404866 -0.0592617 -0.0653512
15.84 -0.0289857 -0.0404243 -0.0438306
15.85 -0.0189562 -0.024116 -0.0251944
15.86 -0.0106413 -0.0105652 -0.00957989
15.87 -0.00420357 8.44898e-05 0.00292015
15.88 0.000291774 0.00777681 0.0122511
15.89 0.00288342 0.0125413 0.0183957
15.9 0.0037081 0.0144891 0.0213788
15.91 0.00298376 0.0138067 0.0212766
15.92 0.000984268 0.0107477 0.0182283
15.93 -0.00199026 0.00562296 0.0124485
15.94 -0.0056426 -0.00121006 0.00423697
15.95 -0.00970249 -0.00935922 -0.00601567
15.96 -0.0139421 -0.0184101 -0.0178294
15.97 -0.018181 -0.0279381 -0.0306435
15.98 -0.0222814 -0.037519 -0.0438342
15.99 -0.0261344 -0.0467385 -0.0567383
16 -0.0296427 -0.0551977 -0.0686839
16.01 -0.0327017 -0.0625175 -0.0790229
16.02 -0.0351842 -0.0683397 -0.0871628
16.03 -0.0369323 -0.0723284 -0.0925948
16.04 -0.0377558 -0.0741716 -0.094915
16.05 -0.0374411 -0.0735852 -0.093835
16.06 -0.0357657 -0.07032 -0.0891838
16.07 -0.0325188 -0.0641728 -0.0808993
16.08 -0.0275235 -0.0549989 -0.069013
16.09 -0.0206582 -0.0427262 -0.0536305
16.1 -0.0118741 -0.0273673 -0.034912
16.11 -0.00120677 -0.00902818 -0.0130564
16.12 0.0112204 0.0120898 0.0117089
16.13 0.0251999 0.035694 0.0391298
16.14 0.040452 0.0614112 0.0689212
16.15 0.0566425 0.0888038 0.100756
16.16 0.0734058 0.117389 0.134251
16.17 0.0903684 0.146656 0.168957
16.18 0.107172 0.176089 0.204352
16.19 0.123494 0.205174 0.239841
16.2 0.139057 0.233414 0.274763
16.21 0.153639 0.26033 0.308416
16.22 0.167064 0.285468 0.340076
16.23 0.179199 0.308397 0.369033
16.24 0.18993 0.32871 0.394622
16.25 0.199152 0.346033 0.41625
16.26 0.206749 0.360021 0.433425
16.27 0.212585 0.370373 0.44577
16.28 0.216501 0.376836 0.453036
16.29 0.218324 0.379216 0.455094
16.3 0.217879 0.377385 0.451935
16.31 0.215013 0.371288 0.443653
16.32 0.209619 0.360947 0.430429
16.33 0.201661 0.346465 0.41251
16.34 0.191188 0.328029 0.390196
16.35 0.178344 0.305901 0.363828
16.36 0.163366 0.280424 0.333775
16.37 0.14657 0.252005 0.300435
16.38 0.128331 0.221116 0.264235
16.39 0.109055 0.188272 0.225638
16.4 0.0891489 0.154024 0.185147
16.41 0.0689978 0.118937 0.143313
16.42 0.0489439 0.0835751 0.100736
16.43 0.0292754 0.0484858 0.0580594
16.44 0.0102245 0.014184 0.0159638
16.45 -0.00802793 -0.0188568 -0.0248567
16.46 -0.0253401 -0.0502104 -0.0637167
16.47 -0.0415953 -0.0794997 -0.0999697
16.48 -0.0566874 -0.106395 -0.133038
16.49 -0.0705082 -0.130611 -0.16244
16.5 -0.0829408 -0.151905 -0.187812
16.51 -0.0938576 -0.170076 -0.208922
16.52 -0.103125 -0.184968 -0.22567
16.53 -0.110613 -0.196477 -0.238083
16.54 -0.116212 -0.204556 -0.246296
16.55 -0.119845 -0.209231 -0.250532
16.56 -0.121487 -0.210602 -0.251078
16.57 -0.121178 -0.208852 -0.248261
16.58 -0.119031 -0.204242 -0.242433
16.59 -0.115234 -0.197108 -0.233958
16.6 -0.110048 -0.187848 -0.223208
16.61 -0.103788 -0.176904 -0.210564
16.62 -0.0968064 -0.164747 -0.196423
16.63 -0.0894699 -0.151858 -0.181208
16.64 -0.0821317 -0.138708 -0.165367
16.65 -0.0751085 -0.125749 -0.14938
16.66 -0.0686622 -0.113401 -0.133755
16.67 -0.0629886 -0.102045 -0.119013
16.68 -0.0582164 -0.0920185 -0.105673
16.69 -0.0544139 -0.083611 -0.0942324
16.7 -0.0516037 -0.0770643 -0.0851393
16.71 -0.049781 -0.0725697 -0.0787697
16.72 -0.0489328 -0.0702668 -0.0754059
16.73 -0.0490538 -0.0702424 -0.0752196
16.74 -0.0501545 -0.07253 -0.0782623
16.75 -0.0522632 -0.0771085 -0.0844631
16.76 -0.0554174 -0.0839029 -0.093635
16.77 -0.0596495 -0.092784 -0.105488
16.78 -0.0649682 -0.103568 -0.119646
16.79 -0.071339 -0.116019 -0.135675
16.8 -0.0786687 -0.129846 -0.153098
16.81 -0.0867958 -0.144708 -0.171425
16.82 -0.0954892 -0.160215 -0.190163
16.83 -0.104456 -0.175935 -0.208835
16.84 -0.11336 -0.191403 -0.226982
16.85 -0.121836 -0.206134 -0.244162
16.86 -0.129524 -0.21964 -0.25995
16.87 -0.136084 -0.231445 -0.273925
16.88 -0.141223 -0.241106 -0.285673
16.89 -0.144707 -0.248229 -0.294776
16.9 -0.146369 -0.252482 -0.300824
16.91 -0.146111 -0.253602 -0.303418
16.92 -0.143899 -0.251403 -0.302192
16.93 -0.139748 -0.245767 -0.29683
16.94 -0.133716 -0.236648 -0.287093
16.95 -0.12588 -0.224056 -0.272843
16.96 -0.116332 -0.208057 -0.254055
16.97 -0.105159 -0.188764 -0.230834
16.98 -0.0924468 -0.166339 -0.203414
16.99 -0.0782729 -0.140988 -0.172149
17 -0.0627167 -0.112967 -0.137499
17.01 -0.0458683 -0.0825847 -0.100006
17.02 -0.0278417 -0.0502045 -0.0602684
17.03 -0.00878875 -0.0162423 -0.0189127
17.04 0.0110895 0.0188363 0.0234272
17.05 0.0315364 0.0545245 0.0661304
17.06 0.0522398 0.0902864 0.108601
17.07 0.0728411 0.125571 0.150275
17.08 0.0929506 0.159827 0.190619
17.09 0.11217 0.192521 0.22913
17.1 0.130117 0.223148 0.265331
17.11 0.146451 0.25125 0.298766
17.12 0.160893 0.276419 0.328998
17.13 0.173242 0.298314 0.355617
17.14 0.183376 0.31666 0.378242
17.15 0.191254 0.331254 0.396535
17.16 0.196898 0.341967 0.410216
17.17 0.200379 0.348746 0.419081
17.18 0.201798 0.351604 0.423016
17.19 0.201265 0.350622 0.422014
17.2 0.198884 0.345941 0.416182
17.21 0.194751 0.337756 0.405745
17.22 0.18895 0.326307 0.391043
17.23 0.18156 0.311874 0.372517
17.24 0.172667 0.294778 0.350692
17.25 0.162378 0.275369 0.326149
17.26 0.150834 0.254033 0.299503
17.27 0.13822 0.231185 0.271373
17.28 0.124767 0.207268 0.24236
17.29 0.110753 0.182747 0.213027
17.3 0.096489 0.158103 0.18389
17.31 0.0823112 0.133816 0.155414
17.32 0.0685565 0.110356 0.128011
17.33 0.0555453 0.0881622 0.102052
17.34 0.043561 0.0676264 0.0778725
17.35 0.0328332 0.0490801 0.055778
17.36 0.0235258 0.0327828 0.0360493
17.37 0.0157305 0.0189152 0.0189394
17.38 0.00946745 0.00757878 0.00466569
17.39 0.00469168 -0.00120036 -0.00660287
17.4 0.00130548 -0.00746455 -0.0147614
17.41 -0.000825886 -0.0113154 -0.0197851
17.42 -0.00185696 -0.0129043 -0.0217429
17.43 -0.00194582 -0.0124249 -0.020806
17.44 -0.00124128 -0.0101062 -0.0172488
17.45 0.000124639 -0.00620868 -0.0114432
17.46 0.00203801 -0.00102165 -0.00384377
17.47 0.00439796 0.005139 0.00503194
17.48 0.00710665 0.0119331 0.0146281
17.49 0.0100564 0.0189999 0.0243765
17.5 0.013117 0.0259633 0.0337219
17.51 0.0161256 0.0324391 0.0421434
17.52 0.0188826 0.0380441 0.0491715
17.53 0.021155 0.0424056 0.0543989
17.54 0.0226865 0.0451725 0.0574861
17.55 0.0232145 0.046026 0.0581601
17.56 0.0224919 0.0446899 0.0562109
17.57 0.0203091 0.0409403 0.0514846
17.58 0.0165137 0.0346145 0.0438761
17.59 0.0110256 0.0256176 0.0333238
17.6 0.00384385 0.013928 0.0198063
17.61 -0.00495468 -0.000400137 0.00334364
17.62 -0.0152243 -0.0172374 -0.0159982
17.63 -0.0267659 -0.0363831 -0.0380992
17.64 -0.0393455 -0.0575718 -0.0627755
17.65 -0.0527138 -0.0804836 -0.0897693
17.66 -0.066623 -0.104756 -0.118742
17.67 -0.0808397 -0.129994 -0.149271
17.68 -0.0951513 -0.155786 -0.180852
17.69 -0.109368 -0.18171 -0.212912
17.7 -0.123316 -0.207339 -0.244823
17.71 -0.136835 -0.232252 -0.275929
17.72 -0.149761 -0.256029 -0.305572
17.73 -0.161925 -0.278258 -0.333117
17.74 -0.17314 -0.298534 -0.357979
17.75 -0.183202 -0.316464 -0.379646
17.76 -0.19189 -0.331674 -0.39769
17.77 -0.198974 -0.343816 -0.411772
17.78 -0.204224 -0.352581 -0.421645
17.79 -0.207431 -0.357714 -0.427144
17.8 -0.208414 -0.359022 -0.428176
17.81 -0.207048 -0.356389 -0.42471
17.82 -0.203266 -0.34978 -0.416768
17.83 -0.197078 -0.339243 -0.404416
17.84 -0.188569 -0.324911 -0.387765
17.85 -0.177896 -0.306993 -0.366973
17.86 -0.165278 -0.285763 -0.34225
17.87 -0.150982 -0.261557 -0.313869
17.88 -0.135302 -0.234752 -0.282169
17.89 -0.118538 -0.205763 -0.247563
17.9 -0.10098 -0.175027 -0.210538
17.91 -0.0828954 -0.143001 -0.171649
17.92 -0.0645191 -0.110145 -0.131505
17.93 -0.0460552 -0.0769267 -0.0907608
17.94 -0.0276825 -0.0438052 -0.0500858
17.95 -0.00956537 -0.0112311 -0.0101468
17.96 0.00813463 0.020361 0.0284184
17.97 0.0252469 0.0505584 0.0650239
17.98 0.0415848 0.0789752 0.0991541
17.99 0.0569437 0.105258 0.130379
18 0.0711061 0.129093 0.158359
18.01 0.0838528 0.150209 0.182853
18.02 0.0949785 0.168387 0.203706
18.03 0.10431 0.183463 0.220847
18.04 0.111721 0.19534 0.234275
18.05 0.117152 0.203986 0.244046
18.06 0.120608 0.209445 0.250264
18.07 0.122173 0.211833 0.253072
18.08 0.121991 0.211339 0.252647
18.09 0.120267 0.208219 0.249204
18.1 0.117241 0.202783 0.242994
18.11 0.113177 0.195387 0.234317
18.12 0.108342 0.186415 0.223521
18.13 0.102992 0.176265 0.211007
18.14 0.097357 0.165338 0.197228
18.15 0.091638 0.154022 0.182684
18.16 0.0860023 0.142689 0.167904
18.17 0.0805871 0.131684 0.153428
18.18 0.0755059 0.121331 0.139787
18.19 0.0708568 0.111925 0.127474
18.2 0.0667319 0.103735 0.116924
18.21 0.0632245 0.0970008 0.108493
18.22 0.0604343 0.091931 0.102446
18.23 0.0584669 0.0886973 0.0989464
18.24 0.0574302 0.0874275 0.0980613
18.25 0.0574252 0.0881981 0.0997662
18.26 0.0585332 0.0910273 0.103957
18.27 0.0608024 0.0958702 0.110464
18.28 0.0642336 0.102615 0.119067
18.29 0.0687701 0.111086 0.129506
18.3 0.0742915 0.121043 0.141495
18.31 0.0806149 0.132193 0.154724
18.32 0.0875027 0.144196 0.168862
18.33 0.0946763 0.156677 0.183559
18.34 0.101835 0.169238 0.19844
18.35 0.108675 0.181467 0.213106
18.36 0.114913 0.192954 0.227132
18.37 0.120297 0.2033 0.24007
18.38 0.124622 0.212124 0.251456
18.39 0.127732 0.219076 0.260818
18.4 0.129513 0.223844 0.267695
18.41 0.129895 0.226157 0.271652
18.42 0.128831 0.225791 0.272301
18.43 0.12629 0.222569 0.26932
18.44 0.122246 0.216367 0.262474
18.45 0.116671 0.207106 0.251622
18.46 0.109537 0.194758 0.236731
18.47 0.100814 0.179345 0.217873
18.48 0.0904838 0.160938 0.195223
18.49 0.0785504 0.139661 0.169046
18.5 0.0650503 0.115695 0.139682
18.51 0.0500649 0.0892744 0.107528
18.52 0.0337283 0.0606953 0.0730206
18.53 0.0162302 0.03031 0.0366199
18.54 -0.00218631 -0.001476 -0.00120086
18.55 -0.0212317 -0.0342124 -0.0399632
18.56 -0.0405828 -0.0674154 -0.079186
18.57 -0.0598976 -0.100582 -0.118384
18.58 -0.078833 -0.133205 -0.157066
18.59 -0.0970616 -0.16479 -0.194731
18.6 -0.114287 -0.194868 -0.23087
18.61 -0.130256 -0.223007 -0.264971
18.62 -0.144763 -0.248822 -0.296524
18.63 -0.157655 -0.271976 -0.32504
18.64 -0.168827 -0.292186 -0.350062
18.65 -0.178212 -0.30922 -0.371191
18.66 -0.185775 -0.322898 -0.388099
18.67 -0.191498 -0.333092 -0.40055
18.68 -0.195374 -0.339722 -0.408408
18.69 -0.197397 -0.342761 -0.411646
18.7 -0.197564 -0.342234 -0.410342
18.71 -0.195874 -0.338223 -0.404675
18.72 -0.192338 -0.330861 -0.394912
18.73 -0.186989 -0.320341 -0.381395
18.74 -0.179894 -0.306908 -0.364516
18.75 -0.171164 -0.290861 -0.34471
18.76 -0.160962 -0.272543 -0.32243
18.77 -0.149502 -0.252337 -0.298138
18.78 -0.137047 -0.23066 -0.272298
18.79 -0.123895 -0.207947 -0.245366
18.8 -0.110365 -0.184645 -0.217789
18.81 -0.0967783 -0.161201 -0.190007
18.82 -0.0834381 -0.138047 -0.162451
18.83 -0.0706131 -0.115591 -0.135547
18.84 -0.0585253 -0.0942066 -0.109709
18.85 -0.0473431 -0.0742203 -0.0853376
18.86 -0.0371807 -0.0559067 -0.0628116
18.87 -0.0281028 -0.0394831 -0.0424756
18.88 -0.020134 -0.0251082 -0.024626
18.89 -0.0132696 -0.0128823 -0.00949584
18.9 -0.00748718 -0.0028515 0.00275992
18.91 -0.00275591 0.00498887 0.012076
18.92 0.000957042 0.010689 0.0184839
18.93 0.00368429 0.0143407 0.0221129
18.94 0.00545993 0.0160744 0.0231847
18.95 0.00632475 0.016058 0.0220019
18.96 0.00633361 0.0144963 0.018931
18.97 0.00556367 0.0116309 0.014383
18.98 0.00412178 0.00773977 0.00879291
18.99 0.00214946 0.00313423 0.00260014
19 -0.000175594 -0.00184564 -0.00376693
19.01 -0.00264239 -0.00683915 -0.00990232
19.02 -0.00501398 -0.0114757 -0.0154287
19.03 -0.00703892 -0.0153872 -0.0199995
19.04 -0.00846577 -0.0182223 -0.0232972
19.05 -0.00905908 -0.0196587 -0.0250307
19.06 -0.00861506 -0.0194159 -0.0249334
19.07 -0.006975 -0.0172635 -0.0227616
19.08 -0.00403466 -0.0130282 -0.0182984
19.09 0.00025146 -0.00659639 -0.0113585
19.1 0.00587157 0.00208477 -0.00179834
19.11 0.0127634 0.0130093 0.0104733
19.12 0.0208249 0.0261151 0.0254829
19.13 0.0299276 0.041288 0.0431818
19.14 0.0399301 0.0583657 0.0634377
19.15 0.0506885 0.0771417 0.0860313
19.16 0.0620647 0.0973698 0.110657
19.17 0.073928 0.118768 0.136929
19.18 0.0861534 0.141021 0.164395
19.19 0.0986147 0.163789 0.192549
19.2 0.111176 0.186706 0.220854
19.21 0.123682 0.20939 0.248756
19.22 0.135952 0.231445 0.275711
19.23 0.147777 0.252468 0.301194
19.24 0.158919 0.272055 0.324721
19.25 0.169122 0.28981 0.345852
19.26 0.17812 0.305355 0.364199
19.27 0.185655 0.318335 0.379425
19.28 0.191493 0.328434 0.391247
19.29 0.195436 0.335382 0.399425
19.3 0.197338 0.338965 0.403766
19.31 0.197112 0.339036 0.404118
19.32 0.19473 0.335516 0.40037
19.33 0.190228 0.328398 0.39246
19.34 0.183689 0.317749 0.380379
19.35 0.175242 0.303699 0.36418
19.36 0.165046 0.286438 0.343989
19.37 0.153278 0.266208 0.32001
19.38 0.140122 0.243292 0.292533
19.39 0.125763 0.218008 0.261929
19.4 0.11038 0.190702 0.22865
19.41 0.0941492 0.161741 0.19321
19.42 0.0772403 0.131513 0.156177
19.43 0.0598263 0.10042 0.118144
19.44 0.0420875 0.0688783 0.0797144
19.45 0.0242178 0.0373126 0.0414766
19.46 0.00642851 0.00615164 0.0039887
19.47 -0.0110503 -0.0241798 -0.032237
19.48 -0.0279733 -0.0532697 -0.0667429
19.49 -0.0440866 -0.0807292 -0.0991309
19.5 -0.0591394 -0.106203 -0.129062
19.51 -0.0728972 -0.12938 -0.156255
19.52 -0.0851567 -0.150001 -0.180479
19.53 -0.0957594 -0.167868 -0.201554
19.54 -0.104602 -0.182844 -0.219345
19.55 -0.111643 -0.19486 -0.233759
19.56 -0.116901 -0.203912 -0.244752
19.57 -0.120453 -0.210059 -0.252329
19.58 -0.12242 -0.213417 -0.256549
19.59 -0.122958 -0.214157 -0.257533
19.6 -0.12224 -0.212494 -0.255466
19.61 -0.120444 -0.208682 -0.250603
19.62 -0.117739 -0.203005 -0.243263
19.63 -0.114286 -0.195769 -0.233828
19.64 -0.110226 -0.187296 -0.222731
19.65 -0.105692 -0.177915 -0.210442
19.66 -0.100807 -0.167957 -0.197454
19.67 -0.0956973 -0.157751 -0.18426
19.68 -0.090494 -0.147618 -0.171332
19.69 -0.0853417 -0.137868 -0.15911
19.7 -0.0803976 -0.128796 -0.147979
19.71 -0.0758301 -0.120676 -0.138262
19.72 -0.0718112 -0.113756 -0.130213
19.73 -0.0685073 -0.108253 -0.124017
19.74 -0.0660673 -0.104343 -0.119793
19.75 -0.0646103 -0.102152 -0.117598
19.76 -0.0642145 -0.101754 -0.117441
19.77 -0.0649096 -0.10316 -0.119283
19.78 -0.0666714 -0.106318 -0.123047
19.79 -0.0694227 -0.111115 -0.128622
19.8 -0.0730369 -0.117377 -0.135859
19.81 -0.0773465 -0.124879 -0.144573
19.82 -0.0821546 -0.133354 -0.154533
19.83 -0.0872476 -0.142501 -0.165466
19.84 -0.092408 -0.151998 -0.177047
19.85 -0.0974265 -0.161511 -0.188906
19.86 -0.102111 -0.170704 -0.200629
19.87 -0.106291 -0.179244 -0.21177
19.88 -0.109821 -0.186806 -0.221864
19.89 -0.112575 -0.19308 -0.230443
19.9 -0.114446 -0.197772 -0.237059
19.91 -0.115336 -0.200608 -0.241297
19.92 -0.115148 -0.20134 -0.242797
19.93 -0.113787 -0.199748 -0.241264
19.94 -0.111154 -0.195647 -0.23648
19.95 -0.107148 -0.188891 -0.228309
19.96 -0.101677 -0.179383 -0.216692
19.97 -0.094662 -0.167074 -0.201651
19.98 -0.0860517 -0.151971 -0.183274
19.99 -0.0758336 -0.134141 -0.161712
20 -0.0640435 -0.113709 -0.137168
