0.01 -1.50034e-06 -1.53841e-06 -1.5391e-06
0.02 -8.84969e-06 -9.21666e-06 -9.22664e-06
0.03 -2.73203e-05 -2.91095e-05 -2.91801e-05
0.04 -6.11457e-05 -6.71236e-05 -6.74533e-05
0.05 -0.000113248 -0.000128829 -0.000129992
0.06 -0.000185186 -0.00021923 -0.000222562
0.07 -0.000277315 -0.000342497 -0.000350632
0.08 -0.000389092 -0.000501726 -0.000519192
0.09 -0.000519459 -0.00069876 -0.000732512
0.1 -0.000667203 -0.000934129 -0.000993833
0.11 -0.000831218 -0.00120712 -0.00130504
0.12 -0.00101064 -0.00151597 -0.00166634
0.13 -0.00120481 -0.00185808 -0.00207604
0.14 -0.00141315 -0.00223025 -0.00253041
0.15 -0.00163497 -0.00262889 -0.00302376
0.16 -0.0018692 -0.00305002 -0.00354864
0.17 -0.00211424 -0.00348925 -0.00409628
0.18 -0.00236779 -0.00394159 -0.00465705
0.19 -0.00262686 -0.00440132 -0.00522098
0.2 -0.00288773 -0.00486181 -0.00577825
0.21 -0.00314607 -0.0053155 -0.00631955
0.22 -0.00339702 -0.00575409 -0.00683627
0.23 -0.00363532 -0.00616873 -0.00732051
0.24 -0.00385553 -0.0065505 -0.00776501
0.25 -0.00405216 -0.00689087 -0.00816295
0.26 -0.00422 -0.00718208 -0.00850772
0.27 -0.0043543 -0.00741751 -0.00879286
0.28 -0.00445114 -0.00759185 -0.009012
0.29 -0.0045076 -0.00770116 -0.00915899
0.3 -0.00452202 -0.00774271 -0.0092282
0.31 -0.004494 -0.00771492 -0.00921481
0.32 -0.00442435 -0.00761708 -0.00911521
0.33 -0.00431487 -0.00744933 -0.00892735
0.34 -0.004168 -0.00721253 -0.00865097
0.35 -0.00398648 -0.00690841 -0.00828777
0.36 -0.00377294 -0.00653957 -0.0078414
0.37 -0.00352974 -0.00610963 -0.00731734
0.38 -0.00325879 -0.00562331 -0.00672275
0.39 -0.00296173 -0.00508635 -0.00606613
0.4 -0.00264012 -0.00450545 -0.00535707
0.41 -0.00229586 -0.00388806 -0.00460588
0.42 -0.00193149 -0.00324217 -0.00382333
0.43 -0.00155052 -0.00257605 -0.00302027
0.44 -0.00115756 -0.00189814 -0.00220742
0.45 -0.000758223 -0.00121684 -0.00139507
0.46 -0.000358885 -0.000540509 -0.000592909
0.47 3.37244e-05 0.000122602 0.000190105
0.48 0.000413022 0.00076442 0.000945814
0.49 0.00077304 0.00137715 0.00166684
0.5 0.00110881 0.00195348 0.00234651
0.51 0.00141661 0.00248681 0.00297879
0.52 0.00169401 0.00297154 0.00355816
0.53 0.00193978 0.00340335 0.00407963
0.54 0.00215371 0.00377938 0.00453876
0.55 0.00233634 0.00409832 0.00493184
0.56 0.00248871 0.00436028 0.00525617
0.57 0.00261213 0.00456666 0.00551032
0.58 0.00270805 0.00471983 0.00569442
0.59 0.00277797 0.00482282 0.00581044
0.6 0.00282344 0.00487909 0.00586223
0.61 0.00284604 0.00489235 0.00585547
0.62 0.00284742 0.00486653 0.00579741
0.63 0.00282936 0.00480588 0.00569648
0.64 0.00279379 0.00471503 0.00556175
0.65 0.00274288 0.00459921 0.00540245
0.66 0.00267909 0.00446423 0.00522745
0.67 0.00260522 0.00431647 0.00504491
0.68 0.00252451 0.00416272 0.00486207
0.69 0.0024406 0.00400981 0.00468518
0.7 0.0023575 0.00386436 0.00451953
0.71 0.00227942 0.00373231 0.00436962
0.72 0.00221049 0.00361871 0.00423927
0.73 0.00215447 0.00352747 0.00413181
0.74 0.00211438 0.00346129 0.00405009
0.75 0.00209216 0.00342174 0.00399648
0.76 0.00208847 0.0034093 0.00397279
0.77 0.00210259 0.00342353 0.00398006
0.78 0.00213255 0.00346316 0.00401848
0.79 0.00217539 0.00352619 0.00408715
0.8 0.00222752 0.00360986 0.004184
0.81 0.00228519 0.00371072 0.00430571
0.82 0.00234488 0.00382456 0.00444768
0.83 0.00240358 0.0039465 0.00460412
0.84 0.00245889 0.00407106 0.00476816
0.85 0.00250901 0.00419236 0.00493202
0.86 0.0025525 0.0043043 0.00508723
0.87 0.002588 0.0044008 0.00522499
0.88 0.00261393 0.00447598 0.00533641
0.89 0.00262824 0.00452432 0.00541298
0.9 0.0026283 0.00454069 0.00544684
0.91 0.00261096 0.00452037 0.00543118
0.92 0.00257267 0.00445903 0.00536047
0.93 0.00250983 0.00435272 0.00523061
0.94 0.0024191 0.0041979 0.00503898
0.95 0.00229773 0.00399158 0.00478434
0.96 0.00214382 0.00373153 0.00446668
0.97 0.00195654 0.00341653 0.00408694
0.98 0.00173612 0.00304659 0.00364683
0.99 0.0014839 0.00262317 0.00314863
1 0.00120221 0.00214926 0.00259516
1.01 0.000894211 0.00162932 0.00198977
1.02 0.000563756 0.00106905 0.00133655
1.03 0.000215191 0.000475152 0.00064049
1.04 -0.000146816 -0.000145059 -9.23055e-05
1.05 -0.000517461 -0.000783957 -0.000854436
1.06 -0.00089198 -0.00143387 -0.00163719
1.07 -0.00126581 -0.00208722 -0.00243063
1.08 -0.00163474 -0.00273657 -0.00322386
1.09 -0.00199496 -0.0033746 -0.00400543
1.1 -0.00234308 -0.00399402 -0.00476373
1.11 -0.00267607 -0.00458752 -0.00548754
1.12 -0.00299113 -0.00514782 -0.00616641
1.13 -0.00328549 -0.00566773 -0.00679103
1.14 -0.00355625 -0.00614038 -0.00735348
1.15 -0.00380028 -0.00655945 -0.00784728
1.16 -0.00401421 -0.00691944 -0.00826745
1.17 -0.00419452 -0.00721587 -0.00861041
1.18 -0.00433782 -0.00744546 -0.00887388
1.19 -0.00444115 -0.0076062 -0.00905672
1.2 -0.00450236 -0.0076973 -0.00915885
1.21 -0.00452045 -0.00771918 -0.00918117
1.22 -0.00449576 -0.0076733 -0.00912542
1.23 -0.00443006 -0.00756218 -0.00899423
1.24 -0.00432644 -0.00738922 -0.00879103
1.25 -0.00418901 -0.00715877 -0.00852009
1.26 -0.00402252 -0.00687601 -0.0081865
1.27 -0.00383196 -0.00654695 -0.00779617
1.28 -0.00362215 -0.00617828 -0.00735586
1.29 -0.00339746 -0.00577724 -0.00687316
1.3 -0.00316166 -0.00535134 -0.00635644
1.31 -0.00291792 -0.00490818 -0.00581477
1.32 -0.00266893 -0.00445509 -0.00525772
1.33 -0.00241709 -0.00399902 -0.00469513
1.34 -0.00216471 -0.00354631 -0.00413674
1.35 -0.00191421 -0.00310272 -0.00359185
1.36 -0.00166819 -0.00267338 -0.0030689
1.37 -0.00142944 -0.00226295 -0.0025751
1.38 -0.00120086 -0.00187561 -0.00211618
1.39 -0.000985337 -0.00151515 -0.00169619
1.4 -0.000785526 -0.00118489 -0.00131751
1.41 -0.000603709 -0.000887597 -0.000981001
1.42 -0.000441614 -0.000625218 -0.000686202
1.43 -0.000300293 -0.000398726 -0.000431655
1.44 -0.000180023 -0.000207909 -0.000215191
1.45 -8.02587e-05 -5.12669e-05 -3.41816e-05
1.46 3.85708e-07 7.39768e-05 0.000114315
1.47 6.411e-05 0.000171736 0.000233508
1.48 0.000113849 0.000246817 0.000326927
1.49 0.000153138 0.000304613 0.000398548
1.5 0.000185916 0.000350778 0.000452916
1.51 0.000216277 0.000390951 0.000495251
1.52 0.000248194 0.00043055 0.000531462
1.53 0.000285248 0.000474658 0.000568062
1.54 0.000330397 0.000527986 0.000611975
1.55 0.000385841 0.000594889 0.000670255
1.56 0.000452992 0.00067938 0.00074975
1.57 0.000532569 0.000785127 0.000856751
1.58 0.000624792 0.0009154 0.000996665
1.59 0.00072963 0.00107296 0.00117374
1.6 0.000847049 0.00125993 0.0013909
1.61 0.000977203 0.00147765 0.00164957
1.62 0.0011205 0.00172655 0.00194971
1.63 0.00127755 0.0020061 0.00228983
1.64 0.00144899 0.00231482 0.00266708
1.65 0.00163515 0.0026503 0.00307738
1.66 0.00183582 0.00300932 0.00351565
1.67 0.00204991 0.00338789 0.00397596
1.68 0.00227528 0.00378138 0.00445177
1.69 0.00250872 0.00418451 0.00493616
1.7 0.00274605 0.00459143 0.00542197
1.71 0.00298235 0.00499572 0.00590195
1.72 0.00321229 0.00539047 0.00636889
1.73 0.00343052 0.00576838 0.00681559
1.74 0.00363196 0.00612197 0.00723489
1.75 0.00381209 0.0064438 0.00761962
1.76 0.00396711 0.00672678 0.00796256
1.77 0.00409398 0.00696446 0.0082565
1.78 0.0041904 0.00715124 0.00849429
1.79 0.00425472 0.00728255 0.00866904
1.8 0.00428582 0.00735493 0.00877442
1.81 0.00428302 0.00736594 0.00880497
1.82 0.00424592 0.00731409 0.00875647
1.83 0.00417443 0.00719869 0.00862624
1.84 0.00406864 0.00701975 0.00841338
1.85 0.00392887 0.0067779 0.00811891
1.86 0.00375568 0.00647442 0.00774569
1.87 0.00354984 0.00611133 0.00729827
1.88 0.00331249 0.00569151 0.00678261
1.89 0.00304511 0.00521884 0.00620572
1.9 0.0027497 0.00469825 0.00557537
1.91 0.00242887 0.00413576 0.0048997
1.92 0.00208588 0.00353836 0.00418705
1.93 0.00172477 0.00291379 0.00344581
1.94 0.00135028 0.00227032 0.00268435
1.95 0.000967755 0.00161641 0.001911
1.96 0.000582964 0.000960499 0.00113416
1.97 0.000201774 0.000310715 0.000362232
1.98 -0.000170163 -0.000325251 -0.000396346
1.99 -0.000527747 -0.000940252 -0.00113317
2 -0.000866707 -0.00152774 -0.00184
2.01 -0.00118377 -0.00208181 -0.00250894
2.02 -0.00147671 -0.00259721 -0.00313264
2.03 -0.00174423 -0.00306944 -0.00370449
2.04 -0.00198577 -0.00349481 -0.00421891
2.05 -0.00220123 -0.00387052 -0.00467147
2.06 -0.00239071 -0.00419475 -0.00505911
2.07 -0.00255429 -0.00446667 -0.0053802
2.08 -0.00269189 -0.00468644 -0.0056347
2.09 -0.00280332 -0.00485517 -0.00582406
2.1 -0.00288839 -0.00497476 -0.00595121
2.11 -0.00294708 -0.00504782 -0.0060204
2.12 -0.00297983 -0.00507757 -0.00603699
2.13 -0.00298768 -0.00506772 -0.00600718
2.14 -0.00297245 -0.00502248 -0.00593768
2.15 -0.00293677 -0.0049465 -0.00583544
2.16 -0.00288396 -0.00484494 -0.00570733
2.17 -0.00281793 -0.00472335 -0.00555997
2.18 -0.00274289 -0.00458767 -0.00539955
2.19 -0.0026631 -0.00444404 -0.00523182
2.2 -0.00258266 -0.0042986 -0.0050621
2.21 -0.00250524 -0.00415719 -0.00489537
2.22 -0.00243395 -0.00402509 -0.00473636
2.23 -0.00237124 -0.00390677 -0.00458959
2.24 -0.00231883 -0.00380571 -0.00445937
2.25 -0.00227773 -0.00372427 -0.00434968
2.26 -0.00224825 -0.00366377 -0.00426397
2.27 -0.00223007 -0.00362458 -0.00420497
2.28 -0.00222238 -0.00360622 -0.00417433
2.29 -0.00222394 -0.00360758 -0.00417249
2.3 -0.00223326 -0.00362704 -0.0041984
2.31 -0.00224873 -0.0036625 -0.00424954
2.32 -0.00226871 -0.00371145 -0.00432197
2.33 -0.00229167 -0.0037709 -0.00441047
2.34 -0.00231614 -0.00383732 -0.00450883
2.35 -0.00234071 -0.00390664 -0.00461019
2.36 -0.00236389 -0.00397419 -0.00470736
2.37 -0.00238401 -0.00403486 -0.0047931
2.38 -0.002399 -0.00408315 -0.00486044
2.39 -0.00240635 -0.00411344 -0.00490283
2.4 -0.00240302 -0.00412016 -0.00491426
2.41 -0.00238558 -0.00409801 -0.00488937
2.42 -0.00235031 -0.00404216 -0.00482344
2.43 -0.00229355 -0.00394836 -0.00471243
2.44 -0.00221198 -0.00381305 -0.00455295
2.45 -0.00210296 -0.00363342 -0.00434228
2.46 -0.00196478 -0.00340747 -0.00407838
2.47 -0.00179681 -0.00313403 -0.00375991
2.48 -0.00159956 -0.00281283 -0.00338628
2.49 -0.00137456 -0.00244459 -0.00295771
2.5 -0.00112413 -0.00203102 -0.0024753
2.51 -0.000851149 -0.00157487 -0.00194115
2.52 -0.000558786 -0.00107989 -0.00135843
2.53 -0.000250246 -0.000550753 -0.000731492
2.54 7.13632e-05 7.09417e-06 -6.59049e-05
2.55 0.000403089 0.000587611 0.000631532
2.56 0.000742105 0.00118435 0.00135286
2.57 0.00108562 0.00179063 0.00208913
2.58 0.00143074 0.00239964 0.00283062
2.59 0.00177439 0.00300456 0.00356721
2.6 0.00211319 0.00359854 0.00428867
2.61 0.00244345 0.0041747 0.00498509
2.62 0.00276122 0.00472615 0.00564718
2.63 0.00306236 0.00524604 0.00626657
2.64 0.00334265 0.00572759 0.00683588
2.65 0.00359799 0.00616434 0.00734888
2.66 0.00382449 0.00655032 0.00780037
2.67 0.00401872 0.0068803 0.00818612
2.68 0.0041778 0.00715004 0.00850273
2.69 0.00429956 0.00735646 0.00874752
2.7 0.00438266 0.00749777 0.00891849
2.71 0.00442665 0.00757347 0.00901433
2.72 0.00443203 0.00758426 0.00903451
2.73 0.00440017 0.00753191 0.00897939
2.74 0.00433323 0.0074191 0.00885039
2.75 0.00423398 0.00724925 0.00865014
2.76 0.00410559 0.00702639 0.00838254
2.77 0.00395141 0.00675505 0.00805279
2.78 0.00377475 0.00644022 0.00766728
2.79 0.00357872 0.00608733 0.00723347
2.8 0.00336615 0.0057022 0.00675961
2.81 0.00313961 0.00529101 0.00625449
2.82 0.00290156 0.00486019 0.00572715
2.83 0.0026544 0.00441633 0.00518653
2.84 0.00240075 0.00396599 0.00464128
2.85 0.00214351 0.00351556 0.00409946
2.86 0.00188595 0.0030711 0.0035684
2.87 0.00163167 0.00263821 0.00305454
2.88 0.00138444 0.00222195 0.00256337
2.89 0.00114797 0.00182676 0.00209936
2.9 0.000925655 0.0014564 0.00166601
2.91 0.000720269 0.00111394 0.00126589
2.92 0.00053376 0.00080168 0.000900698
2.93 0.000367111 0.000521091 0.000571379
2.94 0.00022031 0.000272738 0.000278178
2.95 9.24318e-05 5.62329e-05 2.07121e-05
2.96 -1.81959e-05 -0.000129792 -0.000202012
2.97 -0.00011378 -0.00028765 -0.000391621
2.98 -0.000196831 -0.000420499 -0.000550423
2.99 -0.000269954 -0.00053218 -0.000681488
3 -0.000335691 -0.00062701 -0.000788698
3.01 -0.000396417 -0.000709556 -0.000876776
3.02 -0.000454292 -0.000784427 -0.00095123
3.03 -0.000511264 -0.000856107 -0.00101823
3.04 -0.000569095 -0.000928856 -0.00108436
3.05 -0.000629412 -0.00100666 -0.00115636
3.06 -0.000693747 -0.00109326 -0.00124075
3.07 -0.000763584 -0.00119214 -0.00134351
3.08 -0.000840379 -0.00130658 -0.00146974
3.09 -0.000925578 -0.00143961 -0.00162348
3.1 -0.0010206 -0.00159394 -0.00180751
3.11 -0.00112681 -0.00177182 -0.00202336
3.12 -0.00124544 -0.00197489 -0.00227139
3.13 -0.00137747 -0.002204 -0.00255087
3.14 -0.00152355 -0.00245906 -0.00286018
3.15 -0.00168379 -0.00273897 -0.00319695
3.16 -0.00185766 -0.00304158 -0.0035582
3.17 -0.00204385 -0.00336377 -0.00394042
3.18 -0.00224021 -0.00370155 -0.00433962
3.19 -0.00244382 -0.00405022 -0.00475128
3.2 -0.00265103 -0.00440455 -0.00517037
3.21 -0.00285772 -0.00475893 -0.00559129
3.22 -0.00305951 -0.00510749 -0.00600788
3.23 -0.00325207 -0.00544421 -0.00641344
3.24 -0.00343136 -0.00576302 -0.00680082
3.25 -0.00359382 -0.00605791 -0.00716252
3.26 -0.00373648 -0.00632296 -0.00749091
3.27 -0.00385699 -0.00655251 -0.00777837
3.28 -0.00395348 -0.00674127 -0.00801757
3.29 -0.00402447 -0.00688442 -0.00820168
3.3 -0.00406867 -0.00697779 -0.00832464
3.31 -0.00408482 -0.00701791 -0.00838135
3.32 -0.00407165 -0.00700208 -0.0083679
3.33 -0.00402786 -0.0069284 -0.00828166
3.34 -0.00395216 -0.00679579 -0.00812146
3.35 -0.00384351 -0.00660394 -0.00788753
3.36 -0.0037012 -0.00635334 -0.00758147
3.37 -0.00352516 -0.00604525 -0.00720615
3.38 -0.00331599 -0.00568178 -0.00676553
3.39 -0.00307517 -0.00526589 -0.00626442
3.4 -0.002805 -0.00480148 -0.00570837
3.41 -0.00250858 -0.00429337 -0.00510339
3.42 -0.00218967 -0.00374728 -0.00445593
3.43 -0.00185254 -0.00316973 -0.00377274
3.44 -0.00150179 -0.00256789 -0.0030609
3.45 -0.00114216 -0.0019493 -0.00232783
3.46 -0.00077836 -0.00132171 -0.00158133
3.47 -0.000414908 -0.00069274 -0.000829585
3.48 -5.60222e-05 -6.97428e-05 -8.11204e-05
3.49 0.000294471 0.000540396 0.000655325
3.5 0.000633196 0.00113133 0.00137099
3.51 0.000957242 0.00169728 0.00205733
3.52 0.00126415 0.00223305 0.00270635
3.53 0.00155187 0.00273395 0.00331088
3.54 0.00181867 0.00319586 0.00386484
3.55 0.00206305 0.00361517 0.00436343
3.56 0.00228368 0.00398891 0.00480327
3.57 0.00247934 0.0043148 0.0051824
3.58 0.00264893 0.00459136 0.00550025
3.59 0.0027915 0.004818 0.00575745
3.6 0.00290636 0.00499509 0.00595576
3.61 0.00299327 0.00512394 0.0060978
3.62 0.00305253 0.00520677 0.00618691
3.63 0.00308516 0.00524663 0.00622703
3.64 0.00309297 0.00524725 0.00622252
3.65 0.00307851 0.00521293 0.00617811
3.66 0.00304502 0.00514838 0.00609881
3.67 0.00299621 0.00505863 0.00598988
3.68 0.002936 0.00494885 0.00585674
3.69 0.00286827 0.0048243 0.005705
3.7 0.0027966 0.00469022 0.00554032
3.71 0.00272403 0.00455165 0.00536842
3.72 0.00265303 0.00441336 0.00519497
3.73 0.00258537 0.00427968 0.00502544
3.74 0.00252228 0.00415436 0.00486501
3.75 0.00246452 0.00404051 0.00471838
3.76 0.00241254 0.00394048 0.00458954
3.77 0.00236663 0.00385587 0.00448167
3.78 0.00232698 0.00378753 0.00439687
3.79 0.00229378 0.00373565 0.00433608
3.8 0.00226718 0.00369978 0.00429896
3.81 0.00224719 0.00367895 0.00428391
3.82 0.00223367 0.00367168 0.00428816
3.83 0.00222615 0.00367599 0.00430792
3.84 0.00222377 0.0036894 0.00433857
3.85 0.00222522 0.00370889 0.00437498
3.86 0.00222871 0.00373089 0.00441172
3.87 0.00223199 0.00375127 0.00444332
3.88 0.00223241 0.00376542 0.0044644
3.89 0.002227 0.00376841 0.00446981
3.9 0.00221258 0.0037551 0.00445469
3.91 0.00218594 0.00372044 0.00441439
3.92 0.00214395 0.00365961 0.00434452
3.93 0.00208377 0.00356832 0.0042409
3.94 0.00200297 0.00344291 0.00409955
3.95 0.00189972 0.00328048 0.00391678
3.96 0.00177281 0.00307893 0.00368929
3.97 0.00162179 0.00283696 0.00341433
3.98 0.00144689 0.00255405 0.00308991
3.99 0.00124896 0.0022304 0.00271496
4 0.00102936 0.00186691 0.00228954
4.01 0.000789795 0.00146518 0.0018149
4.02 0.000532164 0.00102746 0.00129361
4.03 0.000258428 0.000556733 0.000729479
4.04 -2.9452e-05 5.66791e-05 0.000127538
4.05 -0.000329518 -0.000468337 -0.000506136
4.06 -0.000639752 -0.0010133 -0.00116458
4.07 -0.000957964 -0.00157262 -0.00184015
4.08 -0.00128166 -0.00214025 -0.00252476
4.09 -0.00160791 -0.00270978 -0.00321006
4.1 -0.0019333 -0.00327457 -0.00388768
4.11 -0.00225393 -0.00382787 -0.0045494
4.12 -0.00256551 -0.00436293 -0.00518729
4.13 -0.00286352 -0.00487312 -0.00579385
4.14 -0.00314341 -0.00535196 -0.00636207
4.15 -0.00340091 -0.00579334 -0.0068855
4.16 -0.00363217 -0.00619157 -0.00735827
4.17 -0.00383401 -0.00654152 -0.00777508
4.18 -0.00400399 -0.00683881 -0.00813123
4.19 -0.00414049 -0.00707993 -0.00842263
4.2 -0.00424261 -0.00726231 -0.00864588
4.21 -0.00431017 -0.00738444 -0.00879835
4.22 -0.00434352 -0.00744585 -0.00887828
4.23 -0.00434346 -0.00744705 -0.00888496
4.24 -0.0043111 -0.00738946 -0.00881883
4.25 -0.00424781 -0.00727529 -0.00868159
4.26 -0.00415514 -0.0071074 -0.00847629
4.27 -0.00403478 -0.00688919 -0.00820723
4.28 -0.0038886 -0.00662457 -0.00787993
4.29 -0.00371862 -0.00631785 -0.00750087
4.3 -0.00352707 -0.0059738 -0.00707731
4.31 -0.00331642 -0.0055976 -0.00661694
4.32 -0.00308938 -0.00519483 -0.00612766
4.33 -0.00284894 -0.00477145 -0.00561725
4.34 -0.00259838 -0.00433364 -0.00509322
4.35 -0.0023412 -0.00388775 -0.00456264
4.36 -0.00208111 -0.00344003 -0.00403209
4.37 -0.00182189 -0.00299651 -0.0035076
4.38 -0.00156725 -0.00256276 -0.00299468
4.39 -0.00132066 -0.00214376 -0.00249833
4.4 -0.00108519 -0.00174376 -0.00202308
4.41 -0.000863334 -0.00136624 -0.00157293
4.42 -0.000656855 -0.00101386 -0.00115135
4.43 -0.00046676 -0.000688471 -0.000761169
4.44 -0.000293282 -0.000391177 -0.000404519
4.45 -0.000135974 -0.000122336 -8.27098e-05
4.46 6.15155e-06 0.000118389 0.000203844
4.47 0.000134439 0.000331996 0.000455687
4.48 0.000250399 0.00052011 0.000674352
4.49 0.000355555 0.000684937 0.000862343
4.5 0.000451333 0.000829202 0.00102308
4.51 0.000539025 0.000956069 0.00116077
4.52 0.000619823 0.00106904 0.0012803
4.53 0.000694896 0.00117184 0.001387
4.54 0.000765501 0.00126831 0.00148648
4.55 0.000833083 0.00136232 0.00158434
4.56 0.000899338 0.00145765 0.00168601
4.57 0.000966232 0.00155795 0.00179648
4.58 0.00103594 0.00166667 0.00192015
4.59 0.00111074 0.00178704 0.00206071
4.6 0.00119285 0.00192193 0.00222103
4.61 0.00128426 0.00207383 0.00240316
4.62 0.00138657 0.00224473 0.00260837
4.63 0.00150085 0.00243597 0.0028372
4.64 0.00162753 0.00264817 0.00308953
4.65 0.00176638 0.0028811 0.00336466
4.66 0.00191651 0.00313363 0.00366133
4.67 0.0020764 0.00340375 0.00397775
4.68 0.00224403 0.00368858 0.00431153
4.69 0.00241697 0.00398453 0.00465962
4.7 0.00259245 0.00428741 0.00501826
4.71 0.00276758 0.00459263 0.00538292
4.72 0.00293938 0.00489529 0.00574827
4.73 0.00310492 0.00519037 0.00610823
4.74 0.00326139 0.0054728 0.00645613
4.75 0.00340616 0.00573751 0.00678486
4.76 0.00353678 0.00597947 0.00708709
4.77 0.00365101 0.00619375 0.00735559
4.78 0.00374673 0.00637552 0.00758345
4.79 0.00382192 0.00652012 0.00776436
4.8 0.00387461 0.00662319 0.00789277
4.81 0.00390282 0.00668074 0.00796404
4.82 0.00390461 0.00668932 0.00797458
4.83 0.00387809 0.00664612 0.00792178
4.84 0.00382158 0.0065491 0.00780407
4.85 0.0037337 0.00639707 0.00762084
4.86 0.00361356 0.00618976 0.00737242
4.87 0.00346094 0.00592777 0.00705998
4.88 0.00327634 0.00561265 0.0066855
4.89 0.00306111 0.00524677 0.00625173
4.9 0.0028174 0.00483334 0.00576219
4.91 0.00254807 0.00437632 0.00522108
4.92 0.00225654 0.0038804 0.00463335
4.93 0.00194658 0.00335086 0.00400463
4.94 0.00162212 0.00279354 0.00334124
4.95 0.00128707 0.00221468 0.00265012
4.96 0.000945174 0.00162084 0.0019388
4.97 0.000599954 0.00101869 0.00121529
4.98 0.000254668 0.000414926 0.000487932
4.99 -8.76358e-05 -0.000183909 -0.000234743
5 -0.000424069 -0.000771529 -0.000944253
5.01 -0.000751832 -0.00134199 -0.00163238
5.02 -0.00106816 -0.00188976 -0.00229143
5.03 -0.00137031 -0.00240973 -0.00291443
5.04 -0.00165558 -0.00289726 -0.00349534
5.05 -0.00192133 -0.00334821 -0.0040292
5.06 -0.00216515 -0.00375896 -0.00451217
5.07 -0.00238486 -0.0041265 -0.00494157
5.08 -0.00257871 -0.0044485 -0.00531577
5.09 -0.0027454 -0.00472341 -0.00563413
5.1 -0.00288422 -0.00495054 -0.00589687
5.11 -0.00299508 -0.00513012 -0.00610491
5.12 -0.0030785 -0.0052633 -0.00625982
5.13 -0.00313566 -0.00535212 -0.0063637
5.14 -0.0031683 -0.00539943 -0.00641919
5.15 -0.00317864 -0.00540871 -0.00642947
5.16 -0.0031693 -0.00538395 -0.00639827
5.17 -0.00314312 -0.00532948 -0.00632986
5.18 -0.00310302 -0.00524979 -0.00622908
5.19 -0.00305189 -0.00514942 -0.00610125
5.2 -0.0029924 -0.00503288 -0.00595207
5.21 -0.00292692 -0.00490456 -0.00578751
5.22 -0.00285753 -0.00476868 -0.00561355
5.23 -0.00278594 -0.00462924 -0.00543601
5.24 -0.00271359 -0.00449001 -0.00526034
5.25 -0.0026417 -0.00435439 -0.00509139
5.26 -0.00257139 -0.00422542 -0.00493326
5.27 -0.00250374 -0.00410564 -0.00478918
5.28 -0.00243978 -0.00399706 -0.00466142
5.29 -0.00238057 -0.00390108 -0.00455125
5.3 -0.00232706 -0.00381844 -0.004459
5.31 -0.00228001 -0.00374925 -0.00438408
5.32 -0.00223985 -0.00369294 -0.00432506
5.33 -0.00220658 -0.0036483 -0.00427984
5.34 -0.00217962 -0.00361356 -0.00424567
5.35 -0.00215779 -0.00358634 -0.00421938
5.36 -0.00213933 -0.00356378 -0.00419739
5.37 -0.00212196 -0.00354254 -0.00417588
5.38 -0.00210303 -0.00351891 -0.00415081
5.39 -0.00207971 -0.00348886 -0.00411802
5.4 -0.00204912 -0.00344818 -0.00407323
5.41 -0.00200857 -0.00339262 -0.00401207
5.42 -0.00195562 -0.003318 -0.00393016
5.43 -0.00188823 -0.00322045 -0.00382309
5.44 -0.00180476 -0.00309647 -0.00368656
5.45 -0.00170403 -0.00294307 -0.00351647
5.46 -0.00158519 -0.00275791 -0.00330908
5.47 -0.00144779 -0.00253923 -0.00306121
5.48 -0.00129163 -0.00228597 -0.0027704
5.49 -0.00111677 -0.00199766 -0.0024351
5.5 -0.000923483 -0.00167445 -0.00205483
5.51 -0.000712236 -0.00131707 -0.00163028
5.52 -0.00048369 -0.000926811 -0.0011633
5.53 -0.000238729 -0.000505572 -0.000656899
5.54 2.15104e-05 -5.58635e-05 -0.000115104
5.55 0.000295594 0.000419144 0.00045717
5.56 0.000581736 0.000915606 0.00105431
5.57 0.000877758 0.00142901 0.00167018
5.58 0.00118105 0.00195422 0.00229831
5.59 0.00148857 0.00248557 0.002932
5.6 0.00179688 0.00301699 0.00356443
5.61 0.00210216 0.00354216 0.00418875
5.62 0.0024004 0.00405465 0.0047981
5.63 0.0026875 0.00454814 0.00538566
5.64 0.00295943 0.00501649 0.00594469
5.65 0.00321243 0.00545392 0.00646856
5.66 0.00344316 0.00585508 0.00695089
5.67 0.00364882 0.00621512 0.0073856
5.68 0.0038272 0.00652977 0.00776707
5.69 0.00397669 0.00679539 0.00809031
5.7 0.00409626 0.00700902 0.00835103
5.71 0.0041853 0.00716843 0.00854585
5.72 0.00424358 0.00727213 0.00867243
5.73 0.0042711 0.00731944 0.0087295
5.74 0.00426806 0.00731046 0.00871698
5.75 0.0042348 0.00724607 0.00863596
5.76 0.0041718 0.00712789 0.0084887
5.77 0.0040798 0.00695825 0.00827851
5.78 0.00395983 0.0067401 0.00800969
5.79 0.00381329 0.00647701 0.00768732
5.8 0.00364209 0.00617304 0.00731712
5.81 0.00344858 0.00583278 0.00690524
5.82 0.00323564 0.00546123 0.00645811
5.83 0.0030065 0.00506376 0.00598225
5.84 0.00276476 0.00464602 0.00548417
5.85 0.00251413 0.00421386 0.00497027
5.86 0.00225836 0.00377316 0.00444678
5.87 0.00200106 0.00332971 0.00391974
5.88 0.00174558 0.00288902 0.00339498
5.89 0.00149489 0.00245619 0.00287809
5.9 0.00125153 0.00203577 0.00237439
5.91 0.00101757 0.00163166 0.00188884
5.92 0.000794576 0.00124704 0.00142594
5.93 0.000583674 0.000884417 0.000989593
5.94 0.000385565 0.000545593 0.000582987
5.95 0.000200598 0.000231731 0.000208429
5.96 2.88292e-05 -5.65928e-05 -0.000132749
5.97 -0.000129903 -0.000319347 -0.000440257
5.98 -0.000275925 -0.000557017 -0.000714845
5.99 -0.000409689 -0.000770588 -0.000958255
6 -0.000531757 -0.000961539 -0.0011731
6.01 -0.000642809 -0.00113184 -0.00136271
6.02 -0.000743681 -0.00128392 -0.00153096
6.03 -0.000835412 -0.00142064 -0.00168206
6.04 -0.000919291 -0.00154522 -0.00182037
6.05 -0.000996896 -0.00166114 -0.00195027
6.06 -0.00107009 -0.00177202 -0.002076
6.07 -0.001141 -0.00188149 -0.0022016
6.08 -0.00121191 -0.00199308 -0.00233079
6.09 -0.00128513 -0.00211009 -0.00246697
6.1 -0.00136288 -0.00223548 -0.00261313
6.11 -0.00144707 -0.0023718 -0.00277191
6.12 -0.00153922 -0.00252111 -0.00294547
6.13 -0.00164028 -0.00268491 -0.00313555
6.14 -0.00175062 -0.00286411 -0.00334335
6.15 -0.00187 -0.00305898 -0.00356952
6.16 -0.00199766 -0.00326911 -0.00381408
6.17 -0.00213238 -0.00349346 -0.0040764
6.18 -0.00227263 -0.00373029 -0.00435505
6.19 -0.00241668 -0.00397726 -0.00464787
6.2 -0.0025627 -0.00423147 -0.00495183
6.21 -0.00270881 -0.00448952 -0.00526313
6.22 -0.00285315 -0.00474766 -0.00557717
6.23 -0.00299382 -0.00500181 -0.00588869
6.24 -0.00312891 -0.00524769 -0.00619191
6.25 -0.0032564 -0.00548089 -0.00648065
6.26 -0.00337417 -0.00569694 -0.0067486
6.27 -0.00347996 -0.00589131 -0.00698948
6.28 -0.00357137 -0.00605954 -0.00719728
6.29 -0.00364591 -0.0061972 -0.00736644
6.3 -0.00370106 -0.00630005 -0.00749195
6.31 -0.00373435 -0.00636411 -0.00756948
6.32 -0.00374347 -0.00638573 -0.00759543
6.33 -0.00372637 -0.0063618 -0.00756692
6.34 -0.00368139 -0.00628983 -0.00748175
6.35 -0.00360732 -0.00616805 -0.00733844
6.36 -0.00350349 -0.00599556 -0.00713615
6.37 -0.00336985 -0.00577228 -0.00687472
6.38 -0.00320695 -0.00549906 -0.0065547
6.39 -0.00301593 -0.00517754 -0.00617736
6.4 -0.00279852 -0.00481017 -0.00574478
6.41 -0.00255689 -0.00440008 -0.00525991
6.42 -0.00229359 -0.003951 -0.0047266
6.43 -0.00201141 -0.00346719 -0.00414958
6.44 -0.00171329 -0.00295337 -0.00353445
6.45 -0.0014022 -0.00241466 -0.00288759
6.46 -0.00108111 -0.00185647 -0.00221604
6.47 -0.000752915 -0.00128452 -0.0015273
6.48 -0.000420488 -0.000704706 -0.000829191
6.49 -8.66861e-05 -0.000123048 -0.000129606
6.5 0.00024559 0.000454419 0.000563654
6.51 0.000573362 0.00102174 0.00124307
6.52 0.000893552 0.00157316 0.00190157
6.53 0.00120301 0.0021032 0.00253266
6.54 0.00149856 0.00260679 0.0031305
6.55 0.00177714 0.00307931 0.00369001
6.56 0.00203589 0.00351672 0.00420684
6.57 0.00227231 0.00391555 0.00467745
6.58 0.00248441 0.00427304 0.00509906
6.59 0.00267078 0.00458711 0.00546961
6.6 0.00283064 0.00485646 0.00578779
6.61 0.00296387 0.00508055 0.00605297
6.62 0.00307095 0.00525966 0.00626524
6.63 0.00315285 0.00539481 0.00642536
6.64 0.00321096 0.00548776 0.0065348
6.65 0.00324695 0.0055409 0.00659576
6.66 0.00326266 0.00555715 0.00661115
6.67 0.00326 0.00553989 0.0065846
6.68 0.00324093 0.00549277 0.00652039
6.69 0.00320737 0.00541963 0.00642336
6.7 0.00316121 0.00532441 0.00629881
6.71 0.00310431 0.00521108 0.00615231
6.72 0.00303851 0.00508354 0.00598948
6.73 0.00296565 0.00494564 0.00581584
6.74 0.00288757 0.0048011 0.00563656
6.75 0.00280611 0.00465347 0.00545631
6.76 0.00272308 0.00450608 0.00527913
6.77 0.00264026 0.00436196 0.00510833
6.78 0.00255931 0.00422376 0.00494649
6.79 0.00248172 0.00409365 0.00479544
6.8 0.00240873 0.0039732 0.0046563
6.81 0.00234125 0.00386338 0.00452956
6.82 0.00227979 0.00376446 0.00441514
6.83 0.00222435 0.00367605 0.00431242
6.84 0.00217448 0.0035971 0.00422028
6.85 0.00212918 0.00352596 0.00413714
6.86 0.00208703 0.00346048 0.00406095
6.87 0.00204622 0.00339807 0.00398919
6.88 0.0020047 0.00333583 0.00391889
6.89 0.0019603 0.0032706 0.00384666
6.9 0.00191086 0.00319909 0.00376872
6.91 0.00185438 0.00311792 0.003681
6.92 0.00178906 0.00302372 0.0035792
6.93 0.00171336 0.00291324 0.00345898
6.94 0.00162603 0.00278336 0.00331606
6.95 0.00152602 0.00263125 0.0031464
6.96 0.00141251 0.00245439 0.00294634
6.97 0.00128475 0.00225069 0.0027128
6.98 0.00114213 0.00201851 0.00244336
6.99 0.000984095 0.00175672 0.00213644
7 0.000810184 0.00146472 0.00179131
7.01 0.000620102 0.0011425 0.00140816
7.02 0.000413785 0.000790638 0.000988108
7.03 0.000191496 0.000410292 0.000533136
7.04 -4.60946e-05 3.25106e-06 4.60339e-05
7.05 -0.00029784 -0.000428073 -0.000469701
7.06 -0.000562089 -0.000880633 -0.00100997
7.07 -0.00083669 -0.00135076 -0.00157015
7.08 -0.00111903 -0.00183421 -0.00214523
7.09 -0.00140613 -0.00232619 -0.00272983
7.1 -0.00169472 -0.00282149 -0.00331827
7.11 -0.00198135 -0.00331458 -0.00390462
7.12 -0.00226255 -0.00379973 -0.00448271
7.13 -0.00253488 -0.00427119 -0.00504616
7.14 -0.00279508 -0.00472333 -0.00558848
7.15 -0.00304009 -0.00515072 -0.00610311
7.16 -0.00326716 -0.00554826 -0.00658355
7.17 -0.00347382 -0.00591126 -0.00702352
7.18 -0.00365797 -0.00623546 -0.00741714
7.19 -0.00381778 -0.00651711 -0.00775908
7.2 -0.00395174 -0.00675293 -0.00804475
7.21 -0.00405858 -0.00694021 -0.00827044
7.22 -0.00413729 -0.0070768 -0.00843341
7.23 -0.00418707 -0.00716118 -0.00853198
7.24 -0.00420735 -0.00719247 -0.00856552
7.25 -0.0041978 -0.00717053 -0.00853443
7.26 -0.00415841 -0.00709593 -0.00844006
7.27 -0.0040895 -0.00696999 -0.00828463
7.28 -0.00399183 -0.0067948 -0.00807111
7.29 -0.00386661 -0.00657312 -0.00780315
7.3 -0.00371558 -0.00630837 -0.00748494
7.31 -0.00354097 -0.00600452 -0.00712115
7.32 -0.00334548 -0.00566604 -0.00671684
7.33 -0.00313215 -0.00529773 -0.00627741
7.34 -0.00290429 -0.00490469 -0.00580852
7.35 -0.00266532 -0.00449217 -0.00531605
7.36 -0.00241859 -0.0040655 -0.00480603
7.37 -0.00216732 -0.00362997 -0.00428456
7.38 -0.00191444 -0.0031907 -0.00375776
7.39 -0.00166256 -0.00275261 -0.00323161
7.4 -0.00141395 -0.00232026 -0.00271191
7.41 -0.00117056 -0.00189781 -0.0022041
7.42 -0.000934033 -0.00148891 -0.00171315
7.43 -0.000705798 -0.00109672 -0.00124342
7.44 -0.00048709 -0.000723827 -0.000798576
7.45 -0.000278988 -0.000372265 -0.000381418
7.46 -8.24225e-05 -4.35139e-05 6.12445e-06
7.47 0.00010184 0.000261487 0.000363046
7.48 0.000273234 0.000542326 0.000689242
7.49 0.00043144 0.000799111 0.000985452
7.5 0.000576434 0.00103246 0.00125316
7.51 0.000708529 0.00124349 0.00149446
7.52 0.000828398 0.00143384 0.00171194
7.53 0.000937072 0.00160558 0.00190852
7.54 0.00103592 0.00176123 0.00208735
7.55 0.00112661 0.00190366 0.00225171
7.56 0.001211 0.00203597 0.00240491
7.57 0.00129112 0.00216143 0.00255029
7.58 0.00136898 0.00228327 0.00269115
7.59 0.00144656 0.00240463 0.00283072
7.6 0.00152563 0.00252839 0.00297213
7.61 0.00160771 0.00265708 0.00311838
7.62 0.00169399 0.00279284 0.00327223
7.63 0.00178526 0.00293732 0.00343612
7.64 0.00188194 0.00309169 0.00361207
7.65 0.00198407 0.00325663 0.00380156
7.66 0.00209136 0.00343231 0.00400543
7.67 0.00220324 0.0036184 0.00422374
7.68 0.00231894 0.00381409 0.00445581
7.69 0.00243754 0.00401808 0.00470008
7.7 0.00255803 0.00422856 0.00495423
7.71 0.00267928 0.00444329 0.00521518
7.72 0.00280008 0.00465954 0.00547916
7.73 0.0029191 0.00487419 0.00574191
7.74 0.00303479 0.00508376 0.0059987
7.75 0.00314544 0.00528447 0.00624456
7.76 0.00324904 0.00547235 0.00647438
7.77 0.00334337 0.00564324 0.00668305
7.78 0.003426 0.00579299 0.00686556
7.79 0.00349435 0.00591746 0.00701713
7.8 0.00354585 0.00601263 0.00713326
7.81 0.00357798 0.00607471 0.00720981
7.82 0.00358848 0.00610024 0.00724304
7.83 0.0035754 0.00608616 0.00722966
7.84 0.00353725 0.0060299 0.00716688
7.85 0.003473 0.00592949 0.00705239
7.86 0.00338213 0.00578361 0.0068845
7.87 0.00326462 0.00559167 0.00666213
7.88 0.00312089 0.00535377 0.00638489
7.89 0.00295176 0.00507076 0.00605318
7.9 0.00275839 0.0047442 0.00566824
7.91 0.00254221 0.00437629 0.0052322
7.92 0.00230487 0.00396981 0.00474811
7.93 0.00204824 0.00352809 0.00421993
7.94 0.00177432 0.00305494 0.00365245
7.95 0.00148532 0.00255458 0.00305122
7.96 0.00118359 0.0020316 0.00242242
7.97 0.000871685 0.00149094 0.00177266
7.98 0.000552311 0.000937829 0.00110887
7.99 0.000228369 0.000377729 0.00043804
8 -9.70776e-05 -0.000183735 -0.000232853
8.01 -0.000420833 -0.000740865 -0.000897031
8.02 -0.000739616 -0.001288 -0.001548
8.03 -0.00105013 -0.00181963 -0.00217962
8.04 -0.00134916 -0.00233053 -0.00278617
8.05 -0.00163365 -0.00281586 -0.00336237
8.06 -0.00190083 -0.00327128 -0.00390342
8.07 -0.00214829 -0.003693 -0.00440504
8.08 -0.0023741 -0.00407791 -0.00486347
8.09 -0.00257681 -0.0044235 -0.00527557
8.1 -0.00275551 -0.00472799 -0.00563883
8.11 -0.0029098 -0.00499022 -0.00595148
8.12 -0.00303971 -0.00520974 -0.00621248
8.13 -0.00314569 -0.00538671 -0.00642162
8.14 -0.00322845 -0.00552188 -0.00657952
8.15 -0.00328894 -0.00561661 -0.00668764
8.16 -0.00332823 -0.00567277 -0.00674822
8.17 -0.00334751 -0.00569268 -0.00676425
8.18 -0.00334803 -0.0056791 -0.00673937
8.19 -0.00333115 -0.00563512 -0.00667775
8.2 -0.00329833 -0.00556412 -0.00658394
8.21 -0.00325117 -0.00546963 -0.00646275
8.22 -0.00319146 -0.00535533 -0.00631906
8.23 -0.00312111 -0.00522495 -0.00615771
8.24 -0.00304223 -0.00508218 -0.00598333
8.25 -0.00295697 -0.00493064 -0.00580023
8.26 -0.00286752 -0.00477377 -0.00561234
8.27 -0.00277599 -0.00461479 -0.00542315
8.28 -0.00268429 -0.00445659 -0.00523565
8.29 -0.00259409 -0.00430169 -0.00505235
8.3 -0.0025067 -0.00415213 -0.00487525
8.31 -0.00242301 -0.00400942 -0.0047059
8.32 -0.00234352 -0.00387449 -0.00454536
8.33 -0.00226829 -0.00374768 -0.00439418
8.34 -0.002197 -0.00362875 -0.00425246
8.35 -0.00212898 -0.00351688 -0.00411973
8.36 -0.00206332 -0.00341078 -0.00399498
8.37 -0.00199885 -0.00330873 -0.00387664
8.38 -0.00193432 -0.00320865 -0.00376255
8.39 -0.00186839 -0.00310824 -0.00365003
8.4 -0.00179969 -0.00300497 -0.00353589
8.41 -0.00172689 -0.00289622 -0.00341659
8.42 -0.00164871 -0.00277931 -0.00328832
8.43 -0.00156392 -0.0026515 -0.00314716
8.44 -0.00147136 -0.00251013 -0.00298925
8.45 -0.00136989 -0.0023526 -0.00281097
8.46 -0.00125843 -0.00217646 -0.00260902
8.47 -0.00113592 -0.00197948 -0.0023806
8.48 -0.00100135 -0.00175974 -0.00212348
8.49 -0.000853793 -0.00151568 -0.00183605
8.5 -0.00069247 -0.0012462 -0.00151737
8.51 -0.000516797 -0.000950726 -0.00116714
8.52 -0.000326483 -0.000629242 -0.000785751
8.53 -0.000121603 -0.000282343 -0.000374191
8.54 9.73345e-05 8.87624e-05 6.59214e-05
8.55 0.000329349 0.000482253 0.000532388
8.56 0.000572983 0.000895719 0.00102245
8.57 0.000826326 0.00132619 0.00153279
8.58 0.00108709 0.00177018 0.00205958
8.59 0.00135267 0.00222376 0.00259849
8.6 0.00162031 0.0026826 0.0031447
8.61 0.00188711 0.00314206 0.00369295
8.62 0.00215023 0.0035973 0.0042376
8.63 0.00240685 0.00404332 0.00477271
8.64 0.00265432 0.0044751 0.0052921
8.65 0.00289009 0.00488769 0.00578953
8.66 0.00311176 0.00527628 0.00625878
8.67 0.00331706 0.00563629 0.00669383
8.68 0.00350384 0.00596343 0.007089
8.69 0.00367004 0.00625378 0.00743912
8.7 0.00381373 0.00650381 0.00773964
8.71 0.00393313 0.00671042 0.00798676
8.72 0.00402664 0.00687104 0.00817748
8.73 0.00409289 0.00698361 0.00830966
8.74 0.00413082 0.00704666 0.00838204
8.75 0.00413974 0.00705938 0.00839415
8.76 0.00411938 0.00702163 0.00834633
8.77 0.00406991 0.00693398 0.00823967
8.78 0.003992 0.00679771 0.00807591
8.79 0.00388676 0.00661483 0.0078574
8.8 0.00375579 0.00638797 0.0075871
8.81 0.00360106 0.0061204 0.00726849
8.82 0.00342488 0.00581586 0.00690561
8.83 0.00322984 0.0054785 0.00650297
8.84 0.00301866 0.00511277 0.00606556
8.85 0.00279413 0.00472334 0.00559876
8.86 0.00255905 0.00431498 0.0051083
8.87 0.00231612 0.00389245 0.00460015
8.88 0.00206792 0.00346053 0.00408036
8.89 0.00181686 0.00302384 0.00355498
8.9 0.00156518 0.00258685 0.00302988
8.91 0.00131499 0.00215379 0.00251059
8.92 0.00106826 0.00172863 0.0020022
8.93 0.000826815 0.00131496 0.00150923
8.94 0.000592413 0.000915991 0.00103555
8.95 0.000366673 0.000534459 0.000584328
8.96 0.000151073 0.000172616 0.000157978
8.97 -5.31071e-05 -0.00016782 -0.000241802
8.98 -0.00024484 -0.00048568 -0.000614025
8.99 -0.00042342 -0.000780349 -0.000958364
9 -0.000588513 -0.00105176 -0.00127509
9.01 -0.000740192 -0.00130038 -0.00156503
9.02 -0.000878945 -0.00152717 -0.00182946
9.03 -0.00100564 -0.00173356 -0.00207008
9.04 -0.00112149 -0.00192138 -0.00228894
9.05 -0.00122794 -0.00209283 -0.0024884
9.06 -0.00132659 -0.00225035 -0.00267107
9.07 -0.00141911 -0.00239657 -0.00283979
9.08 -0.00150712 -0.00253423 -0.00299754
9.09 -0.00159213 -0.00266602 -0.00314745
9.1 -0.00167549 -0.00279455 -0.00329266
9.11 -0.00175834 -0.00292224 -0.00343628
9.12 -0.00184163 -0.00305122 -0.00358127
9.13 -0.0019261 -0.00318333 -0.00373032
9.14 -0.0020123 -0.00332003 -0.00388576
9.15 -0.00210061 -0.0034624 -0.00404941
9.16 -0.00219126 -0.00361115 -0.00422249
9.17 -0.00228434 -0.00376655 -0.00440555
9.18 -0.00237976 -0.00392847 -0.00459845
9.19 -0.00247732 -0.00409638 -0.00480028
9.2 -0.00257659 -0.00426929 -0.00500948
9.21 -0.00267697 -0.00444577 -0.00522384
9.22 -0.00277762 -0.00462396 -0.0054406
9.23 -0.00287745 -0.00480154 -0.00565655
9.24 -0.00297509 -0.0049758 -0.00586812
9.25 -0.00306891 -0.00514364 -0.00607152
9.26 -0.00315702 -0.00530167 -0.00626273
9.27 -0.00323734 -0.0054463 -0.00643767
9.28 -0.00330762 -0.00557378 -0.0065922
9.29 -0.00336556 -0.00568038 -0.0067222
9.3 -0.00340885 -0.00576243 -0.00682359
9.31 -0.00343533 -0.00581645 -0.00689242
9.32 -0.00344306 -0.00583922 -0.00692491
9.33 -0.00343035 -0.00582784 -0.00691752
9.34 -0.00339589 -0.00577982 -0.00686706
9.35 -0.00333873 -0.00569315 -0.00677076
9.36 -0.00325829 -0.00556629 -0.00662639
9.37 -0.00315435 -0.00539823 -0.00643234
9.38 -0.00302697 -0.00518854 -0.00618768
9.39 -0.00287653 -0.00493738 -0.0058923
9.4 -0.00270359 -0.00464547 -0.00554689
9.41 -0.00250895 -0.00431415 -0.00515299
9.42 -0.0022936 -0.00394532 -0.00471298
9.43 -0.00205874 -0.00354145 -0.00423005
9.44 -0.00180582 -0.00310554 -0.00370812
9.45 -0.00153652 -0.00264106 -0.00315176
9.46 -0.00125285 -0.00215194 -0.00256609
9.47 -0.000957098 -0.0016425 -0.00195665
9.48 -0.000651851 -0.00111741 -0.00132927
9.49 -0.000339963 -0.00058162 -0.000689996
9.5 -2.44984e-05 -4.02967e-05 -4.49496e-05
9.51 0.000291348 0.000501276 0.000599748
9.52 0.000604334 0.00103777 0.00123805
9.53 0.000911268 0.00156395 0.00186406
9.54 0.0012091 0.00207471 0.00247205
9.55 0.00149499 0.00256528 0.00305656
9.56 0.0017664 0.00303121 0.00361242
9.57 0.00202111 0.00346856 0.00413483
9.58 0.00225727 0.00387386 0.00461943
9.59 0.00247338 0.00424424 0.00506238
9.6 0.00266831 0.00457738 0.00546047
9.61 0.00284124 0.00487156 0.00581117
9.62 0.00299168 0.00512563 0.00611275
9.63 0.00311938 0.005339 0.00636426
9.64 0.00322435 0.00551162 0.00656561
9.65 0.00330683 0.00564397 0.00671755
9.66 0.00336723 0.00573704 0.00682158
9.67 0.00340619 0.00579231 0.00687991
9.68 0.00342455 0.00581171 0.00689537
9.69 0.00342338 0.00579763 0.00687125
9.7 0.00340397 0.00575281 0.00681121
9.71 0.00336783 0.00568033 0.00671919
9.72 0.00331673 0.00558351 0.00659922
9.73 0.00325262 0.00546581 0.00645543
9.74 0.00317758 0.00533081 0.00629188
9.75 0.0030938 0.00518203 0.00611255
9.76 0.00300343 0.00502289 0.00592127
9.77 0.00290855 0.00485665 0.00572164
9.78 0.00281103 0.00468627 0.00551706
9.79 0.00271249 0.00451442 0.00531061
9.8 0.00261423 0.00434338 0.00510503
9.81 0.0025172 0.004175 0.00490268
9.82 0.00242201 0.0040107 0.00470549
9.83 0.00232896 0.00385142 0.00451489
9.84 0.00223807 0.00369763 0.00433178
9.85 0.00214913 0.00354935 0.00415647
9.86 0.00206178 0.00340614 0.0039887
9.87 0.00197553 0.00326716 0.00382758
9.88 0.00188978 0.00313121 0.00367166
9.89 0.00180385 0.00299679 0.00351896
9.9 0.00171702 0.0028621 0.00336703
9.91 0.00162842 0.00272517 0.00321308
9.92 0.00153714 0.00258385 0.00305404
9.93 0.00144214 0.00243589 0.00288675
9.94 0.00134228 0.00227897 0.00270805
9.95 0.00123636 0.00211077 0.0025149
9.96 0.00112312 0.00192903 0.00230451
9.97 0.0010013 0.00173161 0.00207438
9.98 0.000869731 0.00151654 0.00182243
9.99 0.000727341 0.00128218 0.00154697
10 0.000573273 0.00102719 0.00124679
10.01 0.00040693 0.000750689 0.000921099
10.02 0.000228032 0.000452284 0.000569624
10.03 3.66549e-05 0.00013211 0.000192555
10.04 -0.00016675 -0.000209142 -0.000209414
10.05 -0.00038135 -0.000570221 -0.000635061
10.06 -0.000605955 -0.000949337 -0.00108261
10.07 -0.00083905 -0.0013442 -0.00154973
10.08 -0.00107885 -0.00175204 -0.00203347
10.09 -0.00132337 -0.00216972 -0.00253031
10.1 -0.00157045 -0.0025937 -0.00303616
10.11 -0.00181788 -0.00302018 -0.00354643
10.12 -0.00206336 -0.0034451 -0.00405607
10.13 -0.00230462 -0.0038642 -0.00455967
10.14 -0.00253936 -0.00427311 -0.00505163
10.15 -0.00276533 -0.00466738 -0.00552621
10.16 -0.00298025 -0.00504258 -0.00597774
10.17 -0.00318188 -0.00539432 -0.00640069
10.18 -0.00336796 -0.00571841 -0.00678983
10.19 -0.00353629 -0.00601084 -0.00714031
10.2 -0.00368471 -0.00626793 -0.00744777
10.21 -0.00381119 -0.00648635 -0.00770841
10.22 -0.00391389 -0.00666324 -0.00791902
10.23 -0.00399123 -0.00679622 -0.00807703
10.24 -0.00404196 -0.00688344 -0.0081805
10.25 -0.00406522 -0.00692366 -0.00822818
10.26 -0.0040606 -0.00691626 -0.00821945
10.27 -0.00402813 -0.00686126 -0.00815435
10.28 -0.00396832 -0.00675929 -0.00803358
10.29 -0.00388207 -0.00661166 -0.00785848
10.3 -0.00377066 -0.00642026 -0.00763103
10.31 -0.00363568 -0.00618755 -0.00735386
10.32 -0.00347897 -0.00591647 -0.00703022
10.33 -0.00330253 -0.00561043 -0.00666394
10.34 -0.00310848 -0.00527316 -0.00625941
10.35 -0.00289905 -0.00490868 -0.0058215
10.36 -0.00267649 -0.00452121 -0.00535547
10.37 -0.00244309 -0.00411509 -0.00486686
10.38 -0.00220115 -0.00369473 -0.00436139
10.39 -0.001953 -0.00326453 -0.00384477
10.4 -0.00170095 -0.00282884 -0.00332261
10.41 -0.00144729 -0.00239192 -0.00280026
10.42 -0.00119431 -0.00195782 -0.00228274
10.43 -0.000944196 -0.0015304 -0.00177459
10.44 -0.000699063 -0.0011132 -0.00127988
10.45 -0.000460865 -0.000709404 -0.000802094
10.46 -0.000231358 -0.000321786 -0.000344187
10.47 -1.20482e-05 4.73676e-05 9.14593e-05
10.48 0.000195862 0.000396284 0.000503009
10.49 0.000391511 0.000723727 0.000889158
10.5 0.000574401 0.001029 0.00124912
10.51 0.000744406 0.00131194 0.0015826
10.52 0.000901754 0.00157288 0.00188981
10.53 0.00104699 0.00181259 0.00217144
10.54 0.00118092 0.00203224 0.00242863
10.55 0.00130455 0.00223335 0.00266297
10.56 0.001419 0.00241769 0.00287648
10.57 0.00152543 0.00258725 0.00307151
10.58 0.00162503 0.00274415 0.00325069
10.59 0.0017189 0.00289062 0.0034169
10.6 0.00180808 0.00302886 0.00357308
10.61 0.00189353 0.00316106 0.0037222
10.62 0.00197613 0.00328928 0.00386711
10.63 0.00205669 0.00341543 0.00401044
10.64 0.00213595 0.00354118 0.00415449
10.65 0.00221459 0.00366797 0.00430114
10.66 0.00229322 0.0037969 0.00445181
10.67 0.00237237 0.00392875 0.00460737
10.68 0.0024524 0.00406393 0.00476813
10.69 0.0025335 0.00420245 0.00493385
10.7 0.00261563 0.00434392 0.00510377
10.71 0.0026985 0.00448751 0.00527659
10.72 0.00278149 0.00463201 0.00545058
10.73 0.0028637 0.00477573 0.00562359
10.74 0.00294393 0.00491664 0.00579314
10.75 0.00302072 0.00505233 0.00595642
10.76 0.00309241 0.00518006 0.00611038
10.77 0.00315717 0.00529688 0.00625174
10.78 0.00321313 0.00539967 0.00637703
10.79 0.00325836 0.0054852 0.00648266
10.8 0.00329101 0.0055503 0.00656495
10.81 0.00330936 0.00559185 0.00662018
10.82 0.00331183 0.00560692 0.00664471
10.83 0.00329701 0.00559283 0.00663502
10.84 0.00326374 0.00554717 0.00658789
10.85 0.00321106 0.00546788 0.00650041
10.86 0.00313821 0.00535329 0.00637017
10.87 0.00304468 0.00520213 0.00619534
10.88 0.00293014 0.00501356 0.00597471
10.89 0.00279448 0.00478722 0.0057078
10.9 0.0026378 0.00452326 0.00539488
10.91 0.00246041 0.00422233 0.00503692
10.92 0.00226288 0.00388564 0.00463565
10.93 0.00204604 0.00351492 0.00419348
10.94 0.00181102 0.00311247 0.00371342
10.95 0.00155926 0.0026811 0.00319904
10.96 0.00129254 0.00222411 0.00265444
10.97 0.00101294 0.00174523 0.00208408
10.98 0.000722869 0.00124858 0.00149283
10.99 0.000424962 0.000738598 0.000885824
11 0.000122052 0.000219935 0.000268428
11.01 -0.000182923 -0.00030259 -0.000353816
11.02 -0.000487 -0.000824096 -0.000975258
11.03 -0.000787273 -0.00133971 -0.00159021
11.04 -0.00108097 -0.00184467 -0.00219301
11.05 -0.00136549 -0.00233437 -0.00277811
11.06 -0.00163848 -0.00280447 -0.00334018
11.07 -0.0018978 -0.00325094 -0.00387417
11.08 -0.00214159 -0.00367014 -0.00437541
11.09 -0.00236819 -0.00405885 -0.00483976
11.1 -0.00257618 -0.0044143 -0.00526361
11.11 -0.00276437 -0.00473423 -0.00564403
11.12 -0.00293175 -0.00501688 -0.00597879
11.13 -0.00307755 -0.00526099 -0.00626642
11.14 -0.00320121 -0.00546584 -0.00650617
11.15 -0.00330243 -0.00563122 -0.00669804
11.16 -0.00338118 -0.00575742 -0.00684274
11.17 -0.00343771 -0.00584524 -0.00694158
11.18 -0.0034726 -0.00589598 -0.00699645
11.19 -0.0034867 -0.00591137 -0.00700969
11.2 -0.00348118 -0.00589358 -0.00698404
11.21 -0.00345747 -0.00584514 -0.00692258
11.22 -0.00341722 -0.00576891 -0.00682859
11.23 -0.00336226 -0.00566796 -0.00670555
11.24 -0.00329452 -0.00554551 -0.00655708
11.25 -0.00321595 -0.00540484 -0.00638686
11.26 -0.00312851 -0.00524922 -0.00619861
11.27 -0.00303402 -0.00508178 -0.00599601
11.28 -0.00293417 -0.00490551 -0.00578265
11.29 -0.00283048 -0.00472311 -0.00556196
11.3 -0.00272423 -0.00453706 -0.00533713
11.31 -0.00261649 -0.00434947 -0.00511102
11.32 -0.0025081 -0.00416213 -0.0048861
11.33 -0.00239972 -0.00397648 -0.00466435
11.34 -0.0022918 -0.00379357 -0.00444724
11.35 -0.00218466 -0.0036141 -0.00423568
11.36 -0.00207846 -0.00343836 -0.00402999
11.37 -0.00197324 -0.0032663 -0.00382995
11.38 -0.00186892 -0.00309749 -0.0036348
11.39 -0.00176527 -0.00293114 -0.0034433
11.4 -0.00166191 -0.00276617 -0.00325383
11.41 -0.00155829 -0.00260118 -0.00306443
11.42 -0.00145369 -0.00243457 -0.00287292
11.43 -0.00134725 -0.00226452 -0.00267696
11.44 -0.0012379 -0.00208911 -0.00247417
11.45 -0.00112451 -0.00190632 -0.00226215
11.46 -0.00100587 -0.00171415 -0.00203859
11.47 -0.000880757 -0.00151067 -0.00180134
11.48 -0.000748053 -0.00129408 -0.0015484
11.49 -0.000606767 -0.00106279 -0.00127803
11.5 -0.00045612 -0.000815469 -0.000988755
11.51 -0.000295585 -0.000551134 -0.000679431
11.52 -0.00012492 -0.000269177 -0.000349265
11.53 5.58197e-05 3.0587e-05 2.12759e-06
11.54 0.000246289 0.000347891 0.000374674
11.55 0.000445869 0.000682007 0.000767804
11.56 0.000653699 0.00103175 0.00118041
11.57 0.0008687 0.00139547 0.0016108
11.58 0.00108961 0.00177112 0.0020567
11.59 0.00131501 0.00215626 0.00251528
11.6 0.00154334 0.00254809 0.00298311
11.61 0.00177292 0.00294348 0.00345629
11.62 0.00200193 0.00333907 0.00393048
11.63 0.00222848 0.00373122 0.00440101
11.64 0.00245053 0.00411612 0.00486298
11.65 0.00266597 0.00448983 0.00531137
11.66 0.0028726 0.00484831 0.00574114
11.67 0.00306816 0.00518749 0.00614736
11.68 0.00325038 0.00550338 0.00652527
11.69 0.003417 0.00579211 0.00687038
11.7 0.00356584 0.00605 0.00717852
11.71 0.00369487 0.0062737 0.00744587
11.72 0.00380225 0.0064602 0.00766906
11.73 0.00388641 0.00660692 0.00784514
11.74 0.00394611 0.00671179 0.00797169
11.75 0.00398043 0.00677325 0.00804678
11.76 0.00398885 0.00679029 0.00806908
11.77 0.00397123 0.00676246 0.00803786
11.78 0.00392779 0.0066899 0.00795301
11.79 0.00385909 0.00657327 0.00781511
11.8 0.00376597 0.0064138 0.00762541
11.81 0.00364955 0.0062132 0.00738585
11.82 0.00351114 0.00597368 0.00709901
11.83 0.00335222 0.00569789 0.00676811
11.84 0.00317443 0.00538887 0.00639694
11.85 0.00297955 0.00505 0.00598975
11.86 0.00276948 0.00468494 0.00555122
11.87 0.00254624 0.00429759 0.00508628
11.88 0.00231197 0.00389201 0.00460008
11.89 0.00206893 0.00347237 0.00409781
11.9 0.00181945 0.00304286 0.00358464
11.91 0.00156595 0.00260766 0.00306562
11.92 0.00131083 0.00217085 0.00254557
11.93 0.00105645 0.00173635 0.00202903
11.94 0.00080506 0.00130786 0.00152023
11.95 0.000558755 0.000888775 0.001023
11.96 0.000319393 0.000482155 0.00054079
11.97 8.85665e-05 9.06544e-05 7.66033e-05
11.98 -0.000132432 -0.000283513 -0.000366987
11.99 -0.000342624 -0.000638606 -0.000787875
12 -0.000541346 -0.000973365 -0.00118443
12.01 -0.00072823 -0.00128701 -0.00155554
12.02 -0.000903175 -0.00157922 -0.00190058
12.03 -0.00106632 -0.00185011 -0.00221946
12.04 -0.00121798 -0.00210018 -0.00251262
12.05 -0.00135865 -0.00233027 -0.00278101
12.06 -0.00148893 -0.00254152 -0.00302601
12.07 -0.0016095 -0.00273532 -0.00324945
12.08 -0.00172113 -0.00291324 -0.00345349
12.09 -0.00182461 -0.00307703 -0.00364052
12.1 -0.00192079 -0.00322851 -0.00381311
12.11 -0.00201054 -0.00336958 -0.00397383
12.12 -0.00209477 -0.00350215 -0.00412524
12.13 -0.00217439 -0.00362806 -0.0042697
12.14 -0.00225031 -0.00374908 -0.00440939
12.15 -0.0023234 -0.00386679 -0.00454614
12.16 -0.00239449 -0.00398256 -0.00468149
12.17 -0.0024643 -0.0040975 -0.00481656
12.18 -0.00253338 -0.00421238 -0.00495211
12.19 -0.0026021 -0.00432764 -0.00508848
12.2 -0.00267059 -0.00444334 -0.00522562
12.21 -0.00273872 -0.00455915 -0.00536307
12.22 -0.00280607 -0.00467434 -0.00549999
12.23 -0.00287196 -0.00478782 -0.00563515
12.24 -0.00293545 -0.00489812 -0.00576696
12.25 -0.00299539 -0.00500347 -0.00589344
12.26 -0.00305047 -0.0051018 -0.00601231
12.27 -0.00309927 -0.00519081 -0.00612096
12.28 -0.00314032 -0.00526801 -0.00621649
12.29 -0.00317215 -0.0053308 -0.00629581
12.3 -0.00319332 -0.00537652 -0.00635566
12.31 -0.00320246 -0.0054025 -0.00639267
12.32 -0.00319828 -0.00540617 -0.00640352
12.33 -0.00317958 -0.00538504 -0.00638496
12.34 -0.00314524 -0.00533685 -0.00633395
12.35 -0.00309428 -0.00525954 -0.00624775
12.36 -0.00302579 -0.00515133 -0.00612403
12.37 -0.00293901 -0.00501077 -0.00596091
12.38 -0.00283333 -0.00483677 -0.00575706
12.39 -0.00270831 -0.00462865 -0.00551172
12.4 -0.00256373 -0.00438613 -0.00522474
12.41 -0.00239963 -0.00410942 -0.00489658
12.42 -0.00221631 -0.00379922 -0.0045283
12.43 -0.00201439 -0.00345673 -0.00412152
12.44 -0.00179483 -0.00308366 -0.00367842
12.45 -0.00155888 -0.00268223 -0.00320169
12.46 -0.00130812 -0.00225513 -0.00269449
12.47 -0.00104444 -0.0018055 -0.00216042
12.48 -0.000769928 -0.00133688 -0.00160352
12.49 -0.000486917 -0.000853112 -0.00102818
12.5 -0.000197863 -0.000358318 -0.000439132
12.51 9.46898e-05 0.000143203 0.000158611
12.52 0.000388169 0.000647038 0.000759806
12.53 0.000680025 0.00114873 0.00135907
12.54 0.000967774 0.00164385 0.00195094
12.55 0.00124903 0.00212806 0.00253
12.56 0.00152153 0.00259716 0.00309098
12.57 0.00178315 0.00304716 0.00362882
12.58 0.00203188 0.00347431 0.00413884
12.59 0.00226589 0.00387519 0.00461675
12.6 0.00248349 0.00424672 0.00505879
12.61 0.00268315 0.00458622 0.00546177
12.62 0.00286351 0.00489145 0.0058231
12.63 0.00302347 0.00516063 0.00614081
12.64 0.00316211 0.00539248 0.00641357
12.65 0.00327883 0.00558623 0.00664067
12.66 0.00337331 0.00574161 0.00682198
12.67 0.00344556 0.00585885 0.00695797
12.68 0.00349593 0.00593868 0.0070496
12.69 0.00352507 0.00598229 0.00709832
12.7 0.00353394 0.00599128 0.00710602
12.71 0.00352376 0.00596766 0.007075
12.72 0.00349593 0.00591374 0.00700788
12.73 0.00345201 0.00583211 0.00690763
12.74 0.00339365 0.00572554 0.00677745
12.75 0.00332252 0.00559694 0.00662073
12.76 0.00324028 0.00544929 0.00644104
12.77 0.00314851 0.00528552 0.00624199
12.78 0.00304875 0.00510852 0.00602719
12.79 0.00294242 0.00492103 0.00580015
12.8 0.00283082 0.00472561 0.00556422
12.81 0.00271518 0.00452462 0.00532248
12.82 0.00259659 0.00432015 0.00507766
12.83 0.00247603 0.00411404 0.00483208
12.84 0.00235437 0.00390779 0.00458762
12.85 0.00223234 0.00370263 0.00434566
12.86 0.00211054 0.00349944 0.00410709
12.87 0.00198938 0.00329874 0.00387233
12.88 0.00186913 0.00310074 0.00364135
12.89 0.00174985 0.00290526 0.00341369
12.9 0.00163137 0.00271183 0.00318856
12.91 0.00151337 0.00251962 0.00296485
12.92 0.00139529 0.00232757 0.0027412
12.93 0.00127643 0.00213435 0.00251607
12.94 0.00115591 0.00193847 0.00228776
12.95 0.0010328 0.00173831 0.00205447
12.96 0.000906102 0.00153224 0.00181435
12.97 0.000774826 0.00131859 0.00156553
12.98 0.000638061 0.00109581 0.0013062
12.99 0.000495013 0.000862488 0.00103462
13 0.000345045 0.000617385 0.000749224
13.01 0.000187709 0.000359516 0.000448665
13.02 2.27607e-05 8.81768e-05 0.000131874
13.03 -0.000149838 -0.000197026 -0.000201861
13.04 -0.000329928 -0.000496141 -0.000552839
13.05 -0.000517159 -0.00080886 -0.000920895
13.06 -0.000711015 -0.0011345 -0.00130536
13.07 -0.000910817 -0.00147198 -0.00170503
13.08 -0.00111573 -0.00181988 -0.00211817
13.09 -0.00132478 -0.00217637 -0.00254254
13.1 -0.00153682 -0.00253929 -0.00297537
13.11 -0.00175055 -0.00290612 -0.00341349
13.12 -0.0019645 -0.00327408 -0.00385332
13.13 -0.00217701 -0.00364007 -0.00429098
13.14 -0.00238628 -0.0040008 -0.00472236
13.15 -0.00259034 -0.00435278 -0.00514319
13.16 -0.0027871 -0.00469238 -0.00554911
13.17 -0.00297442 -0.00501593 -0.00593576
13.18 -0.00315011 -0.00531975 -0.00629886
13.19 -0.00331201 -0.0056002 -0.00663421
13.2 -0.00345808 -0.00585382 -0.00693781
13.21 -0.0035864 -0.00607736 -0.00720588
13.22 -0.00369526 -0.00626782 -0.00743493
13.23 -0.00378317 -0.00642258 -0.00762179
13.24 -0.00384893 -0.0065394 -0.0077637
13.25 -0.00389159 -0.0066165 -0.00785834
13.26 -0.00391053 -0.00665253 -0.00790391
13.27 -0.00390537 -0.00664666 -0.00789915
13.28 -0.00387602 -0.00659854 -0.00784344
13.29 -0.00382266 -0.00650832 -0.00773679
13.3 -0.00374568 -0.00637662 -0.00757988
13.31 -0.00364574 -0.00620456 -0.00737404
13.32 -0.00352369 -0.00599369 -0.00712125
13.33 -0.0033806 -0.00574602 -0.00682409
13.34 -0.00321773 -0.00546397 -0.00648566
13.35 -0.00303656 -0.00515033 -0.00610956
13.36 -0.00283876 -0.00480825 -0.00569976
13.37 -0.00262618 -0.00444116 -0.00526054
13.38 -0.00240084 -0.00405274 -0.00479639
13.39 -0.00216492 -0.00364684 -0.00431194
13.4 -0.00192069 -0.00322743 -0.0038119
13.41 -0.00167053 -0.00279852 -0.00330095
13.42 -0.00141679 -0.00236407 -0.00278372
13.43 -0.00116179 -0.00192798 -0.00226472
13.44 -0.000907763 -0.00149394 -0.00174826
13.45 -0.000656773 -0.00106545 -0.00123845
13.46 -0.000410688 -0.000645709 -0.000739099
13.47 -0.000171148 -0.000237608 -0.000253699
13.48 6.04569e-05 0.000156331 0.000214633
13.49 0.000282988 0.000533966 0.000663203
13.5 0.000495549 0.000893562 0.00108977
13.51 0.000697471 0.00123379 0.00149261
13.52 0.000888286 0.00155374 0.00187048
13.53 0.00106771 0.00185288 0.0022227
13.54 0.00123563 0.00213108 0.0025491
13.55 0.00139208 0.00238854 0.00285001
13.56 0.00153721 0.00262581 0.00312622
13.57 0.00167135 0.00284372 0.00337894
13.58 0.00179494 0.00304334 0.00360972
13.59 0.00190854 0.00322598 0.00382037
13.6 0.00201286 0.0033931 0.00401288
13.61 0.00210869 0.0035463 0.00418935
13.62 0.00219693 0.00368727 0.00435191
13.63 0.00227851 0.0038177 0.00450261
13.64 0.00235442 0.00393928 0.00464342
13.65 0.00242557 0.00405361 0.00477614
13.66 0.00249286 0.00416212 0.00490236
13.67 0.00255703 0.00426608 0.00502346
13.68 0.00261868 0.0043665 0.00514055
13.69 0.00267825 0.0044641 0.00525444
13.7 0.00273593 0.00455928 0.00536565
13.71 0.00279173 0.00465212 0.00547437
13.72 0.00284541 0.00474236 0.00558043
13.73 0.00289655 0.00482941 0.00568331
13.74 0.00294454 0.00491235 0.00578209
13.75 0.0029886 0.00498998 0.00587549
13.76 0.00302785 0.00506085 0.00596185
13.77 0.00306129 0.00512326 0.00603914
13.78 0.00308789 0.00517533 0.00610505
13.79 0.00310656 0.00521504 0.00615701
13.8 0.00311619 0.00524024 0.00619225
13.81 0.00311568 0.00524872 0.0062079
13.82 0.00310393 0.00523826 0.00620109
13.83 0.00307983 0.00520668 0.00616897
13.84 0.00304233 0.00515187 0.00610886
13.85 0.0029904 0.00507186 0.00601831
13.86 0.00292306 0.00496489 0.00589517
13.87 0.00283945 0.00482943 0.00573763
13.88 0.00273882 0.00466425 0.00554429
13.89 0.0026206 0.00446845 0.00531419
13.9 0.00248444 0.00424153 0.00504682
13.91 0.00233024 0.0039834 0.00474217
13.92 0.00215816 0.00369438 0.0044007
13.93 0.00196868 0.00337527 0.00402338
13.94 0.00176257 0.00302733 0.00361167
13.95 0.00154091 0.00265226 0.00316751
13.96 0.00130504 0.00225221 0.00269334
13.97 0.00105652 0.00182974 0.00219206
13.98 0.000797153 0.00138779 0.00166703
13.99 0.000528866 0.00092962 0.00112203
14 0.000253725 0.000458776 0.000561237
14.01 -2.61243e-05 -2.09713e-05 -1.08435e-05
14.02 -0.000308479 -0.00050569 -0.000589427
14.03 -0.000591109 -0.000991341 -0.00116954
14.04 -0.000871777 -0.00147384 -0.00174608
14.05 -0.00114825 -0.00194909 -0.00231396
14.06 -0.00141834 -0.00241309 -0.00286814
14.07 -0.00167987 -0.00286192 -0.00340378
14.08 -0.00193077 -0.00329185 -0.00391629
14.09 -0.00216902 -0.00369935 -0.00440142
14.1 -0.00239276 -0.00408118 -0.00485533
14.11 -0.00260024 -0.00443441 -0.00527463
14.12 -0.00278992 -0.00475648 -0.00565641
14.13 -0.00296048 -0.00504526 -0.00599828
14.14 -0.00311085 -0.00529904 -0.00629837
14.15 -0.00324025 -0.00551659 -0.00655531
14.16 -0.00334819 -0.00569717 -0.00676828
14.17 -0.00343449 -0.00584052 -0.00693696
14.18 -0.00349926 -0.00594685 -0.00706156
14.19 -0.00354293 -0.00601682 -0.00714275
14.2 -0.00356617 -0.0060515 -0.00718173
14.21 -0.00356985 -0.00605236 -0.00718011
14.22 -0.00355507 -0.00602118 -0.00713996
14.23 -0.00352303 -0.00596004 -0.00706373
14.24 -0.00347504 -0.00587125 -0.00695421
14.25 -0.00341247 -0.0057573 -0.00681447
14.26 -0.00333673 -0.00562082 -0.00664779
14.27 -0.00324922 -0.00546448 -0.00645757
14.28 -0.00315137 -0.00529102 -0.00624726
14.29 -0.00304456 -0.00510311 -0.00602027
14.3 -0.00293017 -0.00490337 -0.0057799
14.31 -0.00280954 -0.00469428 -0.00552924
14.32 -0.00268397 -0.00447816 -0.00527114
14.33 -0.00255466 -0.00425712 -0.00500812
14.34 -0.00242277 -0.00403303 -0.00474236
14.35 -0.00228928 -0.0038075 -0.00447566
14.36 -0.00215506 -0.00358182 -0.00420943
14.37 -0.00202079 -0.00335701 -0.0039447
14.38 -0.00188695 -0.00313373 -0.00368213
14.39 -0.00175379 -0.00291232 -0.00342202
14.4 -0.00162139 -0.00269282 -0.00316432
14.41 -0.00148958 -0.00247495 -0.00290871
14.42 -0.00135804 -0.00225814 -0.00265456
14.43 -0.00122629 -0.0020416 -0.002401
14.44 -0.00109372 -0.00182433 -0.00214692
14.45 -0.000959679 -0.00160519 -0.00189105
14.46 -0.000823459 -0.00138291 -0.00163194
14.47 -0.000684367 -0.00115623 -0.00136807
14.48 -0.000541752 -0.000923882 -0.00109784
14.49 -0.00039503 -0.000684653 -0.00081968
14.5 -0.000243706 -0.00043746 -0.000532095
14.51 -8.73926e-05 -0.000181367 -0.00023374
14.52 7.4188e-05 8.43665e-05 7.65057e-05
14.53 0.000241193 0.000360261 0.000399472
14.54 0.000413655 0.000646582 0.000735638
14.55 0.000591482 0.000943317 0.00108508
14.56 0.000774447 0.00125016 0.00144746
14.57 0.00096218 0.00156646 0.00182195
14.58 0.00115416 0.00189128 0.00220732
14.59 0.00134969 0.0022233 0.00260185
14.6 0.00154792 0.00256087 0.00300345
14.61 0.00174777 0.00290203 0.00340961
14.62 0.00194801 0.00324448 0.00381752
14.63 0.00214718 0.00358565 0.00422403
14.64 0.00234369 0.00392272 0.00462579
14.65 0.00253577 0.00425266 0.00501921
14.66 0.00272154 0.00457229 0.00540057
14.67 0.00289905 0.00487833 0.00576606
14.68 0.00306635 0.00516748 0.00611179
14.69 0.00322151 0.00543644 0.0064339
14.7 0.00336266 0.00568202 0.00672859
14.71 0.00348808 0.00590116 0.00699218
14.72 0.00359619 0.006091 0.00722117
14.73 0.00368559 0.00624895 0.00741234
14.74 0.00375509 0.00637272 0.00756278
14.75 0.00380368 0.00646034 0.00766999
14.76 0.00383059 0.00651025 0.0077319
14.77 0.00383523 0.00652128 0.00774698
14.78 0.00381723 0.0064927 0.00771424
14.79 0.00377643 0.00642419 0.00763329
14.8 0.00371289 0.00631591 0.00750431
14.81 0.00362689 0.00616845 0.00732812
14.82 0.00351895 0.00598285 0.00710609
14.83 0.00338982 0.00576058 0.00684014
14.84 0.00324051 0.00550353 0.00653271
14.85 0.00307227 0.00521399 0.00618667
14.86 0.00288655 0.00489462 0.00580529
14.87 0.00268507 0.00454839 0.0053922
14.88 0.00246969 0.00417857 0.00495125
14.89 0.00224245 0.00378864 0.00448656
14.9 0.00200548 0.00338223 0.00400237
14.91 0.00176098 0.00296309 0.00350306
14.92 0.00151115 0.00253499 0.00299302
14.93 0.00125817 0.00210166 0.00247668
14.94 0.00100415 0.00166674 0.00195837
14.95 0.000751067 0.00123371 0.0014423
14.96 0.000500761 0.000805862 0.000932508
14.97 0.000254916 0.000386223 0.000432752
14.98 1.50406e-05 -2.24466e-05 -5.351e-05
14.99 -0.000217534 -0.000417698 -0.000523202
15 -0.000441652 -0.000797411 -0.000973671
15.01 -0.000656332 -0.00115981 -0.00140273
15.02 -0.00086076 -0.00150347 -0.00180866
15.03 -0.00105429 -0.00182734 -0.00219026
15.04 -0.00123644 -0.00213071 -0.00254681
15.05 -0.0014069 -0.00241325 -0.00287804
15.06 -0.00156553 -0.00267495 -0.00318414
15.07 -0.00171237 -0.00291613 -0.00346566
15.08 -0.00184764 -0.0031374 -0.00372351
15.09 -0.00197172 -0.00333963 -0.00395885
15.1 -0.00208516 -0.00352393 -0.0041731
15.11 -0.00218865 -0.00369156 -0.00436781
15.12 -0.00228298 -0.00384393 -0.00454466
15.13 -0.002369 -0.00398253 -0.00470538
15.14 -0.00244762 -0.00410886 -0.00485173
15.15 -0.00251969 -0.0042244 -0.00498542
15.16 -0.00258604 -0.00433057 -0.00510808
15.17 -0.00264738 -0.00442864 -0.00522122
15.18 -0.0027043 -0.00451972 -0.00532621
15.19 -0.00275724 -0.00460471 -0.00542419
15.2 -0.00280649 -0.00468427 -0.00551608
15.21 -0.00285218 -0.00475881 -0.0056025
15.22 -0.0028943 -0.00482847 -0.00568376
15.23 -0.00293268 -0.00489309 -0.00575983
15.24 -0.00296703 -0.00495226 -0.00583033
15.25 -0.00299695 -0.00500532 -0.00589451
15.26 -0.00302193 -0.00505133 -0.00595124
15.27 -0.00304136 -0.00508916 -0.00599908
15.28 -0.00305456 -0.00511745 -0.0060363
15.29 -0.00306075 -0.00513469 -0.00606089
15.3 -0.0030591 -0.0051392 -0.00607066
15.31 -0.00304869 -0.00512921 -0.00606332
15.32 -0.00302856 -0.00510287 -0.0060365
15.33 -0.00299771 -0.0050583 -0.00598785
15.34 -0.00295515 -0.00499365 -0.0059151
15.35 -0.00289987 -0.00490714 -0.00581612
15.36 -0.00283093 -0.0047971 -0.00568897
15.37 -0.00274747 -0.00466206 -0.00553196
15.38 -0.00264876 -0.00450076 -0.00534365
15.39 -0.00253423 -0.00431223 -0.00512295
15.4 -0.00240349 -0.00409583 -0.00486911
15.41 -0.00225641 -0.00385125 -0.00458173
15.42 -0.00209307 -0.00357857 -0.00426084
15.43 -0.00191382 -0.00327827 -0.00390692
15.44 -0.00171926 -0.00295123 -0.00352087
15.45 -0.00151022 -0.00259871 -0.00310407
15.46 -0.00128775 -0.00222239 -0.00265839
15.47 -0.00105312 -0.0018243 -0.00218618
15.48 -0.000807747 -0.00140685 -0.00169022
15.49 -0.00055321 -0.000972728 -0.00117377
15.5 -0.000291216 -0.000524959 -0.000640465
15.51 -2.35791e-05 -6.67925e-05 -9.42901e-05
15.52 0.000247794 0.000398306 0.00046048
15.53 0.000520916 0.000866709 0.00101936
15.54 0.000793733 0.00133468 0.00157772
15.55 0.00106414 0.00179841 0.00213089
15.56 0.00133001 0.00225409 0.00267421
15.57 0.00158919 0.00269795 0.00320312
15.58 0.00183957 0.00312634 0.00371323
15.59 0.00207911 0.00353574 0.0042004
15.6 0.00230584 0.00392286 0.00466075
15.61 0.00251797 0.00428465 0.00509075
15.62 0.00271386 0.0046184 0.00548724
15.63 0.00289212 0.00492172 0.00584746
15.64 0.00305157 0.00519262 0.00616908
15.65 0.00319132 0.00542955 0.00645022
15.66 0.00331072 0.00563134 0.00668949
15.67 0.0034094 0.00579731 0.00688597
15.68 0.00348727 0.00592719 0.00703924
15.69 0.00354445 0.00602114 0.00714938
15.7 0.00358129 0.00607972 0.007217
15.71 0.00359835 0.00610388 0.00724315
15.72 0.00359633 0.00609489 0.00722938
15.73 0.00357612 0.00605435 0.00717763
15.74 0.0035387 0.0059841 0.00709025
15.75 0.00348517 0.00588624 0.00696988
15.76 0.00341674 0.00576305 0.00681941
15.77 0.00333468 0.00561692 0.0066419
15.78 0.00324033 0.00545037 0.00644052
15.79 0.00313507 0.00526597 0.00621845
15.8 0.00302031 0.00506627 0.00597882
15.81 0.00289748 0.00485379 0.00572465
15.82 0.00276797 0.00463095 0.00545881
15.83 0.00263312 0.00440004 0.00518396
15.84 0.00249419 0.00416314 0.0049025
15.85 0.00235233 0.00392213 0.00461658
15.86 0.00220853 0.00367865 0.00432808
15.87 0.00206362 0.00343404 0.00403853
15.88 0.00191824 0.00318936 0.0037492
15.89 0.00177284 0.00294539 0.00346101
15.9 0.00162769 0.0027026 0.00317459
15.91 0.00148286 0.00246119 0.00289022
15.92 0.00133831 0.0022211 0.00260791
15.93 0.00119383 0.00198204 0.00232736
15.94 0.00104913 0.0017435 0.00204798
15.95 0.000903857 0.0015048 0.00176898
15.96 0.00075761 0.00126515 0.00148934
15.97 0.000609968 0.00102364 0.00120789
15.98 0.000460512 0.000779336 0.000923373
15.99 0.000308835 0.00053129 0.000634475
16 0.000154552 0.000278589 0.000339927
16.01 -2.68384e-06 2.03966e-05 3.85503e-05
16.02 -0.000163175 -0.00024401 -0.000270673
16.03 -0.000327167 -0.000515205 -0.000588546
16.04 -0.000494829 -0.000793579 -0.000915599
16.05 -0.000666237 -0.00107931 -0.00125206
16.06 -0.000841356 -0.00137233 -0.00159781
16.07 -0.00102001 -0.00167231 -0.0019524
16.08 -0.00120188 -0.00197864 -0.00231498
16.09 -0.00138645 -0.00229038 -0.00268437
16.1 -0.00157303 -0.00260632 -0.00305905
16.11 -0.00176076 -0.00292493 -0.00343714
16.12 -0.00194857 -0.00324436 -0.00381646
16.13 -0.00213521 -0.00356253 -0.00419454
16.14 -0.0023193 -0.00387707 -0.00456866
16.15 -0.00249933 -0.00418543 -0.00493582
16.16 -0.00267367 -0.00448488 -0.00529288
16.17 -0.00284067 -0.00477258 -0.00563647
16.18 -0.00299864 -0.0050456 -0.00596315
16.19 -0.0031459 -0.00530103 -0.0062694
16.2 -0.00328083 -0.00553596 -0.00655168
16.21 -0.00340188 -0.00574758 -0.00680651
16.22 -0.00350759 -0.00593321 -0.00703055
16.23 -0.00359663 -0.00609035 -0.00722065
16.24 -0.00366779 -0.00621671 -0.00737393
16.25 -0.00371999 -0.00631028 -0.00748784
16.26 -0.00375232 -0.00636933 -0.00756025
16.27 -0.00376401 -0.00639247 -0.00758943
16.28 -0.0037545 -0.00637867 -0.00757416
16.29 -0.00372338 -0.00632728 -0.00751372
16.3 -0.00367049 -0.00623808 -0.0074079
16.31 -0.00359588 -0.00611125 -0.00725701
16.32 -0.00349982 -0.0059474 -0.00706188
16.33 -0.00338287 -0.00574755 -0.00682383
16.34 -0.00324582 -0.00551316 -0.00654463
16.35 -0.0030897 -0.00524605 -0.00622652
16.36 -0.0029158 -0.00494844 -0.00587212
16.37 -0.00272562 -0.00462286 -0.00548442
16.38 -0.00252081 -0.00427215 -0.00506675
16.39 -0.00230319 -0.00389936 -0.00462271
16.4 -0.00207469 -0.00350779 -0.00415616
16.41 -0.00183727 -0.00310084 -0.00367113
16.42 -0.00159296 -0.002682 -0.00317179
16.43 -0.00134374 -0.00225479 -0.00266237
16.44 -0.00109158 -0.00182272 -0.00214713
16.45 -0.00083837 -0.00138919 -0.00163027
16.46 -0.000585943 -0.000957514 -0.00111584
16.47 -0.000336025 -0.000530804 -0.000607719
16.48 -9.02367e-05 -0.000111983 -0.000109515
16.49 0.000149914 0.000296265 0.000375477
16.5 0.00038305 0.000691524 0.000844326
16.51 0.000607928 0.00107167 0.0012945
16.52 0.000823463 0.00143489 0.00172389
16.53 0.00102873 0.0017797 0.00213082
16.54 0.00122298 0.00210495 0.00251405
16.55 0.00140566 0.00240983 0.00287275
16.56 0.00157641 0.00269386 0.00320649
16.57 0.00173505 0.00295692 0.0035152
16.58 0.00188163 0.00319916 0.00379917
16.59 0.00201634 0.00342104 0.00405895
16.6 0.00213956 0.00362326 0.0042954
16.61 0.00225181 0.00380674 0.00450957
16.62 0.00235369 0.00397256 0.00470273
16.63 0.0024459 0.00412192 0.00487627
16.64 0.00252917 0.00425611 0.0050317
16.65 0.00260421 0.00437641 0.0051706
16.66 0.00267173 0.00448413 0.00529456
16.67 0.00273237 0.00458048 0.00540511
16.68 0.00278668 0.0046666 0.00550373
16.69 0.00283515 0.00474347 0.00559174
16.7 0.00287815 0.00481194 0.00567026
16.71 0.00291596 0.00487264 0.0057402
16.72 0.00294878 0.00492604 0.00580219
16.73 0.00297667 0.00497235 0.00585656
16.74 0.00299964 0.00501158 0.00590333
16.75 0.00301756 0.0050435 0.00594219
16.76 0.00303023 0.00506766 0.00597253
16.77 0.00303734 0.00508337 0.00599344
16.78 0.00303845 0.00508975 0.00600375
16.79 0.00303304 0.00508574 0.00600204
16.8 0.00302047 0.00507009 0.00598673
16.81 0.00300001 0.00504143 0.00595609
16.82 0.00297086 0.00499828 0.00590829
16.83 0.00293216 0.00493911 0.00584148
16.84 0.00288301 0.00486235 0.0057538
16.85 0.00282253 0.00476646 0.00564345
16.86 0.00274989 0.00465 0.00550871
16.87 0.00266433 0.00451161 0.00534803
16.88 0.00256519 0.00435013 0.00516
16.89 0.00245198 0.00416461 0.00494348
16.9 0.00232433 0.00395433 0.00469756
16.91 0.0021821 0.00371888 0.00442164
16.92 0.00202531 0.00345816 0.00411547
16.93 0.00185418 0.00317238 0.00377919
16.94 0.00166911 0.00286211 0.00341333
16.95 0.00147072 0.00252827 0.00301888
16.96 0.00125979 0.0021721 0.00259725
16.97 0.00103726 0.00179521 0.00215034
16.98 0.00080426 0.00139952 0.00168044
16.99 0.000562048 0.000987277 0.0011903
17 0.000312043 0.000560996 0.000683025
17.01 5.57982e-05 0.000123478 0.000162074
17.02 -0.000205004 -0.000322248 -0.000368821
17.03 -0.000468564 -0.000772955 -0.000905703
17.04 -0.000732982 -0.00122526 -0.00144445
17.05 -0.000996278 -0.00167566 -0.00198085
17.06 -0.00125641 -0.00212061 -0.00251064
17.07 -0.00151133 -0.00255655 -0.00302959
17.08 -0.00175897 -0.00297995 -0.00353354
17.09 -0.00199734 -0.00338741 -0.00401848
17.1 -0.00222452 -0.00377567 -0.00448056
17.11 -0.00243873 -0.00414167 -0.00491618
17.12 -0.00263835 -0.00448263 -0.00532201
17.13 -0.00282193 -0.00479602 -0.00569502
17.14 -0.00298824 -0.00507968 -0.00603257
17.15 -0.00313626 -0.00533176 -0.00633241
17.16 -0.00326522 -0.00555081 -0.00659271
17.17 -0.00337455 -0.00573576 -0.0068121
17.18 -0.00346388 -0.00588594 -0.00698972
17.19 -0.00353309 -0.00600105 -0.00712515
17.2 -0.00358221 -0.00608119 -0.0072185
17.21 -0.00361149 -0.00612683 -0.00727035
17.22 -0.00362134 -0.00613877 -0.00728173
17.23 -0.00361233 -0.00611816 -0.00725411
17.24 -0.00358521 -0.00606642 -0.00718931
17.25 -0.00354085 -0.00598527 -0.00708951
17.26 -0.00348028 -0.00587663 -0.00695716
17.27 -0.00340466 -0.00574262 -0.00679488
17.28 -0.00331524 -0.00558552 -0.00660549
17.29 -0.00321335 -0.00540771 -0.00639188
17.3 -0.0031004 -0.00521162 -0.00615696
17.31 -0.00297779 -0.00499972 -0.00590363
17.32 -0.00284695 -0.00477441 -0.00563473
17.33 -0.00270922 -0.00453804 -0.005353
17.34 -0.00256592 -0.00429281 -0.00506101
17.35 -0.00241823 -0.00404077 -0.00476119
17.36 -0.00226723 -0.00378376 -0.00445573
17.37 -0.00211383 -0.00352341 -0.0041466
17.38 -0.00195882 -0.00326111 -0.0038355
17.39 -0.00180282 -0.00299799 -0.00352386
17.4 -0.00164633 -0.00273493 -0.00321281
17.41 -0.00148967 -0.00247255 -0.00290315
17.42 -0.00133306 -0.00221124 -0.0025954
17.43 -0.00117662 -0.00195118 -0.00228974
17.44 -0.00102035 -0.00169231 -0.00198611
17.45 -0.000864194 -0.00143441 -0.00168414
17.46 -0.000708008 -0.0011771 -0.00138327
17.47 -0.000551607 -0.000919868 -0.00108275
17.48 -0.000394758 -0.000662107 -0.000781709
17.49 -0.000237191 -0.000403146 -0.000479204
17.5 -7.86168e-05 -0.000142287 -0.000174271
17.51 8.12681e-05 0.000121156 0.000134011
17.52 0.000242759 0.000387821 0.000446473
17.53 0.000406127 0.000658259 0.000763806
17.54 0.000571591 0.000932898 0.00108653
17.55 0.000739299 0.00121201 0.00141493
17.56 0.000909297 0.00149566 0.00174909
17.57 0.00108151 0.00178373 0.0020888
17.58 0.00125571 0.00207582 0.00243359
17.59 0.00143152 0.00237131 0.00278269
17.6 0.00160839 0.0026693 0.00313505
17.61 0.0017856 0.00296861 0.00348932
17.62 0.00196229 0.00326781 0.00384385
17.63 0.00213742 0.00356524 0.0041967
17.64 0.00230984 0.00385898 0.00454569
17.65 0.00247831 0.00414691 0.00488834
17.66 0.0026415 0.00442677 0.00522196
17.67 0.00279802 0.00469612 0.00554367
17.68 0.00294645 0.00495246 0.00585043
17.69 0.00308536 0.00519322 0.00613909
17.7 0.00321335 0.00541582 0.00640646
17.71 0.00332902 0.0056177 0.00664937
17.72 0.00343101 0.00579638 0.00686473
17.73 0.00351805 0.0059495 0.00704958
17.74 0.00358893 0.00607484 0.00720118
17.75 0.00364251 0.00617039 0.00731707
17.76 0.00367781 0.00623436 0.00739508
17.77 0.00369397 0.00626524 0.00743342
17.78 0.00369027 0.00626182 0.00743069
17.79 0.00366619 0.00622323 0.00738591
17.8 0.00362144 0.00614897 0.00729852
17.81 0.00355589 0.0060389 0.00716843
17.82 0.00346971 0.0058933 0.00699598
17.83 0.00336326 0.00571281 0.00678196
17.84 0.00323716 0.0054985 0.00652761
17.85 0.00309225 0.00525178 0.00623458
17.86 0.0029296 0.00497445 0.00590496
17.87 0.00275047 0.00466861 0.0055412
17.88 0.00255628 0.00433669 0.00514614
17.89 0.00234858 0.00398134 0.00472293
17.9 0.00212905 0.00360547 0.00427503
17.91 0.00189943 0.00321212 0.00380612
17.92 0.00166153 0.00280449 0.00332008
17.93 0.00141718 0.00238585 0.0028209
17.94 0.00116823 0.00195953 0.00231264
17.95 0.000916494 0.0015288 0.00179936
17.96 0.000663796 0.00109693 0.00128503
17.97 0.000411896 0.000667063 0.000773487
17.98 0.000162502 0.000242205 0.000268388
17.99 -8.27588e-05 -0.000174809 -0.000226867
18 -0.000322355 -0.000581358 -0.000709167
18.01 -0.000554875 -0.000975066 -0.00117572
18.02 -0.000779051 -0.00135383 -0.00162407
18.03 -0.000993774 -0.00171583 -0.00205215
18.04 -0.00119811 -0.00205956 -0.00245824
18.05 -0.00139133 -0.00238384 -0.00284099
18.06 -0.00157288 -0.0026878 -0.00319942
18.07 -0.00174242 -0.00297089 -0.00353292
18.08 -0.00189979 -0.00323287 -0.00384118
18.09 -0.00204499 -0.00347379 -0.00412426
18.1 -0.0021782 -0.00369394 -0.00438249
18.11 -0.00229971 -0.00389386 -0.00461648
18.12 -0.00240992 -0.00407428 -0.00482709
18.13 -0.00250932 -0.00423609 -0.00501539
18.14 -0.00259842 -0.00438029 -0.00518262
18.15 -0.00267778 -0.00450797 -0.00533015
18.16 -0.00274798 -0.00462025 -0.00545942
18.17 -0.00280958 -0.00471824 -0.00557188
18.18 -0.0028631 -0.00480306 -0.00566899
18.19 -0.00290907 -0.00487572 -0.00575208
18.2 -0.00294794 -0.00493715 -0.00582238
18.21 -0.00298012 -0.00498818 -0.00588094
18.22 -0.00300595 -0.00502946 -0.00592858
18.23 -0.00302573 -0.0050615 -0.00596592
18.24 -0.00303963 -0.00508463 -0.0059933
18.25 -0.00304777 -0.00509896 -0.00601081
18.26 -0.00305013 -0.00510442 -0.00601828
18.27 -0.00304662 -0.00510073 -0.00601529
18.28 -0.00303699 -0.0050874 -0.00600121
18.29 -0.00302091 -0.00506377 -0.00597517
18.3 -0.00299793 -0.00502899 -0.00593615
18.31 -0.0029675 -0.00498208 -0.00588294
18.32 -0.002929 -0.00492192 -0.00581424
18.33 -0.00288174 -0.00484734 -0.00572864
18.34 -0.00282501 -0.00475709 -0.00562467
18.35 -0.00275811 -0.00464992 -0.00550087
18.36 -0.00268035 -0.00452462 -0.00535578
18.37 -0.00259112 -0.00438005 -0.005188
18.38 -0.00248989 -0.0042152 -0.00499625
18.39 -0.00237623 -0.00402918 -0.0047794
18.4 -0.00224983 -0.0038213 -0.00453654
18.41 -0.00211051 -0.0035911 -0.00426698
18.42 -0.00195824 -0.00333836 -0.00397034
18.43 -0.00179312 -0.0030631 -0.00364655
18.44 -0.00161542 -0.00276567 -0.00329594
18.45 -0.00142552 -0.00244667 -0.00291917
18.46 -0.001224 -0.00210704 -0.00251735
18.47 -0.00101156 -0.00174801 -0.00209194
18.48 -0.000789082 -0.00137112 -0.00164485
18.49 -0.000557595 -0.000978208 -0.00117833
18.5 -0.000318293 -0.000571398 -0.000694974
18.51 -7.25222e-05 -0.000153079 -0.000197724
18.52 0.000178221 0.000274112 0.00031022
18.53 0.000432308 0.000707328 0.000825419
18.54 0.000687995 0.00114354 0.00134424
18.55 0.000943448 0.00157958 0.00186293
18.56 0.00119677 0.00201219 0.0023776
18.57 0.00144603 0.00243806 0.00288436
18.58 0.00168932 0.00285388 0.00337929
18.59 0.00192474 0.00325641 0.00385853
18.6 0.00215047 0.00364249 0.00431835
18.61 0.00236481 0.00400914 0.00475513
18.62 0.00256617 0.00435355 0.00516547
18.63 0.00275308 0.00467314 0.00554624
18.64 0.00292427 0.0049656 0.00589459
18.65 0.00307863 0.00522893 0.00620804
18.66 0.00321521 0.00546142 0.00648446
18.67 0.00333326 0.00566171 0.0067222
18.68 0.0034322 0.00582877 0.00691999
18.69 0.00351165 0.00596196 0.00707705
18.7 0.00357141 0.00606095 0.00719307
18.71 0.00361146 0.00612581 0.00726815
18.72 0.00363197 0.00615693 0.00730288
18.73 0.00363329 0.00615505 0.00729821
18.74 0.00361595 0.0061212 0.00725548
18.75 0.00358067 0.00605673 0.00717637
18.76 0.00352831 0.00596323 0.00706285
18.77 0.00345988 0.00584252 0.00691714
18.78 0.00337653 0.00569662 0.00674166
18.79 0.00327948 0.00552767 0.00653897
18.8 0.00317006 0.00533795 0.00631177
18.81 0.00304961 0.00512976 0.00606279
18.82 0.00291947 0.00490545 0.0057948
18.83 0.00278097 0.00466731 0.00551055
18.84 0.00263539 0.00441759 0.00521272
18.85 0.00248394 0.00415841 0.00490388
18.86 0.00232773 0.00389177 0.00458647
18.87 0.00216777 0.00361949 0.00426271
18.88 0.00200498 0.00334321 0.00393465
18.89 0.00184014 0.00306437 0.00360406
18.9 0.00167396 0.00278418 0.00327244
18.91 0.00150699 0.00250366 0.00294103
18.92 0.00133973 0.00222358 0.00261075
18.93 0.00117253 0.00194451 0.00228225
18.94 0.00100568 0.00166684 0.0019559
18.95 0.000839354 0.00139072 0.00163181
18.96 0.000673638 0.00111618 0.00130988
18.97 0.000508537 0.00084305 0.000989796
18.98 0.000343975 0.000571058 0.000671128
18.99 0.000179811 0.000299823 0.000353324
19 1.58542e-05 2.88917e-05 3.57764e-05
19.01 -0.000148124 -0.000242225 -0.000282142
19.02 -0.000312364 -0.000514016 -0.000601036
19.03 -0.000477097 -0.000786936 -0.000921449
19.04 -0.000642519 -0.00106137 -0.00124383
19.05 -0.000808766 -0.00133759 -0.0015685
19.06 -0.000975893 -0.00161573 -0.00189563
19.07 -0.00114385 -0.00189577 -0.0022252
19.08 -0.00131248 -0.00217748 -0.00255699
19.09 -0.00148147 -0.00246044 -0.00289055
19.1 -0.00165041 -0.002744 -0.00322517
19.11 -0.00181872 -0.0030273 -0.00355991
19.12 -0.00198573 -0.00330925 -0.00389354
19.13 -0.00215064 -0.00358853 -0.00422455
19.14 -0.00231252 -0.00386363 -0.00455117
19.15 -0.0024704 -0.00413285 -0.0048714
19.16 -0.00262319 -0.00439433 -0.00518297
19.17 -0.00276976 -0.00464603 -0.00548343
19.18 -0.00290893 -0.00488584 -0.00577017
19.19 -0.00303948 -0.00511154 -0.00604045
19.2 -0.00316017 -0.00532085 -0.00629148
19.21 -0.00326973 -0.0055115 -0.00652043
19.22 -0.00336694 -0.00568122 -0.00672453
19.23 -0.00345056 -0.00582783 -0.00690109
19.24 -0.00351943 -0.00594922 -0.00704758
19.25 -0.00357242 -0.00604346 -0.00716166
19.26 -0.00360853 -0.00610876 -0.00724123
19.27 -0.00362687 -0.0061436 -0.00728445
19.28 -0.00362668 -0.00614668 -0.00728982
19.29 -0.00360739 -0.00611699 -0.00725615
19.3 -0.00356861 -0.00605385 -0.00718263
19.31 -0.00351015 -0.00595689 -0.00706884
19.32 -0.00343203 -0.00582613 -0.00691474
19.33 -0.00333449 -0.0056619 -0.00672071
19.34 -0.00321798 -0.00546492 -0.00648753
19.35 -0.00308314 -0.00523626 -0.00621642
19.36 -0.00293083 -0.0049773 -0.00590899
19.37 -0.00276205 -0.00468977 -0.00556726
19.38 -0.00257798 -0.00437569 -0.00519362
19.39 -0.00237993 -0.00403734 -0.00479079
19.4 -0.00216932 -0.00367724 -0.00436185
19.41 -0.0019477 -0.00329811 -0.00391009
19.42 -0.00171668 -0.00290283 -0.00343905
19.43 -0.00147795 -0.00249443 -0.00295242
19.44 -0.00123325 -0.002076 -0.00245398
19.45 -0.000984337 -0.00165068 -0.00194757
19.46 -0.000733003 -0.00122162 -0.00143699
19.47 -0.000481018 -0.000791918 -0.000925979
19.48 -0.000230124 -0.000364607 -0.00041815
19.49 1.79925e-05 5.74171e-05 8.30572e-05
19.5 0.000261727 0.000471418 0.000574413
19.51 0.00049958 0.000874857 0.00105293
19.52 0.000730181 0.00126542 0.0015159
19.53 0.000952307 0.00164105 0.0019609
19.54 0.0011649 0.00199997 0.00238582
19.55 0.00136708 0.00234068 0.0027889
19.56 0.00155814 0.00266198 0.00316868
19.57 0.00173755 0.00296295 0.00352407
19.58 0.00190496 0.003243 0.00385432
19.59 0.00206016 0.00350176 0.00415899
19.6 0.0022031 0.00373917 0.00443798
19.61 0.00233383 0.00395538 0.0046915
19.62 0.00245255 0.00415078 0.00492002
19.63 0.00255951 0.00432591 0.00512427
19.64 0.00265506 0.00448149 0.00530517
19.65 0.0027396 0.00461837 0.00546383
19.66 0.00281358 0.00473747 0.00560146
19.67 0.00287748 0.00483978 0.00571936
19.68 0.00293181 0.00492632 0.00581882
19.69 0.0029771 0.00499808 0.00590113
19.7 0.00301384 0.00505604 0.0059675
19.71 0.00304254 0.00510109 0.00601904
19.72 0.00306364 0.00513405 0.00605671
19.73 0.00307754 0.0051556 0.00608131
19.74 0.00308457 0.00516628 0.00609347
19.75 0.00308496 0.00516649 0.00609359
19.76 0.00307887 0.00515643 0.0060819
19.77 0.00306633 0.00513616 0.00605842
19.78 0.00304727 0.00510552 0.00602296
19.79 0.00302152 0.00506421 0.00597515
19.8 0.00298881 0.00501176 0.00591444
19.81 0.00294878 0.00494753 0.0058401
19.82 0.00290099 0.00487079 0.00575128
19.83 0.00284499 0.00478071 0.00564697
19.84 0.00278026 0.00467636 0.00552611
19.85 0.00270629 0.00455681 0.00538753
19.86 0.00262259 0.00442112 0.00523007
19.87 0.00252869 0.00426837 0.00505256
19.88 0.00242418 0.00409773 0.0048539
19.89 0.0023087 0.00390843 0.00463309
19.9 0.00218199 0.00369987 0.00438928
19.91 0.00204386 0.00347158 0.00412183
19.92 0.00189422 0.00322328 0.00383031
19.93 0.00173309 0.0029549 0.0035146
19.94 0.00156062 0.00266661 0.00317483
19.95 0.00137707 0.00235882 0.00281151
19.96 0.00118284 0.00203221 0.00242544
19.97 0.000978484 0.00168774 0.00201778
19.98 0.000764698 0.00132662 0.00159004
19.99 0.000542348 0.000950382 0.00114406
20 0.000312454 0.000560791 0.00068198
