0.01 -0.0615639
0.02 -0.12281
0.03 -0.183451
0.04 -0.243079
0.05 -0.301019
0.06 -0.35614
0.07 -0.406674
0.08 -0.450139
0.09 -0.483424
0.1 -0.503086
0.11 -0.505835
0.12 -0.489126
0.13 -0.451738
0.14 -0.394188
0.15 -0.318861
0.16 -0.229792
0.17 -0.132115
0.18 -0.0312895
0.19 0.0677507
0.2 0.161327
0.21 0.247464
0.22 0.32596
0.23 0.398062
0.24 0.465845
0.25 0.531421
0.26 0.596197
0.27 0.660326
0.28 0.72248
0.29 0.779977
0.3 0.82921
0.31 0.866267
0.32 0.887582
0.33 0.890487
0.34 0.873562
0.35 0.836736
0.36 0.781179
0.37 0.709032
0.38 0.623093
0.39 0.526506
0.4 0.422533
0.41 0.314391
0.42 0.205149
0.43 0.0976321
0.44 -0.00569172
0.45 -0.102854
0.46 -0.19253
0.47 -0.274144
0.48 -0.347859
0.49 -0.414427
0.5 -0.474884
0.51 -0.530135
0.52 -0.580511
0.53 -0.625428
0.54 -0.663227
0.55 -0.691298
0.56 -0.706464
0.57 -0.705593
0.58 -0.686285
0.59 -0.647513
0.6 -0.590022
0.61 -0.516429
0.62 -0.430944
0.63 -0.338796
0.64 -0.245462
0.65 -0.155878
0.66 -0.0737954
0.67 -0.00140735
0.68 0.060688
0.69 0.113207
0.7 0.15767
0.71 0.195806
0.72 0.228994
0.73 0.257879
0.74 0.282217
0.75 0.300947
0.76 0.312443
0.77 0.314863
0.78 0.306496
0.79 0.286041
0.8 0.252783
0.81 0.206667
0.82 0.148299
0.83 0.0789194
0.84 0.000370158
0.85 -0.0849263
0.86 -0.174007
0.87 -0.263454
0.88 -0.349565
0.89 -0.428631
0.9 -0.497286
0.91 -0.552896
0.92 -0.593892
0.93 -0.619958
0.94 -0.632014
0.95 -0.631957
0.96 -0.622205
0.97 -0.605119
0.98 -0.582443
0.99 -0.55488
1 -0.521921
1.01 -0.481985
1.02 -0.432825
1.03 -0.37215
1.04 -0.298285
1.05 -0.210754
1.06 -0.110619
1.07 -0.000533226
1.08 0.115532
1.09 0.232794
1.1 0.346305
1.11 0.451581
1.12 0.545103
1.13 0.624595
1.14 0.689061
1.15 0.738596
1.16 0.77407
1.17 0.796755
1.18 0.807997
1.19 0.808974
1.2 0.800581
1.21 0.783409
1.22 0.757789
1.23 0.723856
1.24 0.68161
1.25 0.630966
1.26 0.571804
1.27 0.504045
1.28 0.427787
1.29 0.343481
1.3 0.252142
1.31 0.155527
1.32 0.0562347
1.33 -0.0423555
1.34 -0.136311
1.35 -0.221548
1.36 -0.294335
1.37 -0.351814
1.38 -0.392411
1.39 -0.416052
1.4 -0.42411
1.41 -0.419093
1.42 -0.404118
1.43 -0.382293
1.44 -0.356137
1.45 -0.327165
1.46 -0.295732
1.47 -0.261151
1.48 -0.222069
1.49 -0.176985
1.5 -0.124804
1.51 -0.0652883
1.52 0.000679444
1.53 0.071074
1.54 0.14293
1.55 0.212707
1.56 0.276739
1.57 0.331652
1.58 0.374695
1.59 0.403939
1.6 0.418331
1.61 0.417645
1.62 0.402369
1.63 0.373563
1.64 0.332733
1.65 0.281711
1.66 0.222542
1.67 0.157348
1.68 0.0881771
1.69 0.0168255
1.7 -0.0553326
1.71 -0.127463
1.72 -0.199295
1.73 -0.271014
1.74 -0.343026
1.75 -0.415623
1.76 -0.488615
1.77 -0.561026
1.78 -0.630928
1.79 -0.695483
1.8 -0.751211
1.81 -0.794438
1.82 -0.821849
1.83 -0.831033
1.84 -0.820891
1.85 -0.791831
1.86 -0.745691
1.87 -0.685418
1.88 -0.614574
1.89 -0.536761
1.9 -0.455114
1.91 -0.371936
1.92 -0.288556
1.93 -0.205408
1.94 -0.122302
1.95 -0.0387829
1.96 0.0454824
1.97 0.130403
1.98 0.215284
1.99 0.298798
2 0.379079
2.01 0.453908
2.02 0.52093
2.03 0.577866
2.04 0.622684
2.05 0.653732
2.06 0.669843
2.07 0.67042
2.08 0.655513
2.09 0.625877
2.1 0.583005
2.11 0.529081
2.12 0.466858
2.13 0.399425
2.14 0.329892
2.15 0.261051
2.16 0.19505
2.17 0.13318
2.18 0.0758214
2.19 0.0225756
2.2 -0.0274315
2.21 -0.0751323
2.22 -0.12108
2.23 -0.165094
2.24 -0.206069
2.25 -0.24201
2.26 -0.270291
2.27 -0.288075
2.28 -0.292833
2.29 -0.282818
2.3 -0.257423
2.31 -0.217327
2.32 -0.164427
2.33 -0.101565
2.34 -0.0321207
2.35 0.0404286
2.36 0.112912
2.37 0.182746
2.38 0.24807
2.39 0.307732
2.4 0.361161
2.41 0.408181
2.42 0.448814
2.43 0.483113
2.44 0.511045
2.45 0.532427
2.46 0.546899
2.47 0.553913
2.48 0.552744
2.49 0.542508
2.5 0.522209
2.51 0.490835
2.52 0.447503
2.53 0.391663
2.54 0.323314
2.55 0.243212
2.56 0.152995
2.57 0.0551874
2.58 -0.0469473
2.59 -0.149702
2.6 -0.249326
2.61 -0.342467
2.62 -0.426547
2.63 -0.500025
2.64 -0.562451
2.65 -0.614324
2.66 -0.656774
2.67 -0.691138
2.68 -0.718523
2.69 -0.739465
2.7 -0.753742
2.71 -0.76039
2.72 -0.757908
2.73 -0.744597
2.74 -0.718963
2.75 -0.680081
2.76 -0.627864
2.77 -0.563173
2.78 -0.487773
2.79 -0.404151
2.8 -0.315252
2.81 -0.224189
2.82 -0.133976
2.83 -0.0473212
2.84 0.0335056
2.85 0.10674
2.86 0.17114
2.87 0.225975
2.88 0.270988
2.89 0.306345
2.9 0.332558
2.91 0.350367
2.92 0.360602
2.93 0.364009
2.94 0.361087
2.95 0.351972
2.96 0.336391
2.97 0.313741
2.98 0.283264
2.99 0.244325
3 0.196719
3.01 0.140953
3.02 0.0784246
3.03 0.0114473
3.04 -0.0569033
3.05 -0.123101
3.06 -0.183592
3.07 -0.235232
3.08 -0.275679
3.09 -0.303626
3.1 -0.31886
3.11 -0.322135
3.12 -0.314876
3.13 -0.298817
3.14 -0.275624
3.15 -0.246593
3.16 -0.21249
3.17 -0.173523
3.18 -0.129469
3.19 -0.079886
3.2 -0.0243665
3.21 0.0372287
3.22 0.104597
3.23 0.176909
3.24 0.252801
3.25 0.330449
3.26 0.40767
3.27 0.482064
3.28 0.551144
3.29 0.612478
3.3 0.663829
3.31 0.703293
3.32 0.729443
3.33 0.741457
3.34 0.7392
3.35 0.723256
3.36 0.694858
3.37 0.655737
3.38 0.607884
3.39 0.553263
3.4 0.493542
3.41 0.42988
3.42 0.36284
3.43 0.292439
3.44 0.218341
3.45 0.140159
3.46 0.0577855
3.47 -0.0283063
3.48 -0.116871
3.49 -0.20586
3.5 -0.292554
3.51 -0.373853
3.52 -0.446645
3.53 -0.508199
3.54 -0.556493
3.55 -0.59042
3.56 -0.609842
3.57 -0.615492
3.58 -0.608764
3.59 -0.591434
3.6 -0.565379
3.61 -0.532348
3.62 -0.493806
3.63 -0.450878
3.64 -0.404362
3.65 -0.354809
3.66 -0.302622
3.67 -0.248165
3.68 -0.191853
3.69 -0.134233
3.7 -0.0760415
3.71 -0.0182563
3.72 0.0378734
3.73 0.0908191
3.74 0.138804
3.75 0.179888
3.76 0.21211
3.77 0.233685
3.78 0.243233
3.79 0.239994
3.8 0.223996
3.81 0.196118
3.82 0.158034
3.83 0.112032
3.84 0.060723
3.85 0.00670459
3.86 -0.0477628
3.87 -0.101002
3.88 -0.152034
3.89 -0.200543
3.9 -0.246696
3.91 -0.290869
3.92 -0.333333
3.93 -0.373984
3.94 -0.412157
3.95 -0.446592
3.96 -0.475524
3.97 -0.496899
3.98 -0.508656
3.99 -0.50902
4 -0.496744
4.01 -0.471273
4.02 -0.432799
4.03 -0.382218
4.04 -0.321007
4.05 -0.251062
4.06 -0.174523
4.07 -0.0936043
4.08 -0.0104581
4.09 0.0729333
4.1 0.154838
4.11 0.233829
4.12 0.308816
4.13 0.379042
4.14 0.444051
4.15 0.503609
4.16 0.557584
4.17 0.605807
4.18 0.647923
4.19 0.683281
4.2 0.710887
4.21 0.729444
4.22 0.737493
4.23 0.733638
4.24 0.716808
4.25 0.686519
4.26 0.643066
4.27 0.587612
4.28 0.522129
4.29 0.449211
4.3 0.371788
4.31 0.292783
4.32 0.214794
4.33 0.139849
4.34 0.0692867
4.35 0.00376696
4.36 -0.0565901
4.37 -0.111985
4.38 -0.162691
4.39 -0.208828
4.4 -0.250211
4.41 -0.286295
4.42 -0.31621
4.43 -0.338884
4.44 -0.353206
4.45 -0.358206
4.46 -0.353208
4.47 -0.33795
4.48 -0.312647
4.49 -0.278011
4.5 -0.23523
4.51 -0.185912
4.52 -0.132009
4.53 -0.0757072
4.54 -0.019307
4.55 0.0349292
4.56 0.0849346
4.57 0.128992
4.58 0.165862
4.59 0.194854
4.6 0.215826
4.61 0.229103
4.62 0.235314
4.63 0.235186
4.64 0.229327
4.65 0.218043
4.66 0.201246
4.67 0.178454
4.68 0.148925
4.69 0.111862
4.7 0.0666785
4.71 0.0132515
4.72 -0.0478863
4.73 -0.115464
4.74 -0.187515
4.75 -0.261541
4.76 -0.334765
4.77 -0.404425
4.78 -0.468046
4.79 -0.52366
4.8 -0.569918
4.81 -0.606109
4.82 -0.632078
4.83 -0.648083
4.84 -0.654627
4.85 -0.652296
4.86 -0.641629
4.87 -0.623044
4.88 -0.596811
4.89 -0.563063
4.9 -0.521851
4.91 -0.473199
4.92 -0.417186
4.93 -0.354021
4.94 -0.284121
4.95 -0.20819
4.96 -0.12728
4.97 -0.0428327
4.98 0.0433238
4.99 0.129028
5 0.2119
5.01 0.289515
5.02 0.359612
5.03 0.420307
5.04 0.470277
5.05 0.508875
5.06 0.536151
5.07 0.552757
5.08 0.559779
5.09 0.558495
5.1 0.550127
5.11 0.535637
5.12 0.5156
5.13 0.490186
5.14 0.45925
5.15 0.422513
5.16 0.37978
5.17 0.331159
5.18 0.277226
5.19 0.219099
5.2 0.15842
5.21 0.0972364
5.22 0.0378147
5.23 -0.0175732
5.24 -0.0668599
5.25 -0.108352
5.26 -0.14084
5.27 -0.163642
5.28 -0.176591
5.29 -0.179971
5.3 -0.174432
5.31 -0.160887
5.32 -0.140411
5.33 -0.114136
5.34 -0.0831676
5.35 -0.0485045
5.36 -0.0109834
5.37 0.0287503
5.38 0.070233
5.39 0.113132
5.4 0.157155
5.41 0.201927
5.42 0.246864
5.43 0.291065
5.44 0.333256
5.45 0.371803
5.46 0.404811
5.47 0.430298
5.48 0.446419
5.49 0.451696
5.5 0.445222
5.51 0.426782
5.52 0.396886
5.53 0.35668
5.54 0.307775
5.55 0.252023
5.56 0.191266
5.57 0.12714
5.58 0.0609313
5.59 -0.0064612
5.6 -0.07448
5.61 -0.142789
5.62 -0.211114
5.63 -0.279086
5.64 -0.346107
5.65 -0.411286
5.66 -0.473428
5.67 -0.531091
5.68 -0.582685
5.69 -0.626604
5.7 -0.661351
5.71 -0.685663
5.72 -0.698614
5.73 -0.69968
5.74 -0.688793
5.75 -0.666347
5.76 -0.633186
5.77 -0.590553
5.78 -0.540004
5.79 -0.48329
5.8 -0.422221
5.81 -0.358516
5.82 -0.29367
5.83 -0.22886
5.84 -0.164909
5.85 -0.102316
5.86 -0.0413508
5.87 0.0177973
5.88 0.0748563
5.89 0.129325
5.9 0.180382
5.91 0.226866
5.92 0.267357
5.93 0.300325
5.94 0.324337
5.95 0.338273
5.96 0.341515
5.97 0.33406
5.98 0.316558
5.99 0.290238
6 0.256772
6.01 0.218075
6.02 0.176103
6.03 0.13267
6.04 0.0893149
6.05 0.0472374
6.06 0.00729916
6.07 -0.0299226
6.08 -0.0640469
6.09 -0.0947903
6.1 -0.121876
6.11 -0.144963
6.12 -0.163611
6.13 -0.17726
6.14 -0.185255
6.15 -0.186878
6.16 -0.18141
6.17 -0.168204
6.18 -0.146773
6.19 -0.11689
6.2 -0.0786682
6.21 -0.0326422
6.22 0.0202
6.23 0.078427
6.24 0.140233
6.25 0.203564
6.26 0.266285
6.27 0.326367
6.28 0.382061
6.29 0.432036
6.3 0.475435
6.31 0.511864
6.32 0.541297
6.33 0.563926
6.34 0.579987
6.35 0.589599
6.36 0.592655
6.37 0.58878
6.38 0.577377
6.39 0.557738
6.4 0.529207
6.41 0.491352
6.42 0.444116
6.43 0.387919
6.44 0.323688
6.45 0.252819
6.46 0.177076
6.47 0.0984524
6.48 0.0190158
6.49 -0.0592394
6.5 -0.134512
6.51 -0.20528
6.52 -0.270342
6.53 -0.328833
6.54 -0.380198
6.55 -0.424155
6.56 -0.460631
6.57 -0.489697
6.58 -0.511496
6.59 -0.526166
6.6 -0.533789
6.61 -0.534349
6.62 -0.527734
6.63 -0.513767
6.64 -0.492286
6.65 -0.463247
6.66 -0.426841
6.67 -0.383604
6.68 -0.334492
6.69 -0.280889
6.7 -0.224562
6.71 -0.167536
6.72 -0.111926
6.73 -0.0597372
6.74 -0.0126814
6.75 0.0279671
6.76 0.0614465
6.77 0.0875035
6.78 0.106314
6.79 0.118348
6.8 0.124209
6.81 0.124483
6.82 0.11962
6.83 0.109878
6.84 0.0953279
6.85 0.0759187
6.86 0.0515766
6.87 0.0223236
6.88 -0.0116159
6.89 -0.049736
6.9 -0.0912118
6.91 -0.134906
6.92 -0.179416
6.93 -0.22315
6.94 -0.264422
6.95 -0.301559
6.96 -0.333006
6.97 -0.357417
6.98 -0.373742
6.99 -0.381283
7 -0.379734
7.01 -0.369176
7.02 -0.350044
7.03 -0.323058
7.04 -0.289121
7.05 -0.249203
7.06 -0.204231
7.07 -0.154991
7.08 -0.102086
7.09 -0.0459347
7.1 0.0131676
7.11 0.0749472
7.12 0.139025
7.13 0.204795
7.14 0.271334
7.15 0.337367
7.16 0.401305
7.17 0.461345
7.18 0.515622
7.19 0.562388
7.2 0.600181
7.21 0.627959
7.22 0.645178
7.23 0.651796
7.24 0.64822
7.25 0.635199
7.26 0.613692
7.27 0.584737
7.28 0.549344
7.29 0.508414
7.3 0.462715
7.31 0.412883
7.32 0.359469
7.33 0.302987
7.34 0.243984
7.35 0.183094
7.36 0.121084
7.37 0.0588791
7.38 -0.0024293
7.39 -0.0616011
7.4 -0.117288
7.41 -0.168098
7.42 -0.212678
7.43 -0.249816
7.44 -0.278548
7.45 -0.298246
7.46 -0.308698
7.47 -0.310135
7.48 -0.303211
7.49 -0.28894
7.5 -0.268575
7.51 -0.243475
7.52 -0.214953
7.53 -0.184159
7.54 -0.152002
7.55 -0.119127
7.56 -0.0859542
7.57 -0.0527737
7.58 -0.0198592
7.59 0.0124109
7.6 0.0434606
7.61 0.0724704
7.62 0.0983903
7.63 0.12001
7.64 0.136075
7.65 0.145422
7.66 0.147117
7.67 0.140566
7.68 0.125585
7.69 0.102415
7.7 0.0717004
7.71 0.0344159
7.72 -0.0082248
7.73 -0.0548722
7.74 -0.10414
7.75 -0.15469
7.76 -0.205297
7.77 -0.254891
7.78 -0.302573
7.79 -0.347613
7.8 -0.389425
7.81 -0.427525
7.82 -0.461478
7.83 -0.490842
7.84 -0.515117
7.85 -0.533708
7.86 -0.545916
7.87 -0.550969
7.88 -0.548077
7.89 -0.536531
7.9 -0.515812
7.91 -0.485703
7.92 -0.446375
7.93 -0.398437
7.94 -0.342929
7.95 -0.281253
7.96 -0.215069
7.97 -0.146139
7.98 -0.0761824
7.99 -0.00673791
8 0.0609263
8.01 0.125852
8.02 0.187371
8.03 0.245041
8.04 0.298546
8.05 0.347597
8.06 0.391843
8.07 0.430818
8.08 0.463932
8.09 0.4905
8.1 0.509812
8.11 0.521221
8.12 0.524234
8.13 0.518595
8.14 0.504346
8.15 0.481857
8.16 0.451829
8.17 0.415264
8.18 0.373411
8.19 0.327699
8.2 0.27965
8.21 0.23079
8.22 0.182559
8.23 0.136235
8.24 0.0928685
8.25 0.0532487
8.26 0.0178993
8.27 -0.0128932
8.28 -0.0390207
8.29 -0.0604744
8.3 -0.0772606
8.31 -0.0893274
8.32 -0.0965192
8.33 -0.0985718
8.34 -0.0951508
8.35 -0.0859294
8.36 -0.0706922
8.37 -0.0494434
8.38 -0.0224979
8.39 0.00946507
8.4 0.0453995
8.41 0.0839445
8.42 0.123523
8.43 0.162474
8.44 0.199186
8.45 0.232232
8.46 0.260454
8.47 0.283016
8.48 0.299407
8.49 0.309399
8.5 0.312979
8.51 0.31027
8.52 0.301458
8.53 0.286723
8.54 0.266215
8.55 0.240037
8.56 0.208264
8.57 0.170979
8.58 0.12832
8.59 0.0805288
8.6 0.0280056
8.61 -0.0286538
8.62 -0.0886304
8.63 -0.150874
8.64 -0.214119
8.65 -0.276925
8.66 -0.337746
8.67 -0.395013
8.68 -0.447241
8.69 -0.493126
8.7 -0.531635
8.71 -0.562069
8.72 -0.584083
8.73 -0.597667
8.74 -0.603087
8.75 -0.600791
8.76 -0.591312
8.77 -0.575166
8.78 -0.552786
8.79 -0.524489
8.8 -0.490493
8.81 -0.450968
8.82 -0.406122
8.83 -0.356294
8.84 -0.302031
8.85 -0.244144
8.86 -0.183716
8.87 -0.122071
8.88 -0.060697
8.89 -0.00114493
8.9 0.055082
8.91 0.106636
8.92 0.15241
8.93 0.191594
8.94 0.223693
8.95 0.24852
8.96 0.266159
8.97 0.276906
8.98 0.281212
8.99 0.279619
9 0.272698
9.01 0.261014
9.02 0.245088
9.03 0.225392
9.04 0.202354
9.05 0.176383
9.06 0.147912
9.07 0.117441
9.08 0.0855896
9.09 0.0531325
9.1 0.0210138
9.11 -0.00966509
9.12 -0.0376923
9.13 -0.061823
9.14 -0.0808781
9.15 -0.0938521
9.16 -0.10001
9.17 -0.0989573
9.18 -0.0906758
9.19 -0.0755058
9.2 -0.0540913
9.21 -0.0272893
9.22 0.00393669
9.23 0.0386202
9.24 0.075875
9.25 0.114944
9.26 0.155209
9.27 0.196162
9.28 0.237349
9.29 0.278303
9.3 0.318479
9.31 0.357206
9.32 0.393666
9.33 0.426908
9.34 0.455888
9.35 0.479532
9.36 0.496815
9.37 0.506835
9.38 0.508889
9.39 0.502526
9.4 0.487583
9.41 0.464202
9.42 0.432816
9.43 0.394118
9.44 0.349016
9.45 0.298565
9.46 0.243894
9.47 0.186137
9.48 0.126365
9.49 0.0655381
9.5 0.00448543
9.51 -0.0560956
9.52 -0.115607
9.53 -0.173502
9.54 -0.229222
9.55 -0.282142
9.56 -0.331534
9.57 -0.376554
9.58 -0.416272
9.59 -0.449731
9.6 -0.476032
9.61 -0.494433
9.62 -0.504441
9.63 -0.505883
9.64 -0.498941
9.65 -0.484141
9.66 -0.462311
9.67 -0.434501
9.68 -0.401881
9.69 -0.365647
9.7 -0.326935
9.71 -0.28676
9.72 -0.245984
9.73 -0.205322
9.74 -0.165364
9.75 -0.126619
9.76 -0.0895597
9.77 -0.0546647
9.78 -0.0224479
9.79 0.00652982
9.8 0.031667
9.81 0.0523459
9.82 0.067971
9.83 0.078018
9.84 0.0820878
9.85 0.0799593
9.86 0.0716355
9.87 0.0573758
9.88 0.0377095
9.89 0.0134247
9.9 -0.014468
9.91 -0.0447959
9.92 -0.0763035
9.93 -0.107741
9.94 -0.137947
9.95 -0.165925
9.96 -0.190878
9.97 -0.212229
9.98 -0.229593
9.99 -0.242731
10 -0.251484
10.01 -0.255706
10.02 -0.255212
10.03 -0.249745
10.04 -0.238986
10.05 -0.222591
10.06 -0.200248
10.07 -0.17176
10.08 -0.137119
10.09 -0.0965636
10.1 -0.0506133
10.11 -6.82722e-05
10.12 0.0540247
10.13 0.110433
10.14 0.167818
10.15 0.224819
10.16 0.280133
10.17 0.33258
10.18 0.38115
10.19 0.425022
10.2 0.463572
10.21 0.496348
10.22 0.523048
10.23 0.543484
10.24 0.557536
10.25 0.565129
10.26 0.566198
10.27 0.560682
10.28 0.548526
10.29 0.529698
10.3 0.504229
10.31 0.472254
10.32 0.434065
10.33 0.390153
10.34 0.341238
10.35 0.28827
10.36 0.232407
10.37 0.174964
10.38 0.117332
10.39 0.0608873
10.4 0.0069007
10.41 -0.0435435
10.42 -0.0896014
10.43 -0.130691
10.44 -0.16648
10.45 -0.196842
10.46 -0.221795
10.47 -0.241435
10.48 -0.255873
10.49 -0.265194
10.5 -0.269444
10.51 -0.268641
10.52 -0.26281
10.53 -0.252034
10.54 -0.236508
10.55 -0.216584
10.56 -0.192802
10.57 -0.165897
10.58 -0.136782
10.59 -0.106514
10.6 -0.0762352
10.61 -0.0471135
10.62 -0.020272
10.63 0.0032733
10.64 0.022668
10.65 0.0372589
10.66 0.0466175
10.67 0.0505428
10.68 0.0490471
10.69 0.0423233
10.7 0.0307002
10.71 0.0145912
10.72 -0.00555682
10.73 -0.0293044
10.74 -0.0562456
10.75 -0.0860119
10.76 -0.118255
10.77 -0.152613
10.78 -0.188658
10.79 -0.225853
10.8 -0.263515
10.81 -0.300794
10.82 -0.336689
10.83 -0.370088
10.84 -0.399831
10.85 -0.424798
10.86 -0.443988
10.87 -0.456603
10.88 -0.462096
10.89 -0.460202
10.9 -0.450928
10.91 -0.434524
10.92 -0.411427
10.93 -0.382198
10.94 -0.347459
10.95 -0.307842
10.96 -0.263961
10.97 -0.216391
10.98 -0.165681
10.99 -0.112372
11 -0.0570301
11.01 -0.000270825
11.02 0.05721
11.03 0.114623
11.04 0.171083
11.05 0.225623
11.06 0.277221
11.07 0.324842
11.08 0.367492
11.09 0.404272
11.1 0.434435
11.11 0.457438
11.12 0.472979
11.13 0.481012
11.14 0.481746
11.15 0.475617
11.16 0.463237
11.17 0.445335
11.18 0.422692
11.19 0.396075
11.2 0.366198
11.21 0.333692
11.22 0.299112
11.23 0.262961
11.24 0.225725
11.25 0.187925
11.26 0.150157
11.27 0.11311
11.28 0.077575
11.29 0.0444142
11.3 0.0145148
11.31 -0.0112753
11.32 -0.0322177
11.33 -0.0477484
11.34 -0.057527
11.35 -0.0614645
11.36 -0.0597252
11.37 -0.0527055
11.38 -0.0409925
11.39 -0.0253112
11.4 -0.00646687
11.41 0.0147094
11.42 0.0374064
11.43 0.0608658
11.44 0.0844001
11.45 0.107397
11.46 0.12931
11.47 0.149643
11.48 0.167925
11.49 0.183687
11.5 0.196445
11.51 0.205685
11.52 0.21087
11.53 0.211459
11.54 0.206932
11.55 0.196846
11.56 0.180877
11.57 0.158878
11.58 0.13092
11.59 0.0973154
11.6 0.0586207
11.61 0.0156142
11.62 -0.0307521
11.63 -0.0794174
11.64 -0.129284
11.65 -0.179289
11.66 -0.228458
11.67 -0.275945
11.68 -0.321042
11.69 -0.363166
11.7 -0.401829
11.71 -0.436601
11.72 -0.467068
11.73 -0.492801
11.74 -0.513348
11.75 -0.528238
11.76 -0.537008
11.77 -0.539242
11.78 -0.534619
11.79 -0.522964
11.8 -0.504281
11.81 -0.478788
11.82 -0.446914
11.83 -0.409301
11.84 -0.366769
11.85 -0.320278
11.86 -0.270882
11.87 -0.219668
11.88 -0.167707
11.89 -0.116004
11.9 -0.0654632
11.91 -0.0168604
11.92 0.0291631
11.93 0.0720946
11.94 0.11153
11.95 0.147145
11.96 0.17866
11.97 0.205816
11.98 0.228353
11.99 0.246008
12 0.258531
12.01 0.265715
12.02 0.267437
12.03 0.263709
12.04 0.254719
12.05 0.240854
12.06 0.222715
12.07 0.201092
12.08 0.176927
12.09 0.151255
12.1 0.125136
12.11 0.0995811
12.12 0.0755009
12.13 0.0536582
12.14 0.0346497
12.15 0.018907
12.16 0.00671591
12.17 -0.00175169
12.18 -0.00640245
12.19 -0.0071885
12.2 -0.0040836
12.21 0.00292803
12.22 0.0138493
12.23 0.0286552
12.24 0.0472694
12.25 0.0695354
12.26 0.0951888
12.27 0.123834
12.28 0.154931
12.29 0.187791
12.3 0.221593
12.31 0.255403
12.32 0.28822
12.33 0.31902
12.34 0.346812
12.35 0.370694
12.36 0.389899
12.37 0.403831
12.38 0.412087
12.39 0.414451
12.4 0.410881
12.41 0.401475
12.42 0.386425
12.43 0.365978
12.44 0.340403
12.45 0.309964
12.46 0.274925
12.47 0.235557
12.48 0.192173
12.49 0.145163
12.5 0.0950263
12.51 0.0424016
12.52 -0.0119267
12.53 -0.0670382
12.54 -0.121907
12.55 -0.175452
12.56 -0.22659
12.57 -0.274302
12.58 -0.317684
12.59 -0.355992
12.6 -0.388665
12.61 -0.415338
12.62 -0.435831
12.63 -0.450127
12.64 -0.458342
12.65 -0.460692
12.66 -0.457459
12.67 -0.448963
12.68 -0.435549
12.69 -0.417571
12.7 -0.395401
12.71 -0.369432
12.72 -0.340102
12.73 -0.307909
12.74 -0.273429
12.75 -0.237331
12.76 -0.200377
12.77 -0.163407
12.78 -0.127319
12.79 -0.0930249
12.8 -0.0613998
12.81 -0.0332314
12.82 -0.00916666
12.83 0.0103277
12.84 0.0249902
12.85 0.0347683
12.86 0.0398024
12.87 0.040392
12.88 0.0369508
12.89 0.0299571
12.9 0.0199099
12.91 0.00729586
12.92 -0.00742792
12.93 -0.0238337
12.94 -0.0415083
12.95 -0.0600291
12.96 -0.0789366
12.97 -0.0977118
12.98 -0.115764
12.99 -0.132432
13 -0.147004
13.01 -0.158743
13.02 -0.166935
13.03 -0.170928
13.04 -0.170181
13.05 -0.164301
13.06 -0.153069
13.07 -0.136457
13.08 -0.114625
13.09 -0.087912
13.1 -0.056805
13.11 -0.0219101
13.12 0.0160886
13.13 0.0564677
13.14 0.0984999
13.15 0.141481
13.16 0.184747
13.17 0.22768
13.18 0.269699
13.19 0.310246
13.2 0.348767
13.21 0.384689
13.22 0.417411
13.23 0.4463
13.24 0.470704
13.25 0.489984
13.26 0.503546
13.27 0.510896
13.28 0.511677
13.29 0.505718
13.3 0.49305
13.31 0.473916
13.32 0.448754
13.33 0.418171
13.34 0.382892
13.35 0.343718
13.36 0.301468
13.37 0.256946
13.38 0.210909
13.39 0.164056
13.4 0.117024
13.41 0.0704043
13.42 0.024755
13.43 -0.0193773
13.44 -0.0614448
13.45 -0.100891
13.46 -0.137156
13.47 -0.169686
13.48 -0.197959
13.49 -0.221512
13.5 -0.239975
13.51 -0.253099
13.52 -0.260787
13.53 -0.263109
13.54 -0.260309
13.55 -0.252804
13.56 -0.241161
13.57 -0.226067
13.58 -0.208289
13.59 -0.188631
13.6 -0.167885
13.61 -0.146795
13.62 -0.126025
13.63 -0.106148
13.64 -0.0876446
13.65 -0.0709109
13.66 -0.0562854
13.67 -0.0440708
13.68 -0.0345566
13.69 -0.0280316
13.7 -0.0247847
13.71 -0.0250914
13.72 -0.0291876
13.73 -0.0372354
13.74 -0.0492873
13.75 -0.0652537
13.76 -0.0848821
13.77 -0.10775
13.78 -0.133276
13.79 -0.160744
13.8 -0.189343
13.81 -0.218211
13.82 -0.246482
13.83 -0.273329
13.84 -0.298001
13.85 -0.319839
13.86 -0.338295
13.87 -0.352926
13.88 -0.363388
13.89 -0.369419
13.9 -0.370822
13.91 -0.367453
13.92 -0.359202
13.93 -0.345995
13.94 -0.327794
13.95 -0.304609
13.96 -0.276514
13.97 -0.24367
13.98 -0.206346
13.99 -0.164939
14 -0.119986
14.01 -0.0721601
14.02 -0.0222624
14.03 0.0288083
14.04 0.0800928
14.05 0.130618
14.06 0.179444
14.07 0.225714
14.08 0.26868
14.09 0.307735
14.1 0.342413
14.11 0.372379
14.12 0.397415
14.13 0.417386
14.14 0.432219
14.15 0.441877
14.16 0.44635
14.17 0.445652
14.18 0.439832
14.19 0.428998
14.2 0.413333
14.21 0.393126
14.22 0.368781
14.23 0.340831
14.24 0.309927
14.25 0.276824
14.26 0.242348
14.27 0.207364
14.28 0.172734
14.29 0.139274
14.3 0.10772
14.31 0.0787015
14.32 0.0527174
14.33 0.0301318
14.34 0.0111751
14.35 -0.00404372
14.36 -0.0155186
14.37 -0.023323
14.38 -0.0275873
14.39 -0.028479
14.4 -0.0261897
14.41 -0.0209308
14.42 -0.0129377
14.43 -0.00248251
14.44 0.010109
14.45 0.0244391
14.46 0.0400247
14.47 0.0562914
14.48 0.0725807
14.49 0.088169
14.5 0.1023
14.51 0.114224
14.52 0.123246
14.53 0.128763
14.54 0.130303
14.55 0.127549
14.56 0.120342
14.57 0.108679
14.58 0.0926929
14.59 0.0726263
14.6 0.0487993
14.61 0.0215827
14.62 -0.00862488
14.63 -0.0414107
14.64 -0.0763519
14.65 -0.113011
14.66 -0.150927
14.67 -0.189601
14.68 -0.228484
14.69 -0.266975
14.7 -0.304414
14.71 -0.340095
14.72 -0.373285
14.73 -0.403245
14.74 -0.429263
14.75 -0.450688
14.76 -0.466965
14.77 -0.477662
14.78 -0.482493
14.79 -0.481335
14.8 -0.474225
14.81 -0.461349
14.82 -0.443028
14.83 -0.419682
14.84 -0.391804
14.85 -0.359928
14.86 -0.324601
14.87 -0.286369
14.88 -0.245766
14.89 -0.203321
14.9 -0.159567
14.91 -0.115055
14.92 -0.070367
14.93 -0.0261287
14.94 0.016995
14.95 0.0583102
14.96 0.0971173
14.97 0.132742
14.98 0.164574
14.99 0.1921
15 0.214937
15.01 0.232855
15.02 0.245784
15.03 0.253812
15.04 0.25717
15.05 0.256207
15.06 0.251362
15.07 0.243129
15.08 0.232033
15.09 0.218604
15.1 0.203361
15.11 0.186804
15.12 0.169414
15.13 0.151656
15.14 0.133987
15.15 0.116863
15.16 0.100747
15.17 0.0861079
15.18 0.0734175
15.19 0.0631362
15.2 0.0556948
15.21 0.0514696
15.22 0.0507548
15.23 0.0537355
15.24 0.0604655
15.25 0.0708531
15.26 0.0846567
15.27 0.101494
15.28 0.120863
15.29 0.142168
15.3 0.164761
15.31 0.187974
15.32 0.211151
15.33 0.23368
15.34 0.254998
15.35 0.274606
15.36 0.292054
15.37 0.306938
15.38 0.318878
15.39 0.327513
15.4 0.332491
15.41 0.333473
15.42 0.330141
15.43 0.322222
15.44 0.309508
15.45 0.291881
15.46 0.269342
15.47 0.242021
15.48 0.21019
15.49 0.174261
15.5 0.134772
15.51 0.0923677
15.52 0.0477723
15.53 0.0017564
15.54 -0.0448943
15.55 -0.0914097
15.56 -0.13706
15.57 -0.181174
15.58 -0.223151
15.59 -0.262461
15.6 -0.298642
15.61 -0.331292
15.62 -0.360055
15.63 -0.384617
15.64 -0.404694
15.65 -0.420035
15.66 -0.430432
15.67 -0.43573
15.68 -0.435848
15.69 -0.430801
15.7 -0.420719
15.71 -0.405861
15.72 -0.386618
15.73 -0.363508
15.74 -0.337156
15.75 -0.308269
15.76 -0.277595
15.77 -0.245892
15.78 -0.21389
15.79 -0.18226
15.8 -0.151597
15.81 -0.122409
15.82 -0.0951154
15.83 -0.0700595
15.84 -0.0475166
15.85 -0.0277104
15.86 -0.010824
15.87 0.00299367
15.88 0.0136272
15.89 0.0210005
15.9 0.0250884
15.91 0.0259307
15.92 0.0236471
15.93 0.0184498
15.94 0.0106511
15.95 0.000664451
15.96 -0.0110023
15.97 -0.0237626
15.98 -0.0369728
15.99 -0.0499613
16 -0.0620591
16.01 -0.0726315
16.02 -0.0811073
16.03 -0.0870017
16.04 -0.0899312
16.05 -0.0896202
16.06 -0.0858976
16.07 -0.0786867
16.08 -0.067989
16.09 -0.0538676
16.1 -0.0364304
16.11 -0.01582
16.12 0.00779094
16.13 0.0341963
16.14 0.063147
16.15 0.0943377
16.16 0.127392
16.17 0.161853
16.18 0.197178
16.19 0.232743
16.2 0.267859
16.21 0.301794
16.22 0.333806
16.23 0.363174
16.24 0.389231
16.25 0.411396
16.26 0.429193
16.27 0.442263
16.28 0.450368
16.29 0.453388
16.3 0.451304
16.31 0.444188
16.32 0.432182
16.33 0.415485
16.34 0.394343
16.35 0.369037
16.36 0.339889
16.37 0.307257
16.38 0.271545
16.39 0.233209
16.4 0.192765
16.41 0.150786
16.42 0.107905
16.43 0.0648037
16.44 0.0221934
16.45 -0.0192044
16.46 -0.0586876
16.47 -0.0956035
16.48 -0.129378
16.49 -0.159538
16.5 -0.185735
16.51 -0.207743
16.52 -0.225468
16.53 -0.238929
16.54 -0.248241
16.55 -0.253598
16.56 -0.255245
16.57 -0.253463
16.58 -0.248554
16.59 -0.240836
16.6 -0.230642
16.61 -0.21833
16.62 -0.204288
16.63 -0.188943
16.64 -0.172767
16.65 -0.156273
16.66 -0.140007
16.67 -0.124532
16.68 -0.110404
16.69 -0.0981486
16.7 -0.0882307
16.71 -0.0810323
16.72 -0.0768314
16.73 -0.0757894
16.74 -0.0779461
16.75 -0.083223
16.76 -0.0914336
16.77 -0.1023
16.78 -0.115472
16.79 -0.130551
16.8 -0.147104
16.81 -0.164688
16.82 -0.182854
16.83 -0.201161
16.84 -0.219171
16.85 -0.236451
16.86 -0.252565
16.87 -0.26707
16.88 -0.279515
16.89 -0.289443
16.9 -0.296397
16.91 -0.299941
16.92 -0.299673
16.93 -0.295257
16.94 -0.286442
16.95 -0.273084
16.96 -0.255166
16.97 -0.232798
16.98 -0.206222
16.99 -0.175794
17 -0.141968
17.01 -0.105271
17.02 -0.066275
17.03 -0.025574
17.04 0.0162365
17.05 0.058574
17.06 0.100876
17.07 0.142601
17.08 0.183226
17.09 0.222243
17.1 0.259152
17.11 0.293461
17.12 0.324691
17.13 0.35238
17.14 0.3761
17.15 0.395473
17.16 0.410189
17.17 0.420024
17.18 0.424859
17.19 0.42469
17.2 0.419635
17.21 0.409928
17.22 0.395918
17.23 0.378045
17.24 0.356824
17.25 0.332816
17.26 0.30661
17.27 0.278792
17.28 0.24993
17.29 0.220559
17.3 0.191178
17.31 0.162242
17.32 0.134173
17.33 0.107365
17.34 0.0821851
17.35 0.058984
17.36 0.0380904
17.37 0.0198053
17.38 0.00438949
17.39 -0.0079532
17.4 -0.0170939
17.41 -0.0229955
17.42 -0.0257255
17.43 -0.0254616
17.44 -0.0224896
17.45 -0.0171926
17.46 -0.0100331
17.47 -0.0015294
17.48 0.00777063
17.49 0.0173154
17.5 0.0265728
17.51 0.0350485
17.52 0.042298
17.53 0.0479329
17.54 0.0516216
17.55 0.0530859
17.56 0.0520957
17.57 0.0484629
17.58 0.0420379
17.59 0.0327081
17.6 0.0204005
17.61 0.005088
17.62 -0.0132017
17.63 -0.0343747
17.64 -0.0582602
17.65 -0.0846018
17.66 -0.113052
17.67 -0.143175
17.68 -0.174451
17.69 -0.206295
17.7 -0.238072
17.71 -0.269128
17.72 -0.298812
17.73 -0.326506
17.74 -0.351643
17.75 -0.373729
17.76 -0.392349
17.77 -0.407169
17.78 -0.417935
17.79 -0.424466
17.8 -0.426637
17.81 -0.424379
17.82 -0.417664
17.83 -0.406509
17.84 -0.390979
17.85 -0.37119
17.86 -0.347323
17.87 -0.319632
17.88 -0.288452
17.89 -0.254202
17.9 -0.217385
17.91 -0.178576
17.92 -0.138407
17.93 -0.0975456
17.94 -0.0566724
17.95 -0.0164551
17.96 0.0224754
17.97 0.0595456
17.98 0.0942547
17.99 0.126184
18 0.155002
18.01 0.180461
18.02 0.20239
18.03 0.220689
18.04 0.235318
18.05 0.246287
18.06 0.25365
18.07 0.257503
18.08 0.257984
18.09 0.255278
18.1 0.249621
18.11 0.241306
18.12 0.230691
18.13 0.218193
18.14 0.20429
18.15 0.189502
18.16 0.174382
18.17 0.159485
18.18 0.145351
18.19 0.132477
18.2 0.121293
18.21 0.112148
18.22 0.105299
18.23 0.100908
18.24 0.0990427
18.25 0.0996927
18.26 0.102776
18.27 0.108157
18.28 0.115655
18.29 0.125056
18.3 0.136118
18.31 0.148571
18.32 0.162116
18.33 0.176421
18.34 0.191118
18.35 0.205799
18.36 0.22002
18.37 0.233305
18.38 0.24516
18.39 0.255083
18.4 0.262589
18.41 0.267226
18.42 0.268596
18.43 0.266379
18.44 0.26034
18.45 0.250345
18.46 0.236366
18.47 0.218471
18.48 0.196826
18.49 0.171675
18.5 0.143327
18.51 0.112145
18.52 0.0785237
18.53 0.0428833
18.54 0.0056608
18.55 -0.0326932
18.56 -0.0717141
18.57 -0.110921
18.58 -0.149814
18.59 -0.187873
18.6 -0.224562
18.61 -0.259334
18.62 -0.291647
18.63 -0.320981
18.64 -0.346855
18.65 -0.368852
18.66 -0.386637
18.67 -0.399969
18.68 -0.408714
18.69 -0.412849
18.7 -0.412451
18.71 -0.407695
18.72 -0.398835
18.73 -0.38619
18.74 -0.370124
18.75 -0.351035
18.76 -0.329341
18.77 -0.305471
18.78 -0.279858
18.79 -0.252944
18.8 -0.225171
18.81 -0.19699
18.82 -0.168853
18.83 -0.141217
18.84 -0.114533
18.85 -0.0892415
18.86 -0.0657559
18.87 -0.0444508
18.88 -0.0256441
18.89 -0.0095815
18.9 0.00357684
18.91 0.0137658
18.92 0.0210191
18.93 0.0254672
18.94 0.027329
18.95 0.0268977
18.96 0.0245239
18.97 0.0205957
18.98 0.0155204
18.99 0.00970823
19 0.00355962
19.01 -0.00254192
19.02 -0.00823305
19.03 -0.0131701
19.04 -0.0170265
19.05 -0.0194906
19.06 -0.0202648
19.07 -0.019068
19.08 -0.0156422
19.09 -0.00976232
19.1 -0.00124937
19.11 0.0100156
19.12 0.0240779
19.13 0.0408983
19.14 0.0603467
19.15 0.0822003
19.16 0.106149
19.17 0.131804
19.18 0.158714
19.19 0.186382
19.2 0.214286
19.21 0.241893
19.22 0.268683
19.23 0.294157
19.24 0.317849
19.25 0.339331
19.26 0.358216
19.27 0.374158
19.28 0.386851
19.29 0.396023
19.3 0.40144
19.31 0.402909
19.32 0.400277
19.33 0.393446
19.34 0.382375
19.35 0.367098
19.36 0.347728
19.37 0.324468
19.38 0.297608
19.39 0.267528
19.4 0.234682
19.41 0.199591
19.42 0.162818
19.43 0.124952
19.44 0.0865827
19.45 0.0482831
19.46 0.0105947
19.47 -0.0259848
19.48 -0.0610073
19.49 -0.0940753
19.5 -0.124841
19.51 -0.153002
19.52 -0.178299
19.53 -0.200512
19.54 -0.219463
19.55 -0.235017
19.56 -0.247088
19.57 -0.255648
19.58 -0.260733
19.59 -0.26245
19.6 -0.26098
19.61 -0.256583
19.62 -0.249588
19.63 -0.240388
19.64 -0.229425
19.65 -0.217178
19.66 -0.204137
19.67 -0.190789
19.68 -0.1776
19.69 -0.164994
19.7 -0.153348
19.71 -0.142977
19.72 -0.134137
19.73 -0.127023
19.74 -0.121774
19.75 -0.118479
19.76 -0.11718
19.77 -0.117882
19.78 -0.120549
19.79 -0.125109
19.8 -0.131447
19.81 -0.139399
19.82 -0.148753
19.83 -0.159237
19.84 -0.170523
19.85 -0.18223
19.86 -0.193929
19.87 -0.205159
19.88 -0.215442
19.89 -0.224302
19.9 -0.231287
19.91 -0.235984
19.92 -0.238036
19.93 -0.237157
19.94 -0.233131
19.95 -0.225821
19.96 -0.215161
19.97 -0.201154
19.98 -0.183863
19.99 -0.163404
20 -0.139941
