0.01 -1.5391e-06
0.02 -9.22664e-06
0.03 -2.91801e-05
0.04 -6.74533e-05
0.05 -0.000129992
0.06 -0.000222562
0.07 -0.000350632
0.08 -0.000519192
0.09 -0.000732512
0.1 -0.000993833
0.11 -0.00130504
0.12 -0.00166634
0.13 -0.00207604
0.14 -0.00253041
0.15 -0.00302376
0.16 -0.00354864
0.17 -0.00409628
0.18 -0.00465705
0.19 -0.00522098
0.2 -0.00577825
0.21 -0.00631955
0.22 -0.00683627
0.23 -0.00732051
0.24 -0.00776501
0.25 -0.00816295
0.26 -0.00850772
0.27 -0.00879286
0.28 -0.00901199
0.29 -0.00915899
0.3 -0.0092282
0.31 -0.0092148
0.32 -0.00911521
0.33 -0.00892735
0.34 -0.00865097
0.35 -0.00828777
0.36 -0.00784139
0.37 -0.00731734
0.38 -0.00672275
0.39 -0.00606613
0.4 -0.00535706
0.41 -0.00460588
0.42 -0.00382333
0.43 -0.00302027
0.44 -0.00220742
0.45 -0.00139507
0.46 -0.000592907
0.47 0.000190107
0.48 0.000945815
0.49 0.00166684
0.5 0.00234651
0.51 0.00297879
0.52 0.00355816
0.53 0.00407963
0.54 0.00453875
0.55 0.00493184
0.56 0.00525617
0.57 0.00551031
0.58 0.00569441
0.59 0.00581043
0.6 0.00586222
0.61 0.00585546
0.62 0.00579741
0.63 0.00569648
0.64 0.00556175
0.65 0.00540245
0.66 0.00522744
0.67 0.0050449
0.68 0.00486207
0.69 0.00468518
0.7 0.00451953
0.71 0.00436961
0.72 0.00423927
0.73 0.00413181
0.74 0.00405009
0.75 0.00399648
0.76 0.00397278
0.77 0.00398006
0.78 0.00401848
0.79 0.00408715
0.8 0.004184
0.81 0.00430571
0.82 0.00444768
0.83 0.00460412
0.84 0.00476816
0.85 0.00493202
0.86 0.00508724
0.87 0.00522499
0.88 0.00533642
0.89 0.00541298
0.9 0.00544684
0.91 0.00543118
0.92 0.00536047
0.93 0.00523061
0.94 0.00503898
0.95 0.00478434
0.96 0.00446668
0.97 0.00408694
0.98 0.00364683
0.99 0.00314863
1 0.00259515
1.01 0.00198977
1.02 0.00133655
1.03 0.000640485
1.04 -9.23105e-05
1.05 -0.000854441
1.06 -0.00163719
1.07 -0.00243063
1.08 -0.00322387
1.09 -0.00400543
1.1 -0.00476373
1.11 -0.00548754
1.12 -0.00616641
1.13 -0.00679104
1.14 -0.00735348
1.15 -0.00784728
1.16 -0.00826745
1.17 -0.00861041
1.18 -0.00887388
1.19 -0.00905671
1.2 -0.00915885
1.21 -0.00918116
1.22 -0.00912541
1.23 -0.00899422
1.24 -0.00879102
1.25 -0.00852009
1.26 -0.00818649
1.27 -0.00779616
1.28 -0.00735585
1.29 -0.00687315
1.3 -0.00635643
1.31 -0.00581476
1.32 -0.00525772
1.33 -0.00469512
1.34 -0.00413673
1.35 -0.00359184
1.36 -0.00306889
1.37 -0.0025751
1.38 -0.00211618
1.39 -0.00169619
1.4 -0.00131751
1.41 -0.000981001
1.42 -0.000686204
1.43 -0.000431658
1.44 -0.000215195
1.45 -3.41867e-05
1.46 0.000114309
1.47 0.000233501
1.48 0.00032692
1.49 0.00039854
1.5 0.000452908
1.51 0.000495243
1.52 0.000531454
1.53 0.000568054
1.54 0.000611967
1.55 0.000670248
1.56 0.000749744
1.57 0.000856746
1.58 0.00099666
1.59 0.00117374
1.6 0.00139089
1.61 0.00164957
1.62 0.00194971
1.63 0.00228984
1.64 0.00266708
1.65 0.00307739
1.66 0.00351565
1.67 0.00397596
1.68 0.00445178
1.69 0.00493617
1.7 0.00542197
1.71 0.00590196
1.72 0.00636889
1.73 0.00681559
1.74 0.00723489
1.75 0.00761962
1.76 0.00796257
1.77 0.00825651
1.78 0.00849429
1.79 0.00866904
1.8 0.00877442
1.81 0.00880497
1.82 0.00875647
1.83 0.00862624
1.84 0.00841338
1.85 0.00811891
1.86 0.00774569
1.87 0.00729826
1.88 0.0067826
1.89 0.00620571
1.9 0.00557536
1.91 0.00489969
1.92 0.00418704
1.93 0.0034458
1.94 0.00268433
1.95 0.00191099
1.96 0.00113415
1.97 0.000362222
1.98 -0.000396354
1.99 -0.00113318
2 -0.00184001
2.01 -0.00250895
2.02 -0.00313264
2.03 -0.0037045
2.04 -0.00421891
2.05 -0.00467147
2.06 -0.0050591
2.07 -0.0053802
2.08 -0.0056347
2.09 -0.00582405
2.1 -0.0059512
2.11 -0.00602039
2.12 -0.00603698
2.13 -0.00600717
2.14 -0.00593767
2.15 -0.00583542
2.16 -0.00570732
2.17 -0.00555996
2.18 -0.00539954
2.19 -0.00523181
2.2 -0.00506209
2.21 -0.00489536
2.22 -0.00473635
2.23 -0.00458959
2.24 -0.00445937
2.25 -0.00434968
2.26 -0.00426397
2.27 -0.00420497
2.28 -0.00417434
2.29 -0.00417249
2.3 -0.0041984
2.31 -0.00424955
2.32 -0.00432198
2.33 -0.00441047
2.34 -0.00450884
2.35 -0.0046102
2.36 -0.00470737
2.37 -0.00479311
2.38 -0.00486045
2.39 -0.00490284
2.4 -0.00491427
2.41 -0.00488938
2.42 -0.00482345
2.43 -0.00471244
2.44 -0.00455296
2.45 -0.00434229
2.46 -0.00407839
2.47 -0.00375991
2.48 -0.00338628
2.49 -0.0029577
2.5 -0.00247529
2.51 -0.00194114
2.52 -0.00135842
2.53 -0.000731484
2.54 -6.58955e-05
2.55 0.000631542
2.56 0.00135287
2.57 0.00208914
2.58 0.00283064
2.59 0.00356722
2.6 0.00428868
2.61 0.0049851
2.62 0.0056472
2.63 0.00626658
2.64 0.00683589
2.65 0.00734889
2.66 0.00780038
2.67 0.00818612
2.68 0.00850273
2.69 0.00874751
2.7 0.00891848
2.71 0.00901433
2.72 0.0090345
2.73 0.00897938
2.74 0.00885038
2.75 0.00865013
2.76 0.00838253
2.77 0.00805277
2.78 0.00766727
2.79 0.00723345
2.8 0.0067596
2.81 0.00625448
2.82 0.00572713
2.83 0.00518652
2.84 0.00464127
2.85 0.00409945
2.86 0.00356839
2.87 0.00305453
2.88 0.00256336
2.89 0.00209935
2.9 0.001666
2.91 0.00126589
2.92 0.000900699
2.93 0.000571382
2.94 0.000278183
2.95 2.07195e-05
2.96 -0.000202003
2.97 -0.00039161
2.98 -0.000550411
2.99 -0.000681475
3 -0.000788684
3.01 -0.000876761
3.02 -0.000951216
3.03 -0.00101821
3.04 -0.00108434
3.05 -0.00115635
3.06 -0.00124074
3.07 -0.0013435
3.08 -0.00146973
3.09 -0.00162347
3.1 -0.0018075
3.11 -0.00202336
3.12 -0.00227139
3.13 -0.00255087
3.14 -0.00286018
3.15 -0.00319695
3.16 -0.0035582
3.17 -0.00394043
3.18 -0.00433963
3.19 -0.00475129
3.2 -0.00517038
3.21 -0.00559131
3.22 -0.0060079
3.23 -0.00641346
3.24 -0.00680083
3.25 -0.00716254
3.26 -0.00749092
3.27 -0.00777838
3.28 -0.00801758
3.29 -0.00820169
3.3 -0.00832465
3.31 -0.00838136
3.32 -0.0083679
3.33 -0.00828166
3.34 -0.00812146
3.35 -0.00788753
3.36 -0.00758146
3.37 -0.00720614
3.38 -0.00676552
3.39 -0.00626441
3.4 -0.00570836
3.41 -0.00510338
3.42 -0.00445592
3.43 -0.00377272
3.44 -0.00306088
3.45 -0.00232781
3.46 -0.00158131
3.47 -0.000829569
3.48 -8.11056e-05
3.49 0.000655339
3.5 0.001371
3.51 0.00205734
3.52 0.00270636
3.53 0.00331089
3.54 0.00386484
3.55 0.00436343
3.56 0.00480327
3.57 0.0051824
3.58 0.00550024
3.59 0.00575745
3.6 0.00595575
3.61 0.00609778
3.62 0.0061869
3.63 0.00622701
3.64 0.0062225
3.65 0.00617809
3.66 0.0060988
3.67 0.00598986
3.68 0.00585673
3.69 0.00570498
3.7 0.0055403
3.71 0.00536841
3.72 0.00519496
3.73 0.00502543
3.74 0.00486501
3.75 0.00471837
3.76 0.00458954
3.77 0.00448167
3.78 0.00439687
3.79 0.00433608
3.8 0.00429896
3.81 0.00428392
3.82 0.00428817
3.83 0.00430793
3.84 0.00433858
3.85 0.00437499
3.86 0.00441174
3.87 0.00444333
3.88 0.00446441
3.89 0.00446983
3.9 0.0044547
3.91 0.00441441
3.92 0.00434454
3.93 0.00424092
3.94 0.00409956
3.95 0.00391679
3.96 0.00368929
3.97 0.00341433
3.98 0.00308991
3.99 0.00271496
4 0.00228954
4.01 0.0018149
4.02 0.0012936
4.03 0.00072947
4.04 0.000127527
4.05 -0.000506148
4.06 -0.00116459
4.07 -0.00184017
4.08 -0.00252477
4.09 -0.00321007
4.1 -0.0038877
4.11 -0.00454941
4.12 -0.0051873
4.13 -0.00579386
4.14 -0.00636208
4.15 -0.00688552
4.16 -0.00735828
4.17 -0.00777509
4.18 -0.00813123
4.19 -0.00842263
4.2 -0.00864588
4.21 -0.00879834
4.22 -0.00887827
4.23 -0.00888495
4.24 -0.00881882
4.25 -0.00868158
4.26 -0.00847627
4.27 -0.00820722
4.28 -0.00787991
4.29 -0.00750085
4.3 -0.00707729
4.31 -0.00661692
4.32 -0.00612764
4.33 -0.00561723
4.34 -0.0050932
4.35 -0.00456263
4.36 -0.00403208
4.37 -0.00350759
4.38 -0.00299466
4.39 -0.00249832
4.4 -0.00202307
4.41 -0.00157292
4.42 -0.00115135
4.43 -0.000761171
4.44 -0.000404523
4.45 -8.27167e-05
4.46 0.000203834
4.47 0.000455675
4.48 0.000674338
4.49 0.000862328
4.5 0.00102306
4.51 0.00116075
4.52 0.00128028
4.53 0.00138699
4.54 0.00148646
4.55 0.00158432
4.56 0.00168599
4.57 0.00179646
4.58 0.00192014
4.59 0.0020607
4.6 0.00222102
4.61 0.00240315
4.62 0.00260836
4.63 0.0028372
4.64 0.00308953
4.65 0.00336466
4.66 0.00366134
4.67 0.00397776
4.68 0.00431154
4.69 0.00465963
4.7 0.00501828
4.71 0.00538294
4.72 0.00574828
4.73 0.00610825
4.74 0.00645615
4.75 0.00678487
4.76 0.00708711
4.77 0.00735561
4.78 0.00758347
4.79 0.00776438
4.8 0.00789278
4.81 0.00796406
4.82 0.00797459
4.83 0.00792178
4.84 0.00780407
4.85 0.00762084
4.86 0.00737242
4.87 0.00705997
4.88 0.00668549
4.89 0.00625172
4.9 0.00576217
4.91 0.00522106
4.92 0.00463333
4.93 0.00400461
4.94 0.00334122
4.95 0.0026501
4.96 0.00193878
4.97 0.00121527
4.98 0.000487912
4.99 -0.000234762
5 -0.00094427
5.01 -0.0016324
5.02 -0.00229144
5.03 -0.00291444
5.04 -0.00349535
5.05 -0.0040292
5.06 -0.00451217
5.07 -0.00494157
5.08 -0.00531576
5.09 -0.00563412
5.1 -0.00589686
5.11 -0.0061049
5.12 -0.0062598
5.13 -0.00636368
5.14 -0.00641917
5.15 -0.00642945
5.16 -0.00639825
5.17 -0.00632984
5.18 -0.00622906
5.19 -0.00610122
5.2 -0.00595205
5.21 -0.00578749
5.22 -0.00561353
5.23 -0.00543599
5.24 -0.00526033
5.25 -0.00509138
5.26 -0.00493325
5.27 -0.00478918
5.28 -0.00466142
5.29 -0.00455125
5.3 -0.004459
5.31 -0.00438408
5.32 -0.00432507
5.33 -0.00427985
5.34 -0.00424569
5.35 -0.0042194
5.36 -0.00419741
5.37 -0.0041759
5.38 -0.00415083
5.39 -0.00411804
5.4 -0.00407325
5.41 -0.0040121
5.42 -0.00393018
5.43 -0.00382311
5.44 -0.00368657
5.45 -0.00351648
5.46 -0.0033091
5.47 -0.00306122
5.48 -0.0027704
5.49 -0.0024351
5.5 -0.00205483
5.51 -0.00163028
5.52 -0.0011633
5.53 -0.000656891
5.54 -0.000115093
5.55 0.000457183
5.56 0.00105432
5.57 0.0016702
5.58 0.00229833
5.59 0.00293202
5.6 0.00356445
5.61 0.00418877
5.62 0.00479812
5.63 0.00538568
5.64 0.00594471
5.65 0.00646858
5.66 0.0069509
5.67 0.00738561
5.68 0.00776709
5.69 0.00809031
5.7 0.00835103
5.71 0.00854585
5.72 0.00867243
5.73 0.0087295
5.74 0.00871697
5.75 0.00863595
5.76 0.00848868
5.77 0.0082785
5.78 0.00800967
5.79 0.0076873
5.8 0.0073171
5.81 0.00690522
5.82 0.00645809
5.83 0.00598223
5.84 0.00548415
5.85 0.00497025
5.86 0.00444676
5.87 0.00391972
5.88 0.00339496
5.89 0.00287808
5.9 0.00237438
5.91 0.00188883
5.92 0.00142593
5.93 0.00098959
5.94 0.000582988
5.95 0.000208434
5.96 -0.000132742
5.97 -0.000440246
5.98 -0.000714832
5.99 -0.000958239
6 -0.00117308
6.01 -0.00136269
6.02 -0.00153094
6.03 -0.00168203
6.04 -0.00182034
6.05 -0.00195024
6.06 -0.00207598
6.07 -0.00220158
6.08 -0.00233077
6.09 -0.00246695
6.1 -0.00261311
6.11 -0.00277189
6.12 -0.00294546
6.13 -0.00313554
6.14 -0.00334334
6.15 -0.00356952
6.16 -0.00381409
6.17 -0.0040764
6.18 -0.00435506
6.19 -0.00464788
6.2 -0.00495184
6.21 -0.00526314
6.22 -0.00557718
6.23 -0.00588871
6.24 -0.00619193
6.25 -0.00648067
6.26 -0.00674862
6.27 -0.0069895
6.28 -0.0071973
6.29 -0.00736646
6.3 -0.00749196
6.31 -0.0075695
6.32 -0.00759545
6.33 -0.00756693
6.34 -0.00748176
6.35 -0.00733844
6.36 -0.00713615
6.37 -0.00687472
6.38 -0.00655469
6.39 -0.00617735
6.4 -0.00574477
6.41 -0.0052599
6.42 -0.00472658
6.43 -0.00414956
6.44 -0.00353443
6.45 -0.00288757
6.46 -0.00221602
6.47 -0.00152728
6.48 -0.000829167
6.49 -0.000129582
6.5 0.000563676
6.51 0.00124309
6.52 0.00190159
6.53 0.00253268
6.54 0.00313052
6.55 0.00369002
6.56 0.00420685
6.57 0.00467746
6.58 0.00509906
6.59 0.0054696
6.6 0.00578778
6.61 0.00605296
6.62 0.00626523
6.63 0.00642534
6.64 0.00653478
6.65 0.00659574
6.66 0.00661113
6.67 0.00658458
6.68 0.00652036
6.69 0.00642333
6.7 0.00629879
6.71 0.00615228
6.72 0.00598946
6.73 0.00581582
6.74 0.00563654
6.75 0.00545629
6.76 0.00527911
6.77 0.00510832
6.78 0.00494648
6.79 0.00479543
6.8 0.0046563
6.81 0.00452957
6.82 0.00441515
6.83 0.00431243
6.84 0.0042203
6.85 0.00413716
6.86 0.00406097
6.87 0.00398921
6.88 0.00391891
6.89 0.00384668
6.9 0.00376875
6.91 0.00368102
6.92 0.00357923
6.93 0.00345901
6.94 0.00331608
6.95 0.00314642
6.96 0.00294636
6.97 0.00271281
6.98 0.00244338
6.99 0.00213645
7 0.00179131
7.01 0.00140816
7.02 0.000988107
7.03 0.000533131
7.04 4.60257e-05
7.05 -0.000469713
7.06 -0.00100998
7.07 -0.00157017
7.08 -0.00214525
7.09 -0.00272985
7.1 -0.00331829
7.11 -0.00390465
7.12 -0.00448273
7.13 -0.00504619
7.14 -0.00558851
7.15 -0.00610313
7.16 -0.00658357
7.17 -0.00702354
7.18 -0.00741716
7.19 -0.0077591
7.2 -0.00804476
7.21 -0.00827045
7.22 -0.00843341
7.23 -0.00853198
7.24 -0.00856552
7.25 -0.00853442
7.26 -0.00844005
7.27 -0.00828461
7.28 -0.00807109
7.29 -0.00780313
7.3 -0.00748492
7.31 -0.00712112
7.32 -0.00671681
7.33 -0.00627738
7.34 -0.00580849
7.35 -0.00531602
7.36 -0.004806
7.37 -0.00428454
7.38 -0.00375773
7.39 -0.00323159
7.4 -0.00271189
7.41 -0.00220408
7.42 -0.00171313
7.43 -0.00124342
7.44 -0.000798573
7.45 -0.000381418
7.46 6.12033e-06
7.47 0.000363038
7.48 0.000689231
7.49 0.000985437
7.5 0.00125314
7.51 0.00149444
7.52 0.00171191
7.53 0.00190849
7.54 0.00208732
7.55 0.00225168
7.56 0.00240488
7.57 0.00255027
7.58 0.00269113
7.59 0.0028307
7.6 0.00297211
7.61 0.00311836
7.62 0.00327221
7.63 0.0034361
7.64 0.00361206
7.65 0.00380156
7.66 0.00400542
7.67 0.00422374
7.68 0.00445581
7.69 0.00470009
7.7 0.00495425
7.71 0.00521519
7.72 0.00547918
7.73 0.00574192
7.74 0.00599872
7.75 0.00624458
7.76 0.00647441
7.77 0.00668308
7.78 0.00686559
7.79 0.00701716
7.8 0.00713328
7.81 0.00720983
7.82 0.00724306
7.83 0.00722968
7.84 0.00716689
7.85 0.0070524
7.86 0.00688451
7.87 0.00666213
7.88 0.00638488
7.89 0.00605317
7.9 0.00566823
7.91 0.00523219
7.92 0.0047481
7.93 0.00421991
7.94 0.00365243
7.95 0.0030512
7.96 0.00242239
7.97 0.00177264
7.98 0.00110884
7.99 0.000438014
8 -0.00023288
8.01 -0.000897056
8.02 -0.00154802
8.03 -0.00217964
8.04 -0.00278618
8.05 -0.00336238
8.06 -0.00390344
8.07 -0.00440505
8.08 -0.00486348
8.09 -0.00527557
8.1 -0.00563883
8.11 -0.00595147
8.12 -0.00621247
8.13 -0.00642161
8.14 -0.00657951
8.15 -0.00668762
8.16 -0.0067482
8.17 -0.00676422
8.18 -0.00673934
8.19 -0.00667772
8.2 -0.00658391
8.21 -0.00646272
8.22 -0.00631904
8.23 -0.00615769
8.24 -0.0059833
8.25 -0.0058002
8.26 -0.00561232
8.27 -0.00542314
8.28 -0.00523564
8.29 -0.00505234
8.3 -0.00487525
8.31 -0.0047059
8.32 -0.00454536
8.33 -0.00439419
8.34 -0.00425247
8.35 -0.00411974
8.36 -0.003995
8.37 -0.00387666
8.38 -0.00376257
8.39 -0.00365005
8.4 -0.00353591
8.41 -0.00341662
8.42 -0.00328834
8.43 -0.00314718
8.44 -0.00298928
8.45 -0.00281099
8.46 -0.00260904
8.47 -0.00238062
8.48 -0.0021235
8.49 -0.00183607
8.5 -0.00151738
8.51 -0.00116715
8.52 -0.000785754
8.53 -0.00037419
8.54 6.59261e-05
8.55 0.000532396
8.56 0.00102246
8.57 0.0015328
8.58 0.0020596
8.59 0.00259852
8.6 0.00314472
8.61 0.00369297
8.62 0.00423763
8.63 0.00477273
8.64 0.00529213
8.65 0.00578956
8.66 0.0062588
8.67 0.00669385
8.68 0.00708902
8.69 0.00743914
8.7 0.00773965
8.71 0.00798677
8.72 0.00817749
8.73 0.00830967
8.74 0.00838204
8.75 0.00839414
8.76 0.00834633
8.77 0.00823966
8.78 0.00807589
8.79 0.00785738
8.8 0.00758707
8.81 0.00726847
8.82 0.00690559
8.83 0.00650295
8.84 0.00606553
8.85 0.00559873
8.86 0.00510827
8.87 0.00460012
8.88 0.00408033
8.89 0.00355496
8.9 0.00302986
8.91 0.00251057
8.92 0.00200218
8.93 0.00150922
8.94 0.00103555
8.95 0.000584323
8.96 0.000157978
8.97 -0.000241798
8.98 -0.000614017
8.99 -0.000958352
9 -0.00127508
9.01 -0.00156501
9.02 -0.00182944
9.03 -0.00207005
9.04 -0.00228891
9.05 -0.00248837
9.06 -0.00267104
9.07 -0.00283976
9.08 -0.00299751
9.09 -0.00314742
9.1 -0.00329263
9.11 -0.00343625
9.12 -0.00358124
9.13 -0.0037303
9.14 -0.00388574
9.15 -0.00404939
9.16 -0.00422248
9.17 -0.00440555
9.18 -0.00459845
9.19 -0.00480029
9.2 -0.00500949
9.21 -0.00522385
9.22 -0.00544061
9.23 -0.00565656
9.24 -0.00586815
9.25 -0.00607154
9.26 -0.00626275
9.27 -0.0064377
9.28 -0.00659223
9.29 -0.00672223
9.3 -0.00682362
9.31 -0.00689245
9.32 -0.00692493
9.33 -0.00691754
9.34 -0.00686707
9.35 -0.00677078
9.36 -0.0066264
9.37 -0.00643234
9.38 -0.00618769
9.39 -0.0058923
9.4 -0.00554688
9.41 -0.00515298
9.42 -0.00471297
9.43 -0.00423003
9.44 -0.0037081
9.45 -0.00315174
9.46 -0.00256607
9.47 -0.00195662
9.48 -0.00132924
9.49 -0.000689967
9.5 -4.4921e-05
9.51 0.000599776
9.52 0.00123808
9.53 0.00186408
9.54 0.00247207
9.55 0.00305658
9.56 0.00361244
9.57 0.00413484
9.58 0.00461944
9.59 0.00506238
9.6 0.00546047
9.61 0.00581117
9.62 0.00611274
9.63 0.00636425
9.64 0.0065656
9.65 0.00671753
9.66 0.00682156
9.67 0.00687989
9.68 0.00689534
9.69 0.00687122
9.7 0.00681118
9.71 0.00671916
9.72 0.00659919
9.73 0.0064554
9.74 0.00629185
9.75 0.00611253
9.76 0.00592124
9.77 0.00572162
9.78 0.00551704
9.79 0.00531059
9.8 0.00510501
9.81 0.00490267
9.82 0.00470549
9.83 0.0045149
9.84 0.00433179
9.85 0.00415648
9.86 0.00398871
9.87 0.00382759
9.88 0.00367168
9.89 0.00351898
9.9 0.00336706
9.91 0.0032131
9.92 0.00305407
9.93 0.00288678
9.94 0.00270808
9.95 0.00251493
9.96 0.00230453
9.97 0.00207441
9.98 0.00182245
9.99 0.00154699
10 0.0012468
10.01 0.000921111
10.02 0.000569632
10.03 0.000192558
10.04 -0.000209415
10.05 -0.000635066
10.06 -0.00108262
10.07 -0.00154974
10.08 -0.00203348
10.09 -0.00253033
10.1 -0.00303619
10.11 -0.00354646
10.12 -0.00405609
10.13 -0.0045597
10.14 -0.00505166
10.15 -0.00552624
10.16 -0.00597777
10.17 -0.00640072
10.18 -0.00678985
10.19 -0.00714033
10.2 -0.00744779
10.21 -0.00770843
10.22 -0.00791904
10.23 -0.00807704
10.24 -0.00818051
10.25 -0.00822818
10.26 -0.00821944
10.27 -0.00815434
10.28 -0.00803356
10.29 -0.00785846
10.3 -0.00763101
10.31 -0.00735384
10.32 -0.0070302
10.33 -0.00666391
10.34 -0.00625938
10.35 -0.00582147
10.36 -0.00535544
10.37 -0.00486683
10.38 -0.00436136
10.39 -0.00384474
10.4 -0.00332258
10.41 -0.00280024
10.42 -0.00228272
10.43 -0.00177458
10.44 -0.00127986
10.45 -0.000802085
10.46 -0.000344182
10.47 9.146e-05
10.48 0.000503005
10.49 0.000889149
10.5 0.0012491
10.51 0.00158258
10.52 0.00188979
10.53 0.00217141
10.54 0.0024286
10.55 0.00266295
10.56 0.00287645
10.57 0.00307148
10.58 0.00325066
10.59 0.00341687
10.6 0.00357305
10.61 0.00372217
10.62 0.00386709
10.63 0.00401042
10.64 0.00415447
10.65 0.00430112
10.66 0.0044518
10.67 0.00460736
10.68 0.00476812
10.69 0.00493385
10.7 0.00510377
10.71 0.0052766
10.72 0.00545059
10.73 0.00562361
10.74 0.00579316
10.75 0.00595645
10.76 0.00611041
10.77 0.00625176
10.78 0.00637706
10.79 0.00648269
10.8 0.00656497
10.81 0.0066202
10.82 0.00664473
10.83 0.00663505
10.84 0.00658791
10.85 0.00650043
10.86 0.00637019
10.87 0.00619535
10.88 0.00597472
10.89 0.00570781
10.9 0.00539488
10.91 0.00503692
10.92 0.00463565
10.93 0.00419347
10.94 0.0037134
10.95 0.00319902
10.96 0.00265441
10.97 0.00208406
10.98 0.00149281
10.99 0.000885796
11 0.000268398
11.01 -0.000353846
11.02 -0.000975288
11.03 -0.00159024
11.04 -0.00219304
11.05 -0.00277814
11.06 -0.0033402
11.07 -0.00387419
11.08 -0.00437543
11.09 -0.00483977
11.1 -0.00526361
11.11 -0.00564403
11.12 -0.00597879
11.13 -0.00626641
11.14 -0.00650616
11.15 -0.00669803
11.16 -0.00684272
11.17 -0.00694156
11.18 -0.00699642
11.19 -0.00700966
11.2 -0.00698402
11.21 -0.00692255
11.22 -0.00682856
11.23 -0.00670552
11.24 -0.00655705
11.25 -0.00638683
11.26 -0.00619858
11.27 -0.00599598
11.28 -0.00578262
11.29 -0.00556194
11.3 -0.00533711
11.31 -0.00511101
11.32 -0.00488609
11.33 -0.00466434
11.34 -0.00444724
11.35 -0.00423568
11.36 -0.00403
11.37 -0.00382997
11.38 -0.00363481
11.39 -0.00344332
11.4 -0.00325385
11.41 -0.00306445
11.42 -0.00287294
11.43 -0.00267699
11.44 -0.0024742
11.45 -0.00226217
11.46 -0.00203862
11.47 -0.00180136
11.48 -0.00154842
11.49 -0.00127805
11.5 -0.000988775
11.51 -0.000679448
11.52 -0.000349277
11.53 2.11889e-06
11.54 0.00037467
11.55 0.000767804
11.56 0.00118041
11.57 0.0016108
11.58 0.00205671
11.59 0.00251529
11.6 0.00298313
11.61 0.00345631
11.62 0.0039305
11.63 0.00440104
11.64 0.00486301
11.65 0.0053114
11.66 0.00574117
11.67 0.00614739
11.68 0.0065253
11.69 0.00687041
11.7 0.00717854
11.71 0.00744589
11.72 0.00766907
11.73 0.00784515
11.74 0.0079717
11.75 0.00804679
11.76 0.00806908
11.77 0.00803786
11.78 0.007953
11.79 0.0078151
11.8 0.0076254
11.81 0.00738583
11.82 0.00709898
11.83 0.00676809
11.84 0.00639691
11.85 0.00598972
11.86 0.00555119
11.87 0.00508625
11.88 0.00460005
11.89 0.00409778
11.9 0.00358462
11.91 0.00306559
11.92 0.00254554
11.93 0.00202901
11.94 0.00152021
11.95 0.00102299
11.96 0.00054078
11.97 7.65978e-05
11.98 -0.000366988
11.99 -0.000787871
12 -0.00118443
12.01 -0.00155553
12.02 -0.00190056
12.03 -0.00221944
12.04 -0.0025126
12.05 -0.00278098
12.06 -0.00302598
12.07 -0.00324942
12.08 -0.00345346
12.09 -0.00364049
12.1 -0.00381308
12.11 -0.0039738
12.12 -0.00412521
12.13 -0.00426968
12.14 -0.00440936
12.15 -0.00454612
12.16 -0.00468147
12.17 -0.00481655
12.18 -0.0049521
12.19 -0.00508848
12.2 -0.00522562
12.21 -0.00536307
12.22 -0.0055
12.23 -0.00563517
12.24 -0.00576697
12.25 -0.00589346
12.26 -0.00601233
12.27 -0.00612098
12.28 -0.00621652
12.29 -0.00629584
12.3 -0.00635569
12.31 -0.0063927
12.32 -0.00640355
12.33 -0.00638498
12.34 -0.00633397
12.35 -0.00624778
12.36 -0.00612405
12.37 -0.00596093
12.38 -0.00575707
12.39 -0.00551173
12.4 -0.00522475
12.41 -0.00489659
12.42 -0.0045283
12.43 -0.00412151
12.44 -0.00367841
12.45 -0.00320167
12.46 -0.00269447
12.47 -0.0021604
12.48 -0.0016035
12.49 -0.00102815
12.5 -0.000439103
12.51 0.00015864
12.52 0.000759836
12.53 0.00135909
12.54 0.00195096
12.55 0.00253003
12.56 0.003091
12.57 0.00362884
12.58 0.00413885
12.59 0.00461676
12.6 0.0050588
12.61 0.00546178
12.62 0.0058231
12.63 0.00614081
12.64 0.00641356
12.65 0.00664066
12.66 0.00682197
12.67 0.00695795
12.68 0.00704958
12.69 0.00709829
12.7 0.00710599
12.71 0.00707497
12.72 0.00700785
12.73 0.0069076
12.74 0.00677742
12.75 0.0066207
12.76 0.00644101
12.77 0.00624196
12.78 0.00602716
12.79 0.00580013
12.8 0.0055642
12.81 0.00532247
12.82 0.00507765
12.83 0.00483207
12.84 0.00458761
12.85 0.00434566
12.86 0.0041071
12.87 0.00387234
12.88 0.00364136
12.89 0.00341371
12.9 0.00318858
12.91 0.00296487
12.92 0.00274122
12.93 0.0025161
12.94 0.00228779
12.95 0.0020545
12.96 0.00181438
12.97 0.00156556
12.98 0.00130622
12.99 0.00103464
13 0.000749248
13.01 0.000448685
13.02 0.000131891
13.03 -0.000201848
13.04 -0.00055283
13.05 -0.00092089
13.06 -0.00130536
13.07 -0.00170503
13.08 -0.00211818
13.09 -0.00254255
13.1 -0.00297539
13.11 -0.00341351
13.12 -0.00385334
13.13 -0.00429101
13.14 -0.00472239
13.15 -0.00514322
13.16 -0.00554914
13.17 -0.00593579
13.18 -0.00629889
13.19 -0.00663423
13.2 -0.00693783
13.21 -0.0072059
13.22 -0.00743495
13.23 -0.00762181
13.24 -0.00776372
13.25 -0.00785835
13.26 -0.00790391
13.27 -0.00789915
13.28 -0.00784344
13.29 -0.00773679
13.3 -0.00757987
13.31 -0.00737403
13.32 -0.00712123
13.33 -0.00682406
13.34 -0.00648564
13.35 -0.00610954
13.36 -0.00569974
13.37 -0.00526051
13.38 -0.00479636
13.39 -0.00431191
13.4 -0.00381187
13.41 -0.00330092
13.42 -0.0027837
13.43 -0.00226469
13.44 -0.00174824
13.45 -0.00123843
13.46 -0.000739085
13.47 -0.000253689
13.48 0.000214639
13.49 0.000663204
13.5 0.00108977
13.51 0.0014926
13.52 0.00187047
13.53 0.00222269
13.54 0.00254908
13.55 0.00284998
13.56 0.00312619
13.57 0.00337891
13.58 0.00360969
13.59 0.00382034
13.6 0.00401285
13.61 0.00418932
13.62 0.00435188
13.63 0.00450258
13.64 0.00464339
13.65 0.00477611
13.66 0.00490234
13.67 0.00502345
13.68 0.00514053
13.69 0.00525443
13.7 0.00536564
13.71 0.00547436
13.72 0.00558043
13.73 0.00568332
13.74 0.00578211
13.75 0.00587551
13.76 0.00596186
13.77 0.00603916
13.78 0.00610507
13.79 0.00615703
13.8 0.00619227
13.81 0.00620793
13.82 0.00620112
13.83 0.00616899
13.84 0.00610889
13.85 0.00601834
13.86 0.0058952
13.87 0.00573765
13.88 0.00554431
13.89 0.0053142
13.9 0.00504683
13.91 0.00474217
13.92 0.0044007
13.93 0.00402338
13.94 0.00361166
13.95 0.0031675
13.96 0.00269333
13.97 0.00219204
13.98 0.00166701
13.99 0.00112201
14 0.00056121
14.01 -1.08718e-05
14.02 -0.000589457
14.03 -0.00116957
14.04 -0.00174611
14.05 -0.00231398
14.06 -0.00286817
14.07 -0.0034038
14.08 -0.00391631
14.09 -0.00440144
14.1 -0.00485535
14.11 -0.00527464
14.12 -0.00565642
14.13 -0.00599829
14.14 -0.00629837
14.15 -0.0065553
14.16 -0.00676827
14.17 -0.00693695
14.18 -0.00706154
14.19 -0.00714273
14.2 -0.0071817
14.21 -0.00718008
14.22 -0.00713993
14.23 -0.0070637
14.24 -0.00695418
14.25 -0.00681444
14.26 -0.00664776
14.27 -0.00645754
14.28 -0.00624723
14.29 -0.00602024
14.3 -0.00577988
14.31 -0.00552922
14.32 -0.00527113
14.33 -0.00500811
14.34 -0.00474235
14.35 -0.00447565
14.36 -0.00420943
14.37 -0.00394471
14.38 -0.00368214
14.39 -0.00342203
14.4 -0.00316434
14.41 -0.00290874
14.42 -0.00265459
14.43 -0.00240102
14.44 -0.00214695
14.45 -0.00189107
14.46 -0.00163197
14.47 -0.0013681
14.48 -0.00109787
14.49 -0.000819707
14.5 -0.000532121
14.51 -0.000233764
14.52 7.64846e-05
14.53 0.000399454
14.54 0.000735624
14.55 0.00108507
14.56 0.00144745
14.57 0.00182195
14.58 0.00220732
14.59 0.00260186
14.6 0.00300346
14.61 0.00340963
14.62 0.00381754
14.63 0.00422405
14.64 0.00462581
14.65 0.00501924
14.66 0.0054006
14.67 0.00576609
14.68 0.00611182
14.69 0.00643393
14.7 0.00672862
14.71 0.0069922
14.72 0.00722119
14.73 0.00741236
14.74 0.0075628
14.75 0.00767
14.76 0.00773191
14.77 0.00774698
14.78 0.00771424
14.79 0.00763328
14.8 0.00750431
14.81 0.00732811
14.82 0.00710607
14.83 0.00684012
14.84 0.00653269
14.85 0.00618664
14.86 0.00580527
14.87 0.00539217
14.88 0.00495122
14.89 0.00448653
14.9 0.00400234
14.91 0.00350303
14.92 0.002993
14.93 0.00247665
14.94 0.00195834
14.95 0.00144228
14.96 0.000932489
14.97 0.000432738
14.98 -5.35207e-05
14.99 -0.000523209
15 -0.000973673
15.01 -0.00140272
15.02 -0.00180865
15.03 -0.00219025
15.04 -0.00254679
15.05 -0.00287803
15.06 -0.00318412
15.07 -0.00346564
15.08 -0.00372348
15.09 -0.00395882
15.1 -0.00417307
15.11 -0.00436777
15.12 -0.00454462
15.13 -0.00470535
15.14 -0.0048517
15.15 -0.00498539
15.16 -0.00510805
15.17 -0.0052212
15.18 -0.00532619
15.19 -0.00542418
15.2 -0.00551607
15.21 -0.00560249
15.22 -0.00568376
15.23 -0.00575983
15.24 -0.00583034
15.25 -0.00589452
15.26 -0.00595125
15.27 -0.0059991
15.28 -0.00603632
15.29 -0.00606091
15.3 -0.00607069
15.31 -0.00606335
15.32 -0.00603653
15.33 -0.00598788
15.34 -0.00591513
15.35 -0.00581614
15.36 -0.005689
15.37 -0.00553198
15.38 -0.00534367
15.39 -0.00512297
15.4 -0.00486912
15.41 -0.00458174
15.42 -0.00426085
15.43 -0.00390692
15.44 -0.00352086
15.45 -0.00310406
15.46 -0.00265838
15.47 -0.00218616
15.48 -0.00169021
15.49 -0.00117375
15.5 -0.000640441
15.51 -9.4264e-05
15.52 0.000460508
15.53 0.00101939
15.54 0.00157775
15.55 0.00213092
15.56 0.00267424
15.57 0.00320315
15.58 0.00371326
15.59 0.00420042
15.6 0.00466077
15.61 0.00509077
15.62 0.00548725
15.63 0.00584747
15.64 0.00616908
15.65 0.00645022
15.66 0.00668948
15.67 0.00688596
15.68 0.00703922
15.69 0.00714937
15.7 0.00721698
15.71 0.00724313
15.72 0.00722935
15.73 0.0071776
15.74 0.00709022
15.75 0.00696985
15.76 0.00681938
15.77 0.00664187
15.78 0.00644049
15.79 0.00621842
15.8 0.00597879
15.81 0.00572463
15.82 0.00545879
15.83 0.00518394
15.84 0.00490248
15.85 0.00461657
15.86 0.00432807
15.87 0.00403853
15.88 0.0037492
15.89 0.00346102
15.9 0.0031746
15.91 0.00289024
15.92 0.00260793
15.93 0.00232738
15.94 0.00204801
15.95 0.00176901
15.96 0.00148937
15.97 0.00120792
15.98 0.000923402
15.99 0.000634504
16 0.000339955
16.01 3.85767e-05
16.02 -0.000270649
16.03 -0.000588524
16.04 -0.000915581
16.05 -0.00125204
16.06 -0.0015978
16.07 -0.00195239
16.08 -0.00231498
16.09 -0.00268438
16.1 -0.00305906
16.11 -0.00343715
16.12 -0.00381647
16.13 -0.00419456
16.14 -0.00456868
16.15 -0.00493585
16.16 -0.0052929
16.17 -0.0056365
16.18 -0.00596318
16.19 -0.00626943
16.2 -0.0065517
16.21 -0.00680653
16.22 -0.00703057
16.23 -0.00722067
16.24 -0.00737395
16.25 -0.00748786
16.26 -0.00756026
16.27 -0.00758944
16.28 -0.00757417
16.29 -0.00751372
16.3 -0.00740789
16.31 -0.007257
16.32 -0.00706187
16.33 -0.00682381
16.34 -0.00654462
16.35 -0.0062265
16.36 -0.00587209
16.37 -0.00548439
16.38 -0.00506672
16.39 -0.00462268
16.4 -0.00415613
16.41 -0.0036711
16.42 -0.00317176
16.43 -0.00266234
16.44 -0.00214711
16.45 -0.00163024
16.46 -0.00111582
16.47 -0.0006077
16.48 -0.0001095
16.49 0.000375488
16.5 0.000844333
16.51 0.0012945
16.52 0.00172389
16.53 0.00213082
16.54 0.00251404
16.55 0.00287274
16.56 0.00320647
16.57 0.00351518
16.58 0.00379914
16.59 0.00405893
16.6 0.00429537
16.61 0.00450954
16.62 0.0047027
16.63 0.00487624
16.64 0.00503167
16.65 0.00517057
16.66 0.00529453
16.67 0.00540509
16.68 0.00550371
16.69 0.00559172
16.7 0.00567025
16.71 0.00574019
16.72 0.00580219
16.73 0.00585656
16.74 0.00590333
16.75 0.0059422
16.76 0.00597254
16.77 0.00599345
16.78 0.00600376
16.79 0.00600206
16.8 0.00598675
16.81 0.00595611
16.82 0.00590832
16.83 0.00584151
16.84 0.00575383
16.85 0.00564347
16.86 0.00550874
16.87 0.00534805
16.88 0.00516003
16.89 0.0049435
16.9 0.00469757
16.91 0.00442165
16.92 0.00411548
16.93 0.00377919
16.94 0.00341333
16.95 0.00301888
16.96 0.00259725
16.97 0.00215033
16.98 0.00168043
16.99 0.00119028
17 0.000683005
17.01 0.000162051
17.02 -0.000368847
17.03 -0.00090573
17.04 -0.00144448
17.05 -0.00198088
17.06 -0.00251067
17.07 -0.00302962
17.08 -0.00353357
17.09 -0.00401851
17.1 -0.00448059
17.11 -0.0049162
17.12 -0.00532202
17.13 -0.00569503
17.14 -0.00603258
17.15 -0.00633241
17.16 -0.00659271
17.17 -0.0068121
17.18 -0.00698971
17.19 -0.00712514
17.2 -0.00721849
17.21 -0.00727033
17.22 -0.00728171
17.23 -0.00725408
17.24 -0.00718928
17.25 -0.00708949
17.26 -0.00695712
17.27 -0.00679485
17.28 -0.00660546
17.29 -0.00639185
17.3 -0.00615693
17.31 -0.0059036
17.32 -0.00563471
17.33 -0.00535297
17.34 -0.00506099
17.35 -0.00476117
17.36 -0.00445572
17.37 -0.00414659
17.38 -0.0038355
17.39 -0.00352387
17.4 -0.00321282
17.41 -0.00290316
17.42 -0.00259541
17.43 -0.00228976
17.44 -0.00198613
17.45 -0.00168416
17.46 -0.00138329
17.47 -0.00108278
17.48 -0.000781738
17.49 -0.000479233
17.5 -0.0001743
17.51 0.000133983
17.52 0.000446446
17.53 0.000763782
17.54 0.0010865
17.55 0.00141492
17.56 0.00174908
17.57 0.00208879
17.58 0.00243358
17.59 0.00278269
17.6 0.00313505
17.61 0.00348932
17.62 0.00384385
17.63 0.00419672
17.64 0.00454571
17.65 0.00488836
17.66 0.00522199
17.67 0.0055437
17.68 0.00585046
17.69 0.00613912
17.7 0.00640649
17.71 0.0066494
17.72 0.00686475
17.73 0.0070496
17.74 0.0072012
17.75 0.00731709
17.76 0.0073951
17.77 0.00743344
17.78 0.0074307
17.79 0.00738592
17.8 0.00729852
17.81 0.00716843
17.82 0.00699597
17.83 0.00678195
17.84 0.00652759
17.85 0.00623456
17.86 0.00590494
17.87 0.00554117
17.88 0.00514611
17.89 0.0047229
17.9 0.004275
17.91 0.00380609
17.92 0.00332005
17.93 0.00282087
17.94 0.00231261
17.95 0.00179933
17.96 0.001285
17.97 0.000773465
17.98 0.00026837
17.99 -0.000226883
18 -0.000709178
18.01 -0.00117572
18.02 -0.00162408
18.03 -0.00205215
18.04 -0.00245823
18.05 -0.00284098
18.06 -0.00319941
18.07 -0.0035329
18.08 -0.00384116
18.09 -0.00412424
18.1 -0.00438246
18.11 -0.00461645
18.12 -0.00482706
18.13 -0.00501536
18.14 -0.00518259
18.15 -0.00533012
18.16 -0.00545939
18.17 -0.00557186
18.18 -0.00566896
18.19 -0.00575206
18.2 -0.00582236
18.21 -0.00588092
18.22 -0.00592857
18.23 -0.00596591
18.24 -0.0059933
18.25 -0.00601081
18.26 -0.00601828
18.27 -0.0060153
18.28 -0.00600122
18.29 -0.00597519
18.3 -0.00593616
18.31 -0.00588296
18.32 -0.00581426
18.33 -0.00572866
18.34 -0.0056247
18.35 -0.0055009
18.36 -0.00535581
18.37 -0.00518802
18.38 -0.00499627
18.39 -0.00477943
18.4 -0.00453656
18.41 -0.004267
18.42 -0.00397035
18.43 -0.00364656
18.44 -0.00329594
18.45 -0.00291917
18.46 -0.00251734
18.47 -0.00209194
18.48 -0.00164484
18.49 -0.00117831
18.5 -0.000694958
18.51 -0.000197705
18.52 0.000310242
18.53 0.000825443
18.54 0.00134427
18.55 0.00186295
18.56 0.00237763
18.57 0.00288438
18.58 0.00337931
18.59 0.00385856
18.6 0.00431837
18.61 0.00475515
18.62 0.00516549
18.63 0.00554626
18.64 0.0058946
18.65 0.00620804
18.66 0.00648447
18.67 0.0067222
18.68 0.00691998
18.69 0.00707704
18.7 0.00719305
18.71 0.00726814
18.72 0.00730286
18.73 0.00729818
18.74 0.00725545
18.75 0.00717634
18.76 0.00706282
18.77 0.00691711
18.78 0.00674163
18.79 0.00653894
18.8 0.00631174
18.81 0.00606276
18.82 0.00579477
18.83 0.00551053
18.84 0.0052127
18.85 0.00490387
18.86 0.00458645
18.87 0.0042627
18.88 0.00393464
18.89 0.00360405
18.9 0.00327244
18.91 0.00294104
18.92 0.00261076
18.93 0.00228227
18.94 0.00195592
18.95 0.00163183
18.96 0.0013099
18.97 0.000989821
18.98 0.000671155
18.99 0.000353352
19 3.5805e-05
19.01 -0.000282114
19.02 -0.000601009
19.03 -0.000921423
19.04 -0.00124381
19.05 -0.00156848
19.06 -0.00189561
19.07 -0.00222519
19.08 -0.00255698
19.09 -0.00289054
19.1 -0.00322517
19.11 -0.00355991
19.12 -0.00389354
19.13 -0.00422455
19.14 -0.00455118
19.15 -0.00487141
19.16 -0.00518298
19.17 -0.00548345
19.18 -0.00577019
19.19 -0.00604048
19.2 -0.0062915
19.21 -0.00652045
19.22 -0.00672455
19.23 -0.00690111
19.24 -0.00704761
19.25 -0.00716169
19.26 -0.00724125
19.27 -0.00728447
19.28 -0.00728983
19.29 -0.00725616
19.3 -0.00718264
19.31 -0.00706885
19.32 -0.00691474
19.33 -0.0067207
19.34 -0.00648752
19.35 -0.00621641
19.36 -0.00590898
19.37 -0.00556724
19.38 -0.00519359
19.39 -0.00479077
19.4 -0.00436182
19.41 -0.00391006
19.42 -0.00343902
19.43 -0.00295239
19.44 -0.00245395
19.45 -0.00194754
19.46 -0.00143696
19.47 -0.000925955
19.48 -0.000418129
19.49 8.30758e-05
19.5 0.000574428
19.51 0.00105294
19.52 0.00151591
19.53 0.0019609
19.54 0.00238582
19.55 0.00278889
19.56 0.00316867
19.57 0.00352406
19.58 0.0038543
19.59 0.00415897
19.6 0.00443796
19.61 0.00469148
19.62 0.00491999
19.63 0.00512424
19.64 0.00530514
19.65 0.0054638
19.66 0.00560144
19.67 0.00571933
19.68 0.00581879
19.69 0.00590111
19.7 0.00596748
19.71 0.00601902
19.72 0.0060567
19.73 0.0060813
19.74 0.00609346
19.75 0.00609358
19.76 0.0060819
19.77 0.00605842
19.78 0.00602297
19.79 0.00597516
19.8 0.00591445
19.81 0.00584012
19.82 0.0057513
19.83 0.005647
19.84 0.00552614
19.85 0.00538756
19.86 0.0052301
19.87 0.00505259
19.88 0.00485392
19.89 0.00463311
19.9 0.0043893
19.91 0.00412185
19.92 0.00383033
19.93 0.00351461
19.94 0.00317484
19.95 0.00281151
19.96 0.00242544
19.97 0.00201778
19.98 0.00159004
19.99 0.00114405
20 0.000681968
