0.01 -0.0600137 -0.0615363 -0.0615639
0.02 -0.113933 -0.122521 -0.12281
0.03 -0.156972 -0.182007 -0.183451
0.04 -0.186312 -0.23831 -0.243079
0.05 -0.201476 -0.289038 -0.301019
0.06 -0.204185 -0.331412 -0.35614
0.07 -0.197759 -0.362819 -0.406674
0.08 -0.186232 -0.381408 -0.450139
0.09 -0.173399 -0.38654 -0.483424
0.1 -0.16203 -0.378958 -0.503086
0.11 -0.15341 -0.360582 -0.505835
0.12 -0.147272 -0.333984 -0.489125
0.13 -0.142096 -0.301687 -0.451735
0.14 -0.135636 -0.265474 -0.39418
0.15 -0.125516 -0.225935 -0.31884
0.16 -0.10975 -0.18237 -0.229749
0.17 -0.0870569 -0.133107 -0.132039
0.18 -0.0569551 -0.0761458 -0.031169
0.19 -0.0196765 -0.00995487 0.0679281
0.2 0.0240146 0.0658048 0.161569
0.21 0.0729935 0.149834 0.247773
0.22 0.125865 0.239162 0.326327
0.23 0.180955 0.329539 0.398469
0.24 0.236234 0.416162 0.466262
0.25 0.28927 0.494526 0.531812
0.26 0.337279 0.561201 0.596521
0.27 0.377347 0.614306 0.660547
0.28 0.406816 0.6536 0.722572
0.29 0.423775 0.680164 0.779927
0.3 0.427515 0.695806 0.829028
0.31 0.418825 0.702358 0.865978
0.32 0.400001 0.701084 0.887225
0.33 0.374505 0.692342 0.890109
0.34 0.346327 0.6756 0.873206
0.35 0.319163 0.649755 0.836434
0.36 0.295607 0.613646 0.78094
0.37 0.276556 0.566591 0.708846
0.38 0.260981 0.508762 0.622926
0.39 0.246159 0.441313 0.52631
0.4 0.22832 0.366204 0.422255
0.41 0.203556 0.285815 0.313985
0.42 0.168806 0.202464 0.204586
0.43 0.122654 0.11801 0.0969082
0.44 0.0657709 0.0336531 -0.00655241
0.45 0.00089506 -0.0499881 -0.103802
0.46 -0.0676447 -0.132571 -0.193498
0.47 -0.13473 -0.213588 -0.275056
0.48 -0.195388 -0.291963 -0.348644
0.49 -0.245643 -0.365826 -0.415028
0.5 -0.283099 -0.432571 -0.475264
0.51 -0.307149 -0.489206 -0.530281
0.52 -0.318809 -0.532914 -0.580435
0.53 -0.320249 -0.561674 -0.625158
0.54 -0.314191 -0.574747 -0.662807
0.55 -0.303309 -0.572897 -0.690776
0.56 -0.289788 -0.558244 -0.705886
0.57 -0.275098 -0.533794 -0.704999
0.58 -0.259991 -0.502753 -0.685707
0.59 -0.244655 -0.467811 -0.646965
0.6 -0.22892 -0.43059 -0.589507
0.61 -0.212449 -0.39142 -0.515935
0.62 -0.194831 -0.349482 -0.430446
0.63 -0.175589 -0.303297 -0.338258
0.64 -0.154142 -0.251408 -0.244844
0.65 -0.12979 -0.193068 -0.155143
0.66 -0.101789 -0.128746 -0.0729163
0.67 -0.0695434 -0.0602986 -0.00037688
0.68 -0.0328977 0.0092201 0.0618508
0.69 0.00754938 0.0760656 0.114453
0.7 0.050217 0.136477 0.158924
0.71 0.0925035 0.187338 0.196969
0.72 0.131004 0.226645 0.229963
0.73 0.161988 0.253684 0.258559
0.74 0.182047 0.268884 0.282538
0.75 0.188794 0.273415 0.300878
0.76 0.181421 0.268688 0.312
0.77 0.160976 0.255892 0.314107
0.78 0.130263 0.235721 0.305524
0.79 0.0933509 0.208354 0.284967
0.8 0.0548105 0.173665 0.25172
0.81 0.018816 0.131584 0.205706
0.82 -0.0116571 0.0824652 0.147491
0.83 -0.0353631 0.0273275 0.0782702
0.84 -0.0529203 -0.0321143 -0.000157701
0.85 -0.0665207 -0.0936544 -0.0854043
0.86 -0.0792945 -0.15497 -0.174522
0.87 -0.0944861 -0.214044 -0.264088
0.88 -0.11464 -0.269503 -0.350379
0.89 -0.140984 -0.320746 -0.429647
0.9 -0.17314 -0.367826 -0.498483
0.91 -0.209207 -0.411098 -0.554213
0.92 -0.246157 -0.450761 -0.595237
0.93 -0.280442 -0.486412 -0.621222
0.94 -0.308634 -0.516791 -0.633085
0.95 -0.327967 -0.539789 -0.632738
0.96 -0.336674 -0.55276 -0.622623
0.97 -0.334075 -0.553053 -0.605134
0.98 -0.320464 -0.538635 -0.582049
0.99 -0.296866 -0.508634 -0.554102
1 -0.264757 -0.463642 -0.520817
1.01 -0.225839 -0.405686 -0.480631
1.02 -0.181902 -0.337881 -0.431314
1.03 -0.134765 -0.263825 -0.37058
1.04 -0.0862634 -0.186925 -0.296751
1.05 -0.0382079 -0.109807 -0.209334
1.06 0.0077194 -0.0339684 -0.109368
1.07 0.0501465 0.0402351 0.000526117
1.08 0.0882372 0.1133 0.116413
1.09 0.121889 0.186058 0.233544
1.1 0.151817 0.259102 0.346995
1.11 0.179462 0.332309 0.452296
1.12 0.206687 0.404597 0.54592
1.13 0.235311 0.473972 0.625565
1.14 0.266571 0.537843 0.690189
1.15 0.300641 0.593496 0.739836
1.16 0.336355 0.638593 0.775324
1.17 0.371218 0.671554 0.797887
1.18 0.401746 0.691722 0.808848
1.19 0.424083 0.69929 0.809397
1.2 0.434761 0.695028 0.800463
1.21 0.431437 0.67993 0.782697
1.22 0.413428 0.654887 0.756497
1.23 0.38192 0.620512 0.722071
1.24 0.33979 0.577152 0.679474
1.25 0.291073 0.525091 0.628653
1.26 0.240216 0.464841 0.569493
1.27 0.191268 0.397431 0.50189
1.28 0.147203 0.324562 0.425896
1.29 0.109513 0.24857 0.341901
1.3 0.0781504 0.172167 0.250861
1.31 0.0517922 0.0980408 0.154486
1.32 0.0283572 0.0284181 0.0553421
1.33 0.00561531 -0.0352851 -0.0431972
1.34 -0.0182471 -0.0926029 -0.137186
1.35 -0.0442334 -0.143907 -0.222509
1.36 -0.0723764 -0.190057 -0.295397
1.37 -0.10181 -0.231921 -0.352947
1.38 -0.131016 -0.269885 -0.393548
1.39 -0.158145 -0.303514 -0.417099
1.4 -0.181337 -0.331467 -0.424958
1.41 -0.198947 -0.351695 -0.419631
1.42 -0.209675 -0.361886 -0.404246
1.43 -0.212602 -0.36004 -0.381932
1.44 -0.207187 -0.345015 -0.355243
1.45 -0.193261 -0.316901 -0.325734
1.46 -0.171077 -0.277125 -0.293805
1.47 -0.141389 -0.228241 -0.258816
1.48 -0.105546 -0.173488 -0.219455
1.49 -0.0655258 -0.116209 -0.174251
1.5 -0.0238605 -0.059306 -0.122121
1.51 0.0165836 -0.0048511 -0.0628201
1.52 0.0529689 0.0460468 0.00280184
1.53 0.0829283 0.0931121 0.0727701
1.54 0.104989 0.136568 0.144182
1.55 0.118871 0.176713 0.213565
1.56 0.125555 0.213537 0.277304
1.57 0.127085 0.246495 0.33206
1.58 0.126113 0.274494 0.375085
1.59 0.125285 0.296073 0.404422
1.6 0.126594 0.30973 0.418964
1.61 0.130861 0.314258 0.418414
1.62 0.137472 0.309007 0.403186
1.63 0.144441 0.293976 0.374282
1.64 0.148807 0.269728 0.333176
1.65 0.147254 0.23716 0.281702
1.66 0.136843 0.197217 0.221938
1.67 0.115659 0.150655 0.156075
1.68 0.0832512 0.0979368 0.0862403
1.69 0.0407576 0.0393024 0.0143133
1.7 -0.00929384 -0.0250051 -0.0582623
1.71 -0.0634511 -0.094434 -0.130607
1.72 -0.11795 -0.167845 -0.202436
1.73 -0.169331 -0.243362 -0.273951
1.74 -0.214923 -0.318427 -0.345601
1.75 -0.253116 -0.390063 -0.417735
1.76 -0.28339 -0.455294 -0.490227
1.77 -0.306129 -0.511618 -0.562158
1.78 -0.322315 -0.557395 -0.631645
1.79 -0.333182 -0.592058 -0.695879
1.8 -0.339922 -0.616063 -0.751388
1.81 -0.343495 -0.630602 -0.794492
1.82 -0.344556 -0.637149 -0.821855
1.83 -0.343456 -0.63696 -0.831034
1.84 -0.340295 -0.630668 -0.820895
1.85 -0.334957 -0.618084 -0.791805
1.86 -0.327114 -0.598264 -0.745566
1.87 -0.316208 -0.569803 -0.685098
1.88 -0.301432 -0.531304 -0.613944
1.89 -0.281763 -0.481864 -0.535708
1.9 -0.25608 -0.421463 -0.453545
1.91 -0.22339 -0.351142 -0.369799
1.92 -0.183116 -0.272939 -0.285858
1.93 -0.135401 -0.189592 -0.202228
1.94 -0.0813362 -0.104111 -0.118786
1.95 -0.0230232 -0.019332 -0.0351373
1.96 0.0365663 0.0624357 0.0490192
1.97 0.0939518 0.139581 0.133591
1.98 0.145664 0.21116 0.217917
1.99 0.188821 0.2767 0.300736
2 0.221632 0.335916 0.38027
2.01 0.243705 0.388449 0.454394
2.02 0.256078 0.433711 0.520834
2.03 0.260956 0.470878 0.577367
2.04 0.261197 0.499034 0.621978
2.05 0.259678 0.517406 0.652996
2.06 0.258663 0.525598 0.669197
2.07 0.259338 0.523751 0.669907
2.08 0.261596 0.512558 0.655091
2.09 0.264129 0.493119 0.625434
2.1 0.264789 0.466699 0.582381
2.11 0.261121 0.434437 0.528108
2.12 0.250943 0.397123 0.465392
2.13 0.232838 0.355123 0.397375
2.14 0.206463 0.308462 0.327244
2.15 0.172616 0.257081 0.25787
2.16 0.133075 0.201164 0.191473
2.17 0.0902712 0.141462 0.129397
2.18 0.0468984 0.0794775 0.0720503
2.19 0.0055314 0.017473 0.0190361
2.2 -0.031655 -0.041751 -0.0305428
2.21 -0.0630426 -0.0952435 -0.077661
2.22 -0.0876055 -0.140372 -0.122926
2.23 -0.104862 -0.175252 -0.166217
2.24 -0.11479 -0.199023 -0.206488
2.25 -0.11775 -0.211903 -0.241797
2.26 -0.114433 -0.215006 -0.26956
2.27 -0.10583 -0.209969 -0.286968
2.28 -0.093181 -0.198503 -0.2915
2.29 -0.0779 -0.181974 -0.281399
2.3 -0.0614203 -0.161134 -0.256026
2.31 -0.0449891 -0.13606 -0.21601
2.32 -0.0294363 -0.106305 -0.16319
2.33 -0.0149774 -0.07122 -0.100346
2.34 -0.00111913 -0.0303304 -0.0308076
2.35 0.013282 0.0163313 0.0419768
2.36 0.0297881 0.0680286 0.114835
2.37 0.0500047 0.123313 0.18515
2.38 0.0751335 0.180192 0.250994
2.39 0.105556 0.23642 0.311129
2.4 0.140553 0.289821 0.36489
2.41 0.178247 0.338551 0.412022
2.42 0.215795 0.381237 0.452492
2.43 0.249814 0.416968 0.486342
2.44 0.276948 0.445164 0.513569
2.45 0.294456 0.465385 0.534064
2.46 0.300701 0.477163 0.547565
2.47 0.295408 0.479923 0.553636
2.48 0.279663 0.473024 0.551652
2.49 0.255638 0.455915 0.540801
2.5 0.226115 0.428352 0.520124
2.51 0.193932 0.390597 0.4886
2.52 0.161462 0.343529 0.445304
2.53 0.13024 0.288611 0.389612
2.54 0.10081 0.227704 0.321444
2.55 0.0728026 0.16278 0.24148
2.56 0.04519 0.0956029 0.151301
2.57 0.0166558 0.027464 0.0534024
2.58 -0.0140281 -0.0409325 -0.04895
2.59 -0.0476963 -0.10941 -0.15202
2.6 -0.0846087 -0.178087 -0.252008
2.61 -0.124408 -0.247046 -0.345499
2.62 -0.166192 -0.31598 -0.429853
2.63 -0.208654 -0.383939 -0.503472
2.64 -0.250243 -0.449249 -0.565862
2.65 -0.289307 -0.509629 -0.617496
2.66 -0.324191 -0.5625 -0.659498
2.67 -0.353322 -0.605394 -0.693218
2.68 -0.375282 -0.636377 -0.719801
2.69 -0.388899 -0.65436 -0.739837
2.7 -0.393374 -0.659241 -0.753174
2.71 -0.388425 -0.651835 -0.758926
2.72 -0.374409 -0.633622 -0.755668
2.73 -0.352393 -0.606386 -0.741765
2.74 -0.324105 -0.571852 -0.715765
2.75 -0.291758 -0.5314 -0.676757
2.76 -0.257751 -0.485939 -0.624629
2.77 -0.22429 -0.435946 -0.560187
2.78 -0.193011 -0.381649 -0.485115
2.79 -0.164695 -0.32328 -0.401812
2.8 -0.139145 -0.261308 -0.313138
2.81 -0.115278 -0.196595 -0.222149
2.82 -0.0914248 -0.130415 -0.131834
2.83 -0.0657719 -0.0643448 -0.044926
2.84 -0.036865 -6.48928e-05 0.0362449
2.85 -0.00404522 0.0608551 0.109823
2.86 0.0322794 0.117128 0.174463
2.87 0.0705951 0.167819 0.229341
2.88 0.108489 0.212306 0.274133
2.89 0.143059 0.250146 0.308981
2.9 0.171427 0.280913 0.334418
2.91 0.191256 0.304074 0.351251
2.92 0.201143 0.318945 0.360404
2.93 0.200822 0.324782 0.362735
2.94 0.191142 0.320957 0.358849
2.95 0.173839 0.307203 0.348965
2.96 0.151179 0.283827 0.332862
2.97 0.125544 0.251828 0.30995
2.98 0.0990731 0.212877 0.279449
2.99 0.0734014 0.169125 0.240673
3 0.0495513 0.12291 0.193352
3.01 0.0279535 0.0764 0.137921
3.02 0.00856789 0.0312901 0.0757147
3.03 -0.00894883 -0.0113848 0.00899524
3.04 -0.0250785 -0.0512583 -0.0591915
3.05 -0.0403112 -0.0884689 -0.125329
3.06 -0.0550603 -0.123365 -0.185848
3.07 -0.0696112 -0.156167 -0.237578
3.08 -0.0840828 -0.18667 -0.278128
3.09 -0.0983828 -0.214091 -0.306135
3.1 -0.112152 -0.237077 -0.32133
3.11 -0.124706 -0.253897 -0.324409
3.12 -0.135013 -0.262753 -0.31676
3.13 -0.141724 -0.262131 -0.300099
3.14 -0.143301 -0.251104 -0.276102
3.15 -0.138228 -0.229506 -0.24611
3.16 -0.125292 -0.197946 -0.21096
3.17 -0.103872 -0.157668 -0.170959
3.18 -0.0741732 -0.110295 -0.125986
3.19 -0.0373384 -0.0575574 -0.0756952
3.2 0.00461918 -0.0010518 -0.0197513
3.21 0.0490555 0.0578924 0.0419518
3.22 0.0930826 0.118225 0.109125
3.23 0.134026 0.179081 0.180993
3.24 0.169853 0.239633 0.256288
3.25 0.199484 0.298949 0.333293
3.26 0.222901 0.35591 0.409933
3.27 0.241044 0.40923 0.483891
3.28 0.255497 0.45756 0.552726
3.29 0.268059 0.499648 0.614004
3.3 0.280273 0.534506 0.665439
3.31 0.293039 0.561515 0.705049
3.32 0.306385 0.580433 0.731309
3.33 0.319442 0.591308 0.743302
3.34 0.330616 0.59431 0.740821
3.35 0.337913 0.589543 0.724412
3.36 0.339337 0.576907 0.695314
3.37 0.333263 0.556048 0.655303
3.38 0.318717 0.526444 0.606444
3.39 0.295516 0.487597 0.550797
3.4 0.264257 0.439284 0.490124
3.41 0.226182 0.381812 0.425672
3.42 0.182971 0.31617 0.358067
3.43 0.136511 0.244064 0.287363
3.44 0.0886927 0.167771 0.213234
3.45 0.041265 0.0898774 0.135272
3.46 -0.00426402 0.0129332 0.0533271
3.47 -0.0466752 -0.060879 -0.0321864
3.48 -0.0850681 -0.129984 -0.120093
3.49 -0.118884 -0.193509 -0.208413
3.5 -0.147927 -0.251204 -0.294494
3.51 -0.172373 -0.303239 -0.375287
3.52 -0.192745 -0.349913 -0.447712
3.53 -0.209833 -0.391374 -0.509042
3.54 -0.224548 -0.427423 -0.557232
3.55 -0.237726 -0.45745 -0.591124
3.56 -0.249906 -0.480512 -0.610509
3.57 -0.261141 -0.495535 -0.616044
3.58 -0.270888 -0.501559 -0.609049
3.59 -0.278028 -0.497982 -0.591251
3.6 -0.281032 -0.484717 -0.564513
3.61 -0.278248 -0.462233 -0.530608
3.62 -0.268265 -0.431485 -0.491073
3.63 -0.250276 -0.393753 -0.44713
3.64 -0.224348 -0.350453 -0.3997
3.65 -0.191539 -0.302972 -0.349447
3.66 -0.153818 -0.252576 -0.296867
3.67 -0.113805 -0.200399 -0.242373
3.68 -0.0743652 -0.14751 -0.18638
3.69 -0.0381639 -0.0950087 -0.129384
3.7 -0.00725543 -0.0441056 -0.07203
3.71 0.0171935 0.00385872 -0.0151802
3.72 0.0349979 0.0474744 0.0400341
3.73 0.0468528 0.0853979 0.0921841
3.74 0.05407 0.116524 0.139558
3.75 0.0582186 0.140146 0.180239
3.76 0.0607553 0.156041 0.212243
3.77 0.062723 0.164468 0.23373
3.78 0.0645738 0.166037 0.243243
3.79 0.0661404 0.16152 0.239939
3.8 0.0667407 0.151616 0.223772
3.81 0.0653756 0.136774 0.195575
3.82 0.0609641 0.117093 0.157002
3.83 0.0525619 0.092365 0.110353
3.84 0.0395255 0.0622316 0.0582794
3.85 0.0216046 0.0264278 0.0034428
3.86 -0.00103195 -0.0149594 -0.0518217
3.87 -0.0278189 -0.0612874 -0.105758
3.88 -0.0578414 -0.111271 -0.157313
3.89 -0.0898905 -0.16304 -0.20611
3.9 -0.122522 -0.214339 -0.252277
3.91 -0.154127 -0.26281 -0.296174
3.92 -0.183018 -0.306305 -0.338086
3.93 -0.207564 -0.343144 -0.37795
3.94 -0.226338 -0.372262 -0.415174
3.95 -0.238302 -0.393222 -0.448582
3.96 -0.242956 -0.406091 -0.476507
3.97 -0.240439 -0.411242 -0.496987
3.98 -0.231533 -0.409123 -0.508033
3.99 -0.217549 -0.400075 -0.507907
4 -0.200103 -0.384234 -0.495364
4.01 -0.180816 -0.361541 -0.469809
4.02 -0.160995 -0.331841 -0.431357
4.03 -0.141377 -0.295039 -0.380809
4.04 -0.121977 -0.251254 -0.319547
4.05 -0.102107 -0.200915 -0.249392
4.06 -0.0805536 -0.14479 -0.172441
4.07 -0.0558893 -0.0839271 -0.0909131
4.08 -0.0268501 -0.0195409 -0.00701575
4.09 0.00730657 0.0471174 0.0771762
4.1 0.046541 0.114861 0.159815
4.11 0.0899288 0.182609 0.239354
4.12 0.135738 0.249359 0.314605
4.13 0.181671 0.314108 0.384751
4.14 0.225208 0.375756 0.449321
4.15 0.263993 0.433039 0.508117
4.16 0.296163 0.484535 0.561087
4.17 0.320568 0.528746 0.608165
4.18 0.336852 0.564259 0.649113
4.19 0.345387 0.589946 0.683385
4.2 0.347087 0.605145 0.710066
4.21 0.343175 0.609771 0.727908
4.22 0.334931 0.604331 0.735465
4.23 0.323498 0.589809 0.731317
4.24 0.30975 0.567466 0.714346
4.25 0.29424 0.538594 0.684006
4.26 0.277218 0.504287 0.640528
4.27 0.258681 0.465289 0.585011
4.28 0.238449 0.421967 0.519384
4.29 0.216238 0.374397 0.446213
4.3 0.191719 0.32256 0.368427
4.31 0.164594 0.26657 0.288969
4.32 0.13466 0.206894 0.210485
4.33 0.101902 0.144479 0.135067
4.34 0.066585 0.080764 0.0641303
4.35 0.0293401 0.0175779 -0.0015861
4.36 -0.00878774 -0.0430722 -0.0618926
4.37 -0.0463531 -0.0992453 -0.116942
4.38 -0.0816092 -0.149298 -0.166993
4.39 -0.112692 -0.192042 -0.212188
4.4 -0.137868 -0.226806 -0.252408
4.41 -0.155804 -0.253384 -0.287203
4.42 -0.165799 -0.271919 -0.315822
4.43 -0.167931 -0.282747 -0.337311
4.44 -0.163064 -0.28626 -0.350664
4.45 -0.152715 -0.28282 -0.354978
4.46 -0.138792 -0.272752 -0.3496
4.47 -0.123253 -0.256395 -0.334239
4.48 -0.10776 -0.23418 -0.309039
4.49 -0.0934056 -0.206717 -0.274614
4.5 -0.0805577 -0.17483 -0.232042
4.51 -0.0688736 -0.139539 -0.182837
4.52 -0.0574639 -0.101978 -0.128887
4.53 -0.0451732 -0.0632842 -0.0723608
4.54 -0.0309107 -0.0244861 -0.0155868
4.55 -0.0139575 0.0135673 0.0391024
4.56 0.00581642 0.0502134 0.0895429
4.57 0.0278656 0.0849135 0.133912
4.58 0.051025 0.117139 0.170877
4.59 0.0736859 0.146248 0.199679
4.6 0.0940456 0.171392 0.220151
4.61 0.110376 0.191498 0.232629
4.62 0.121254 0.205342 0.237797
4.63 0.125725 0.2117 0.236462
4.64 0.123367 0.20956 0.22933
4.65 0.114282 0.198321 0.216807
4.66 0.0990174 0.177948 0.198895
4.67 0.0784588 0.149021 0.175184
4.68 0.0537128 0.112673 0.144977
4.69 0.0259999 0.0704212 0.107494
4.7 -0.00344052 0.0239361 0.0621368
4.71 -0.0334322 -0.0252003 0.0087453
4.72 -0.0629411 -0.0756839 -0.0522048
4.73 -0.0911512 -0.126585 -0.119512
4.74 -0.117532 -0.177333 -0.191282
4.75 -0.141884 -0.227604 -0.265083
4.76 -0.164341 -0.277142 -0.338184
4.77 -0.185313 -0.325575 -0.407843
4.78 -0.205371 -0.37228 -0.471575
4.79 -0.225073 -0.416318 -0.527365
4.8 -0.244764 -0.456479 -0.573793
4.81 -0.2644 -0.491402 -0.610058
4.82 -0.283427 -0.51974 -0.635914
4.83 -0.300767 -0.540327 -0.651547
4.84 -0.31492 -0.552314 -0.657419
4.85 -0.324173 -0.555221 -0.654119
4.86 -0.326891 -0.548926 -0.642239
4.87 -0.321819 -0.533597 -0.622293
4.88 -0.308336 -0.509598 -0.59467
4.89 -0.28661 -0.477405 -0.559641
4.9 -0.257608 -0.437561 -0.517373
4.91 -0.222954 -0.390682 -0.46798
4.92 -0.184678 -0.337501 -0.41158
4.93 -0.144891 -0.278922 -0.348371
4.94 -0.105467 -0.216066 -0.278712
4.95 -0.0677908 -0.150265 -0.203214
4.96 -0.0326188 -0.0829992 -0.122822
4.97 -7.89814e-05 -0.0157875 -0.0388728
4.98 0.0302081 0.049955 0.046884
4.99 0.0589189 0.113043 0.132331
5 0.0867824 0.1726 0.215091
5.01 0.114354 0.228067 0.292705
5.02 0.141853 0.279128 0.362847
5.03 0.169091 0.325575 0.423554
5.04 0.195483 0.367161 0.473425
5.05 0.220137 0.403462 0.511746
5.06 0.241985 0.433816 0.538522
5.07 0.259925 0.457346 0.554395
5.08 0.27295 0.473078 0.560467
5.09 0.280253 0.480125 0.558063
5.1 0.2813 0.477887 0.548476
5.11 0.275874 0.466225 0.532753
5.12 0.264109 0.445554 0.511562
5.13 0.246498 0.416842 0.485161
5.14 0.22389 0.381494 0.453482
5.15 0.197455 0.341176 0.416297
5.16 0.168613 0.297597 0.373435
5.17 0.138916 0.252313 0.324992
5.18 0.109897 0.206601 0.271498
5.19 0.0828942 0.16141 0.213997
5.2 0.0588808 0.117407 0.154039
5.21 0.0383476 0.0750749 0.0935705
5.22 0.0212568 0.0348497 0.0347732
5.23 0.00709565 -0.00277393 -0.020141
5.24 -0.0049739 -0.0371786 -0.0691262
5.25 -0.0158923 -0.0676272 -0.110467
5.26 -0.0264503 -0.0933255 -0.142893
5.27 -0.0370626 -0.113519 -0.165634
5.28 -0.0476186 -0.127596 -0.178422
5.29 -0.0574489 -0.135161 -0.181454
5.3 -0.0654201 -0.13606 -0.175319
5.31 -0.070141 -0.130365 -0.160914
5.32 -0.0702387 -0.118316 -0.139346
5.33 -0.0646453 -0.100254 -0.111829
5.34 -0.052835 -0.0765779 -0.0795788
5.35 -0.0349612 -0.0477346 -0.0437233
5.36 -0.0118666 -0.0142529 -0.00522003
5.37 0.015031 0.0231925 0.0351904
5.38 0.0439494 0.0637122 0.0769898
5.39 0.0730021 0.106161 0.119838
5.4 0.100454 0.149146 0.163481
5.41 0.124924 0.191106 0.207617
5.42 0.145502 0.230439 0.251758
5.43 0.161775 0.265667 0.295105
5.44 0.173765 0.295589 0.336473
5.45 0.18181 0.319395 0.374294
5.46 0.186424 0.336694 0.406714
5.47 0.188156 0.347468 0.431756
5.48 0.187488 0.351944 0.447551
5.49 0.184753 0.350434 0.452578
5.5 0.180108 0.343174 0.445869
5.51 0.173521 0.330212 0.427149
5.52 0.164782 0.311377 0.396869
5.53 0.153533 0.286331 0.356134
5.54 0.139306 0.254699 0.306536
5.55 0.121584 0.216238 0.249932
5.56 0.0998773 0.170995 0.188203
5.57 0.0738325 0.119429 0.123047
5.58 0.0433416 0.0624384 0.0558351
5.59 0.00865123 0.00132199 -0.0124354
5.6 -0.0295636 -0.0623483 -0.0811109
5.61 -0.0701823 -0.126887 -0.149775
5.62 -0.111698 -0.190658 -0.218102
5.63 -0.152353 -0.252204 -0.28571
5.64 -0.190346 -0.310316 -0.352035
5.65 -0.224056 -0.364037 -0.41626
5.66 -0.252269 -0.412617 -0.477294
5.67 -0.274334 -0.455444 -0.533815
5.68 -0.290227 -0.491979 -0.584348
5.69 -0.300498 -0.521716 -0.627375
5.7 -0.306116 -0.544188 -0.661452
5.71 -0.308234 -0.559007 -0.685318
5.72 -0.307929 -0.565919 -0.698003
5.73 -0.305969 -0.56486 -0.698908
5.74 -0.302666 -0.555977 -0.687866
5.75 -0.297825 -0.539615 -0.665179
5.76 -0.290821 -0.516264 -0.631618
5.77 -0.280765 -0.486487 -0.588389
5.78 -0.266731 -0.450847 -0.537057
5.79 -0.24799 -0.409869 -0.479428
5.8 -0.224197 -0.36404 -0.417395
5.81 -0.195509 -0.313865 -0.352784
5.82 -0.162596 -0.25995 -0.287197
5.83 -0.126576 -0.203096 -0.221906
5.84 -0.0888733 -0.144368 -0.157796
5.85 -0.0510437 -0.0851037 -0.0953908
5.86 -0.0146042 -0.0268607 -0.03495
5.87 0.0191132 0.0287064 0.0233847
5.88 0.0490614 0.0800103 0.0794152
5.89 0.0745289 0.125703 0.13273
5.9 0.0951497 0.164814 0.182601
5.91 0.11088 0.196823 0.227954
5.92 0.121954 0.221653 0.26744
5.93 0.128831 0.239581 0.299575
5.94 0.132128 0.251095 0.322948
5.95 0.132542 0.256737 0.336428
5.96 0.130765 0.256968 0.339362
5.97 0.127391 0.252087 0.331693
5.98 0.122833 0.242228 0.314002
5.99 0.11725 0.227421 0.287451
6 0.110527 0.207706 0.253655
6.01 0.102303 0.183255 0.214497
6.02 0.0920554 0.154476 0.171935
6.03 0.0792473 0.122066 0.127817
6.04 0.0634939 0.0870012 0.0837527
6.05 0.0447291 0.0504714 0.0410373
6.06 0.0233293 0.0137755 0.000636819
6.07 0.000160005 -0.021791 -0.0367746
6.08 -0.0234717 -0.0550312 -0.0707454
6.09 -0.0459588 -0.0849049 -0.100962
6.1 -0.0656079 -0.110546 -0.127165
6.11 -0.0808845 -0.131243 -0.149081
6.12 -0.0906406 -0.146414 -0.166371
6.13 -0.0942801 -0.155572 -0.178604
6.14 -0.0918247 -0.15833 -0.185249
6.15 -0.0838717 -0.15442 -0.185699
6.16 -0.0714516 -0.143744 -0.179306
6.17 -0.0558193 -0.126421 -0.16545
6.18 -0.0382238 -0.102822 -0.143628
6.19 -0.019703 -0.0735667 -0.113551
6.2 -0.000943724 -0.0394799 -0.0752528
6.21 0.017771 -0.00150648 -0.0291775
6.22 0.0365255 0.0393918 0.0237653
6.23 0.055663 0.0823329 0.0821979
6.24 0.0756339 0.126578 0.144334
6.25 0.096838 0.171542 0.208104
6.26 0.119491 0.21675 0.271323
6.27 0.143534 0.261742 0.33189
6.28 0.168605 0.30597 0.387976
6.29 0.194051 0.348697 0.438167
6.3 0.218983 0.388948 0.48154
6.31 0.242362 0.42553 0.517657
6.32 0.26308 0.457109 0.546475
6.33 0.280051 0.482352 0.568204
6.34 0.292299 0.500085 0.583124
6.35 0.299035 0.509444 0.591426
6.36 0.299726 0.50997 0.593091
6.37 0.294158 0.501646 0.587845
6.38 0.282475 0.484853 0.575186
6.39 0.265183 0.460272 0.554488
6.4 0.243116 0.428752 0.525151
6.41 0.217353 0.391176 0.486768
6.42 0.189095 0.348372 0.43927
6.43 0.159506 0.301059 0.383029
6.44 0.129563 0.24986 0.318899
6.45 0.0999268 0.19535 0.248189
6.46 0.0708753 0.138135 0.172578
6.47 0.0423095 0.0789114 0.093993
6.48 0.0138443 0.0185059 0.0144666
6.49 -0.0150356 -0.0421224 -0.064
6.5 -0.0447825 -0.101922 -0.139558
6.51 -0.0755982 -0.159808 -0.210604
6.52 -0.107292 -0.214735 -0.275839
6.53 -0.139219 -0.265743 -0.334295
6.54 -0.170315 -0.311987 -0.385341
6.55 -0.19922 -0.352738 -0.428647
6.56 -0.224473 -0.387361 -0.464147
6.57 -0.244735 -0.415295 -0.491959
6.58 -0.258988 -0.436046 -0.512317
6.59 -0.266683 -0.449204 -0.525476
6.6 -0.26781 -0.45449 -0.531641
6.61 -0.262864 -0.451826 -0.53091
6.62 -0.252747 -0.441392 -0.523257
6.63 -0.238605 -0.423677 -0.508554
6.64 -0.221654 -0.399472 -0.486646
6.65 -0.20302 -0.369826 -0.457456
6.66 -0.18362 -0.335944 -0.421115
6.67 -0.164099 -0.299071 -0.378085
6.68 -0.144823 -0.26036 -0.329238
6.69 -0.125919 -0.220784 -0.275893
6.7 -0.10734 -0.181088 -0.219768
6.71 -0.0889533 -0.141806 -0.162864
6.72 -0.0706094 -0.103334 -0.1073
6.73 -0.0522172 -0.0660341 -0.0551135
6.74 -0.0337949 -0.0303388 -0.00806534
6.75 -0.01551 0.00316485 0.0325071
6.76 0.00229726 0.0337105 0.0657766
6.77 0.0191066 0.060386 0.0914312
6.78 0.0342331 0.0822231 0.109606
6.79 0.0468697 0.0983216 0.120754
6.8 0.0561593 0.107979 0.125495
6.81 0.0612954 0.110791 0.124462
6.82 0.0616402 0.106713 0.118184
6.83 0.0568431 0.0960522 0.107018
6.84 0.0469358 0.0794137 0.0911468
6.85 0.0323812 0.057613 0.0706222
6.86 0.0140581 0.0315744 0.0454551
6.87 -0.00682348 0.00224441 0.0157172
6.88 -0.0288686 -0.0294641 -0.0183591
6.89 -0.0506808 -0.0626914 -0.0563037
6.9 -0.0710503 -0.0966203 -0.097365
6.91 -0.0891086 -0.13045 -0.140503
6.92 -0.104418 -0.16337 -0.184419
6.93 -0.116977 -0.194555 -0.227613
6.94 -0.127141 -0.223176 -0.268462
6.95 -0.135474 -0.248437 -0.305316
6.96 -0.14256 -0.269623 -0.336601
6.97 -0.148831 -0.286134 -0.360913
6.98 -0.154421 -0.297511 -0.37712
6.99 -0.1591 -0.303425 -0.384434
7 -0.162292 -0.303646 -0.38247
7.01 -0.163161 -0.298005 -0.371255
7.02 -0.160764 -0.286349 -0.35121
7.03 -0.154214 -0.268528 -0.323083
7.04 -0.142841 -0.24441 -0.28784
7.05 -0.12631 -0.213936 -0.246547
7.06 -0.104678 -0.177192 -0.200234
7.07 -0.0783967 -0.134494 -0.149795
7.08 -0.048252 -0.0864487 -0.0959233
7.09 -0.0152735 -0.0339774 -0.0391014
7.1 0.0193778 0.0217178 0.0203444
7.11 0.0545188 0.0792356 0.0821432
7.12 0.0890397 0.137097 0.14595
7.13 0.121978 0.193881 0.211218
7.14 0.152568 0.248339 0.277098
7.15 0.180271 0.299478 0.342395
7.16 0.204781 0.346577 0.405594
7.17 0.226015 0.389157 0.464954
7.18 0.244078 0.426898 0.518647
7.19 0.259211 0.45955 0.564937
7.2 0.271718 0.486836 0.602346
7.21 0.281878 0.508404 0.629791
7.22 0.289855 0.523816 0.646668
7.23 0.295629 0.532588 0.652868
7.24 0.298954 0.534263 0.648735
7.25 0.299362 0.528501 0.634974
7.26 0.296225 0.515164 0.61253
7.27 0.288866 0.494362 0.582464
7.28 0.276701 0.466474 0.545842
7.29 0.259387 0.432119 0.503659
7.3 0.236945 0.392105 0.456791
7.31 0.209837 0.347364 0.405988
7.32 0.178955 0.298898 0.351898
7.33 0.145551 0.247731 0.295102
7.34 0.111087 0.194894 0.236171
7.35 0.077049 0.141415 0.175715
7.36 0.0447659 0.0883281 0.114435
7.37 0.0152466 0.0366611 0.0531604
7.38 -0.0109115 -0.0125803 -0.00712817
7.39 -0.0335407 -0.0584535 -0.0652966
7.4 -0.0528428 -0.100131 -0.120081
7.41 -0.0692698 -0.136949 -0.170138
7.42 -0.0833719 -0.16845 -0.214126
7.43 -0.0956462 -0.194386 -0.250807
7.44 -0.106416 -0.214698 -0.279159
7.45 -0.115764 -0.229461 -0.298484
7.46 -0.123519 -0.238816 -0.308498
7.47 -0.129304 -0.242906 -0.309375
7.48 -0.132623 -0.241828 -0.301737
7.49 -0.132964 -0.235634 -0.286597
7.5 -0.129901 -0.22436 -0.265239
7.51 -0.123186 -0.2081 -0.23908
7.52 -0.112797 -0.187088 -0.209514
7.53 -0.0989738 -0.161783 -0.177777
7.54 -0.0822071 -0.132907 -0.144864
7.55 -0.0632165 -0.101454 -0.111492
7.56 -0.0429024 -0.0686317 -0.0781346
7.57 -0.0222853 -0.0357703 -0.0451052
7.58 -0.00243277 -0.00419929 -0.0126697
7.59 0.0156224 0.024871 0.0188321
7.6 0.0309682 0.050444 0.0488892
7.61 0.0428956 0.0717892 0.0767671
7.62 0.0509655 0.0884439 0.101509
7.63 0.0550486 0.100173 0.121996
7.64 0.0553263 0.106899 0.137046
7.65 0.052246 0.108631 0.145547
7.66 0.0464341 0.105401 0.146579
7.67 0.0385772 0.097234 0.13953
7.68 0.0292921 0.0841519 0.124164
7.69 0.0190099 0.0662012 0.100655
7.7 0.00789965 0.0434992 0.0695696
7.71 -0.00415109 0.0162783 0.0318172
7.72 -0.0174894 -0.015085 -0.0114294
7.73 -0.0325924 -0.0500636 -0.0588259
7.74 -0.0499234 -0.0879963 -0.108952
7.75 -0.0697793 -0.12812 -0.160398
7.76 -0.0921608 -0.169606 -0.211843
7.77 -0.116695 -0.21159 -0.262109
7.78 -0.142626 -0.25319 -0.310202
7.79 -0.168878 -0.293506 -0.355317
7.8 -0.194178 -0.331616 -0.396832
7.81 -0.217215 -0.366576 -0.434274
7.82 -0.236803 -0.397428 -0.467259
7.83 -0.252019 -0.423236 -0.495429
7.84 -0.26229 -0.44314 -0.51839
7.85 -0.267424 -0.456422 -0.535652
7.86 -0.267575 -0.462577 -0.546616
7.87 -0.263169 -0.461361 -0.550578
7.88 -0.254795 -0.452806 -0.546789
7.89 -0.243097 -0.437205 -0.534544
7.9 -0.228674 -0.41505 -0.5133
7.91 -0.212015 -0.386948 -0.482792
7.92 -0.193458 -0.353537 -0.443132
7.93 -0.173193 -0.315411 -0.394872
7.94 -0.151275 -0.273082 -0.338999
7.95 -0.127669 -0.226985 -0.276891
7.96 -0.102299 -0.177517 -0.210196
7.97 -0.0751038 -0.12511 -0.140699
7.98 -0.0460918 -0.070309 -0.07016
7.99 -0.0153937 -0.0138278 -0.000181427
8 0.0166926 0.0434208 0.0678956
8.01 0.0496719 0.100344 0.133038
8.02 0.0828432 0.155727 0.194513
8.03 0.11532 0.208324 0.251832
8.04 0.146084 0.256954 0.304664
8.05 0.174068 0.300595 0.352736
8.06 0.198269 0.338443 0.395751
8.07 0.217861 0.369941 0.433325
8.08 0.232298 0.394769 0.46497
8.09 0.241394 0.412809 0.49011
8.1 0.245335 0.424098 0.508134
8.11 0.244651 0.428781 0.518472
8.12 0.240122 0.427084 0.520671
8.13 0.232645 0.419297 0.514478
8.14 0.223093 0.405781 0.499897
8.15 0.212173 0.38698 0.477234
8.16 0.200341 0.363426 0.447108
8.17 0.187758 0.335743 0.41044
8.18 0.174325 0.30463 0.368419
8.19 0.159766 0.270829 0.322442
8.2 0.143756 0.2351 0.274037
8.21 0.126053 0.198183 0.224773
8.22 0.106614 0.160793 0.17616
8.23 0.0856777 0.12362 0.129564
8.24 0.0637742 0.087346 0.08612
8.25 0.0416936 0.0526737 0.04669
8.26 0.0203977 0.0203454 0.0118392
8.27 0.000904911 -0.00885524 -0.0181398
8.28 -0.0158321 -0.0341278 -0.0431699
8.29 -0.0290337 -0.0547076 -0.0633064
8.3 -0.0381716 -0.0699381 -0.0786432
8.31 -0.0430079 -0.0793493 -0.0892276
8.32 -0.0435957 -0.0827233 -0.0950021
8.33 -0.0402481 -0.0801317 -0.0957872
8.34 -0.0334826 -0.0719327 -0.0913114
8.35 -0.0239547 -0.0587271 -0.0812827
8.36 -0.0123861 -0.0412826 -0.0654913
8.37 0.000502904 -0.0204405 -0.0439196
8.38 0.014054 0.00297216 -0.016839
8.39 0.0277203 0.0282079 0.0151294
8.4 0.0411009 0.0546287 0.0510018
8.41 0.0539575 0.0816975 0.0894747
8.42 0.0662078 0.108937 0.129014
8.43 0.0778948 0.135872 0.167977
8.44 0.0891324 0.161975 0.204749
8.45 0.100032 0.186625 0.237869
8.46 0.110621 0.209103 0.266123
8.47 0.120773 0.228613 0.28861
8.48 0.130153 0.244336 0.304744
8.49 0.138212 0.255495 0.314238
8.5 0.144219 0.261418 0.317045
8.51 0.14734 0.261595 0.313287
8.52 0.146753 0.255699 0.303182
8.53 0.141778 0.243599 0.286986
8.54 0.131994 0.225345 0.264945
8.55 0.117327 0.201141 0.237277
8.56 0.098082 0.171331 0.204166
8.57 0.0749152 0.136371 0.165788
8.58 0.0487523 0.096831 0.122337
8.59 0.0206628 0.053388 0.074078
8.6 -0.00828098 0.00682439 0.0213871
8.61 -0.0371352 -0.0419838 -0.0351954
8.62 -0.0651819 -0.0920912 -0.0949284
8.63 -0.0919757 -0.142523 -0.156847
8.64 -0.117335 -0.19232 -0.219761
8.65 -0.141285 -0.240594 -0.282285
8.66 -0.163965 -0.286553 -0.342896
8.67 -0.185526 -0.329529 -0.400016
8.68 -0.206038 -0.368962 -0.452122
8.69 -0.225418 -0.404372 -0.497851
8.7 -0.243406 -0.435315 -0.536106
8.71 -0.259565 -0.461344 -0.566123
8.72 -0.273329 -0.481979 -0.587513
8.73 -0.284062 -0.496714 -0.600245
8.74 -0.291136 -0.505042 -0.60459
8.75 -0.294002 -0.506519 -0.601036
8.76 -0.292257 -0.500839 -0.590175
8.77 -0.285692 -0.487899 -0.572606
8.78 -0.274323 -0.467858 -0.548851
8.79 -0.258403 -0.441153 -0.519318
8.8 -0.238416 -0.408476 -0.484302
8.81 -0.215044 -0.370723 -0.444033
8.82 -0.189127 -0.328915 -0.39875
8.83 -0.161587 -0.284107 -0.348792
8.84 -0.133361 -0.237317 -0.294679
8.85 -0.105307 -0.189471 -0.237168
8.86 -0.0781324 -0.141382 -0.177269
8.87 -0.0523375 -0.0937624 -0.116229
8.88 -0.0281856 -0.0472444 -0.0554614
8.89 -0.00571733 -0.00242338 0.00353627
8.9 0.0151983 0.040114 0.0592902
8.91 0.0347807 0.0797741 0.11045
8.92 0.0532369 0.115961 0.155876
8.93 0.0706644 0.148098 0.194701
8.94 0.0869769 0.175662 0.226363
8.95 0.101872 0.198219 0.250609
8.96 0.114847 0.215447 0.267472
8.97 0.12527 0.227157 0.27723
8.98 0.132478 0.233288 0.280351
8.99 0.135902 0.233906 0.277428
9 0.135183 0.229192 0.26912
9.01 0.130253 0.219435 0.256093
9.02 0.121379 0.205033 0.238975
9.03 0.109143 0.186501 0.218333
9.04 0.0943783 0.164479 0.194661
9.05 0.0780706 0.139734 0.168403
9.06 0.0612364 0.113148 0.139985
9.07 0.0448114 0.0856846 0.109865
9.08 0.0295606 0.0583421 0.0785972
9.09 0.0160252 0.0320886 0.0468718
9.1 0.00450978 0.00779906 0.0155507
9.11 -0.00489303 -0.0137976 -0.0143364
9.12 -0.0122514 -0.032149 -0.0416284
9.13 -0.0177284 -0.0468804 -0.065105
9.14 -0.0215142 -0.0577675 -0.0835851
9.15 -0.023768 -0.0646888 -0.0960376
9.16 -0.0245753 -0.0675703 -0.101685
9.17 -0.0239244 -0.0663382 -0.100086
9.18 -0.0217021 -0.0608928 -0.0911727
9.19 -0.0177068 -0.0511115 -0.0752507
9.2 -0.011677 -0.0368808 -0.0529467
9.21 -0.00333303 -0.0181498 -0.0251244
9.22 0.00757268 0.00500905 0.00722055
9.23 0.0211992 0.0323457 0.0430659
9.24 0.0375615 0.0634015 0.0814513
9.25 0.0564839 0.0975069 0.121535
9.26 0.0775704 0.133812 0.162615
9.27 0.100202 0.171339 0.20411
9.28 0.123562 0.209053 0.245516
9.29 0.146701 0.24593 0.286346
9.3 0.168621 0.281008 0.326069
9.31 0.188374 0.313428 0.364062
9.32 0.205171 0.342448 0.399582
9.33 0.218456 0.367436 0.431769
9.34 0.227955 0.387864 0.459671
9.35 0.233678 0.403287 0.482297
9.36 0.23587 0.413342 0.498676
9.37 0.234933 0.417744 0.507934
9.38 0.231318 0.416296 0.509356
9.39 0.22542 0.408903 0.502453
9.4 0.217495 0.395576 0.487004
9.41 0.207611 0.376438 0.463083
9.42 0.195652 0.351712 0.431068
9.43 0.181359 0.321706 0.391619
9.44 0.164414 0.286796 0.345637
9.45 0.144536 0.247411 0.294206
9.46 0.121579 0.20403 0.238516
9.47 0.0956077 0.157191 0.17978
9.48 0.0669338 0.107507 0.119161
9.49 0.0361178 0.0556915 0.0577047
9.5 0.00392823 0.00257306 -0.00369181
9.51 -0.0287268 -0.0509064 -0.0642896
9.52 -0.0608848 -0.103712 -0.123482
9.53 -0.091615 -0.154763 -0.180745
9.54 -0.120095 -0.202994 -0.235572
9.55 -0.145668 -0.247427 -0.287412
9.56 -0.167873 -0.287239 -0.335618
9.57 -0.186457 -0.321808 -0.379429
9.58 -0.201363 -0.350732 -0.417988
9.59 -0.212698 -0.373819 -0.450391
9.6 -0.220695 -0.391046 -0.475772
9.61 -0.225662 -0.402511 -0.493394
9.62 -0.227931 -0.40837 -0.502748
9.63 -0.227806 -0.408798 -0.503626
9.64 -0.225521 -0.403964 -0.496164
9.65 -0.221212 -0.394034 -0.480841
9.66 -0.214903 -0.379191 -0.458445
9.67 -0.206523 -0.359681 -0.430002
9.68 -0.195944 -0.335848 -0.396684
9.69 -0.183038 -0.308166 -0.359714
9.7 -0.167748 -0.277252 -0.320278
9.71 -0.150158 -0.243856 -0.279462
9.72 -0.130545 -0.208826 -0.238209
9.73 -0.10941 -0.173071 -0.19731
9.74 -0.0874614 -0.13751 -0.157415
9.75 -0.0655686 -0.103028 -0.119067
9.76 -0.0446744 -0.0704443 -0.0827345
9.77 -0.0256922 -0.0404896 -0.0488599
9.78 -0.00939924 -0.0137972 -0.0178859
9.79 0.00365254 0.00910299 0.00971911
9.8 0.0131912 0.0277887 0.0334556
9.81 0.0192359 0.0419519 0.0528016
9.82 0.0220619 0.0514085 0.0672376
9.83 0.0221294 0.0561086 0.0762862
9.84 0.0199881 0.0561425 0.0795607
9.85 0.0161797 0.0517378 0.0768204
9.86 0.0111541 0.0432441 0.0680238
9.87 0.00521605 0.0311057 0.0533719
9.88 -0.00149197 0.0158263 0.0333349
9.89 -0.00896892 -0.00206658 0.00865393
9.9 -0.0173055 -0.0220504 -0.0196862
9.91 -0.0266167 -0.0436213 -0.0505118
9.92 -0.0369721 -0.0662899 -0.0825395
9.93 -0.0483357 -0.0895617 -0.114469
9.94 -0.0605263 -0.112907 -0.145075
9.95 -0.0732022 -0.135732 -0.173291
9.96 -0.0858718 -0.15736 -0.19826
9.97 -0.0979247 -0.177037 -0.219358
9.98 -0.108679 -0.193955 -0.236178
9.99 -0.117437 -0.207303 -0.248486
10 -0.123547 -0.216331 -0.256156
10.01 -0.126455 -0.220412 -0.259099
10.02 -0.125756 -0.219105 -0.257204
10.03 -0.121231 -0.212178 -0.250301
10.04 -0.112867 -0.199626 -0.238157
10.05 -0.10086 -0.181643 -0.2205
10.06 -0.0855922 -0.158583 -0.19708
10.07 -0.0675966 -0.130911 -0.167733
10.08 -0.0474933 -0.0991509 -0.132455
10.09 -0.0259225 -0.0638499 -0.0914633
10.1 -0.00347307 -0.0255553 -0.045236
10.11 0.0193781 0.0151863 0.00548298
10.12 0.0423037 0.0578181 0.0597048
10.13 0.0651344 0.101755 0.116246
10.14 0.0878336 0.146368 0.173796
10.15 0.110442 0.190974 0.230998
10.16 0.133005 0.234842 0.286524
10.17 0.15549 0.277211 0.339144
10.18 0.177723 0.317306 0.387781
10.19 0.199348 0.354373 0.431545
10.2 0.219822 0.387696 0.469748
10.21 0.238453 0.416617 0.5019
10.22 0.254475 0.440552 0.52769
10.23 0.267134 0.458994 0.546953
10.24 0.275788 0.471526 0.559631
10.25 0.279994 0.477834 0.565731
10.26 0.279556 0.477722 0.565287
10.27 0.274551 0.471135 0.558336
10.28 0.265303 0.458178 0.544908
10.29 0.25233 0.439125 0.525033
10.3 0.236275 0.414423 0.498771
10.31 0.217818 0.38467 0.46626
10.32 0.197604 0.350582 0.427762
10.33 0.176189 0.312945 0.383721
10.34 0.154006 0.272564 0.334799
10.35 0.131357 0.230216 0.281891
10.36 0.108434 0.186622 0.22611
10.37 0.0853477 0.14243 0.168743
10.38 0.0621726 0.0982285 0.111174
10.39 0.0389879 0.0545719 0.0547967
10.4 0.015918 0.0120107 0.00091427
10.41 -0.00683844 -0.0288778 -0.0493426
10.42 -0.02899 -0.0674743 -0.0950798
10.43 -0.0501496 -0.103123 -0.13567
10.44 -0.069846 -0.135157 -0.170747
10.45 -0.0875514 -0.162945 -0.200174
10.46 -0.102723 -0.18594 -0.223979
10.47 -0.114857 -0.203735 -0.242296
10.48 -0.123544 -0.216099 -0.255298
10.49 -0.128528 -0.222995 -0.26315
10.5 -0.129749 -0.224582 -0.265986
10.51 -0.127371 -0.221186 -0.263911
10.52 -0.121775 -0.213268 -0.257025
10.53 -0.113531 -0.201384 -0.245463
10.54 -0.103337 -0.186145 -0.229443
10.55 -0.0919404 -0.168188 -0.209309
10.56 -0.0800552 -0.148158 -0.185562
10.57 -0.0682839 -0.126703 -0.158878
10.58 -0.0570629 -0.104464 -0.130101
10.59 -0.0466399 -0.0820785 -0.100219
10.6 -0.0370867 -0.0601735 -0.0703209
10.61 -0.0283462 -0.0393559 -0.041544
10.62 -0.0203004 -0.0202001 -0.0150091
10.63 -0.0128483 -0.0032342 0.00824316
10.64 -0.00597459 0.0110712 0.0273121
10.65 0.000203068 0.0223083 0.0414874
10.66 0.00541909 0.0301323 0.0502846
10.67 0.00927936 0.0342566 0.0534607
10.68 0.011311 0.0344483 0.0510091
10.69 0.0110324 0.0305285 0.0431335
10.7 0.00802967 0.0223805 0.0302031
10.71 0.00202595 0.00996726 0.0126974
10.72 -0.00706822 -0.00664316 -0.00885348
10.73 -0.0191311 -0.0272506 -0.033921
10.74 -0.033834 -0.0515011 -0.0620154
10.75 -0.0506714 -0.0788778 -0.0927005
10.76 -0.0690095 -0.108711 -0.125584
10.77 -0.0881449 -0.140205 -0.160286
10.78 -0.107366 -0.17249 -0.19639
10.79 -0.126006 -0.20467 -0.233395
10.8 -0.143491 -0.235887 -0.270667
10.81 -0.159363 -0.265362 -0.307419
10.82 -0.173299 -0.292424 -0.342712
10.83 -0.185107 -0.316519 -0.375484
10.84 -0.194711 -0.337199 -0.404615
10.85 -0.202119 -0.35409 -0.429002
10.86 -0.207388 -0.36687 -0.447643
10.87 -0.210583 -0.375235 -0.459716
10.88 -0.211733 -0.378894 -0.464641
10.89 -0.210797 -0.377567 -0.462108
10.9 -0.207651 -0.371009 -0.452087
10.91 -0.202088 -0.359036 -0.434798
10.92 -0.193839 -0.341565 -0.410671
10.93 -0.182624 -0.318639 -0.380283
10.94 -0.16821 -0.290452 -0.344297
10.95 -0.150472 -0.257346 -0.303414
10.96 -0.129456 -0.219809 -0.258326
10.97 -0.105413 -0.178449 -0.209697
10.98 -0.0788096 -0.133972 -0.158155
10.99 -0.0503071 -0.0871493 -0.104303
11 -0.0207046 -0.0387976 -0.0487396
11.01 0.00913573 0.0102464 0.00791686
11.02 0.0383743 0.0591415 0.0650019
11.03 0.0662753 0.107058 0.121784
11.04 0.0922681 0.153197 0.177451
11.05 0.115979 0.196807 0.231117
11.06 0.137232 0.237207 0.281829
11.07 0.156012 0.273804 0.328609
11.08 0.172415 0.306114 0.370487
11.09 0.186576 0.333766 0.406567
11.1 0.198614 0.356497 0.436079
11.11 0.208575 0.374145 0.458442
11.12 0.216411 0.386626 0.473308
11.13 0.221982 0.393913 0.480591
11.14 0.225077 0.396023 0.480472
11.15 0.225457 0.393009 0.473381
11.16 0.222907 0.384965 0.459949
11.17 0.217285 0.372052 0.440945
11.18 0.208566 0.354521 0.417209
11.19 0.196869 0.332736 0.38958
11.2 0.18247 0.307203 0.358844
11.21 0.165796 0.278562 0.325701
11.22 0.147401 0.247581 0.290755
11.23 0.127937 0.215116 0.254538
11.24 0.108101 0.182062 0.217543
11.25 0.0885912 0.149302 0.180268
11.26 0.0700528 0.117653 0.143265
11.27 0.0530323 0.0878271 0.107163
11.28 0.0379396 0.0604092 0.0726801
11.29 0.0250255 0.0358524 0.0406073
11.3 0.0143776 0.0144907 0.011769
11.31 0.0059368 -0.00343946 -0.0130339
11.32 -0.000467676 -0.0177752 -0.0330881
11.33 -0.00506834 -0.0284076 -0.0478308
11.34 -0.00810339 -0.0352711 -0.0569015
11.35 -0.009764 -0.0383441 -0.0601751
11.36 -0.0101553 -0.0376574 -0.0577729
11.37 -0.00927913 -0.0333086 -0.0500512
11.38 -0.00704355 -0.0254755 -0.0375707
11.39 -0.0032976 -0.0144252 -0.0210511
11.4 0.00211392 -0.00051672 -0.00131779
11.41 0.00928662 0.0158046 0.020753
11.42 0.0181963 0.0340174 0.0442851
11.43 0.028655 0.0535385 0.0684445
11.44 0.0402928 0.0737365 0.0924689
11.45 0.0525709 0.0939454 0.115684
11.46 0.064823 0.113477 0.137506
11.47 0.07632 0.131634 0.157428
11.48 0.0863454 0.147725 0.175001
11.49 0.0942683 0.16109 0.189809
11.5 0.0996033 0.17112 0.201435
11.51 0.102047 0.177294 0.209449
11.52 0.101486 0.179202 0.213396
11.53 0.0979814 0.176572 0.212799
11.54 0.0917324 0.169277 0.207191
11.55 0.0830235 0.157342 0.196151
11.56 0.0721742 0.140921 0.179358
11.57 0.059492 0.120271 0.156647
11.58 0.0452381 0.0957217 0.128054
11.59 0.0296096 0.067643 0.0938545
11.6 0.012737 0.0364206 0.0545722
11.61 -0.00530269 0.00244778 0.0109613
11.62 -0.0244618 -0.0338703 -0.0360331
11.63 -0.0446914 -0.0720999 -0.0853379
11.64 -0.0659077 -0.111756 -0.135825
11.65 -0.0879609 -0.152279 -0.186384
11.66 -0.110609 -0.193026 -0.235986
11.67 -0.133505 -0.233268 -0.283726
11.68 -0.156189 -0.272212 -0.328845
11.69 -0.178108 -0.309032 -0.370722
11.7 -0.198639 -0.342916 -0.408853
11.71 -0.217134 -0.373104 -0.442817
11.72 -0.232974 -0.398934 -0.472232
11.73 -0.245624 -0.419869 -0.496729
11.74 -0.254685 -0.435512 -0.515928
11.75 -0.259932 -0.44561 -0.52944
11.76 -0.261334 -0.45004 -0.536881
11.77 -0.259046 -0.448798 -0.537903
11.78 -0.253377 -0.441979 -0.53223
11.79 -0.244741 -0.429767 -0.519706
11.8 -0.233592 -0.412421 -0.500333
11.81 -0.220362 -0.39027 -0.474296
11.82 -0.20541 -0.363709 -0.441985
11.83 -0.188992 -0.333197 -0.403991
11.84 -0.171252 -0.299247 -0.361095
11.85 -0.152251 -0.262419 -0.314231
11.86 -0.132004 -0.223308 -0.264447
11.87 -0.110539 -0.182537 -0.212853
11.88 -0.0879482 -0.14074 -0.16056
11.89 -0.0644341 -0.0985644 -0.10863
11.9 -0.0403314 -0.0566634 -0.0580263
11.91 -0.0161051 -0.0156977 -0.0095806
11.92 0.00767525 0.0236678 0.0360277
11.93 0.0303818 0.060771 0.0782713
11.94 0.0513863 0.0949685 0.116758
11.95 0.0701186 0.125659 0.151201
11.96 0.0861196 0.152314 0.181384
11.97 0.0990777 0.174512 0.207122
11.98 0.108848 0.191967 0.228235
11.99 0.115453 0.204552 0.244535
12 0.119063 0.212302 0.255836
12.01 0.119965 0.215408 0.261973
12.02 0.118525 0.214191 0.262847
12.03 0.115149 0.209065 0.258469
12.04 0.110235 0.200504 0.249006
12.05 0.104149 0.189 0.234815
12.06 0.0971939 0.175044 0.216454
12.07 0.0896009 0.159112 0.194675
12.08 0.0815285 0.141665 0.170391
12.09 0.0730761 0.123164 0.144619
12.1 0.0643089 0.104084 0.11842
12.11 0.0552906 0.0849293 0.0928247
12.12 0.0461189 0.0662384 0.0687772
12.13 0.0369576 0.0485818 0.0470847
12.14 0.0280581 0.0325436 0.0283904
12.15 0.0197659 0.0186971 0.0131658
12.16 0.012507 0.00757359 0.0017217
12.17 0.00675518 -0.000367319 -0.00576697
12.18 0.00298303 -0.00476282 -0.00922924
12.19 0.00160479 -0.00536403 -0.00866489
12.2 0.00291952 -0.00204413 -0.00411634
12.21 0.00706548 0.00520138 0.00435044
12.22 0.0139941 0.0162599 0.0166537
12.23 0.0234692 0.0309103 0.0326922
12.24 0.0350919 0.0488322 0.0523309
12.25 0.0483475 0.0696162 0.0753798
12.26 0.0626664 0.0927751 0.101569
12.27 0.0774875 0.117756 0.130521
12.28 0.0923137 0.143958 0.161738
12.29 0.10675 0.170748 0.194582
12.3 0.120521 0.197487 0.228281
12.31 0.133458 0.223547 0.261949
12.32 0.145478 0.248333 0.294607
12.33 0.156539 0.271293 0.325239
12.34 0.166593 0.29192 0.35284
12.35 0.175553 0.309756 0.376476
12.36 0.183262 0.324376 0.395339
12.37 0.189485 0.335384 0.408791
12.38 0.193915 0.342404 0.416393
12.39 0.196202 0.345082 0.417912
12.4 0.195983 0.343102 0.413307
12.41 0.192924 0.336203 0.402698
12.42 0.186763 0.324209 0.386321
12.43 0.177342 0.30706 0.364487
12.44 0.164635 0.284835 0.337533
12.45 0.14876 0.257771 0.3058
12.46 0.12998 0.226253 0.269619
12.47 0.108689 0.190806 0.229317
12.48 0.0853869 0.152064 0.185244
12.49 0.0606423 0.110731 0.137803
12.5 0.0350519 0.0675436 0.087486
12.51 0.00919502 0.0232367 0.0349031
12.52 -0.0164068 -0.0214807 -0.0192048
12.53 -0.0413217 -0.0659394 -0.073968
12.54 -0.0652255 -0.109513 -0.128412
12.55 -0.0879028 -0.151614 -0.181495
12.56 -0.109231 -0.191684 -0.232164
12.57 -0.129147 -0.22919 -0.279406
12.58 -0.147612 -0.263624 -0.322307
12.59 -0.164564 -0.294504 -0.360093
12.6 -0.179884 -0.321389 -0.392169
12.61 -0.19338 -0.343891 -0.418131
12.62 -0.204784 -0.361691 -0.43777
12.63 -0.213772 -0.374553 -0.451054
12.64 -0.220007 -0.382335 -0.458111
12.65 -0.223188 -0.384992 -0.459188
12.66 -0.223103 -0.382582 -0.454624
12.67 -0.219678 -0.375266 -0.444813
12.68 -0.213001 -0.363306 -0.430176
12.69 -0.203333 -0.347063 -0.411144
12.7 -0.191089 -0.326993 -0.388151
12.71 -0.176801 -0.303643 -0.361631
12.72 -0.161068 -0.277633 -0.332036
12.73 -0.144498 -0.249645 -0.299853
12.74 -0.127654 -0.220389 -0.265624
12.75 -0.111016 -0.190582 -0.229967
12.76 -0.094955 -0.160912 -0.193586
12.77 -0.079727 -0.132014 -0.157266
12.78 -0.0654852 -0.104446 -0.12186
12.79 -0.0523046 -0.0786835 -0.0882469
12.8 -0.0402127 -0.055116 -0.0572915
12.81 -0.0292225 -0.0340594 -0.0297859
12.82 -0.019361 -0.0157706 -0.00639647
12.83 -0.0106886 -0.000464404 0.012383
12.84 -0.00330889 0.0116762 0.0262625
12.85 0.00263388 0.020497 0.0351668
12.86 0.00696761 0.0258802 0.0392259
12.87 0.00951439 0.027762 0.0387453
12.88 0.0101187 0.026154 0.0341628
12.89 0.00867829 0.0211662 0.0259988
12.9 0.00517444 0.013023 0.0148085
12.91 -0.000303947 0.00207068 0.00114302
12.92 -0.00754523 -0.0112295 -0.0144747
12.93 -0.0162131 -0.0263188 -0.0315579
12.94 -0.0258595 -0.0425691 -0.0496492
12.95 -0.035953 -0.0593159 -0.0683016
12.96 -0.0459191 -0.0758904 -0.0870552
12.97 -0.0551888 -0.0916491 -0.105414
12.98 -0.063248 -0.105994 -0.122832
12.99 -0.0696806 -0.118389 -0.138706
13 -0.0741976 -0.12836 -0.152387
13.01 -0.0766484 -0.135506 -0.163201
13.02 -0.0770118 -0.13949 -0.170481
13.03 -0.0753676 -0.140044 -0.173607
13.04 -0.0718568 -0.136968 -0.172049
13.05 -0.0666352 -0.130131 -0.165403
13.06 -0.0598324 -0.119475 -0.153425
13.07 -0.0515215 -0.105013 -0.136054
13.08 -0.0417082 -0.0868301 -0.11342
13.09 -0.0303385 -0.0650822 -0.0858381
13.1 -0.0173258 -0.0399902 -0.0537923
13.11 -0.00258942 -0.011838 -0.0179047
13.12 0.0139015 0.0190291 0.0211035
13.13 0.0320883 0.0522043 0.062455
13.14 0.0517947 0.0872164 0.105358
13.15 0.0727152 0.123528 0.149043
13.16 0.0944224 0.160534 0.192789
13.17 0.116392 0.197571 0.235935
13.18 0.138038 0.233925 0.277881
13.19 0.158763 0.268859 0.318073
13.2 0.177996 0.301639 0.355983
13.21 0.195238 0.331569 0.391085
13.22 0.210089 0.358022 0.422834
13.23 0.222265 0.38047 0.450662
13.24 0.231602 0.398498 0.473976
13.25 0.238051 0.411818 0.492186
13.26 0.241652 0.420254 0.504735
13.27 0.242516 0.423735 0.511146
13.28 0.240792 0.422268 0.511066
13.29 0.236641 0.415927 0.504309
13.3 0.23021 0.404827 0.490885
13.31 0.221616 0.389129 0.471011
13.32 0.210939 0.369032 0.445106
13.33 0.198225 0.344787 0.413761
13.34 0.183506 0.316708 0.377708
13.35 0.166821 0.285184 0.337764
13.36 0.148246 0.250686 0.294785
13.37 0.12793 0.213766 0.249624
13.38 0.106114 0.175048 0.203093
13.39 0.0831477 0.135211 0.155944
13.4 0.0594845 0.0949649 0.108862
13.41 0.0356644 0.0550281 0.0624646
13.42 0.0122771 0.0160994 0.0173179
13.43 -0.0100849 -0.0211617 -0.0260497
13.44 -0.0308763 -0.056153 -0.0671317
13.45 -0.0496466 -0.088343 -0.105432
13.46 -0.0660747 -0.117281 -0.140458
13.47 -0.0799865 -0.142604 -0.17173
13.48 -0.0913528 -0.164044 -0.198789
13.49 -0.100267 -0.181429 -0.22122
13.5 -0.106911 -0.194686 -0.23868
13.51 -0.11151 -0.203836 -0.250928
13.52 -0.11429 -0.20899 -0.257852
13.53 -0.115445 -0.210336 -0.259497
13.54 -0.115117 -0.208127 -0.256077
13.55 -0.113389 -0.202665 -0.24798
13.56 -0.110301 -0.19429 -0.235754
13.57 -0.105873 -0.183368 -0.220084
13.58 -0.100132 -0.17029 -0.201752
13.59 -0.0931501 -0.155473 -0.18159
13.6 -0.0850633 -0.139364 -0.160436
13.61 -0.0760915 -0.122446 -0.139079
13.62 -0.0665396 -0.105242 -0.118233
13.63 -0.0567879 -0.088309 -0.0985083
13.64 -0.0472712 -0.0722266 -0.0804055
13.65 -0.0384488 -0.0575753 -0.0643257
13.66 -0.0307707 -0.0449084 -0.050589
13.67 -0.0246422 -0.0347208 -0.0394607
13.68 -0.0203925 -0.0274199 -0.0311769
13.69 -0.018249 -0.0233023 -0.0259631
13.7 -0.0183222 -0.0225413 -0.0240413
13.71 -0.0206001 -0.025185 -0.0256243
13.72 -0.0249561 -0.0311659 -0.0308957
13.73 -0.0311666 -0.0403177 -0.0399811
13.74 -0.0389395 -0.0523964 -0.0529146
13.75 -0.0479468 -0.067101 -0.0696068
13.76 -0.0578603 -0.0840904 -0.0898211
13.77 -0.0683815 -0.102994 -0.113162
13.78 -0.079264 -0.123417 -0.139079
13.79 -0.0903234 -0.144938 -0.166884
13.8 -0.101431 -0.167111 -0.195785
13.81 -0.112498 -0.189461 -0.224923
13.82 -0.123444 -0.211482 -0.253421
13.83 -0.134167 -0.23265 -0.280423
13.84 -0.144512 -0.252425 -0.305138
13.85 -0.15425 -0.270266 -0.326864
13.86 -0.163071 -0.285646 -0.345012
13.87 -0.170596 -0.298068 -0.35911
13.88 -0.176403 -0.307075 -0.368804
13.89 -0.180064 -0.312266 -0.373843
13.9 -0.181193 -0.313311 -0.374067
13.91 -0.179488 -0.309955 -0.369382
13.92 -0.174766 -0.302037 -0.35975
13.93 -0.166984 -0.289494 -0.345168
13.94 -0.15624 -0.272374 -0.325669
13.95 -0.142762 -0.250834 -0.301317
13.96 -0.126876 -0.225143 -0.272229
13.97 -0.108972 -0.195671 -0.238582
13.98 -0.0894635 -0.162875 -0.200646
13.99 -0.068753 -0.12728 -0.158798
14 -0.0472033 -0.0894503 -0.113546
14.01 -0.0251241 -0.0499735 -0.0655308
14.02 -0.00276881 -0.00943618 -0.015521
14.03 0.0196572 0.0315872 0.0356061
14.04 0.0419799 0.0725396 0.0869003
14.05 0.0640359 0.11288 0.137384
14.06 0.0856509 0.152077 0.186099
14.07 0.106621 0.189605 0.23216
14.08 0.126703 0.224935 0.27479
14.09 0.145605 0.257545 0.313349
14.1 0.162999 0.286922 0.347349
14.11 0.178529 0.312586 0.376448
14.12 0.191836 0.334113 0.400434
14.13 0.202587 0.351155 0.4192
14.14 0.210505 0.363467 0.432717
14.15 0.215398 0.370919 0.441005
14.16 0.217184 0.373506 0.44412
14.17 0.215905 0.371346 0.442142
14.18 0.211728 0.364664 0.435183
14.19 0.204935 0.353784 0.423396
14.2 0.1959 0.339102 0.406996
14.21 0.185047 0.32107 0.386279
14.22 0.17282 0.30018 0.361639
14.23 0.159636 0.276947 0.333581
14.24 0.145859 0.2519 0.302718
14.25 0.131775 0.225575 0.269762
14.26 0.117596 0.198507 0.235505
14.27 0.103462 0.171221 0.200786
14.28 0.0894726 0.14423 0.166456
14.29 0.0757102 0.118027 0.133337
14.3 0.0622764 0.0930729 0.102186
14.31 0.0493143 0.0697977 0.0736613
14.32 0.0370226 0.0485905 0.0482934
14.33 0.0256545 0.029797 0.026472
14.34 0.0155019 0.0137148 0.00844034
14.35 0.00686766 0.000588196 -0.00569763
14.36 3.06517e-05 -0.00939929 -0.0159603
14.37 -0.00479012 -0.016134 -0.0224644
14.38 -0.0074664 -0.0195829 -0.0253981
14.39 -0.00798167 -0.0198041 -0.0249946
14.4 -0.00643904 -0.016955 -0.0215119
14.41 -0.00305544 -0.0112952 -0.01522
14.42 0.00185648 -0.00318219 -0.0063998
14.43 0.00791571 0.00694088 0.00464965
14.44 0.0147053 0.0185652 0.0175951
14.45 0.0218053 0.0311416 0.0320504
14.46 0.0288226 0.044108 0.0475589
14.47 0.0354142 0.0569157 0.0635835
14.48 0.0413015 0.0690495 0.0795063
14.49 0.046276 0.0800409 0.0946422
14.5 0.050195 0.0894738 0.108266
14.51 0.0529702 0.0969817 0.119647
14.52 0.0545498 0.102242 0.128097
14.53 0.0548987 0.104968 0.133007
14.54 0.0539781 0.104903 0.13389
14.55 0.0517296 0.101825 0.130405
14.56 0.0480662 0.0955445 0.122376
14.57 0.0428722 0.0859217 0.109785
14.58 0.0360134 0.0728782 0.0927629
14.59 0.0273568 0.0564117 0.0715661
14.6 0.0167977 0.0366087 0.0465451
14.61 0.00428838 0.013651 0.0181166
14.62 -0.0101338 -0.0121827 -0.0132633
14.63 -0.0263267 -0.0405224 -0.0471193
14.64 -0.0440353 -0.0709172 -0.0829682
14.65 -0.0628975 -0.10285 -0.120322
14.66 -0.0824645 -0.135754 -0.158685
14.67 -0.102233 -0.169029 -0.197543
14.68 -0.121686 -0.202059 -0.236357
14.69 -0.14033 -0.234226 -0.274551
14.7 -0.157736 -0.26493 -0.311507
14.71 -0.173561 -0.293596 -0.346572
14.72 -0.187557 -0.319694 -0.379059
14.73 -0.199572 -0.342747 -0.408273
14.74 -0.209532 -0.362341 -0.433533
14.75 -0.217411 -0.378133 -0.454202
14.76 -0.223209 -0.389851 -0.469724
14.77 -0.226923 -0.397293 -0.479654
14.78 -0.228527 -0.400326 -0.483687
14.79 -0.227966 -0.398875 -0.481678
14.8 -0.225161 -0.392925 -0.473649
14.81 -0.220021 -0.382514 -0.459784
14.82 -0.212464 -0.367738 -0.440414
14.83 -0.202446 -0.348755 -0.415989
14.84 -0.189982 -0.325792 -0.387042
14.85 -0.175167 -0.299156 -0.354158
14.86 -0.158186 -0.26924 -0.317941
14.87 -0.139319 -0.23652 -0.278988
14.88 -0.118928 -0.201553 -0.237879
14.89 -0.0974469 -0.164955 -0.195173
14.9 -0.075351 -0.127386 -0.151416
14.91 -0.0531324 -0.0895214 -0.107152
14.92 -0.0312682 -0.0520208 -0.0629423
14.93 -0.0101924 -0.0155072 -0.0193727
14.94 0.00972748 0.0194547 0.0229386
14.95 0.0282064 0.0523705 0.0633484
14.96 0.0450487 0.0828209 0.101205
14.97 0.0601441 0.11046 0.135874
14.98 0.0734548 0.135012 0.166772
14.99 0.0849948 0.156259 0.193399
15 0.0948055 0.174043 0.215372
15.01 0.102931 0.188256 0.232448
15.02 0.109399 0.198844 0.244541
15.03 0.11421 0.205811 0.25172
15.04 0.117334 0.20922 0.254205
15.05 0.118726 0.209202 0.252345
15.06 0.118344 0.205954 0.246592
15.07 0.116176 0.199745 0.237472
15.08 0.112267 0.190906 0.225552
15.09 0.106741 0.179831 0.211411
15.1 0.0998141 0.166963 0.195622
15.11 0.0917935 0.152787 0.178732
15.12 0.0830636 0.137818 0.161255
15.13 0.0740597 0.122586 0.143671
15.14 0.065234 0.107625 0.126433
15.15 0.0570182 0.0934523 0.109973
15.16 0.0497889 0.0805574 0.0947117
15.17 0.0438413 0.0693808 0.0810646
15.18 0.0393739 0.0602996 0.0694461
15.19 0.0364857 0.0536137 0.0602626
15.2 0.0351862 0.0495372 0.0538997
15.21 0.0354132 0.0481952 0.0507022
15.22 0.0370575 0.0496262 0.0509476
15.23 0.0399869 0.0537907 0.0548193
15.24 0.0440687 0.0605824 0.0623802
15.25 0.0491846 0.0698411 0.0735539
15.26 0.0552383 0.081364 0.0881155
15.27 0.0621546 0.0949132 0.105694
15.28 0.0698711 0.110219 0.125791
15.29 0.0783239 0.126976 0.147801
15.3 0.0874312 0.144843 0.171055
15.31 0.0970761 0.163433 0.194853
15.32 0.107092 0.182311 0.218501
15.33 0.117254 0.200998 0.241343
15.34 0.127278 0.218975 0.26278
15.35 0.136822 0.235703 0.282281
15.36 0.14551 0.250637 0.299384
15.37 0.152945 0.263253 0.313684
15.38 0.158741 0.273071 0.324821
15.39 0.162551 0.279672 0.332469
15.4 0.164095 0.282718 0.336327
15.41 0.163184 0.281957 0.336109
15.42 0.15973 0.277231 0.33156
15.43 0.153749 0.268471 0.322457
15.44 0.145354 0.255694 0.308634
15.45 0.134732 0.238992 0.290003
15.46 0.12212 0.21853 0.266575
15.47 0.107773 0.194538 0.238477
15.48 0.0919394 0.167299 0.205966
15.49 0.0748409 0.137154 0.169432
15.5 0.0566628 0.104486 0.129394
15.51 0.0375566 0.0697234 0.0864826
15.52 0.0176526 0.0333282 0.0414188
15.53 -0.0029197 -0.00420659 -0.00501599
15.54 -0.0240088 -0.0423646 -0.0520126
15.55 -0.0454198 -0.0806114 -0.0987672
15.56 -0.0669002 -0.1184 -0.144512
15.57 -0.0881356 -0.155179 -0.188539
15.58 -0.108757 -0.190395 -0.230218
15.59 -0.128359 -0.223508 -0.269004
15.6 -0.146525 -0.253997 -0.304439
15.61 -0.162858 -0.28138 -0.33614
15.62 -0.17701 -0.305224 -0.363791
15.63 -0.188708 -0.32517 -0.387126
15.64 -0.19777 -0.340943 -0.405921
15.65 -0.204115 -0.352364 -0.419984
15.66 -0.20776 -0.359362 -0.429159
15.67 -0.208808 -0.361969 -0.433335
15.68 -0.207432 -0.360313 -0.43246
15.69 -0.203852 -0.354607 -0.426563
15.7 -0.198312 -0.34513 -0.415774
15.71 -0.19106 -0.332215 -0.400342
15.72 -0.18233 -0.316225 -0.380638
15.73 -0.172333 -0.297549 -0.357161
15.74 -0.161252 -0.276592 -0.330519
15.75 -0.149246 -0.253773 -0.301407
15.76 -0.13646 -0.229527 -0.270574
15.77 -0.123038 -0.204307 -0.238788
15.78 -0.10914 -0.17858 -0.206799
15.79 -0.0949546 -0.152831 -0.175305
15.8 -0.0807097 -0.127551 -0.144928
15.81 -0.0666754 -0.103225 -0.1162
15.82 -0.0531579 -0.080318 -0.089559
15.83 -0.0404853 -0.059259 -0.0653476
15.84 -0.0289847 -0.0404222 -0.0438278
15.85 -0.0189556 -0.0241147 -0.0251925
15.86 -0.010641 -0.0105646 -0.009579
15.87 -0.00420362 8.44055e-05 0.00292004
15.88 0.000291402 0.007776 0.01225
15.89 0.00288271 0.0125397 0.0183936
15.9 0.00370704 0.0144869 0.0213759
15.91 0.00298235 0.0138039 0.0212728
15.92 0.000982505 0.0107442 0.0182238
15.93 -0.00199236 0.00561896 0.0124434
15.94 -0.00564503 -0.00121451 0.00423145
15.95 -0.0097052 -0.00936405 -0.00602151
15.96 -0.013945 -0.0184152 -0.0178354
15.97 -0.0181841 -0.0279433 -0.0306497
15.98 -0.0222845 -0.0375243 -0.0438403
15.99 -0.0261375 -0.0467437 -0.0567443
16 -0.0296456 -0.0552027 -0.0686897
16.01 -0.0327043 -0.0625221 -0.0790284
16.02 -0.0351866 -0.0683439 -0.0871678
16.03 -0.0369343 -0.0723321 -0.0925994
16.04 -0.0377575 -0.0741747 -0.0949189
16.05 -0.0374423 -0.0735876 -0.0938382
16.06 -0.0357665 -0.0703218 -0.0891862
16.07 -0.0325192 -0.0641738 -0.0809008
16.08 -0.0275235 -0.0549992 -0.0690136
16.09 -0.0206578 -0.0427257 -0.0536301
16.1 -0.0118735 -0.0273662 -0.0349106
16.11 -0.0012058 -0.00902633 -0.0130541
16.12 0.0112217 0.0120923 0.0117121
16.13 0.0252015 0.0356971 0.0391339
16.14 0.0404538 0.0614149 0.068926
16.15 0.0566447 0.0888079 0.100761
16.16 0.0734082 0.117393 0.134256
16.17 0.0903711 0.146661 0.168963
16.18 0.107175 0.176094 0.204359
16.19 0.123497 0.20518 0.239847
16.2 0.13906 0.233419 0.27477
16.21 0.153642 0.260335 0.308422
16.22 0.167067 0.285473 0.340082
16.23 0.179202 0.308401 0.369039
16.24 0.189933 0.328714 0.394627
16.25 0.199154 0.346036 0.416254
16.26 0.206751 0.360024 0.433428
16.27 0.212586 0.370375 0.445773
16.28 0.216502 0.376838 0.453037
16.29 0.218324 0.379217 0.455095
16.3 0.217878 0.377385 0.451935
16.31 0.215012 0.371287 0.443653
16.32 0.209618 0.360945 0.430427
16.33 0.20166 0.346463 0.412507
16.34 0.191187 0.328026 0.390193
16.35 0.178342 0.305898 0.363824
16.36 0.163364 0.28042 0.33377
16.37 0.146568 0.252001 0.300429
16.38 0.128329 0.221111 0.264229
16.39 0.109052 0.188267 0.225632
16.4 0.0891461 0.154019 0.185141
16.41 0.0689949 0.118932 0.143307
16.42 0.048941 0.08357 0.100729
16.43 0.0292726 0.0484808 0.0580535
16.44 0.0102217 0.0141793 0.0159583
16.45 -0.00803051 -0.0188612 -0.0248617
16.46 -0.0253424 -0.0502143 -0.0637212
16.47 -0.0415973 -0.079503 -0.0999735
16.48 -0.0566889 -0.106398 -0.133041
16.49 -0.0705093 -0.130613 -0.162442
16.5 -0.0829415 -0.151906 -0.187813
16.51 -0.0938577 -0.170077 -0.208922
16.52 -0.103125 -0.184968 -0.22567
16.53 -0.110613 -0.196475 -0.238082
16.54 -0.116211 -0.204554 -0.246294
16.55 -0.119843 -0.209228 -0.250529
16.56 -0.121485 -0.210599 -0.251074
16.57 -0.121176 -0.208848 -0.248257
16.58 -0.119028 -0.204238 -0.242428
16.59 -0.115232 -0.197104 -0.233953
16.6 -0.110046 -0.187843 -0.223202
16.61 -0.103785 -0.176899 -0.210557
16.62 -0.0968037 -0.164742 -0.196417
16.63 -0.0894672 -0.151852 -0.181201
16.64 -0.082129 -0.138703 -0.16536
16.65 -0.0751058 -0.125744 -0.149374
16.66 -0.0686596 -0.113397 -0.13375
16.67 -0.0629862 -0.102041 -0.119008
16.68 -0.0582142 -0.0920148 -0.105669
16.69 -0.0544121 -0.0836079 -0.0942289
16.7 -0.0516022 -0.0770618 -0.0851366
16.71 -0.0497799 -0.0725679 -0.0787678
16.72 -0.0489323 -0.0702658 -0.0754048
16.73 -0.0490537 -0.0702422 -0.0752193
16.74 -0.050155 -0.0725305 -0.0782628
16.75 -0.0522641 -0.0771098 -0.0844645
16.76 -0.0554187 -0.083905 -0.0936372
16.77 -0.0596512 -0.0927867 -0.105491
16.78 -0.0649702 -0.103572 -0.11965
16.79 -0.0713413 -0.116023 -0.135679
16.8 -0.0786712 -0.129851 -0.153103
16.81 -0.0867983 -0.144713 -0.17143
16.82 -0.0954918 -0.16022 -0.190169
16.83 -0.104459 -0.17594 -0.208842
16.84 -0.113362 -0.191408 -0.226989
16.85 -0.121839 -0.206139 -0.244169
16.86 -0.129526 -0.219645 -0.259956
16.87 -0.136086 -0.23145 -0.273931
16.88 -0.141225 -0.241111 -0.285678
16.89 -0.144709 -0.248233 -0.294781
16.9 -0.146371 -0.252485 -0.300828
16.91 -0.146113 -0.253605 -0.303422
16.92 -0.1439 -0.251405 -0.302194
16.93 -0.139749 -0.245769 -0.296831
16.94 -0.133716 -0.236648 -0.287094
16.95 -0.12588 -0.224056 -0.272842
16.96 -0.116331 -0.208056 -0.254054
16.97 -0.105158 -0.188763 -0.230832
16.98 -0.0924453 -0.166337 -0.203411
16.99 -0.0782711 -0.140985 -0.172145
17 -0.0627146 -0.112963 -0.137495
17.01 -0.0458659 -0.0825806 -0.100002
17.02 -0.0278391 -0.0502 -0.0602631
17.03 -0.00878603 -0.0162375 -0.018907
17.04 0.0110923 0.0188412 0.0234333
17.05 0.0315391 0.0545296 0.0661367
17.06 0.0522425 0.0902914 0.108608
17.07 0.0728437 0.125576 0.150281
17.08 0.092953 0.159832 0.190625
17.09 0.112172 0.192525 0.229136
17.1 0.130119 0.223152 0.265336
17.11 0.146453 0.251253 0.29877
17.12 0.160895 0.276422 0.329002
17.13 0.173243 0.298317 0.35562
17.14 0.183377 0.316662 0.378244
17.15 0.191255 0.331255 0.396536
17.16 0.196898 0.341968 0.410216
17.17 0.200379 0.348745 0.41908
17.18 0.201798 0.351602 0.423015
17.19 0.201263 0.35062 0.422012
17.2 0.198882 0.345939 0.416179
17.21 0.194749 0.337753 0.405741
17.22 0.188948 0.326303 0.391038
17.23 0.181558 0.31187 0.372512
17.24 0.172664 0.294773 0.350686
17.25 0.162375 0.275364 0.326143
17.26 0.150831 0.254028 0.299497
17.27 0.138217 0.23118 0.271367
17.28 0.124764 0.207263 0.242353
17.29 0.11075 0.182742 0.213021
17.3 0.0964865 0.158098 0.183885
17.31 0.0823089 0.133812 0.155408
17.32 0.0685545 0.110353 0.128006
17.33 0.0555436 0.0881589 0.102048
17.34 0.0435595 0.0676235 0.077869
17.35 0.032832 0.049078 0.0557753
17.36 0.0235249 0.0327813 0.0360475
17.37 0.01573 0.0189144 0.0189386
17.38 0.00946728 0.0075787 0.00466584
17.39 0.0046919 -0.0011997 -0.00660181
17.4 0.00130613 -0.00746316 -0.0147594
17.41 -0.000824813 -0.0113133 -0.0197823
17.42 -0.00185546 -0.0129016 -0.0217394
17.43 -0.00194392 -0.0124215 -0.0208018
17.44 -0.00123902 -0.0101023 -0.0172441
17.45 0.000127197 -0.00620429 -0.011438
17.46 0.00204079 -0.0010169 -0.00383822
17.47 0.00440088 0.005144 0.00503778
17.48 0.00710963 0.0119382 0.0146341
17.49 0.0100594 0.019005 0.0243827
17.5 0.0131198 0.0259683 0.033728
17.51 0.0161282 0.032444 0.0421493
17.52 0.0188851 0.0380486 0.0491771
17.53 0.0211572 0.0424097 0.0544042
17.54 0.0226883 0.0451762 0.0574907
17.55 0.0232161 0.0460291 0.0581641
17.56 0.0224932 0.0446924 0.0562141
17.57 0.02031 0.0409422 0.051487
17.58 0.0165143 0.0346156 0.0438776
17.59 0.0110259 0.025618 0.0333243
17.6 0.00384379 0.0139277 0.0198058
17.61 -0.0049551 -0.00040111 0.00334225
17.62 -0.0152251 -0.0172391 -0.0160005
17.63 -0.0267671 -0.0363854 -0.0381023
17.64 -0.0393471 -0.0575747 -0.0627793
17.65 -0.0527157 -0.0804871 -0.0897738
17.66 -0.0666253 -0.10476 -0.118747
17.67 -0.0808422 -0.129999 -0.149276
17.68 -0.0951541 -0.155791 -0.180858
17.69 -0.109371 -0.181715 -0.212917
17.7 -0.123319 -0.207344 -0.244829
17.71 -0.136838 -0.232257 -0.275935
17.72 -0.149764 -0.256034 -0.305578
17.73 -0.161928 -0.278263 -0.333122
17.74 -0.173143 -0.298539 -0.357984
17.75 -0.183204 -0.316468 -0.379651
17.76 -0.191892 -0.331677 -0.397694
17.77 -0.198975 -0.343818 -0.411776
17.78 -0.204225 -0.352583 -0.421648
17.79 -0.207431 -0.357715 -0.427146
17.8 -0.208415 -0.359023 -0.428177
17.81 -0.207048 -0.356389 -0.42471
17.82 -0.203266 -0.349779 -0.416767
17.83 -0.197078 -0.339242 -0.404414
17.84 -0.188568 -0.324909 -0.387762
17.85 -0.177895 -0.30699 -0.366969
17.86 -0.165277 -0.28576 -0.342246
17.87 -0.15098 -0.261553 -0.313864
17.88 -0.1353 -0.234748 -0.282164
17.89 -0.118535 -0.205758 -0.247558
17.9 -0.100977 -0.175023 -0.210532
17.91 -0.0828925 -0.142996 -0.171642
17.92 -0.0645161 -0.11014 -0.131499
17.93 -0.0460522 -0.0769216 -0.0907549
17.94 -0.0276797 -0.0438003 -0.05008
17.95 -0.00956267 -0.0112265 -0.0101414
17.96 0.00813708 0.0203653 0.0284235
17.97 0.0252491 0.0505622 0.0650284
17.98 0.0415866 0.0789785 0.0991581
17.99 0.056945 0.105261 0.130382
18 0.071107 0.129095 0.158362
18.01 0.0838533 0.15021 0.182854
18.02 0.0949786 0.168387 0.203707
18.03 0.104309 0.183463 0.220847
18.04 0.111721 0.195339 0.234274
18.05 0.117151 0.203984 0.244044
18.06 0.120607 0.209442 0.250261
18.07 0.122171 0.21183 0.253068
18.08 0.121989 0.211335 0.252642
18.09 0.120265 0.208215 0.249199
18.1 0.117238 0.202778 0.242989
18.11 0.113174 0.195382 0.234312
18.12 0.10834 0.18641 0.223515
18.13 0.102989 0.17626 0.211
18.14 0.0973541 0.165333 0.197222
18.15 0.0916352 0.154017 0.182678
18.16 0.0859995 0.142684 0.167898
18.17 0.0805845 0.13168 0.153423
18.18 0.0755035 0.121327 0.139782
18.19 0.0708547 0.111922 0.127469
18.2 0.0667301 0.103732 0.11692
18.21 0.0632232 0.0969984 0.108491
18.22 0.0604334 0.0919293 0.102444
18.23 0.0584665 0.0886964 0.098945
18.24 0.0574302 0.0874273 0.0980608
18.25 0.0574256 0.0881986 0.0997666
18.26 0.058534 0.0910285 0.103958
18.27 0.0608035 0.095872 0.110466
18.28 0.0642351 0.102618 0.11907
18.29 0.0687718 0.111089 0.12951
18.3 0.0742934 0.121046 0.1415
18.31 0.0806171 0.132197 0.154729
18.32 0.0875051 0.1442 0.168868
18.33 0.0946788 0.156682 0.183565
18.34 0.101837 0.169242 0.198446
18.35 0.108678 0.181472 0.213112
18.36 0.114915 0.192959 0.227138
18.37 0.1203 0.203305 0.240076
18.38 0.124625 0.212128 0.251461
18.39 0.127734 0.21908 0.260823
18.4 0.129516 0.223848 0.267699
18.41 0.129897 0.22616 0.271655
18.42 0.128833 0.225794 0.272304
18.43 0.126291 0.222572 0.269323
18.44 0.122247 0.216368 0.262476
18.45 0.116672 0.207106 0.251623
18.46 0.109537 0.194758 0.236731
18.47 0.100813 0.179344 0.217872
18.48 0.0904828 0.160936 0.195221
18.49 0.078549 0.139659 0.169044
18.5 0.0650486 0.115692 0.139679
18.51 0.050063 0.089271 0.107524
18.52 0.0337262 0.0606914 0.0730158
18.53 0.0162279 0.0303058 0.0366146
18.54 -0.00218876 -0.00148058 -0.00120659
18.55 -0.0212343 -0.0342172 -0.0399693
18.56 -0.0405854 -0.0674203 -0.0791922
18.57 -0.0599002 -0.100587 -0.11839
18.58 -0.0788356 -0.13321 -0.157072
18.59 -0.0970642 -0.164795 -0.194737
18.6 -0.11429 -0.194872 -0.230876
18.61 -0.130258 -0.223011 -0.264976
18.62 -0.144765 -0.248826 -0.296529
18.63 -0.157657 -0.271979 -0.325043
18.64 -0.168828 -0.292188 -0.350065
18.65 -0.178213 -0.309222 -0.371193
18.66 -0.185775 -0.322899 -0.3881
18.67 -0.191498 -0.333092 -0.40055
18.68 -0.195373 -0.339721 -0.408408
18.69 -0.197396 -0.34276 -0.411645
18.7 -0.197563 -0.342232 -0.41034
18.71 -0.195873 -0.33822 -0.404672
18.72 -0.192336 -0.330858 -0.394909
18.73 -0.186987 -0.320337 -0.38139
18.74 -0.179892 -0.306904 -0.364511
18.75 -0.171162 -0.290856 -0.344705
18.76 -0.16096 -0.272538 -0.322424
18.77 -0.1495 -0.252332 -0.298132
18.78 -0.137044 -0.230655 -0.272292
18.79 -0.123892 -0.207942 -0.245359
18.8 -0.110362 -0.18464 -0.217782
18.81 -0.0967758 -0.161196 -0.190001
18.82 -0.0834358 -0.138042 -0.162446
18.83 -0.0706109 -0.115587 -0.135543
18.84 -0.0585234 -0.0942032 -0.109705
18.85 -0.0473414 -0.0742174 -0.0853342
18.86 -0.0371793 -0.0559044 -0.062809
18.87 -0.0281018 -0.0394815 -0.0424738
18.88 -0.0201334 -0.0251073 -0.0246251
18.89 -0.0132694 -0.0128822 -0.00949581
18.9 -0.00748747 -0.0028521 0.00275911
18.91 -0.00275665 0.00498754 0.0120744
18.92 0.000955864 0.010687 0.0184815
18.93 0.0036827 0.014338 0.0221098
18.94 0.00545799 0.0160711 0.0231809
18.95 0.00632251 0.0160542 0.0219974
18.96 0.00633114 0.0144921 0.018926
18.97 0.00556105 0.0116264 0.0143776
18.98 0.00411907 0.00773497 0.00878713
18.99 0.00214673 0.0031293 0.00259412
19 -0.00017829 -0.00185059 -0.00377305
19.01 -0.002645 -0.00684402 -0.00990841
19.02 -0.00501647 -0.0114804 -0.0154347
19.03 -0.00704126 -0.0153917 -0.0200051
19.04 -0.00846793 -0.0182263 -0.0233023
19.05 -0.00906104 -0.0196624 -0.0250353
19.06 -0.00861678 -0.019419 -0.0249372
19.07 -0.00697645 -0.0172661 -0.0227647
19.08 -0.0040358 -0.0130301 -0.0183006
19.09 0.000250654 -0.00659767 -0.0113599
19.1 0.00587114 0.00208419 -0.00179885
19.11 0.0127633 0.0130094 0.0104736
19.12 0.0208252 0.026116 0.0254841
19.13 0.0299285 0.0412896 0.0431838
19.14 0.0399313 0.0583679 0.0634405
19.15 0.0506902 0.0771446 0.0860348
19.16 0.0620667 0.0973732 0.110661
19.17 0.0739303 0.118772 0.136934
19.18 0.086156 0.141026 0.1644
19.19 0.0986174 0.163794 0.192555
19.2 0.111179 0.186711 0.220859
19.21 0.123685 0.209395 0.248762
19.22 0.135955 0.23145 0.275716
19.23 0.147779 0.252472 0.3012
19.24 0.158921 0.272059 0.324727
19.25 0.169124 0.289814 0.345858
19.26 0.178122 0.305359 0.364204
19.27 0.185657 0.318339 0.37943
19.28 0.191495 0.328437 0.391251
19.29 0.195438 0.335384 0.399428
19.3 0.197339 0.338967 0.403768
19.31 0.197112 0.339037 0.404119
19.32 0.194731 0.335516 0.40037
19.33 0.190227 0.328398 0.392459
19.34 0.183688 0.317748 0.380377
19.35 0.175241 0.303697 0.364177
19.36 0.165045 0.286435 0.343986
19.37 0.153276 0.266205 0.320006
19.38 0.14012 0.243288 0.292528
19.39 0.12576 0.218004 0.261924
19.4 0.110378 0.190697 0.228644
19.41 0.0941465 0.161737 0.193205
19.42 0.0772375 0.131508 0.156171
19.43 0.0598235 0.100415 0.118138
19.44 0.0420847 0.0688734 0.0797085
19.45 0.0242151 0.0373079 0.0414709
19.46 0.00642603 0.00614714 0.00398319
19.47 -0.0110526 -0.0241839 -0.0322421
19.48 -0.0279753 -0.0532734 -0.0667476
19.49 -0.0440883 -0.0807324 -0.0991349
19.5 -0.0591408 -0.106206 -0.129065
19.51 -0.0728982 -0.129382 -0.156257
19.52 -0.0851574 -0.150003 -0.180481
19.53 -0.0957597 -0.167868 -0.201555
19.54 -0.104602 -0.182844 -0.219345
19.55 -0.111642 -0.194859 -0.233758
19.56 -0.1169 -0.203911 -0.24475
19.57 -0.120451 -0.210057 -0.252326
19.58 -0.122419 -0.213415 -0.256545
19.59 -0.122957 -0.214154 -0.257529
19.6 -0.122238 -0.21249 -0.255462
19.61 -0.120441 -0.208678 -0.250598
19.62 -0.117737 -0.203 -0.243258
19.63 -0.114283 -0.195764 -0.233822
19.64 -0.110223 -0.187291 -0.222725
19.65 -0.105689 -0.17791 -0.210436
19.66 -0.100804 -0.167952 -0.197448
19.67 -0.0956946 -0.157747 -0.184254
19.68 -0.0904916 -0.147614 -0.171327
19.69 -0.0853395 -0.137864 -0.159105
19.7 -0.0803957 -0.128792 -0.147975
19.71 -0.0758285 -0.120673 -0.138258
19.72 -0.07181 -0.113754 -0.13021
19.73 -0.0685065 -0.108251 -0.124015
19.74 -0.0660669 -0.104342 -0.119791
19.75 -0.0646102 -0.102152 -0.117598
19.76 -0.0642148 -0.101754 -0.117441
19.77 -0.0649101 -0.103161 -0.119284
19.78 -0.0666723 -0.106319 -0.123049
19.79 -0.0694239 -0.111117 -0.128625
19.8 -0.0730384 -0.11738 -0.135863
19.81 -0.0773483 -0.124883 -0.144577
19.82 -0.0821567 -0.133358 -0.154538
19.83 -0.0872499 -0.142505 -0.165471
19.84 -0.0924105 -0.152002 -0.177053
19.85 -0.0974292 -0.161516 -0.188912
19.86 -0.102114 -0.170709 -0.200635
19.87 -0.106294 -0.179249 -0.211776
19.88 -0.109823 -0.18681 -0.221869
19.89 -0.112578 -0.193084 -0.230448
19.9 -0.114449 -0.197776 -0.237064
19.91 -0.115338 -0.200612 -0.241301
19.92 -0.11515 -0.201343 -0.242801
19.93 -0.113789 -0.199751 -0.241267
19.94 -0.111155 -0.195649 -0.236483
19.95 -0.107149 -0.188893 -0.228311
19.96 -0.101677 -0.179384 -0.216693
19.97 -0.0946619 -0.167073 -0.201651
19.98 -0.0860512 -0.15197 -0.183273
19.99 -0.0758328 -0.13414 -0.161711
20 -0.0640424 -0.113707 -0.137165
