0.01 -0.0615604
0.02 -0.12279
0.03 -0.183366
0.04 -0.242763
0.05 -0.300031
0.06 -0.353529
0.07 -0.400739
0.08 -0.438289
0.09 -0.462272
0.1 -0.468863
0.11 -0.455108
0.12 -0.419703
0.13 -0.363507
0.14 -0.28962
0.15 -0.20295
0.16 -0.109348
0.17 -0.0145247
0.18 0.0769711
0.19 0.162434
0.2 0.241178
0.21 0.314171
0.22 0.383269
0.23 0.450278
0.24 0.516116
0.25 0.580305
0.26 0.640891
0.27 0.694773
0.28 0.73829
0.29 0.767898
0.3 0.78073
0.31 0.774955
0.32 0.749893
0.33 0.705972
0.34 0.644583
0.35 0.567949
0.36 0.479016
0.37 0.381342
0.38 0.278933
0.39 0.175949
0.4 0.0762947
0.41 -0.0168701
0.42 -0.101557
0.43 -0.177179
0.44 -0.24446
0.45 -0.305006
0.46 -0.3606
0.47 -0.412413
0.48 -0.460353
0.49 -0.502758
0.5 -0.536555
0.51 -0.557867
0.52 -0.562909
0.53 -0.548955
0.54 -0.515087
0.55 -0.462543
0.56 -0.394586
0.57 -0.315924
0.58 -0.231888
0.59 -0.147566
0.6 -0.0671236
0.61 0.0065616
0.62 0.0719263
0.63 0.128472
0.64 0.176377
0.65 0.216117
0.66 0.248167
0.67 0.272853
0.68 0.290282
0.69 0.300335
0.7 0.30263
0.71 0.296481
0.72 0.280862
0.73 0.254466
0.74 0.215906
0.75 0.16408
0.76 0.0986439
0.77 0.0204775
0.78 -0.0680196
0.79 -0.162927
0.8 -0.259168
0.81 -0.351196
0.82 -0.433852
0.83 -0.503197
0.84 -0.557077
0.85 -0.595287
0.86 -0.619277
0.87 -0.631494
0.88 -0.634542
0.89 -0.630396
0.9 -0.61988
0.91 -0.602523
0.92 -0.576817
0.93 -0.540748
0.94 -0.492452
0.95 -0.430793
0.96 -0.355747
0.97 -0.268509
0.98 -0.171376
0.99 -0.067468
1 0.0395965
1.01 0.146
1.02 0.247965
1.03 0.341953
1.04 0.424852
1.05 0.494188
1.06 0.548352
1.07 0.586788
1.08 0.610069
1.09 0.619781
1.1 0.618193
1.11 0.607742
1.12 0.590457
1.13 0.567461
1.14 0.53873
1.15 0.503173
1.16 0.459081
1.17 0.404798
1.18 0.339472
1.19 0.263651
1.2 0.179567
1.21 0.0910042
1.22 0.0027942
1.23 -0.0799395
1.24 -0.152586
1.25 -0.211706
1.26 -0.255397
1.27 -0.283311
1.28 -0.296382
1.29 -0.296361
1.3 -0.285318
1.31 -0.265234
1.32 -0.237748
1.33 -0.204066
1.34 -0.165001
1.35 -0.121053
1.36 -0.0725079
1.37 -0.0195218
1.38 0.0377919
1.39 0.0992332
1.4 0.164327
1.41 0.232088
1.42 0.300794
1.43 0.367858
1.44 0.429886
1.45 0.482965
1.46 0.52317
1.47 0.547194
1.48 0.552943
1.49 0.539952
1.5 0.509479
1.51 0.46424
1.52 0.407836
1.53 0.344014
1.54 0.275955
1.55 0.20577
1.56 0.134326
1.57 0.0614258
1.58 -0.0137343
1.59 -0.0919655
1.6 -0.17353
1.61 -0.257764
1.62 -0.342959
1.63 -0.426504
1.64 -0.505212
1.65 -0.57573
1.66 -0.634928
1.67 -0.6802
1.68 -0.709652
1.69 -0.722197
1.7 -0.717593
1.71 -0.696451
1.72 -0.660216
1.73 -0.611088
1.74 -0.551865
1.75 -0.485662
1.76 -0.415547
1.77 -0.344136
1.78 -0.273252
1.79 -0.203749
1.8 -0.13558
1.81 -0.0681075
1.82 -0.000612051
1.83 0.0671478
1.84 0.134471
1.85 0.199495
1.86 0.259291
1.87 0.310287
1.88 0.348884
1.89 0.372153
1.9 0.378389
1.91 0.367429
1.92 0.34064
1.93 0.300617
1.94 0.250684
1.95 0.194338
1.96 0.134769
1.97 0.0745547
1.98 0.0155406
1.99 -0.0410944
2 -0.0946765
2.01 -0.144838
2.02 -0.191339
2.03 -0.233931
2.04 -0.272252
2.05 -0.30574
2.06 -0.333546
2.07 -0.354464
2.08 -0.36692
2.09 -0.369054
2.1 -0.358928
2.11 -0.334867
2.12 -0.295863
2.13 -0.241956
2.14 -0.174476
2.15 -0.0960581
2.16 -0.0103863
2.17 0.0782975
2.18 0.165816
2.19 0.248666
2.2 0.324453
2.21 0.392069
2.22 0.451539
2.23 0.503632
2.24 0.549321
2.25 0.589255
2.26 0.623392
2.27 0.650858
2.28 0.670064
2.29 0.679023
2.3 0.67576
2.31 0.658721
2.32 0.62707
2.33 0.580852
2.34 0.52101
2.35 0.449291
2.36 0.368097
2.37 0.280308
2.38 0.189095
2.39 0.0977217
2.4 0.00932179
2.41 -0.0733448
2.42 -0.148133
2.43 -0.213702
2.44 -0.269592
2.45 -0.316143
2.46 -0.354246
2.47 -0.384961
2.48 -0.409095
2.49 -0.426844
2.5 -0.437614
2.51 -0.440093
2.52 -0.432555
2.53 -0.413348
2.54 -0.381434
2.55 -0.336829
2.56 -0.280847
2.57 -0.21605
2.58 -0.145949
2.59 -0.0745117
2.6 -0.00561224
2.61 0.0574528
2.62 0.112282
2.63 0.157473
2.64 0.192535
2.65 0.217661
2.66 0.233446
2.67 0.240629
2.68 0.239893
2.69 0.231757
2.7 0.216524
2.71 0.19428
2.72 0.164923
2.73 0.128217
2.74 0.0838809
2.75 0.0317443
2.76 -0.0280603
2.77 -0.0948684
2.78 -0.167286
2.79 -0.243086
2.8 -0.319258
2.81 -0.392245
2.82 -0.45834
2.83 -0.514173
2.84 -0.557185
2.85 -0.585958
2.86 -0.600339
2.87 -0.601295
2.88 -0.590555
2.89 -0.570119
2.9 -0.541777
2.91 -0.506738
2.92 -0.465477
2.93 -0.417811
2.94 -0.363171
2.95 -0.300981
2.96 -0.231031
2.97 -0.15377
2.98 -0.0704281
2.99 0.0170083
3 0.105961
3.01 0.1935
3.02 0.276606
3.03 0.352409
3.04 0.418392
3.05 0.472549
3.06 0.513512
3.07 0.540638
3.08 0.554052
3.09 0.554613
3.1 0.543795
3.11 0.523458
3.12 0.495558
3.13 0.461823
3.14 0.42349
3.15 0.381172
3.16 0.334896
3.17 0.284331
3.18 0.22915
3.19 0.169433
3.2 0.106003
3.21 0.0405982
3.22 -0.0241828
3.23 -0.085156
3.24 -0.138986
3.25 -0.182678
3.26 -0.214005
3.27 -0.231784
3.28 -0.235946
3.29 -0.227405
3.3 -0.207784
3.31 -0.17907
3.32 -0.143296
3.33 -0.102294
3.34 -0.0575644
3.35 -0.0102424
3.36 0.0388525
3.37 0.0891287
3.38 0.140116
3.39 0.191357
3.4 0.242294
3.41 0.292158
3.42 0.339865
3.43 0.383938
3.44 0.422501
3.45 0.453356
3.46 0.474181
3.47 0.482822
3.48 0.477632
3.49 0.457793
3.5 0.423529
3.51 0.376144
3.52 0.317868
3.53 0.251519
3.54 0.180072
3.55 0.106216
3.56 0.0320241
3.57 -0.0412085
3.58 -0.11291
3.59 -0.183001
3.6 -0.251558
3.61 -0.318465
3.62 -0.383147
3.63 -0.44445
3.64 -0.500678
3.65 -0.549773
3.66 -0.589582
3.67 -0.618132
3.68 -0.633879
3.69 -0.635879
3.7 -0.62388
3.71 -0.598338
3.72 -0.560383
3.73 -0.511728
3.74 -0.454552
3.75 -0.391327
3.76 -0.324618
3.77 -0.256854
3.78 -0.190106
3.79 -0.125907
3.8 -0.0651791
3.81 -0.00827641
3.82 0.0448374
3.83 0.0943147
3.84 0.140118
3.85 0.181766
3.86 0.218203
3.87 0.247843
3.88 0.268793
3.89 0.279202
3.9 0.277651
3.91 0.263503
3.92 0.237104
3.93 0.199806
3.94 0.153805
3.95 0.101837
3.96 0.046811
3.97 -0.00853329
3.98 -0.0618904
3.99 -0.111522
4 -0.156268
4.01 -0.195459
4.02 -0.228774
4.03 -0.256083
4.04 -0.277306
4.05 -0.29231
4.06 -0.300832
4.07 -0.302443
4.08 -0.296538
4.09 -0.282382
4.1 -0.259188
4.11 -0.226271
4.12 -0.18323
4.13 -0.130164
4.14 -0.0678474
4.15 0.00217251
4.16 0.0776006
4.17 0.155566
4.18 0.23292
4.19 0.306602
4.2 0.374009
4.21 0.433265
4.22 0.483353
4.23 0.524053
4.24 0.555737
4.25 0.579055
4.26 0.594608
4.27 0.602696
4.28 0.603183
4.29 0.595528
4.3 0.578939
4.31 0.552617
4.32 0.516021
4.33 0.469081
4.34 0.41234
4.35 0.34698
4.36 0.274768
4.37 0.197933
4.38 0.11899
4.39 0.0405703
4.4 -0.0347681
4.41 -0.10471
4.42 -0.167341
4.43 -0.221273
4.44 -0.265718
4.45 -0.300504
4.46 -0.325987
4.47 -0.342897
4.48 -0.352111
4.49 -0.354415
4.5 -0.350305
4.51 -0.339885
4.52 -0.322893
4.53 -0.298867
4.54 -0.267402
4.55 -0.228451
4.56 -0.182574
4.57 -0.131081
4.58 -0.076016
4.59 -0.019986
4.6 0.034135
4.61 0.0835532
4.62 0.125881
4.63 0.159372
4.64 0.183033
4.65 0.196599
4.66 0.2004
4.67 0.195168
4.68 0.181833
4.69 0.161349
4.7 0.134569
4.71 0.102185
4.72 0.064718
4.73 0.0225521
4.74 -0.0240027
4.75 -0.0746236
4.76 -0.12887
4.77 -0.18607
4.78 -0.245209
4.79 -0.304857
4.8 -0.363151
4.81 -0.417861
4.82 -0.466553
4.83 -0.506833
4.84 -0.536626
4.85 -0.554443
4.86 -0.559577
4.87 -0.552164
4.88 -0.533106
4.89 -0.503858
4.9 -0.46614
4.91 -0.421627
4.92 -0.371705
4.93 -0.317335
4.94 -0.259061
4.95 -0.197138
4.96 -0.131743
4.97 -0.06321
4.98 0.00777938
4.99 0.0800896
5 0.152127
5.01 0.221935
5.02 0.287357
5.03 0.34623
5.04 0.396583
5.05 0.436799
5.06 0.46574
5.07 0.482829
5.08 0.488073
5.09 0.482052
5.1 0.465849
5.11 0.440928
5.12 0.408978
5.13 0.371719
5.14 0.330717
5.15 0.287232
5.16 0.242146
5.17 0.195988
5.18 0.149049
5.19 0.101582
5.2 0.0540207
5.21 0.00716571
5.22 -0.0377213
5.23 -0.0789428
5.24 -0.114521
5.25 -0.142448
5.26 -0.160983
5.27 -0.168915
5.28 -0.165753
5.29 -0.151784
5.3 -0.128011
5.31 -0.0959784
5.32 -0.0575459
5.33 -0.0146473
5.34 0.0309074
5.35 0.0775637
5.36 0.124077
5.37 0.1695
5.38 0.213119
5.39 0.254367
5.4 0.292729
5.41 0.32765
5.42 0.358462
5.43 0.384335
5.44 0.404255
5.45 0.417053
5.46 0.42148
5.47 0.416343
5.48 0.400673
5.49 0.373917
5.5 0.336099
5.51 0.287924
5.52 0.230776
5.53 0.166611
5.54 0.0977494
5.55 0.0266064
5.56 -0.0445814
5.57 -0.113976
5.58 -0.180257
5.59 -0.242618
5.6 -0.300655
5.61 -0.35417
5.62 -0.402963
5.63 -0.446651
5.64 -0.48457
5.65 -0.515774
5.66 -0.539129
5.67 -0.55347
5.68 -0.557786
5.69 -0.551398
5.7 -0.534086
5.71 -0.50616
5.72 -0.468467
5.73 -0.422345
5.74 -0.369527
5.75 -0.312021
5.76 -0.251957
5.77 -0.191441
5.78 -0.132394
5.79 -0.0764232
5.8 -0.0247292
5.81 0.0219256
5.82 0.0631782
5.83 0.0989563
5.84 0.12932
5.85 0.15429
5.86 0.173703
5.87 0.187134
5.88 0.193922
5.89 0.193284
5.9 0.184513
5.91 0.167193
5.92 0.141406
5.93 0.107851
5.94 0.0678615
5.95 0.0233099
5.96 -0.0235835
5.97 -0.0704894
5.98 -0.115211
5.99 -0.155879
6 -0.191072
6.01 -0.219849
6.02 -0.241707
6.03 -0.256484
6.04 -0.26424
6.05 -0.265137
6.06 -0.259345
6.07 -0.246976
6.08 -0.228061
6.09 -0.20255
6.1 -0.170357
6.11 -0.131432
6.12 -0.0858523
6.13 -0.0339354
6.14 0.0236561
6.15 0.085836
6.16 0.151068
6.17 0.217411
6.18 0.282642
6.19 0.344445
6.2 0.400637
6.21 0.449388
6.22 0.489391
6.23 0.519941
6.24 0.540913
6.25 0.552644
6.26 0.555741
6.27 0.550885
6.28 0.53865
6.29 0.519403
6.3 0.493286
6.31 0.460297
6.32 0.420416
6.33 0.373774
6.34 0.320787
6.35 0.26226
6.36 0.199408
6.37 0.133826
6.38 0.067387
6.39 0.00211586
6.4 -0.0599622
6.41 -0.116966
6.42 -0.167289
6.43 -0.209702
6.44 -0.243421
6.45 -0.268137
6.46 -0.283986
6.47 -0.291485
6.48 -0.291412
6.49 -0.284664
6.5 -0.272113
6.51 -0.25449
6.52 -0.232317
6.53 -0.205924
6.54 -0.17553
6.55 -0.141385
6.56 -0.103927
6.57 -0.063928
6.58 -0.0225652
6.59 0.0185877
6.6 0.0576642
6.61 0.0926849
6.62 0.121774
6.63 0.143372
6.64 0.156397
6.65 0.160328
6.66 0.155208
6.67 0.141557
6.68 0.120244
6.69 0.0923317
6.7 0.0589374
6.71 0.0211214
6.72 -0.0201768
6.73 -0.0641571
6.74 -0.110139
6.75 -0.157514
6.76 -0.205679
6.77 -0.253964
6.78 -0.301566
6.79 -0.347493
6.8 -0.390543
6.81 -0.429316
6.82 -0.462282
6.83 -0.487892
6.84 -0.504726
6.85 -0.511662
6.86 -0.508027
6.87 -0.493692
6.88 -0.469111
6.89 -0.435254
6.9 -0.393485
6.91 -0.345365
6.92 -0.292468
6.93 -0.236202
6.94 -0.177717
6.95 -0.117875
6.96 -0.0573125
6.97 0.0034462
6.98 0.0638499
6.99 0.123199
7 0.180567
7.01 0.234793
7.02 0.284526
7.03 0.328339
7.04 0.364855
7.05 0.392894
7.06 0.411587
7.07 0.420469
7.08 0.419525
7.09 0.409193
7.1 0.390327
7.11 0.364123
7.12 0.332015
7.13 0.295554
7.14 0.256272
7.15 0.21557
7.16 0.174621
7.17 0.134336
7.18 0.0953704
7.19 0.0581963
7.2 0.023211
7.21 -0.00914231
7.22 -0.0382707
7.23 -0.0633787
7.24 -0.0834835
7.25 -0.0975029
7.26 -0.104401
7.27 -0.103359
7.28 -0.093938
7.29 -0.0761901
7.3 -0.0507001
7.31 -0.0185451
7.32 0.0188168
7.33 0.0597029
7.34 0.102376
7.35 0.145199
7.36 0.186741
7.37 0.225839
7.38 0.261602
7.39 0.293368
7.4 0.32065
7.41 0.343051
7.42 0.360203
7.43 0.371711
7.44 0.37712
7.45 0.375917
7.46 0.367556
7.47 0.351521
7.48 0.327409
7.49 0.295036
7.5 0.254535
7.51 0.20644
7.52 0.15172
7.53 0.0917653
7.54 0.0282986
7.55 -0.0367595
7.56 -0.101464
7.57 -0.164019
7.58 -0.222923
7.59 -0.277051
7.6 -0.325664
7.61 -0.368356
7.62 -0.404939
7.63 -0.43531
7.64 -0.459341
7.65 -0.476795
7.66 -0.487318
7.67 -0.490474
7.68 -0.485842
7.69 -0.473126
7.7 -0.45227
7.71 -0.423544
7.72 -0.387591
7.73 -0.345426
7.74 -0.29839
7.75 -0.248071
7.76 -0.196197
7.77 -0.144518
7.78 -0.0946892
7.79 -0.0481645
7.8 -0.00611479
7.81 0.0306221
7.82 0.0615498
7.83 0.086479
7.84 0.105454
7.85 0.118654
7.86 0.12629
7.87 0.128513
7.88 0.125376
7.89 0.116834
7.9 0.10281
7.91 0.0832966
7.92 0.0584809
7.93 0.0288535
7.94 -0.00472449
7.95 -0.0410163
7.96 -0.0784729
7.97 -0.115355
7.98 -0.149892
7.99 -0.180441
8 -0.205631
8.01 -0.224449
8.02 -0.236278
8.03 -0.240871
8.04 -0.238291
8.05 -0.228816
8.06 -0.212852
8.07 -0.190849
8.08 -0.163247
8.09 -0.130445
8.1 -0.0928083
8.11 -0.050693
8.12 -0.00449612
8.13 0.0452855
8.14 0.0979925
8.15 0.152751
8.16 0.208442
8.17 0.263709
8.18 0.317003
8.19 0.366672
8.2 0.411087
8.21 0.448782
8.22 0.478586
8.23 0.499726
8.24 0.51187
8.25 0.515116
8.26 0.509914
8.27 0.496951
8.28 0.477014
8.29 0.450875
8.3 0.419208
8.31 0.382565
8.32 0.341399
8.33 0.29614
8.34 0.247283
8.35 0.195477
8.36 0.141587
8.37 0.08671
8.38 0.0321549
8.39 -0.0206299
8.4 -0.0701497
8.41 -0.114974
8.42 -0.153842
8.43 -0.18576
8.44 -0.210064
8.45 -0.226455
8.46 -0.235005
8.47 -0.236121
8.48 -0.230484
8.49 -0.218955
8.5 -0.202484
8.51 -0.182011
8.52 -0.158389
8.53 -0.132344
8.54 -0.104479
8.55 -0.0753108
8.56 -0.0453528
8.57 -0.0151953
8.58 0.014417
8.59 0.0425463
8.6 0.068072
8.61 0.089755
8.62 0.106348
8.63 0.116728
8.64 0.12003
8.65 0.11575
8.66 0.103803
8.67 0.0845182
8.68 0.0585917
8.69 0.0269884
8.7 -0.00916725
8.71 -0.0487028
8.72 -0.0904872
8.73 -0.133491
8.74 -0.17681
8.75 -0.21966
8.76 -0.261345
8.77 -0.301212
8.78 -0.338604
8.79 -0.372818
8.8 -0.403075
8.81 -0.42852
8.82 -0.448237
8.83 -0.461308
8.84 -0.46688
8.85 -0.464268
8.86 -0.453039
8.87 -0.433106
8.88 -0.404768
8.89 -0.368718
8.9 -0.325996
8.91 -0.2779
8.92 -0.225857
8.93 -0.1713
8.94 -0.115548
8.95 -0.0597325
8.96 -0.00476873
8.97 0.0486199
8.98 0.0998416
8.99 0.148355
9 0.193592
9.01 0.234906
9.02 0.271558
9.03 0.302744
9.04 0.327658
9.05 0.345576
9.06 0.355952
9.07 0.358494
9.08 0.353224
9.09 0.340502
9.1 0.321016
9.11 0.295744
9.12 0.265883
9.13 0.232766
9.14 0.197765
9.15 0.162199
9.16 0.127252
9.17 0.0939199
9.18 0.0629802
9.19 0.0350061
9.2 0.0104055
9.21 -0.0105139
9.22 -0.0274739
9.23 -0.0401666
9.24 -0.0482222
9.25 -0.0512172
9.26 -0.048723
9.27 -0.0403872
9.28 -0.0260316
9.29 -0.00574311
9.3 0.0200624
9.31 0.0506208
9.32 0.08485
9.33 0.121426
9.34 0.158893
9.35 0.195779
9.36 0.230715
9.37 0.262514
9.38 0.290222
9.39 0.313133
9.4 0.330762
9.41 0.342802
9.42 0.349071
9.43 0.349457
9.44 0.343875
9.45 0.332246
9.46 0.314494
9.47 0.290566
9.48 0.260472
9.49 0.224337
9.5 0.182458
9.51 0.135361
9.52 0.0838293
9.53 0.0289171
9.54 -0.028083
9.55 -0.085704
9.56 -0.1424
9.57 -0.196661
9.58 -0.247122
9.59 -0.29266
9.6 -0.332448
9.61 -0.365963
9.62 -0.39296
9.63 -0.413397
9.64 -0.427356
9.65 -0.434962
9.66 -0.436327
9.67 -0.431529
9.68 -0.420624
9.69 -0.403696
9.7 -0.380921
9.71 -0.352634
9.72 -0.319381
9.73 -0.281945
9.74 -0.241343
9.75 -0.198784
9.76 -0.155606
9.77 -0.113194
9.78 -0.0728921
9.79 -0.0359125
9.8 -0.00326795
9.81 0.0242827
9.82 0.0462597
9.83 0.0624596
9.84 0.0729233
9.85 0.0778828
9.86 0.077693
9.87 0.0727629
9.88 0.0634986
9.89 0.0502709
9.9 0.0334133
9.91 0.0132524
9.92 -0.00983782
9.93 -0.0353718
9.94 -0.0626947
9.95 -0.0909502
9.96 -0.119083
9.97 -0.145886
9.98 -0.170075
9.99 -0.190399
10 -0.205742
10.01 -0.215217
10.02 -0.218233
10.03 -0.214514
10.04 -0.204092
10.05 -0.187255
10.06 -0.164484
10.07 -0.136381
10.08 -0.103602
10.09 -0.0668088
10.1 -0.0266413
10.11 0.0162885
10.12 0.0613811
10.13 0.108021
10.14 0.155543
10.15 0.203196
10.16 0.250119
10.17 0.295336
10.18 0.337766
10.19 0.37627
10.2 0.409713
10.21 0.437043
10.22 0.457382
10.23 0.470103
10.24 0.474887
10.25 0.471746
10.26 0.461009
10.27 0.443266
10.28 0.419292
10.29 0.389952
10.3 0.356123
10.31 0.318628
10.32 0.278207
10.33 0.235523
10.34 0.191196
10.35 0.145853
10.36 0.100177
10.37 0.054945
10.38 0.0110398
10.39 -0.0305671
10.4 -0.0688612
10.41 -0.10285
10.42 -0.131638
10.43 -0.154502
10.44 -0.170949
10.45 -0.180761
10.46 -0.18401
10.47 -0.181046
10.48 -0.172464
10.49 -0.159049
10.5 -0.141705
10.51 -0.121388
10.52 -0.0990305
10.53 -0.0754961
10.54 -0.0515458
10.55 -0.027836
10.56 -0.00494014
10.57 0.0166116
10.58 0.0362854
10.59 0.0535034
10.6 0.0676244
10.61 0.0779516
10.62 0.0837727
10.63 0.0844253
10.64 0.0793774
10.65 0.0683056
10.66 0.0511576
10.67 0.0281833
10.68 -6.91627e-05
10.69 -0.0327936
10.7 -0.0689935
10.71 -0.107564
10.72 -0.147377
10.73 -0.18735
10.74 -0.2265
10.75 -0.263965
10.76 -0.29901
10.77 -0.331005
10.78 -0.359399
10.79 -0.383684
10.8 -0.403372
10.81 -0.417975
10.82 -0.427006
10.83 -0.429995
10.84 -0.426527
10.85 -0.416284
10.86 -0.399106
10.87 -0.375044
10.88 -0.344396
10.89 -0.307731
10.9 -0.265875
10.91 -0.219876
10.92 -0.170932
10.93 -0.120308
10.94 -0.0692455
10.95 -0.0188874
10.96 0.0297812
10.97 0.0759555
10.98 0.119004
10.99 0.158436
11 0.19385
11.01 0.22489
11.02 0.251204
11.03 0.272435
11.04 0.288226
11.05 0.298262
11.06 0.302316
11.07 0.300305
11.08 0.292339
11.09 0.278754
11.1 0.260122
11.11 0.237234
11.12 0.211066
11.13 0.182718
11.14 0.153349
11.15 0.124104
11.16 0.0960443
11.17 0.0700967
11.18 0.0470124
11.19 0.0273543
11.2 0.0115047
11.21 -0.000306683
11.22 -0.00796134
11.23 -0.011407
11.24 -0.0106197
11.25 -0.00558191
11.26 0.00371644
11.27 0.0172534
11.28 0.0349319
11.29 0.0565277
11.3 0.0816413
11.31 0.109666
11.32 0.139785
11.33 0.170993
11.34 0.202157
11.35 0.232086
11.36 0.259619
11.37 0.283704
11.38 0.303455
11.39 0.318199
11.4 0.327479
11.41 0.331041
11.42 0.328807
11.43 0.320827
11.44 0.307241
11.45 0.288244
11.46 0.264062
11.47 0.234951
11.48 0.201202
11.49 0.163162
11.5 0.121269
11.51 0.0760747
11.52 0.0282757
11.53 -0.021279
11.54 -0.071594
11.55 -0.121557
11.56 -0.169989
11.57 -0.215711
11.58 -0.257622
11.59 -0.294766
11.6 -0.326397
11.61 -0.35201
11.62 -0.371346
11.63 -0.384372
11.64 -0.391235
11.65 -0.392207
11.66 -0.387625
11.67 -0.377851
11.68 -0.363248
11.69 -0.344177
11.7 -0.321022
11.71 -0.294219
11.72 -0.264296
11.73 -0.231898
11.74 -0.197804
11.75 -0.162912
11.76 -0.128217
11.77 -0.0947538
11.78 -0.0635435
11.79 -0.0355258
11.8 -0.0115005
11.81 0.00792113
11.82 0.022348
11.83 0.0316198
11.84 0.035798
11.85 0.0351367
11.86 0.0300404
11.87 0.0210134
11.88 0.00861
11.89 -0.0066067
11.9 -0.0240907
11.91 -0.0433199
11.92 -0.0637845
11.93 -0.0849606
11.94 -0.106278
11.95 -0.127092
11.96 -0.146671
11.97 -0.164202
11.98 -0.178824
11.99 -0.189677
12 -0.195972
12.01 -0.197058
12.02 -0.19248
12.03 -0.18202
12.04 -0.16571
12.05 -0.143823
12.06 -0.116832
12.07 -0.0853663
12.08 -0.0501505
12.09 -0.0119529
12.1 0.0284565
12.11 0.0703335
12.12 0.112969
12.13 0.155687
12.14 0.197826
12.15 0.238725
12.16 0.277699
12.17 0.314035
12.18 0.346986
12.19 0.375792
12.2 0.399708
12.21 0.418048
12.22 0.430237
12.23 0.435865
12.24 0.434728
12.25 0.426862
12.26 0.412545
12.27 0.392283
12.28 0.366768
12.29 0.336818
12.3 0.303318
12.31 0.267152
12.32 0.229163
12.33 0.190121
12.34 0.15072
12.35 0.111591
12.36 0.0733291
12.37 0.0365202
12.38 0.00176504
12.39 -0.0303148
12.4 -0.0590867
12.41 -0.0839355
12.42 -0.104305
12.43 -0.119745
12.44 -0.129958
12.45 -0.13484
12.46 -0.134495
12.47 -0.129246
12.48 -0.119614
12.49 -0.106289
12.5 -0.0900815
12.51 -0.0718678
12.52 -0.0525364
12.53 -0.0329376
12.54 -0.0138457
12.55 0.00406319
12.56 0.0202161
12.57 0.0341323
12.58 0.0454007
12.59 0.0536535
12.6 0.0585433
12.61 0.0597314
12.62 0.0568924
12.63 0.0497374
12.64 0.0380505
12.65 0.0217345
12.66 0.000854346
12.67 -0.0243296
12.68 -0.053348
12.69 -0.0855313
12.7 -0.120043
12.71 -0.155928
12.72 -0.192177
12.73 -0.227788
12.74 -0.261817
12.75 -0.293425
12.76 -0.321895
12.77 -0.346639
12.78 -0.367189
12.79 -0.383174
12.8 -0.394299
12.81 -0.400327
12.82 -0.401061
12.83 -0.396348
12.84 -0.386085
12.85 -0.370238
12.86 -0.348873
12.87 -0.322185
12.88 -0.290523
12.89 -0.254409
12.9 -0.214539
12.91 -0.171767
12.92 -0.127071
12.93 -0.0815002
12.94 -0.0361175
12.95 0.00806406
12.96 0.0501342
12.97 0.0893249
12.98 0.125029
12.99 0.156796
13 0.184315
13.01 0.207383
13.02 0.22587
13.03 0.239693
13.04 0.248805
13.05 0.253189
13.06 0.252883
13.07 0.247997
13.08 0.238751
13.09 0.225496
13.1 0.20873
13.11 0.1891
13.12 0.167385
13.13 0.144462
13.14 0.121261
13.15 0.0987166
13.16 0.0777095
13.17 0.0590225
13.18 0.0433014
13.19 0.0310319
13.2 0.0225318
13.21 0.0179601
13.22 0.017338
13.23 0.0205792
13.24 0.0275215
13.25 0.0379548
13.26 0.0516387
13.27 0.068307
13.28 0.0876587
13.29 0.109338
13.3 0.132907
13.31 0.157829
13.32 0.18345
13.33 0.209004
13.34 0.233637
13.35 0.256447
13.36 0.276532
13.37 0.293055
13.38 0.305289
13.39 0.312667
13.4 0.314805
13.41 0.311507
13.42 0.302758
13.43 0.288694
13.44 0.269574
13.45 0.245742
13.46 0.217601
13.47 0.18559
13.48 0.150173
13.49 0.111841
13.5 0.0711221
13.51 0.0285926
13.52 -0.0151081
13.53 -0.0592682
13.54 -0.103104
13.55 -0.145771
13.56 -0.18639
13.57 -0.224084
13.58 -0.258027
13.59 -0.287488
13.6 -0.311882
13.61 -0.330802
13.62 -0.344038
13.63 -0.351579
13.64 -0.353593
13.65 -0.350394
13.66 -0.3424
13.67 -0.330093
13.68 -0.313983
13.69 -0.294586
13.7 -0.272414
13.71 -0.247982
13.72 -0.221823
13.73 -0.194504
13.74 -0.166643
13.75 -0.138908
13.76 -0.112013
13.77 -0.086693
13.78 -0.0636722
13.79 -0.0436199
13.8 -0.027109
13.81 -0.0145763
13.82 -0.00629317
13.83 -0.00234844
13.84 -0.00264691
13.85 -0.00692258
13.86 -0.0147648
13.87 -0.0256535
13.88 -0.038999
13.89 -0.05418
13.9 -0.0705759
13.91 -0.0875886
13.92 -0.104652
13.93 -0.121229
13.94 -0.136803
13.95 -0.150857
13.96 -0.162868
13.97 -0.172297
13.98 -0.178598
13.99 -0.18124
14 -0.179737
14.01 -0.173692
14.02 -0.162836
14.03 -0.147064
14.04 -0.126456
14.05 -0.10128
14.06 -0.071984
14.07 -0.0391616
14.08 -0.00351607
14.09 0.0341859
14.1 0.0731561
14.11 0.11262
14.12 0.151841
14.13 0.190135
14.14 0.226868
14.15 0.261452
14.16 0.293336
14.17 0.321994
14.18 0.34692
14.19 0.367631
14.2 0.383675
14.21 0.394659
14.22 0.400267
14.23 0.400298
14.24 0.394691
14.25 0.383549
14.26 0.367152
14.27 0.345952
14.28 0.320553
14.29 0.291683
14.3 0.260141
14.31 0.226762
14.32 0.192359
14.33 0.1577
14.34 0.123474
14.35 0.0902907
14.36 0.0586801
14.37 0.0291094
14.38 0.00199831
14.39 -0.022267
14.4 -0.0433277
14.41 -0.0608569
14.42 -0.0745751
14.43 -0.0842739
14.44 -0.0898432
14.45 -0.0912981
14.46 -0.0887975
14.47 -0.082654
14.48 -0.0733289
14.49 -0.061415
14.5 -0.0476072
14.51 -0.032664
14.52 -0.0173658
14.53 -0.00247233
14.54 0.0113132
14.55 0.023372
14.56 0.0331864
14.57 0.040343
14.58 0.0445271
14.59 0.045508
14.6 0.0431221
14.61 0.0372575
14.62 0.027845
14.63 0.0148588
14.64 -0.00167348
14.65 -0.0216521
14.66 -0.044882
14.67 -0.0710519
14.68 -0.0997195
14.69 -0.130309
14.7 -0.162126
14.71 -0.194377
14.72 -0.226219
14.73 -0.256794
14.74 -0.28528
14.75 -0.310933
14.76 -0.333111
14.77 -0.351298
14.78 -0.365104
14.79 -0.374259
14.8 -0.378599
14.81 -0.37805
14.82 -0.372607
14.83 -0.362325
14.84 -0.347314
14.85 -0.327739
14.86 -0.303832
14.87 -0.275902
14.88 -0.24435
14.89 -0.209679
14.9 -0.1725
14.91 -0.133523
14.92 -0.093539
14.93 -0.053394
14.94 -0.0139484
14.95 0.0239644
14.96 0.0595812
14.97 0.0922444
14.98 0.121428
14.99 0.14675
15 0.167969
15.01 0.184972
15.02 0.197751
15.03 0.206376
15.04 0.210981
15.05 0.211739
15.06 0.208864
15.07 0.202615
15.08 0.193303
15.09 0.181305
15.1 0.167077
15.11 0.151161
15.12 0.134173
15.13 0.116794
15.14 0.0997401
15.15 0.0837294
15.16 0.0694452
15.17 0.0574974
15.18 0.0483904
15.19 0.0424986
15.2 0.0400534
15.21 0.0411413
15.22 0.0457136
15.23 0.053605
15.24 0.0645573
15.25 0.0782451
15.26 0.0942979
15.27 0.112317
15.28 0.131884
15.29 0.152558
15.3 0.173873
15.31 0.195326
15.32 0.216367
15.33 0.2364
15.34 0.25479
15.35 0.270877
15.36 0.28401
15.37 0.293576
15.38 0.299045
15.39 0.3
15.4 0.296163
15.41 0.287415
15.42 0.273794
15.43 0.255485
15.44 0.232801
15.45 0.20615
15.46 0.176015
15.47 0.142922
15.48 0.107422
15.49 0.0700764
15.5 0.0314566
15.51 -0.0078597
15.52 -0.0472818
15.53 -0.0862021
15.54 -0.123994
15.55 -0.160018
15.56 -0.19363
15.57 -0.224203
15.58 -0.251153
15.59 -0.27397
15.6 -0.292245
15.61 -0.305703
15.62 -0.314218
15.63 -0.317818
15.64 -0.316689
15.65 -0.311148
15.66 -0.301623
15.67 -0.288618
15.68 -0.272681
15.69 -0.254375
15.7 -0.234261
15.71 -0.21288
15.72 -0.190757
15.73 -0.168403
15.74 -0.146322
15.75 -0.125018
15.76 -0.104995
15.77 -0.0867495
15.78 -0.0707574
15.79 -0.0574496
15.8 -0.047187
15.81 -0.0402334
15.82 -0.0367326
15.83 -0.0366921
15.84 -0.039977
15.85 -0.0463141
15.86 -0.0553076
15.87 -0.066462
15.88 -0.0792123
15.89 -0.0929557
15.9 -0.107082
15.91 -0.120999
15.92 -0.134152
15.93 -0.14603
15.94 -0.156173
15.95 -0.164163
15.96 -0.16962
15.97 -0.172193
15.98 -0.171562
15.99 -0.167439
16 -0.159584
16.01 -0.147821
16.02 -0.132061
16.03 -0.112327
16.04 -0.0887701
16.05 -0.0616773
16.06 -0.0314718
16.07 0.00130267
16.08 0.0360059
16.09 0.0719327
16.1 0.108348
16.11 0.144522
16.12 0.179755
16.13 0.213401
16.14 0.24488
16.15 0.273679
16.16 0.299351
16.17 0.321509
16.18 0.33982
16.19 0.354
16.2 0.363815
16.21 0.369084
16.22 0.369697
16.23 0.365622
16.24 0.356927
16.25 0.34379
16.26 0.32651
16.27 0.305508
16.28 0.281315
16.29 0.254558
16.3 0.225929
16.31 0.196155
16.32 0.165958
16.33 0.136027
16.34 0.106989
16.35 0.0793891
16.36 0.0536893
16.37 0.030264
16.38 0.00941082
16.39 -0.00863847
16.4 -0.0237078
16.41 -0.0356705
16.42 -0.0444487
16.43 -0.0500197
16.44 -0.0524269
16.45 -0.0517929
16.46 -0.0483319
16.47 -0.0423573
16.48 -0.0342824
16.49 -0.0246117
16.5 -0.0139237
16.51 -0.00284634
16.52 0.00797365
16.53 0.0179028
16.54 0.0263518
16.55 0.032802
16.56 0.0368245
16.57 0.038091
16.58 0.0363758
16.59 0.0315505
16.6 0.0235729
16.61 0.0124736
16.62 -0.00165611
16.63 -0.0186735
16.64 -0.0383881
16.65 -0.0605595
16.66 -0.0848904
16.67 -0.111018
16.68 -0.138506
16.69 -0.166843
16.7 -0.195441
16.71 -0.223657
16.72 -0.250808
16.73 -0.276202
16.74 -0.299173
16.75 -0.31911
16.76 -0.335485
16.77 -0.34788
16.78 -0.355988
16.79 -0.359627
16.8 -0.358724
16.81 -0.353308
16.82 -0.343492
16.83 -0.32946
16.84 -0.311453
16.85 -0.289762
16.86 -0.264722
16.87 -0.236719
16.88 -0.206187
16.89 -0.173613
16.9 -0.139543
16.91 -0.104575
16.92 -0.0693496
16.93 -0.0345352
16.94 -0.00080499
16.95 0.0311911
16.96 0.0608557
16.97 0.0876719
16.98 0.111227
16.99 0.131226
17 0.147499
17.01 0.16
17.02 0.168787
17.03 0.174013
17.04 0.1759
17.05 0.174722
17.06 0.170791
17.07 0.164448
17.08 0.15606
17.09 0.146021
17.1 0.134755
17.11 0.122722
17.12 0.110413
17.13 0.0983463
17.14 0.0870521
17.15 0.0770541
17.16 0.0688451
17.17 0.062861
17.18 0.0594564
17.19 0.0588838
17.2 0.0612799
17.21 0.0666598
17.22 0.0749199
17.23 0.0858486
17.24 0.0991435
17.25 0.114432
17.26 0.131291
17.27 0.149271
17.28 0.167904
17.29 0.186723
17.3 0.205258
17.31 0.223039
17.32 0.239598
17.33 0.254462
17.34 0.267159
17.35 0.277223
17.36 0.284208
17.37 0.287708
17.38 0.287378
17.39 0.282958
17.4 0.274294
17.41 0.261352
17.42 0.244226
17.43 0.223135
17.44 0.198409
17.45 0.170476
17.46 0.13983
17.47 0.107019
17.48 0.0726097
17.49 0.0371791
17.5 0.00129615
17.51 -0.0344843
17.52 -0.0696247
17.53 -0.103605
17.54 -0.135922
17.55 -0.166092
17.56 -0.193654
17.57 -0.218177
17.58 -0.239276
17.59 -0.256627
17.6 -0.269985
17.61 -0.279203
17.62 -0.284244
17.63 -0.285188
17.64 -0.282237
17.65 -0.2757
17.66 -0.265985
17.67 -0.253566
17.68 -0.238969
17.69 -0.222736
17.7 -0.205409
17.71 -0.187507
17.72 -0.169519
17.73 -0.151898
17.74 -0.135059
17.75 -0.119383
17.76 -0.105221
17.77 -0.0928917
17.78 -0.0826786
17.79 -0.0748213
17.8 -0.0695032
17.81 -0.066836
17.82 -0.0668462
17.83 -0.0694629
17.84 -0.0745117
17.85 -0.0817154
17.86 -0.0907023
17.87 -0.101021
17.88 -0.112161
17.89 -0.12358
17.9 -0.134726
17.91 -0.145061
17.92 -0.154087
17.93 -0.161353
17.94 -0.166466
17.95 -0.169099
17.96 -0.16898
17.97 -0.165894
17.98 -0.159679
17.99 -0.150221
18 -0.137457
18.01 -0.121382
18.02 -0.102053
18.03 -0.0796077
18.04 -0.0542661
18.05 -0.0263428
18.06 0.00375472
18.07 0.0355319
18.08 0.0684217
18.09 0.101805
18.1 0.135036
18.11 0.16747
18.12 0.198488
18.13 0.227519
18.14 0.254057
18.15 0.27767
18.16 0.298003
18.17 0.314775
18.18 0.327778
18.19 0.336868
18.2 0.34196
18.21 0.34303
18.22 0.340109
18.23 0.333293
18.24 0.322748
18.25 0.308711
18.26 0.291501
18.27 0.271514
18.28 0.249222
18.29 0.22516
18.3 0.199909
18.31 0.174076
18.32 0.148263
18.33 0.123051
18.34 0.0989643
18.35 0.076463
18.36 0.0559235
18.37 0.0376366
18.38 0.0218078
18.39 0.00856444
18.4 -0.00203546
18.41 -0.00999388
18.42 -0.0153653
18.43 -0.0182527
18.44 -0.0188072
18.45 -0.0172308
18.46 -0.01378
18.47 -0.00876977
18.48 -0.00257336
18.49 0.00438157
18.5 0.0116228
18.51 0.0186487
18.52 0.0249486
18.53 0.0300252
18.54 0.0334187
18.55 0.034728
18.56 0.0336288
18.57 0.0298861
18.58 0.0233595
18.59 0.0140032
18.6 0.00185963
18.61 -0.0129508
18.62 -0.0302415
18.63 -0.049771
18.64 -0.0712535
18.65 -0.094365
18.66 -0.118746
18.67 -0.144004
18.68 -0.169709
18.69 -0.195397
18.7 -0.220569
18.71 -0.244701
18.72 -0.267255
18.73 -0.287695
18.74 -0.305507
18.75 -0.320227
18.76 -0.331456
18.77 -0.338882
18.78 -0.342295
18.79 -0.341586
18.8 -0.336754
18.81 -0.327895
18.82 -0.315189
18.83 -0.298891
18.84 -0.279311
18.85 -0.256804
18.86 -0.231761
18.87 -0.204601
18.88 -0.175767
18.89 -0.145724
18.9 -0.11496
18.91 -0.0839804
18.92 -0.0533023
18.93 -0.0234476
18.94 0.00507184
18.95 0.0317705
18.96 0.0562079
18.97 0.078008
18.98 0.0968762
18.99 0.112613
19 0.125121
19.01 0.134406
19.02 0.140572
19.03 0.143807
19.04 0.144369
19.05 0.142571
19.06 0.138758
19.07 0.133302
19.08 0.126583
19.09 0.118989
19.1 0.110908
19.11 0.102733
19.12 0.0948537
19.13 0.0876587
19.14 0.0815267
19.15 0.0768173
19.16 0.0738576
19.17 0.0729264
19.18 0.0742383
19.19 0.0779287
19.2 0.0840428
19.21 0.0925296
19.22 0.103242
19.23 0.115941
19.24 0.13031
19.25 0.14597
19.26 0.162495
19.27 0.179433
19.28 0.196324
19.29 0.212711
19.3 0.22815
19.31 0.24222
19.32 0.254521
19.33 0.264682
19.34 0.272354
19.35 0.27722
19.36 0.278995
19.37 0.27744
19.38 0.272368
19.39 0.263659
19.4 0.251275
19.41 0.235266
19.42 0.21578
19.43 0.193063
19.44 0.167449
19.45 0.139354
19.46 0.109256
19.47 0.0776736
19.48 0.0451499
19.49 0.0122309
19.5 -0.0205501
19.51 -0.0526842
19.52 -0.0836946
19.53 -0.113141
19.54 -0.140622
19.55 -0.165775
19.56 -0.188277
19.57 -0.207847
19.58 -0.224256
19.59 -0.237326
19.6 -0.246944
19.61 -0.253073
19.62 -0.255753
19.63 -0.255113
19.64 -0.25137
19.65 -0.244821
19.66 -0.235838
19.67 -0.22485
19.68 -0.212324
19.69 -0.198746
19.7 -0.1846
19.71 -0.170348
19.72 -0.156417
19.73 -0.143193
19.74 -0.13101
19.75 -0.120152
19.76 -0.110856
19.77 -0.103312
19.78 -0.0976621
19.79 -0.0940046
19.8 -0.0923868
19.81 -0.0928012
19.82 -0.0951787
19.83 -0.0993831
19.84 -0.105207
19.85 -0.112374
19.86 -0.120538
19.87 -0.129301
19.88 -0.138221
19.89 -0.14683
19.9 -0.15466
19.91 -0.161256
19.92 -0.166197
19.93 -0.169112
19.94 -0.16969
19.95 -0.167684
19.96 -0.162915
19.97 -0.155271
19.98 -0.1447
19.99 -0.131207
20 -0.114854
