0.01 -1.53901e-06
0.02 -9.22579e-06
0.03 -2.91752e-05
0.04 -6.74318e-05
0.05 -0.000129911
0.06 -0.0002223
0.07 -0.000349884
0.08 -0.0005173
0.09 -0.000728206
0.1 -0.000984905
0.11 -0.00128798
0.12 -0.00163603
0.13 -0.00202552
0.14 -0.00245093
0.15 -0.00290497
0.16 -0.00337914
0.17 -0.00386422
0.18 -0.00435083
0.19 -0.00482989
0.2 -0.00529288
0.21 -0.00573189
0.22 -0.00613958
0.23 -0.006509
0.24 -0.00683342
0.25 -0.00710627
0.26 -0.00732118
0.27 -0.00747217
0.28 -0.00755394
0.29 -0.00756223
0.3 -0.00749414
0.31 -0.00734845
0.32 -0.00712575
0.33 -0.00682853
0.34 -0.00646115
0.35 -0.00602969
0.36 -0.00554174
0.37 -0.00500612
0.38 -0.00443247
0.39 -0.00383095
0.4 -0.00321175
0.41 -0.00258475
0.42 -0.00195923
0.43 -0.00134364
0.44 -0.000745564
0.45 -0.000171762
0.46 0.000371664
0.47 0.000879124
0.48 0.00134544
0.49 0.00176586
0.5 0.00213622
0.51 0.00245323
0.52 0.00271487
0.53 0.00292068
0.54 0.00307211
0.55 0.00317248
0.56 0.00322699
0.57 0.00324231
0.58 0.00322618
0.59 0.00318685
0.6 0.00313268
0.61 0.00307163
0.62 0.00301102
0.63 0.00295738
0.64 0.00291638
0.65 0.00289281
0.66 0.00289066
0.67 0.00291314
0.68 0.00296273
0.69 0.00304116
0.7 0.00314943
0.71 0.00328775
0.72 0.00345548
0.73 0.00365103
0.74 0.00387172
0.75 0.00411367
0.76 0.00437169
0.77 0.00463925
0.78 0.00490861
0.79 0.005171
0.8 0.00541706
0.81 0.00563732
0.82 0.00582269
0.83 0.005965
0.84 0.00605739
0.85 0.00609445
0.86 0.00607235
0.87 0.00598861
0.88 0.00584195
0.89 0.00563201
0.9 0.0053592
0.91 0.00502457
0.92 0.00462989
0.93 0.0041778
0.94 0.00367193
0.95 0.00311715
0.96 0.00251963
0.97 0.00188684
0.98 0.00122744
0.99 0.000551079
1 -0.000131953
1.01 -0.000811041
1.02 -0.00147564
1.03 -0.00211564
1.04 -0.00272173
1.05 -0.00328567
1.06 -0.00380057
1.07 -0.00426102
1.08 -0.00466318
1.09 -0.00500467
1.1 -0.00528446
1.11 -0.00550266
1.12 -0.00566025
1.13 -0.00575894
1.14 -0.00580103
1.15 -0.00578941
1.16 -0.00572769
1.17 -0.00562032
1.18 -0.00547274
1.19 -0.00529148
1.2 -0.00508406
1.21 -0.0048588
1.22 -0.00462443
1.23 -0.00438964
1.24 -0.00416259
1.25 -0.00395046
1.26 -0.00375912
1.27 -0.00359292
1.28 -0.00345468
1.29 -0.00334575
1.3 -0.00326619
1.31 -0.00321493
1.32 -0.00319001
1.33 -0.0031887
1.34 -0.00320767
1.35 -0.00324302
1.36 -0.00329036
1.37 -0.00334484
1.38 -0.00340116
1.39 -0.0034536
1.4 -0.00349603
1.41 -0.00352195
1.42 -0.00352464
1.43 -0.0034973
1.44 -0.00343329
1.45 -0.00332652
1.46 -0.00317178
1.47 -0.00296512
1.48 -0.0027042
1.49 -0.00238846
1.5 -0.00201915
1.51 -0.00159927
1.52 -0.00113325
1.53 -0.00062662
1.54 -8.56996e-05
1.55 0.000482763
1.56 0.00107177
1.57 0.00167418
1.58 0.00228267
1.59 0.00288971
1.6 0.00348747
1.61 0.00406781
1.62 0.00462235
1.63 0.00514264
1.64 0.00562039
1.65 0.00604783
1.66 0.00641798
1.67 0.00672499
1.68 0.00696437
1.69 0.00713321
1.7 0.00723026
1.71 0.00725596
1.72 0.00721239
1.73 0.00710313
1.74 0.006933
1.75 0.00670787
1.76 0.00643427
1.77 0.00611914
1.78 0.00576959
1.79 0.00539268
1.8 0.00499536
1.81 0.00458447
1.82 0.00416676
1.83 0.003749
1.84 0.00333795
1.85 0.00294028
1.86 0.00256243
1.87 0.0022103
1.88 0.00188888
1.89 0.00160196
1.9 0.00135184
1.91 0.00113912
1.92 0.000962754
1.93 0.000820119
1.94 0.000707297
1.95 0.000619384
1.96 0.000550824
1.97 0.000495724
1.98 0.000448111
1.99 0.00040211
2 0.000352077
2.01 0.000292661
2.02 0.000218854
2.03 0.00012601
2.04 9.87934e-06
2.05 -0.000133355
2.06 -0.000307022
2.07 -0.000513871
2.08 -0.000755955
2.09 -0.00103447
2.1 -0.00134959
2.11 -0.00170025
2.12 -0.00208402
2.13 -0.00249701
2.14 -0.00293386
2.15 -0.00338788
2.16 -0.00385132
2.17 -0.00431572
2.18 -0.00477233
2.19 -0.00521247
2.2 -0.00562792
2.21 -0.00601113
2.22 -0.00635534
2.23 -0.00665457
2.24 -0.00690361
2.25 -0.00709785
2.26 -0.00723332
2.27 -0.00730661
2.28 -0.00731502
2.29 -0.00725669
2.3 -0.00713075
2.31 -0.00693759
2.32 -0.00667892
2.33 -0.0063579
2.34 -0.00597914
2.35 -0.00554858
2.36 -0.00507332
2.37 -0.00456142
2.38 -0.00402157
2.39 -0.00346282
2.4 -0.00289422
2.41 -0.00232455
2.42 -0.00176201
2.43 -0.00121406
2.44 -0.000687236
2.45 -0.000187137
2.46 0.00028156
2.47 0.000715016
2.48 0.00111014
2.49 0.00146452
2.5 0.00177638
2.51 0.00204469
2.52 0.00226924
2.53 0.00245083
2.54 0.0025914
2.55 0.00269415
2.56 0.00276349
2.57 0.00280498
2.58 0.00282498
2.59 0.00283043
2.6 0.00282837
2.61 0.00282559
2.62 0.00282836
2.63 0.00284211
2.64 0.00287136
2.65 0.00291961
2.66 0.0029894
2.67 0.00308231
2.68 0.00319909
2.69 0.00333967
2.7 0.00350325
2.71 0.00368831
2.72 0.00389262
2.73 0.00411324
2.74 0.00434649
2.75 0.00458793
2.76 0.00483235
2.77 0.0050738
2.78 0.00530561
2.79 0.00552062
2.8 0.0057113
2.81 0.00587014
2.82 0.00598993
2.83 0.00606414
2.84 0.00608725
2.85 0.006055
2.86 0.00596451
2.87 0.00581433
2.88 0.00560431
2.89 0.00533547
2.9 0.00500983
2.91 0.00463017
2.92 0.00419999
2.93 0.00372342
2.94 0.00320525
2.95 0.00265095
2.96 0.00206675
2.97 0.00145962
2.98 0.000837276
2.99 0.000207986
3 -0.000419565
3.01 -0.00103656
3.02 -0.00163431
3.03 -0.00220458
3.04 -0.00273986
3.05 -0.00323359
3.06 -0.0036804
3.07 -0.0040762
3.08 -0.00441829
3.09 -0.00470529
3.1 -0.00493711
3.11 -0.00511479
3.12 -0.00524031
3.13 -0.00531643
3.14 -0.00534647
3.15 -0.00533427
3.16 -0.00528405
3.17 -0.00520045
3.18 -0.00508853
3.19 -0.0049538
3.2 -0.00480223
3.21 -0.00464011
3.22 -0.00447391
3.23 -0.00431003
3.24 -0.00415449
3.25 -0.0040126
3.26 -0.00388866
3.27 -0.00378579
3.28 -0.00370575
3.29 -0.003649
3.3 -0.0036147
3.31 -0.00360096
3.32 -0.00360494
3.33 -0.00362313
3.34 -0.00365145
3.35 -0.00368546
3.36 -0.00372046
3.37 -0.00375153
3.38 -0.00377368
3.39 -0.00378181
3.4 -0.00377081
3.41 -0.00373561
3.42 -0.00367125
3.43 -0.00357299
3.44 -0.00343648
3.45 -0.00325791
3.46 -0.00303425
3.47 -0.00276348
3.48 -0.00244477
3.49 -0.00207867
3.5 -0.00166715
3.51 -0.0012136
3.52 -0.00072271
3.53 -0.000200235
3.54 0.000347263
3.55 0.000912709
3.56 0.00148877
3.57 0.00206805
3.58 0.00264326
3.59 0.00320721
3.6 0.0037529
3.61 0.00427347
3.62 0.00476226
3.63 0.00521281
3.64 0.00561905
3.65 0.0059754
3.66 0.006277
3.67 0.00651992
3.68 0.00670135
3.69 0.00681974
3.7 0.00687489
3.71 0.00686799
3.72 0.00680157
3.73 0.00667938
3.74 0.00650622
3.75 0.00628776
3.76 0.00603026
3.77 0.00574032
3.78 0.00542467
3.79 0.00508995
3.8 0.00474255
3.81 0.00438853
3.82 0.0040336
3.83 0.00368305
3.84 0.00334185
3.85 0.00301455
3.86 0.0027053
3.87 0.0024177
3.88 0.00215467
3.89 0.00191825
3.9 0.00170945
3.91 0.00152811
3.92 0.00137281
3.93 0.00124094
3.94 0.00112884
3.95 0.00103197
3.96 0.00094521
3.97 0.000863121
3.98 0.000780228
3.99 0.000691239
4 0.00059122
4.01 0.000475714
4.02 0.000340808
4.03 0.000183175
4.04 8.61366e-08
4.05 -0.000210578
4.06 -0.000450311
4.07 -0.000719955
4.08 -0.00101965
4.09 -0.0013488
4.1 -0.00170596
4.11 -0.0020888
4.12 -0.00249401
4.13 -0.00291729
4.14 -0.00335336
4.15 -0.00379602
4.16 -0.00423832
4.17 -0.00467281
4.18 -0.00509175
4.19 -0.00548749
4.2 -0.00585273
4.21 -0.00618077
4.22 -0.00646571
4.23 -0.00670256
4.24 -0.00688722
4.25 -0.00701652
4.26 -0.00708811
4.27 -0.00710042
4.28 -0.00705265
4.29 -0.00694477
4.3 -0.00677756
4.31 -0.0065527
4.32 -0.00627283
4.33 -0.00594162
4.34 -0.00556375
4.35 -0.00514486
4.36 -0.00469144
4.37 -0.00421066
4.38 -0.00371014
4.39 -0.00319771
4.4 -0.00268115
4.41 -0.00216792
4.42 -0.00166499
4.43 -0.00117857
4.44 -0.00071404
4.45 -0.000275842
4.46 0.000132539
4.47 0.000508536
4.48 0.000850435
4.49 0.0011573
4.5 0.00142887
4.51 0.00166558
4.52 0.00186846
4.53 0.00203923
4.54 0.0021803
4.55 0.00229482
4.56 0.00238666
4.57 0.00246039
4.58 0.0025211
4.59 0.00257423
4.6 0.00262531
4.61 0.00267969
4.62 0.00274225
4.63 0.00281717
4.64 0.00290779
4.65 0.00301646
4.66 0.00314454
4.67 0.00329244
4.68 0.00345965
4.69 0.00364486
4.7 0.00384606
4.71 0.00406057
4.72 0.00428517
4.73 0.00451613
4.74 0.00474923
4.75 0.00497983
4.76 0.00520288
4.77 0.00541296
4.78 0.00560439
4.79 0.00577129
4.8 0.00590773
4.81 0.00600795
4.82 0.00606654
4.83 0.00607868
4.84 0.0060404
4.85 0.00594875
4.86 0.00580198
4.87 0.00559956
4.88 0.00534222
4.89 0.00503182
4.9 0.00467125
4.91 0.00426423
4.92 0.00381519
4.93 0.00332909
4.94 0.00281135
4.95 0.00226779
4.96 0.00170461
4.97 0.00112834
4.98 0.000545801
4.99 -3.59244e-05
5 -0.000609647
5.01 -0.00116821
5.02 -0.0017047
5.03 -0.00221261
5.04 -0.00268611
5.05 -0.0031202
5.06 -0.0035109
5.07 -0.00385532
5.08 -0.00415175
5.09 -0.00439966
5.1 -0.00459961
5.11 -0.0047532
5.12 -0.00486288
5.13 -0.00493178
5.14 -0.00496361
5.15 -0.00496243
5.16 -0.00493257
5.17 -0.00487852
5.18 -0.00480488
5.19 -0.00471636
5.2 -0.00461768
5.21 -0.00451359
5.22 -0.00440872
5.23 -0.00430754
5.24 -0.00421411
5.25 -0.00413194
5.26 -0.00406378
5.27 -0.00401145
5.28 -0.00397574
5.29 -0.00395634
5.3 -0.00395186
5.31 -0.00395998
5.32 -0.00397754
5.33 -0.00400074
5.34 -0.00402534
5.35 -0.00404683
5.36 -0.00406055
5.37 -0.0040619
5.38 -0.00404635
5.39 -0.00400954
5.4 -0.00394736
5.41 -0.003856
5.42 -0.00373198
5.43 -0.00357224
5.44 -0.00337421
5.45 -0.00313593
5.46 -0.00285615
5.47 -0.00253447
5.48 -0.00217142
5.49 -0.00176857
5.5 -0.00132862
5.51 -0.000855306
5.52 -0.000353429
5.53 0.000171352
5.54 0.000712675
5.55 0.00126372
5.56 0.00181742
5.57 0.00236671
5.58 0.00290467
5.59 0.00342471
5.6 0.0039206
5.61 0.00438654
5.62 0.00481717
5.63 0.00520764
5.64 0.00555358
5.65 0.00585124
5.66 0.00609752
5.67 0.0062901
5.68 0.00642759
5.69 0.00650958
5.7 0.00653669
5.71 0.00651066
5.72 0.00643426
5.73 0.00631122
5.74 0.00614612
5.75 0.00594418
5.76 0.0057111
5.77 0.00545284
5.78 0.00517539
5.79 0.00488463
5.8 0.00458613
5.81 0.00428502
5.82 0.00398597
5.83 0.0036931
5.84 0.00340999
5.85 0.00313968
5.86 0.00288466
5.87 0.00264686
5.88 0.0024276
5.89 0.00222756
5.9 0.00204663
5.91 0.00188395
5.92 0.00173777
5.93 0.00160554
5.94 0.00148394
5.95 0.001369
5.96 0.00125634
5.97 0.00114132
5.98 0.0010193
5.99 0.00088587
6 0.000736984
6.01 0.000569152
6.02 0.000379508
6.03 0.00016587
6.04 -7.32403e-05
6.05 -0.000338604
6.06 -0.000630313
6.07 -0.000947793
6.08 -0.00128981
6.09 -0.00165446
6.1 -0.0020392
6.11 -0.00244081
6.12 -0.0028554
6.13 -0.00327842
6.14 -0.00370468
6.15 -0.00412847
6.16 -0.00454359
6.17 -0.00494358
6.18 -0.00532186
6.19 -0.00567196
6.2 -0.00598775
6.21 -0.00626367
6.22 -0.00649487
6.23 -0.00667736
6.24 -0.0068081
6.25 -0.00688498
6.26 -0.00690681
6.27 -0.00687327
6.28 -0.00678482
6.29 -0.00664268
6.3 -0.00644877
6.31 -0.00620571
6.32 -0.00591679
6.33 -0.00558599
6.34 -0.00521798
6.35 -0.00481803
6.36 -0.00439196
6.37 -0.00394601
6.38 -0.00348671
6.39 -0.00302064
6.4 -0.00255427
6.41 -0.00209378
6.42 -0.00164482
6.43 -0.00121238
6.44 -0.000800701
6.45 -0.000413137
6.46 -5.21653e-05
6.47 0.000280617
6.48 0.000584439
6.49 0.000859287
6.5 0.00110581
6.51 0.00132526
6.52 0.00151936
6.53 0.00169035
6.54 0.00184083
6.55 0.00197386
6.56 0.00209284
6.57 0.00220148
6.58 0.00230377
6.59 0.00240379
6.6 0.00250562
6.61 0.00261312
6.62 0.00272973
6.63 0.00285834
6.64 0.00300107
6.65 0.00315921
6.66 0.00333316
6.67 0.00352242
6.68 0.00372564
6.69 0.00394072
6.7 0.00416489
6.71 0.00439485
6.72 0.00462683
6.73 0.00485673
6.74 0.00508016
6.75 0.00529255
6.76 0.00548916
6.77 0.00566521
6.78 0.00581587
6.79 0.00593642
6.8 0.00602229
6.81 0.00606921
6.82 0.00607335
6.83 0.00603144
6.84 0.00594096
6.85 0.00580026
6.86 0.00560866
6.87 0.00536652
6.88 0.00507527
6.89 0.00473734
6.9 0.00435608
6.91 0.00393563
6.92 0.00348076
6.93 0.00299673
6.94 0.00248914
6.95 0.00196381
6.96 0.00142671
6.97 0.000883883
6.98 0.000341392
6.99 -0.000194741
7 -0.000718603
7.01 -0.00122449
7.02 -0.001707
7.03 -0.00216122
7.04 -0.00258278
7.05 -0.00296806
7.06 -0.0033143
7.07 -0.00361961
7.08 -0.00388313
7.09 -0.00410493
7.1 -0.00428602
7.11 -0.00442827
7.12 -0.00453425
7.13 -0.00460713
7.14 -0.00465053
7.15 -0.00466834
7.16 -0.0046646
7.17 -0.00464338
7.18 -0.0046087
7.19 -0.00456443
7.2 -0.00451429
7.21 -0.00446176
7.22 -0.00441006
7.23 -0.00436209
7.24 -0.00432034
7.25 -0.00428678
7.26 -0.00426279
7.27 -0.00424904
7.28 -0.00424542
7.29 -0.00425099
7.3 -0.00426398
7.31 -0.00428187
7.32 -0.00430149
7.33 -0.00431914
7.34 -0.00433078
7.35 -0.00433217
7.36 -0.00431907
7.37 -0.00428737
7.38 -0.00423316
7.39 -0.00415289
7.4 -0.0040434
7.41 -0.00390196
7.42 -0.00372635
7.43 -0.00351486
7.44 -0.00326635
7.45 -0.0029803
7.46 -0.00265683
7.47 -0.0022968
7.48 -0.00190182
7.49 -0.0014743
7.5 -0.00101748
7.51 -0.000535404
7.52 -3.28454e-05
7.53 0.000484754
7.54 0.00101144
7.55 0.00154092
7.56 0.00206673
7.57 0.00258245
7.58 0.00308186
7.59 0.00355909
7.6 0.00400876
7.61 0.00442601
7.62 0.00480658
7.63 0.00514681
7.64 0.00544366
7.65 0.00569475
7.66 0.00589833
7.67 0.00605336
7.68 0.00615954
7.69 0.00621733
7.7 0.00622802
7.71 0.00619368
7.72 0.00611716
7.73 0.00600204
7.74 0.0058525
7.75 0.00567321
7.76 0.00546914
7.77 0.00524545
7.78 0.00500726
7.79 0.00475952
7.8 0.00450685
7.81 0.00425344
7.82 0.00400295
7.83 0.00375845
7.84 0.00352246
7.85 0.00329687
7.86 0.00308301
7.87 0.00288164
7.88 0.00269298
7.89 0.00251673
7.9 0.00235203
7.91 0.00219747
7.92 0.00205111
7.93 0.00191047
7.94 0.00177262
7.95 0.00163423
7.96 0.00149171
7.97 0.00134136
7.98 0.00117953
7.99 0.00100281
8 0.000808179
8.01 0.000593146
8.02 0.000355842
8.03 9.5092e-05
8.04 -0.000189566
8.05 -0.000497881
8.06 -0.000828915
8.07 -0.00118108
8.08 -0.0015522
8.09 -0.00193951
8.1 -0.00233974
8.11 -0.00274914
8.12 -0.00316351
8.13 -0.00357823
8.14 -0.00398836
8.15 -0.00438864
8.16 -0.00477361
8.17 -0.00513776
8.18 -0.00547558
8.19 -0.00578179
8.2 -0.00605147
8.21 -0.0062802
8.22 -0.00646426
8.23 -0.00660067
8.24 -0.00668734
8.25 -0.00672304
8.26 -0.00670744
8.27 -0.00664104
8.28 -0.00652512
8.29 -0.00636166
8.3 -0.00615325
8.31 -0.00590304
8.32 -0.00561468
8.33 -0.00529229
8.34 -0.00494038
8.35 -0.00456381
8.36 -0.00416774
8.37 -0.00375754
8.38 -0.00333867
8.39 -0.00291653
8.4 -0.00249637
8.41 -0.00208311
8.42 -0.0016812
8.43 -0.0012945
8.44 -0.000926188
8.45 -0.000578682
8.46 -0.000253626
8.47 4.81155e-05
8.48 0.000326414
8.49 0.000581811
8.5 0.000815436
8.51 0.00102891
8.52 0.00122427
8.53 0.00140384
8.54 0.00157023
8.55 0.0017262
8.56 0.00187466
8.57 0.0020186
8.58 0.00216099
8.59 0.00230479
8.6 0.00245279
8.61 0.00260749
8.62 0.00277104
8.63 0.00294507
8.64 0.0031306
8.65 0.00332794
8.66 0.00353666
8.67 0.00375558
8.68 0.00398278
8.69 0.00421571
8.7 0.00445122
8.71 0.00468572
8.72 0.0049153
8.73 0.0051358
8.74 0.00534295
8.75 0.00553242
8.76 0.00569996
8.77 0.00584141
8.78 0.0059528
8.79 0.00603041
8.8 0.00607083
8.81 0.00607107
8.82 0.0060286
8.83 0.00594147
8.84 0.0058084
8.85 0.00562885
8.86 0.00540308
8.87 0.00513223
8.88 0.00481827
8.89 0.00446404
8.9 0.00407309
8.91 0.00364969
8.92 0.00319859
8.93 0.00272497
8.94 0.00223425
8.95 0.00173197
8.96 0.0012237
8.97 0.000714917
8.98 0.000210939
8.99 -0.000283122
9 -0.00076243
9.01 -0.00122248
9.02 -0.00165915
9.03 -0.0020688
9.04 -0.00244834
9.05 -0.00279528
9.06 -0.00310786
9.07 -0.00338504
9.08 -0.00362656
9.09 -0.00383294
9.1 -0.00400545
9.11 -0.004146
9.12 -0.00425709
9.13 -0.00434167
9.14 -0.00440302
9.15 -0.00444461
9.16 -0.00446996
9.17 -0.00448255
9.18 -0.00448569
9.19 -0.00448245
9.2 -0.00447563
9.21 -0.00446768
9.22 -0.00446068
9.23 -0.00445632
9.24 -0.00445586
9.25 -0.0044601
9.26 -0.00446932
9.27 -0.00448327
9.28 -0.0045011
9.29 -0.00452139
9.3 -0.00454212
9.31 -0.00456072
9.32 -0.00457417
9.33 -0.00457907
9.34 -0.00457181
9.35 -0.00454868
9.36 -0.00450601
9.37 -0.00444036
9.38 -0.00434855
9.39 -0.00422784
9.4 -0.00407595
9.41 -0.00389112
9.42 -0.00367216
9.43 -0.00341844
9.44 -0.00312992
9.45 -0.00280716
9.46 -0.00245134
9.47 -0.00206422
9.48 -0.00164819
9.49 -0.00120627
9.5 -0.000742059
9.51 -0.000259733
9.52 0.000236018
9.53 0.000740068
9.54 0.00124696
9.55 0.00175102
9.56 0.00224654
9.57 0.00272788
9.58 0.00318965
9.59 0.00362683
9.6 0.00403488
9.61 0.00440985
9.62 0.00474839
9.63 0.00504779
9.64 0.00530602
9.65 0.00552166
9.66 0.00569397
9.67 0.0058228
9.68 0.00590863
9.69 0.00595255
9.7 0.00595625
9.71 0.00592199
9.72 0.00585259
9.73 0.00575135
9.74 0.00562201
9.75 0.00546857
9.76 0.00529528
9.77 0.0051064
9.78 0.00490615
9.79 0.00469853
9.8 0.00448721
9.81 0.00427544
9.82 0.00406595
9.83 0.00386095
9.84 0.00366205
9.85 0.0034703
9.86 0.00328621
9.87 0.00310978
9.88 0.00294051
9.89 0.00277749
9.9 0.00261941
9.91 0.00246459
9.92 0.00231102
9.93 0.0021564
9.94 0.0019982
9.95 0.00183371
9.96 0.00166013
9.97 0.00147468
9.98 0.00127469
9.99 0.0010578
10 0.000821997
10.01 0.000565763
10.02 0.000288169
10.03 -1.10801e-05
10.04 -0.000331613
10.05 -0.000672395
10.06 -0.00103175
10.07 -0.00140743
10.08 -0.00179662
10.09 -0.00219608
10.1 -0.00260213
10.11 -0.00301078
10.12 -0.00341774
10.13 -0.00381853
10.14 -0.00420849
10.15 -0.0045829
10.16 -0.004937
10.17 -0.00526613
10.18 -0.0055658
10.19 -0.0058318
10.2 -0.00606029
10.21 -0.00624796
10.22 -0.0063921
10.23 -0.0064907
10.24 -0.00654248
10.25 -0.00654698
10.26 -0.00650449
10.27 -0.00641607
10.28 -0.00628348
10.29 -0.0061091
10.3 -0.00589583
10.31 -0.00564705
10.32 -0.00536647
10.33 -0.00505813
10.34 -0.00472628
10.35 -0.00437533
10.36 -0.00400981
10.37 -0.00363426
10.38 -0.00325318
10.39 -0.00287094
10.4 -0.00249167
10.41 -0.00211918
10.42 -0.00175685
10.43 -0.00140753
10.44 -0.0010735
10.45 -0.000756405
10.46 -0.000457218
10.47 -0.000176277
10.48 8.67005e-05
10.49 0.000332552
10.5 0.000562597
10.51 0.000778545
10.52 0.000982406
10.53 0.00117639
10.54 0.00136284
10.55 0.00154413
10.56 0.00172261
10.57 0.00190057
10.58 0.00208014
10.59 0.00226327
10.6 0.00245169
10.61 0.00264676
10.62 0.00284952
10.63 0.00306053
10.64 0.00327984
10.65 0.00350693
10.66 0.00374071
10.67 0.00397945
10.68 0.00422088
10.69 0.0044622
10.7 0.00470014
10.71 0.00493113
10.72 0.00515133
10.73 0.00535679
10.74 0.00554353
10.75 0.00570766
10.76 0.00584546
10.77 0.00595344
10.78 0.0060284
10.79 0.00606753
10.8 0.0060684
10.81 0.00602907
10.82 0.00594807
10.83 0.00582453
10.84 0.00565814
10.85 0.00544928
10.86 0.00519896
10.87 0.0049089
10.88 0.0045815
10.89 0.00421981
10.9 0.00382748
10.91 0.00340867
10.92 0.00296794
10.93 0.00251016
10.94 0.00204036
10.95 0.00156361
10.96 0.00108494
10.97 0.000609181
10.98 0.000140941
10.99 -0.000315489
11 -0.000756177
11.01 -0.00117759
11.02 -0.00157663
11.03 -0.00195068
11.04 -0.00229762
11.05 -0.00261588
11.06 -0.00290446
11.07 -0.00316297
11.08 -0.00339159
11.09 -0.00359112
11.1 -0.0037629
11.11 -0.00390877
11.12 -0.00403101
11.13 -0.00413219
11.14 -0.00421512
11.15 -0.00428272
11.16 -0.00433788
11.17 -0.00438338
11.18 -0.0044218
11.19 -0.00445543
11.2 -0.00448623
11.21 -0.00451578
11.22 -0.00454525
11.23 -0.00457542
11.24 -0.00460662
11.25 -0.00463878
11.26 -0.00467139
11.27 -0.00470352
11.28 -0.00473382
11.29 -0.00476054
11.3 -0.00478151
11.31 -0.00479424
11.32 -0.00479596
11.33 -0.00478366
11.34 -0.00475428
11.35 -0.0047047
11.36 -0.00463198
11.37 -0.00453338
11.38 -0.00440652
11.39 -0.00424944
11.4 -0.00406068
11.41 -0.00383931
11.42 -0.00358498
11.43 -0.00329792
11.44 -0.00297891
11.45 -0.00262931
11.46 -0.00225102
11.47 -0.00184645
11.48 -0.0014185
11.49 -0.00097053
11.5 -0.000506344
11.51 -3.01142e-05
11.52 0.000453658
11.53 0.000940215
11.54 0.00142462
11.55 0.00190188
11.56 0.00236702
11.57 0.00281523
11.58 0.00324197
11.59 0.00364306
11.6 0.00401481
11.61 0.00435408
11.62 0.00465829
11.63 0.00492554
11.64 0.0051545
11.65 0.00534448
11.66 0.00549538
11.67 0.00560765
11.68 0.00568225
11.69 0.00572064
11.7 0.00572472
11.71 0.00569678
11.72 0.0056395
11.73 0.00555586
11.74 0.00544906
11.75 0.00532251
11.76 0.00517965
11.77 0.00502395
11.78 0.00485872
11.79 0.00468705
11.8 0.00451172
11.81 0.00433514
11.82 0.00415922
11.83 0.0039854
11.84 0.00381462
11.85 0.0036473
11.86 0.00348338
11.87 0.00332237
11.88 0.00316338
11.89 0.00300517
11.9 0.00284625
11.91 0.00268487
11.92 0.00251914
11.93 0.002347
11.94 0.00216637
11.95 0.00197512
11.96 0.0017712
11.97 0.00155265
11.98 0.00131776
11.99 0.00106508
12 0.000793551
12.01 0.000502552
12.02 0.000191989
12.03 -0.000137676
12.04 -0.000485396
12.05 -0.000849547
12.06 -0.00122795
12.07 -0.00161793
12.08 -0.00201635
12.09 -0.00241971
12.1 -0.00282421
12.11 -0.00322583
12.12 -0.0036204
12.13 -0.00400367
12.14 -0.00437138
12.15 -0.00471934
12.16 -0.00504348
12.17 -0.00533991
12.18 -0.00560503
12.19 -0.00583555
12.2 -0.00602861
12.21 -0.00618184
12.22 -0.00629342
12.23 -0.00636214
12.24 -0.00638744
12.25 -0.00636944
12.26 -0.00630892
12.27 -0.00620728
12.28 -0.00606655
12.29 -0.00588926
12.3 -0.00567837
12.31 -0.00543722
12.32 -0.00516939
12.33 -0.00487868
12.34 -0.00456897
12.35 -0.00424417
12.36 -0.0039082
12.37 -0.00356485
12.38 -0.0032178
12.39 -0.00287051
12.4 -0.00252617
12.41 -0.00218764
12.42 -0.00185739
12.43 -0.00153744
12.44 -0.00122934
12.45 -0.000934105
12.46 -0.000652221
12.47 -0.000383665
12.48 -0.000127923
12.49 0.00011595
12.5 0.000349266
12.51 0.000573624
12.52 0.000790823
12.53 0.00100277
12.54 0.00121142
12.55 0.00141865
12.56 0.00162625
12.57 0.00183581
12.58 0.00204871
12.59 0.00226608
12.6 0.00248874
12.61 0.00271715
12.62 0.00295144
12.63 0.00319131
12.64 0.00343603
12.65 0.00368445
12.66 0.00393493
12.67 0.00418539
12.68 0.00443331
12.69 0.00467582
12.7 0.00490973
12.71 0.00513159
12.72 0.00533785
12.73 0.00552491
12.74 0.00568923
12.75 0.00582742
12.76 0.00593636
12.77 0.0060132
12.78 0.00605548
12.79 0.00606115
12.8 0.00602863
12.81 0.0059568
12.82 0.00584508
12.83 0.00569339
12.84 0.00550219
12.85 0.00527254
12.86 0.00500599
12.87 0.00470469
12.88 0.0043713
12.89 0.00400896
12.9 0.00362128
12.91 0.00321222
12.92 0.00278603
12.93 0.00234715
12.94 0.00190012
12.95 0.00144944
12.96 0.000999524
12.97 0.000554546
12.98 0.000118413
12.99 -0.000305316
13 -0.000713471
13.01 -0.00110331
13.02 -0.00147252
13.03 -0.00181926
13.04 -0.00214215
13.05 -0.00244027
13.06 -0.0027132
13.07 -0.00296095
13.08 -0.00318401
13.09 -0.0033833
13.1 -0.00356012
13.11 -0.00371615
13.12 -0.00385331
13.13 -0.00397377
13.14 -0.00407978
13.15 -0.00417366
13.16 -0.00425762
13.17 -0.00433376
13.18 -0.00440392
13.19 -0.00446966
13.2 -0.00453221
13.21 -0.0045924
13.22 -0.0046507
13.23 -0.00470717
13.24 -0.00476149
13.25 -0.00481297
13.26 -0.00486057
13.27 -0.00490293
13.28 -0.0049384
13.29 -0.00496504
13.3 -0.0049807
13.31 -0.00498304
13.32 -0.00496957
13.33 -0.00493777
13.34 -0.00488508
13.35 -0.00480908
13.36 -0.0047075
13.37 -0.00457836
13.38 -0.00442002
13.39 -0.00423127
13.4 -0.00401138
13.41 -0.00376015
13.42 -0.00347791
13.43 -0.00316552
13.44 -0.00282439
13.45 -0.00245642
13.46 -0.00206399
13.47 -0.00164989
13.48 -0.00121731
13.49 -0.000769795
13.5 -0.000311153
13.51 0.000154556
13.52 0.000623095
13.53 0.00109011
13.54 0.00155121
13.55 0.00200203
13.56 0.00243832
13.57 0.00285604
13.58 0.00325145
13.59 0.00362117
13.6 0.00396227
13.61 0.00427232
13.62 0.00454942
13.63 0.00479227
13.64 0.0050001
13.65 0.0051727
13.66 0.00531038
13.67 0.00541392
13.68 0.00548455
13.69 0.00552387
13.7 0.0055338
13.71 0.00551654
13.72 0.00547453
13.73 0.00541036
13.74 0.00532676
13.75 0.00522649
13.76 0.0051123
13.77 0.00498688
13.78 0.00485273
13.79 0.00471214
13.8 0.0045671
13.81 0.00441924
13.82 0.00426983
13.83 0.00411967
13.84 0.00396918
13.85 0.00381832
13.86 0.00366668
13.87 0.00351349
13.88 0.00335767
13.89 0.0031979
13.9 0.00303269
13.91 0.0028604
13.92 0.00267935
13.93 0.00248785
13.94 0.00228426
13.95 0.00206702
13.96 0.00183474
13.97 0.00158624
13.98 0.0013206
13.99 0.00103718
14 0.000735741
14.01 0.000416444
14.02 7.98977e-05
14.03 -0.000272809
14.04 -0.000640102
14.05 -0.00101993
14.06 -0.00140977
14.07 -0.00180673
14.08 -0.00220754
14.09 -0.00260864
14.1 -0.0030063
14.11 -0.00339662
14.12 -0.0037757
14.13 -0.00413961
14.14 -0.00448454
14.15 -0.00480684
14.16 -0.00510307
14.17 -0.00537004
14.18 -0.0056049
14.19 -0.00580518
14.2 -0.00596882
14.21 -0.00609421
14.22 -0.00618027
14.23 -0.00622644
14.24 -0.00623272
14.25 -0.00619968
14.26 -0.00612841
14.27 -0.00602054
14.28 -0.00587818
14.29 -0.00570386
14.3 -0.00550043
14.31 -0.00527104
14.32 -0.00501899
14.33 -0.00474772
14.34 -0.00446067
14.35 -0.00416124
14.36 -0.00385274
14.37 -0.00353832
14.38 -0.00322094
14.39 -0.00290328
14.4 -0.00258776
14.41 -0.0022765
14.42 -0.00197122
14.43 -0.0016733
14.44 -0.0013837
14.45 -0.00110298
14.46 -0.0008313
14.47 -0.000568404
14.48 -0.000313695
14.49 -6.6253e-05
14.5 0.000175094
14.51 0.00041171
14.52 0.000645067
14.53 0.000876678
14.54 0.00110801
14.55 0.00134044
14.56 0.00157514
14.57 0.0018131
14.58 0.00205502
14.59 0.00230131
14.6 0.00255206
14.61 0.00280705
14.62 0.00306567
14.63 0.00332698
14.64 0.00358969
14.65 0.00385215
14.66 0.00411236
14.67 0.00436801
14.68 0.00461649
14.69 0.00485495
14.7 0.00508035
14.71 0.00528953
14.72 0.00547928
14.73 0.00564644
14.74 0.00578797
14.75 0.00590105
14.76 0.00598312
14.77 0.00603197
14.78 0.00604581
14.79 0.00602325
14.8 0.00596339
14.81 0.00586579
14.82 0.00573051
14.83 0.00555808
14.84 0.00534955
14.85 0.00510639
14.86 0.00483057
14.87 0.00452447
14.88 0.00419087
14.89 0.00383291
14.9 0.00345404
14.91 0.00305798
14.92 0.00264858
14.93 0.00222983
14.94 0.00180573
14.95 0.00138019
14.96 0.000956994
14.97 0.000539681
14.98 0.000131505
14.99 -0.000264625
15 -0.000646182
15.01 -0.00101105
15.02 -0.00135752
15.03 -0.00168432
15.04 -0.00199059
15.05 -0.00227585
15.06 -0.00254003
15.07 -0.00278341
15.08 -0.00300661
15.09 -0.00321054
15.1 -0.00339639
15.11 -0.00356558
15.12 -0.00371968
15.13 -0.00386038
15.14 -0.00398938
15.15 -0.00410839
15.16 -0.00421898
15.17 -0.00432257
15.18 -0.00442033
15.19 -0.00451318
15.2 -0.00460169
15.21 -0.00468611
15.22 -0.00476632
15.23 -0.00484188
15.24 -0.00491201
15.25 -0.00497561
15.26 -0.00503132
15.27 -0.00507756
15.28 -0.00511253
15.29 -0.00513428
15.3 -0.00514076
15.31 -0.00512985
15.32 -0.00509941
15.33 -0.00504737
15.34 -0.00497172
15.35 -0.00487066
15.36 -0.00474258
15.37 -0.00458619
15.38 -0.00440054
15.39 -0.0041851
15.4 -0.00393979
15.41 -0.00366497
15.42 -0.00336154
15.43 -0.00303085
15.44 -0.00267472
15.45 -0.0022954
15.46 -0.00189556
15.47 -0.00147819
15.48 -0.00104659
15.49 -0.000604294
15.5 -0.000155021
15.51 0.00029738
15.52 0.000748993
15.53 0.00119589
15.54 0.0016342
15.55 0.00206014
15.56 0.00247015
15.57 0.00286087
15.58 0.00322927
15.59 0.00357265
15.6 0.00388874
15.61 0.00417573
15.62 0.00443228
15.63 0.00465752
15.64 0.00485111
15.65 0.00501313
15.66 0.00514414
15.67 0.00524507
15.68 0.00531722
15.69 0.00536216
15.7 0.0053817
15.71 0.00537785
15.72 0.00535273
15.73 0.00530854
15.74 0.0052475
15.75 0.00517181
15.76 0.00508359
15.77 0.00498483
15.78 0.00487733
15.79 0.00476269
15.8 0.00464223
15.81 0.00451696
15.82 0.00438759
15.83 0.00425446
15.84 0.00411757
15.85 0.00397662
15.86 0.00383096
15.87 0.00367972
15.88 0.00352179
15.89 0.00335592
15.9 0.00318074
15.91 0.00299486
15.92 0.00279689
15.93 0.00258555
15.94 0.00235964
15.95 0.00211817
15.96 0.00186035
15.97 0.00158564
15.98 0.00129379
15.99 0.00098487
16 0.0006593
16.01 0.000317868
16.02 -3.82449e-05
16.03 -0.000407465
16.04 -0.000787822
16.05 -0.00117697
16.06 -0.0015722
16.07 -0.00197052
16.08 -0.00236866
16.09 -0.00276317
16.1 -0.00315048
16.11 -0.00352695
16.12 -0.003889
16.13 -0.00423311
16.14 -0.00455593
16.15 -0.00485433
16.16 -0.00512545
16.17 -0.00536671
16.18 -0.00557593
16.19 -0.00575126
16.2 -0.0058913
16.21 -0.00599507
16.22 -0.00606206
16.23 -0.00609219
16.24 -0.00608587
16.25 -0.00604397
16.26 -0.0059678
16.27 -0.00585906
16.28 -0.00571986
16.29 -0.00555259
16.3 -0.00535991
16.31 -0.00514467
16.32 -0.00490982
16.33 -0.00465837
16.34 -0.00439329
16.35 -0.00411748
16.36 -0.00383368
16.37 -0.00354446
16.38 -0.00325215
16.39 -0.00295882
16.4 -0.00266629
16.41 -0.00237604
16.42 -0.00208929
16.43 -0.0018069
16.44 -0.00152943
16.45 -0.00125713
16.46 -0.000989937
16.47 -0.000727515
16.48 -0.000469277
16.49 -0.000214426
16.5 3.79882e-05
16.51 0.00028902
16.52 0.000539761
16.53 0.000791277
16.54 0.00104455
16.55 0.0013004
16.56 0.00155948
16.57 0.00182216
16.58 0.00208858
16.59 0.00235857
16.6 0.00263162
16.61 0.00290696
16.62 0.00318347
16.63 0.00345974
16.64 0.00373408
16.65 0.00400452
16.66 0.00426884
16.67 0.00452463
16.68 0.00476929
16.69 0.00500008
16.7 0.00521417
16.71 0.00540873
16.72 0.00558095
16.73 0.00572813
16.74 0.00584776
16.75 0.00593754
16.76 0.0059955
16.77 0.00602001
16.78 0.00600984
16.79 0.00596418
16.8 0.00588268
16.81 0.00576541
16.82 0.00561293
16.83 0.0054262
16.84 0.00520662
16.85 0.00495599
16.86 0.00467647
16.87 0.00437055
16.88 0.00404102
16.89 0.00369092
16.9 0.0033235
16.91 0.00294215
16.92 0.00255034
16.93 0.00215159
16.94 0.00174936
16.95 0.00134701
16.96 0.000947719
16.97 0.00055444
16.98 0.000169848
16.99 -0.000203711
17 -0.00056424
17.01 -0.000910114
17.02 -0.00124008
17.03 -0.00155326
17.04 -0.00184912
17.05 -0.00212746
17.06 -0.0023884
17.07 -0.00263233
17.08 -0.00285986
17.09 -0.00307182
17.1 -0.00326922
17.11 -0.00345315
17.12 -0.00362483
17.13 -0.00378545
17.14 -0.00393622
17.15 -0.00407825
17.16 -0.00421254
17.17 -0.00433988
17.18 -0.00446087
17.19 -0.00457585
17.2 -0.00468486
17.21 -0.00478767
17.22 -0.00488375
17.23 -0.00497226
17.24 -0.00505213
17.25 -0.00512204
17.26 -0.00518046
17.27 -0.00522572
17.28 -0.00525605
17.29 -0.00526958
17.3 -0.00526444
17.31 -0.00523879
17.32 -0.00519088
17.33 -0.00511904
17.34 -0.00502181
17.35 -0.00489794
17.36 -0.00474641
17.37 -0.00456656
17.38 -0.00435802
17.39 -0.00412086
17.4 -0.0038555
17.41 -0.00356282
17.42 -0.00324411
17.43 -0.00290108
17.44 -0.00253582
17.45 -0.00215081
17.46 -0.00174881
17.47 -0.00133288
17.48 -0.000906297
17.49 -0.000472474
17.5 -3.49444e-05
17.51 0.000402717
17.52 0.000836946
17.53 0.00126424
17.54 0.00168122
17.55 0.00208466
17.56 0.00247155
17.57 0.00283916
17.58 0.00318503
17.59 0.00350707
17.6 0.00380354
17.61 0.00407312
17.62 0.00431489
17.63 0.00452833
17.64 0.00471335
17.65 0.00487024
17.66 0.00499964
17.67 0.0051025
17.68 0.00518007
17.69 0.00523377
17.7 0.00526524
17.71 0.00527617
17.72 0.00526836
17.73 0.00524358
17.74 0.0052036
17.75 0.00515008
17.76 0.00508459
17.77 0.00500852
17.78 0.00492312
17.79 0.00482939
17.8 0.00472811
17.81 0.00461981
17.82 0.00450477
17.83 0.00438298
17.84 0.00425417
17.85 0.00411787
17.86 0.00397335
17.87 0.00381972
17.88 0.00365597
17.89 0.003481
17.9 0.00329368
17.91 0.0030929
17.92 0.00287765
17.93 0.00264704
17.94 0.00240034
17.95 0.00213706
17.96 0.00185694
17.97 0.00156
17.98 0.00124654
17.99 0.000917202
18 0.00057292
18.01 0.000214975
18.02 -0.000155027
18.03 -0.000535156
18.04 -0.000923173
18.05 -0.00131655
18.06 -0.00171251
18.07 -0.00210805
18.08 -0.00250001
18.09 -0.00288512
18.1 -0.00326005
18.11 -0.0036215
18.12 -0.00396623
18.13 -0.00429117
18.14 -0.00459341
18.15 -0.00487033
18.16 -0.00511955
18.17 -0.00533907
18.18 -0.0055272
18.19 -0.00568266
18.2 -0.00580452
18.21 -0.0058923
18.22 -0.00594586
18.23 -0.00596552
18.24 -0.00595194
18.25 -0.00590617
18.26 -0.00582961
18.27 -0.00572397
18.28 -0.00559123
18.29 -0.00543362
18.3 -0.00525352
18.31 -0.00505344
18.32 -0.00483596
18.33 -0.00460363
18.34 -0.00435897
18.35 -0.00410438
18.36 -0.00384209
18.37 -0.00357415
18.38 -0.00330239
18.39 -0.00302838
18.4 -0.00275345
18.41 -0.00247865
18.42 -0.00220479
18.43 -0.00193241
18.44 -0.00166179
18.45 -0.001393
18.46 -0.00112589
18.47 -0.000860111
18.48 -0.000595183
18.49 -0.000330493
18.5 -6.5358e-05
18.51 0.000200934
18.52 0.000469072
18.53 0.000739675
18.54 0.00101324
18.55 0.00129009
18.56 0.00157036
18.57 0.00185392
18.58 0.0021404
18.59 0.00242915
18.6 0.00271923
18.61 0.00300942
18.62 0.00329826
18.63 0.00358402
18.64 0.00386475
18.65 0.00413832
18.66 0.00440242
18.67 0.00465462
18.68 0.00489241
18.69 0.00511323
18.7 0.00531453
18.71 0.00549379
18.72 0.00564862
18.73 0.00577678
18.74 0.00587624
18.75 0.00594522
18.76 0.00598227
18.77 0.00598626
18.78 0.00595647
18.79 0.00589256
18.8 0.00579458
18.81 0.00566303
18.82 0.00549879
18.83 0.00530312
18.84 0.00507764
18.85 0.00482431
18.86 0.00454536
18.87 0.00424328
18.88 0.00392079
18.89 0.00358075
18.9 0.00322615
18.91 0.00286007
18.92 0.00248558
18.93 0.00210573
18.94 0.00172351
18.95 0.00134176
18.96 0.000963117
18.97 0.000590035
18.98 0.000224679
18.99 -0.000131067
19 -0.000475632
19.01 -0.000807766
19.02 -0.00112654
19.03 -0.00143132
19.04 -0.0017218
19.05 -0.00199789
19.06 -0.00225978
19.07 -0.00250784
19.08 -0.00274259
19.09 -0.00296471
19.1 -0.00317494
19.11 -0.00337409
19.12 -0.00356295
19.13 -0.00374231
19.14 -0.00391288
19.15 -0.00407526
19.16 -0.00422991
19.17 -0.00437713
19.18 -0.004517
19.19 -0.00464939
19.2 -0.00477392
19.21 -0.00488999
19.22 -0.00499675
19.23 -0.00509314
19.24 -0.00517789
19.25 -0.00524958
19.26 -0.00530664
19.27 -0.00534745
19.28 -0.00537032
19.29 -0.00537357
19.3 -0.00535557
19.31 -0.00531479
19.32 -0.00524983
19.33 -0.00515947
19.34 -0.00504271
19.35 -0.00489878
19.36 -0.00472721
19.37 -0.00452782
19.38 -0.00430077
19.39 -0.00404658
19.4 -0.00376611
19.41 -0.00346061
19.42 -0.00313167
19.43 -0.00278123
19.44 -0.00241156
19.45 -0.0020252
19.46 -0.00162496
19.47 -0.00121383
19.48 -0.000794955
19.49 -0.000371576
19.5 5.30297e-05
19.51 0.000475596
19.52 0.000892922
19.53 0.00130192
19.54 0.00169965
19.55 0.00208338
19.56 0.00245059
19.57 0.00279905
19.58 0.00312681
19.59 0.00343222
19.6 0.00371399
19.61 0.00397115
19.62 0.00420309
19.63 0.00440953
19.64 0.00459055
19.65 0.00474649
19.66 0.00487802
19.67 0.00498601
19.68 0.00507155
19.69 0.00513589
19.7 0.00518037
19.71 0.00520639
19.72 0.00521537
19.73 0.00520869
19.74 0.00518766
19.75 0.0051535
19.76 0.00510728
19.77 0.00504994
19.78 0.00498221
19.79 0.00490468
19.8 0.00481768
19.81 0.0047214
19.82 0.00461579
19.83 0.00450062
19.84 0.00437547
19.85 0.00423976
19.86 0.0040928
19.87 0.00393376
19.88 0.00376179
19.89 0.003576
19.9 0.00337555
19.91 0.00315967
19.92 0.0029277
19.93 0.00267916
19.94 0.00241377
19.95 0.00213148
19.96 0.00183248
19.97 0.00151727
19.98 0.0011866
19.99 0.000841538
20 0.000483425
