0.01 -1.56761e-07
0.02 -9.39518e-07
0.03 -2.97049e-06
0.04 -6.86519e-06
0.05 -1.32297e-05
0.06 -2.2658e-05
0.07 -3.57281e-05
0.08 -5.29981e-05
0.09 -7.50004e-05
0.1 -0.000102235
0.11 -0.00013516
0.12 -0.000174182
0.13 -0.000219643
0.14 -0.000271808
0.15 -0.000330849
0.16 -0.000396833
0.17 -0.000469709
0.18 -0.000549295
0.19 -0.000635276
0.2 -0.000727194
0.21 -0.000824456
0.22 -0.000926335
0.23 -0.00103199
0.24 -0.00114046
0.25 -0.00125072
0.26 -0.00136167
0.27 -0.00147216
0.28 -0.00158105
0.29 -0.00168717
0.3 -0.00178939
0.31 -0.00188661
0.32 -0.00197778
0.33 -0.00206191
0.34 -0.00213804
0.35 -0.00220531
0.36 -0.00226288
0.37 -0.00230998
0.38 -0.0023459
0.39 -0.00236996
0.4 -0.00238154
0.41 -0.00238005
0.42 -0.00236498
0.43 -0.00233587
0.44 -0.00229232
0.45 -0.002234
0.46 -0.00216069
0.47 -0.00207225
0.48 -0.00196867
0.49 -0.00185002
0.5 -0.00171655
0.51 -0.0015686
0.52 -0.00140666
0.53 -0.00123137
0.54 -0.00104351
0.55 -0.000843981
0.56 -0.000633828
0.57 -0.00041422
0.58 -0.00018644
0.59 4.81239e-05
0.6 0.00028799
0.61 0.0005316
0.62 0.000777337
0.63 0.00102354
0.64 0.00126852
0.65 0.00151058
0.66 0.00174805
0.67 0.00197927
0.68 0.00220265
0.69 0.00241664
0.7 0.00261977
0.71 0.00281065
0.72 0.00298799
0.73 0.00315058
0.74 0.00329731
0.75 0.00342717
0.76 0.00353924
0.77 0.00363268
0.78 0.00370677
0.79 0.00376087
0.8 0.00379442
0.81 0.00380698
0.82 0.00379822
0.83 0.0037679
0.84 0.00371593
0.85 0.00364232
0.86 0.00354727
0.87 0.00343108
0.88 0.00329425
0.89 0.00313742
0.9 0.0029614
0.91 0.00276716
0.92 0.00255582
0.93 0.00232866
0.94 0.00208708
0.95 0.0018326
0.96 0.00156686
0.97 0.00129155
0.98 0.00100844
0.99 0.000719351
1 0.000426119
1.01 0.000130593
1.02 -0.000165386
1.03 -0.000459999
1.04 -0.00075146
1.05 -0.00103803
1.06 -0.00131802
1.07 -0.00158981
1.08 -0.00185185
1.09 -0.00210266
1.1 -0.00234086
1.11 -0.00256513
1.12 -0.00277426
1.13 -0.00296713
1.14 -0.00314272
1.15 -0.00330012
1.16 -0.00343851
1.17 -0.00355718
1.18 -0.00365555
1.19 -0.00373314
1.2 -0.0037896
1.21 -0.00382471
1.22 -0.00383837
1.23 -0.00383062
1.24 -0.00380165
1.25 -0.00375178
1.26 -0.00368149
1.27 -0.00359139
1.28 -0.00348224
1.29 -0.00335493
1.3 -0.00321049
1.31 -0.00305007
1.32 -0.00287492
1.33 -0.00268639
1.34 -0.00248589
1.35 -0.0022749
1.36 -0.00205495
1.37 -0.00182757
1.38 -0.0015943
1.39 -0.00135667
1.4 -0.00111621
1.41 -0.000874379
1.42 -0.000632611
1.43 -0.000392287
1.44 -0.000154731
1.45 7.8788e-05
1.46 0.000307064
1.47 0.000528952
1.48 0.000743369
1.49 0.000949297
1.5 0.00114579
1.51 0.00133195
1.52 0.00150698
1.53 0.00167015
1.54 0.00182081
1.55 0.00195838
1.56 0.0020824
1.57 0.0021925
1.58 0.0022884
1.59 0.00236993
1.6 0.00243704
1.61 0.00248977
1.62 0.00252827
1.63 0.00255282
1.64 0.00256376
1.65 0.00256156
1.66 0.00254677
1.67 0.00252001
1.68 0.00248199
1.69 0.00243347
1.7 0.00237527
1.71 0.00230824
1.72 0.00223325
1.73 0.00215121
1.74 0.002063
1.75 0.00196952
1.76 0.00187163
1.77 0.00177017
1.78 0.00166596
1.79 0.00155974
1.8 0.00145224
1.81 0.00134412
1.82 0.00123601
1.83 0.00112846
1.84 0.00102201
1.85 0.000917107
1.86 0.000814193
1.87 0.000713648
1.88 0.000615812
1.89 0.000520985
1.9 0.000429425
1.91 0.000341346
1.92 0.00025692
1.93 0.000176269
1.94 9.94685e-05
1.95 2.65399e-05
1.96 -4.25487e-05
1.97 -0.000107885
1.98 -0.00016961
1.99 -0.000227921
2 -0.000283065
2.01 -0.000335333
2.02 -0.000385057
2.03 -0.0004326
2.04 -0.000478347
2.05 -0.000522697
2.06 -0.000566051
2.07 -0.000608802
2.08 -0.000651326
2.09 -0.000693972
2.1 -0.000737056
2.11 -0.000780849
2.12 -0.000825576
2.13 -0.000871412
2.14 -0.000918475
2.15 -0.000966826
2.16 -0.00101647
2.17 -0.00106736
2.18 -0.00111938
2.19 -0.00117238
2.2 -0.00122616
2.21 -0.00128045
2.22 -0.00133496
2.23 -0.00138937
2.24 -0.00144331
2.25 -0.00149637
2.26 -0.00154815
2.27 -0.00159818
2.28 -0.00164601
2.29 -0.00169115
2.3 -0.0017331
2.31 -0.00177136
2.32 -0.00180539
2.33 -0.00183467
2.34 -0.00185867
2.35 -0.00187683
2.36 -0.00188863
2.37 -0.00189354
2.38 -0.00189103
2.39 -0.00188061
2.4 -0.0018618
2.41 -0.00183416
2.42 -0.0017973
2.43 -0.00175087
2.44 -0.00169459
2.45 -0.00162825
2.46 -0.0015517
2.47 -0.0014649
2.48 -0.00136788
2.49 -0.00126077
2.5 -0.00114378
2.51 -0.00101723
2.52 -0.00088152
2.53 -0.000737146
2.54 -0.000584684
2.55 -0.000424789
2.56 -0.000258187
2.57 -8.56704e-05
2.58 9.19109e-05
2.59 0.000273655
2.6 0.000458616
2.61 0.000645808
2.62 0.000834215
2.63 0.00102279
2.64 0.00121047
2.65 0.00139618
2.66 0.00157881
2.67 0.00175727
2.68 0.00193047
2.69 0.00209729
2.7 0.00225667
2.71 0.00240753
2.72 0.00254882
2.73 0.00267954
2.74 0.00279872
2.75 0.00290542
2.76 0.00299878
2.77 0.00307799
2.78 0.00314232
2.79 0.00319113
2.8 0.00322384
2.81 0.00323999
2.82 0.00323922
2.83 0.00322128
2.84 0.00318602
2.85 0.00313343
2.86 0.00306359
2.87 0.00297673
2.88 0.00287318
2.89 0.00275338
2.9 0.00261789
2.91 0.00246739
2.92 0.00230263
2.93 0.00212448
2.94 0.00193388
2.95 0.00173186
2.96 0.00151951
2.97 0.00129798
2.98 0.00106849
2.99 0.000832272
3 0.000590632
3.01 0.00034489
3.02 9.63925e-05
3.03 -0.000153493
3.04 -0.000403389
3.05 -0.00065191
3.06 -0.000897674
3.07 -0.0011393
3.08 -0.00137544
3.09 -0.00160474
3.1 -0.00182592
3.11 -0.00203769
3.12 -0.00223885
3.13 -0.00242824
3.14 -0.00260478
3.15 -0.00276746
3.16 -0.00291537
3.17 -0.00304767
3.18 -0.00316364
3.19 -0.00326267
3.2 -0.00334425
3.21 -0.003408
3.22 -0.00345363
3.23 -0.003481
3.24 -0.00349008
3.25 -0.00348095
3.26 -0.0034538
3.27 -0.00340893
3.28 -0.00334677
3.29 -0.00326781
3.3 -0.00317265
3.31 -0.003062
3.32 -0.00293662
3.33 -0.00279734
3.34 -0.0026451
3.35 -0.00248084
3.36 -0.00230561
3.37 -0.00212047
3.38 -0.00192653
3.39 -0.00172494
3.4 -0.00151687
3.41 -0.00130352
3.42 -0.00108609
3.43 -0.000865808
3.44 -0.000643896
3.45 -0.000421571
3.46 -0.000200038
3.47 1.95147e-05
3.48 0.000235926
3.49 0.000448068
3.5 0.000654856
3.51 0.000855255
3.52 0.00104829
3.53 0.00123304
3.54 0.00140867
3.55 0.00157441
3.56 0.00172957
3.57 0.00187357
3.58 0.00200589
3.59 0.00212611
3.6 0.00223389
3.61 0.002329
3.62 0.00241128
3.63 0.00248066
3.64 0.00253714
3.65 0.00258081
3.66 0.00261182
3.67 0.00263041
3.68 0.00263683
3.69 0.00263145
3.7 0.00261464
3.71 0.00258684
3.72 0.00254854
3.73 0.00250024
3.74 0.00244251
3.75 0.00237592
3.76 0.00230108
3.77 0.00221862
3.78 0.00212919
3.79 0.00203345
3.8 0.00193207
3.81 0.00182573
3.82 0.0017151
3.83 0.00160087
3.84 0.0014837
3.85 0.00136423
3.86 0.0012431
3.87 0.00112091
3.88 0.000998253
3.89 0.000875669
3.9 0.000753669
3.91 0.000632727
3.92 0.00051327
3.93 0.000395684
3.94 0.000280308
3.95 0.000167437
3.96 5.73185e-05
3.97 -4.98423e-05
3.98 -0.000153883
3.99 -0.00025468
4 -0.000352147
4.01 -0.000446228
4.02 -0.000536897
4.03 -0.000624151
4.04 -0.000708008
4.05 -0.0007885
4.06 -0.000865674
4.07 -0.000939583
4.08 -0.00101029
4.09 -0.00107784
4.1 -0.00114232
4.11 -0.00120377
4.12 -0.00126226
4.13 -0.00131783
4.14 -0.00137053
4.15 -0.0014204
4.16 -0.00146747
4.17 -0.00151176
4.18 -0.00155327
4.19 -0.00159201
4.2 -0.00162795
4.21 -0.00166107
4.22 -0.00169131
4.23 -0.00171861
4.24 -0.00174287
4.25 -0.00176399
4.26 -0.00178184
4.27 -0.00179627
4.28 -0.00180711
4.29 -0.00181417
4.3 -0.00181724
4.31 -0.00181609
4.32 -0.0018105
4.33 -0.00180022
4.34 -0.00178501
4.35 -0.00176461
4.36 -0.00173878
4.37 -0.00170729
4.38 -0.00166992
4.39 -0.00162646
4.4 -0.00157675
4.41 -0.00152062
4.42 -0.00145796
4.43 -0.00138869
4.44 -0.00131276
4.45 -0.00123017
4.46 -0.00114096
4.47 -0.00104521
4.48 -0.000943061
4.49 -0.000834679
4.5 -0.00072029
4.51 -0.000600165
4.52 -0.00047462
4.53 -0.000344014
4.54 -0.000208753
4.55 -6.92867e-05
4.56 7.38947e-05
4.57 0.000220259
4.58 0.000369235
4.59 0.000520213
4.6 0.000672548
4.61 0.00082556
4.62 0.000978538
4.63 0.00113074
4.64 0.00128141
4.65 0.00142975
4.66 0.00157497
4.67 0.00171624
4.68 0.00185275
4.69 0.00198367
4.7 0.00210818
4.71 0.00222548
4.72 0.00233478
4.73 0.00243531
4.74 0.00252636
4.75 0.00260722
4.76 0.00267726
4.77 0.00273588
4.78 0.00278255
4.79 0.00281678
4.8 0.00283817
4.81 0.00284639
4.82 0.00284115
4.83 0.00282228
4.84 0.00278966
4.85 0.00274325
4.86 0.00268308
4.87 0.00260929
4.88 0.00252207
4.89 0.00242169
4.9 0.00230852
4.91 0.00218297
4.92 0.00204555
4.93 0.00189684
4.94 0.00173748
4.95 0.00156818
4.96 0.00138972
4.97 0.00120294
4.98 0.00100872
4.99 0.000808027
5 0.000601841
5.01 0.000391202
5.02 0.000177187
5.03 -3.9101e-05
5.04 -0.00025653
5.05 -0.000473954
5.06 -0.000690215
5.07 -0.000904153
5.08 -0.00111461
5.09 -0.00132046
5.1 -0.00152056
5.11 -0.00171383
5.12 -0.00189923
5.13 -0.00207573
5.14 -0.00224237
5.15 -0.00239826
5.16 -0.00254256
5.17 -0.00267448
5.18 -0.00279334
5.19 -0.00289851
5.2 -0.00298944
5.21 -0.00306566
5.22 -0.00312681
5.23 -0.00317257
5.24 -0.00320275
5.25 -0.00321721
5.26 -0.00321592
5.27 -0.00319893
5.28 -0.00316637
5.29 -0.00311846
5.3 -0.00305549
5.31 -0.00297785
5.32 -0.00288599
5.33 -0.00278046
5.34 -0.00266185
5.35 -0.00253085
5.36 -0.0023882
5.37 -0.0022347
5.38 -0.00207122
5.39 -0.00189867
5.4 -0.00171801
5.41 -0.00153022
5.42 -0.00133634
5.43 -0.00113743
5.44 -0.000934547
5.45 -0.000728778
5.46 -0.000521208
5.47 -0.000312917
5.48 -0.000104977
5.49 0.00010156
5.5 0.000305665
5.51 0.000506339
5.52 0.000702618
5.53 0.000893579
5.54 0.00107835
5.55 0.00125609
5.56 0.00142604
5.57 0.00158747
5.58 0.00173973
5.59 0.00188222
5.6 0.0020144
5.61 0.00213579
5.62 0.002246
5.63 0.00234468
5.64 0.00243156
5.65 0.00250642
5.66 0.00256913
5.67 0.0026196
5.68 0.00265782
5.69 0.00268385
5.7 0.00269778
5.71 0.0026998
5.72 0.00269013
5.73 0.00266905
5.74 0.00263692
5.75 0.0025941
5.76 0.00254104
5.77 0.00247821
5.78 0.00240612
5.79 0.00232531
5.8 0.00223636
5.81 0.00213986
5.82 0.00203642
5.83 0.00192667
5.84 0.00181125
5.85 0.00169079
5.86 0.00156592
5.87 0.0014373
5.88 0.00130553
5.89 0.00117123
5.9 0.001035
5.91 0.000897421
5.92 0.000759054
5.93 0.000620439
5.94 0.000482094
5.95 0.000344512
5.96 0.00020816
5.97 7.3483e-05
5.98 -5.91045e-05
5.99 -0.000189213
6 -0.000316478
6.01 -0.000440566
6.02 -0.000561168
6.03 -0.000678001
6.04 -0.000790809
6.05 -0.000899365
6.06 -0.00100346
6.07 -0.00110292
6.08 -0.00119759
6.09 -0.00128734
6.1 -0.00137204
6.11 -0.00145163
6.12 -0.00152601
6.13 -0.00159514
6.14 -0.00165897
6.15 -0.00171748
6.16 -0.00177064
6.17 -0.00181846
6.18 -0.00186092
6.19 -0.00189803
6.2 -0.0019298
6.21 -0.00195623
6.22 -0.00197733
6.23 -0.0019931
6.24 -0.00200355
6.25 -0.00200867
6.26 -0.00200846
6.27 -0.00200292
6.28 -0.00199204
6.29 -0.00197581
6.3 -0.00195421
6.31 -0.00192724
6.32 -0.0018949
6.33 -0.00185717
6.34 -0.00181405
6.35 -0.00176556
6.36 -0.00171171
6.37 -0.00165252
6.38 -0.00158802
6.39 -0.00151828
6.4 -0.00144333
6.41 -0.00136327
6.42 -0.00127819
6.43 -0.00118819
6.44 -0.0010934
6.45 -0.000993983
6.46 -0.000890095
6.47 -0.000781932
6.48 -0.000669707
6.49 -0.000553659
6.5 -0.000434051
6.51 -0.000311171
6.52 -0.000185333
6.53 -5.68789e-05
6.54 7.38239e-05
6.55 0.000206381
6.56 0.00034037
6.57 0.000475346
6.58 0.000610834
6.59 0.000746338
6.6 0.000881341
6.61 0.0010153
6.62 0.00114766
6.63 0.00127786
6.64 0.00140529
6.65 0.00152937
6.66 0.0016495
6.67 0.00176508
6.68 0.00187551
6.69 0.00198019
6.7 0.00207853
6.71 0.00216998
6.72 0.00225396
6.73 0.00232996
6.74 0.00239747
6.75 0.00245602
6.76 0.00250515
6.77 0.00254446
6.78 0.00257359
6.79 0.00259221
6.8 0.00260004
6.81 0.00259684
6.82 0.00258244
6.83 0.00255671
6.84 0.00251956
6.85 0.00247097
6.86 0.002411
6.87 0.00233972
6.88 0.00225729
6.89 0.00216394
6.9 0.00205993
6.91 0.00194561
6.92 0.00182137
6.93 0.00168766
6.94 0.001545
6.95 0.00139397
6.96 0.00123517
6.97 0.00106929
6.98 0.000897059
6.99 0.00071923
7 0.000536614
7.01 0.000350055
7.02 0.000160427
7.03 -3.13711e-05
7.04 -0.000224417
7.05 -0.000417775
7.06 -0.000610496
7.07 -0.00080163
7.08 -0.000990226
7.09 -0.00117534
7.1 -0.00135604
7.11 -0.0015314
7.12 -0.00170054
7.13 -0.00186259
7.14 -0.00201672
7.15 -0.00216213
7.16 -0.00229806
7.17 -0.00242381
7.18 -0.00253872
7.19 -0.00264218
7.2 -0.00273364
7.21 -0.00281261
7.22 -0.00287868
7.23 -0.00293147
7.24 -0.00297071
7.25 -0.00299618
7.26 -0.00300771
7.27 -0.00300525
7.28 -0.00298878
7.29 -0.00295839
7.3 -0.00291421
7.31 -0.00285647
7.32 -0.00278547
7.33 -0.00270156
7.34 -0.00260517
7.35 -0.0024968
7.36 -0.002377
7.37 -0.0022464
7.38 -0.00210567
7.39 -0.00195552
7.4 -0.00179673
7.41 -0.0016301
7.42 -0.00145648
7.43 -0.00127674
7.44 -0.00109179
7.45 -0.000902547
7.46 -0.000709953
7.47 -0.000514952
7.48 -0.000318498
7.49 -0.000121542
7.5 7.49694e-05
7.51 0.000270101
7.52 0.000462931
7.53 0.00065256
7.54 0.000838112
7.55 0.00101874
7.56 0.00119363
7.57 0.001362
7.58 0.00152312
7.59 0.0016763
7.6 0.00182089
7.61 0.0019563
7.62 0.00208199
7.63 0.00219746
7.64 0.00230231
7.65 0.00239615
7.66 0.00247867
7.67 0.00254963
7.68 0.00260885
7.69 0.0026562
7.7 0.00269161
7.71 0.00271508
7.72 0.00272666
7.73 0.00272646
7.74 0.00271466
7.75 0.00269147
7.76 0.00265715
7.77 0.00261203
7.78 0.00255647
7.79 0.00249086
7.8 0.00241565
7.81 0.00233131
7.82 0.00223835
7.83 0.0021373
7.84 0.00202871
7.85 0.00191317
7.86 0.00179128
7.87 0.00166363
7.88 0.00153086
7.89 0.00139359
7.9 0.00125246
7.91 0.00110809
7.92 0.000961122
7.93 0.000812184
7.94 0.000661896
7.95 0.000510867
7.96 0.000359696
7.97 0.000208965
7.98 5.92391e-05
7.99 -8.89359e-05
8 -0.000235035
8.01 -0.000378558
8.02 -0.000519027
8.03 -0.00065599
8.04 -0.000789022
8.05 -0.000917726
8.06 -0.00104173
8.07 -0.0011607
8.08 -0.00127431
8.09 -0.00138228
8.1 -0.00148435
8.11 -0.00158029
8.12 -0.00166988
8.13 -0.00175296
8.14 -0.00182936
8.15 -0.00189894
8.16 -0.0019616
8.17 -0.00201725
8.18 -0.00206581
8.19 -0.00210723
8.2 -0.00214149
8.21 -0.00216856
8.22 -0.00218845
8.23 -0.00220118
8.24 -0.00220677
8.25 -0.00220528
8.26 -0.00219677
8.27 -0.00218131
8.28 -0.00215898
8.29 -0.0021299
8.3 -0.00209416
8.31 -0.0020519
8.32 -0.00200325
8.33 -0.00194836
8.34 -0.00188738
8.35 -0.00182047
8.36 -0.00174783
8.37 -0.00166963
8.38 -0.00158608
8.39 -0.00149738
8.4 -0.00140376
8.41 -0.00130544
8.42 -0.00120267
8.43 -0.00109571
8.44 -0.000984814
8.45 -0.000870266
8.46 -0.000752358
8.47 -0.000631391
8.48 -0.000507684
8.49 -0.000381568
8.5 -0.000253387
8.51 -0.000123501
8.52 7.71938e-06
8.53 0.000139887
8.54 0.000272604
8.55 0.000405458
8.56 0.000538025
8.57 0.000669872
8.58 0.000800554
8.59 0.000929618
8.6 0.0010566
8.61 0.00118105
8.62 0.00130248
8.63 0.00142042
8.64 0.00153441
8.65 0.00164397
8.66 0.00174864
8.67 0.00184796
8.68 0.00194147
8.69 0.00202874
8.7 0.00210933
8.71 0.00218284
8.72 0.00224887
8.73 0.00230705
8.74 0.00235702
8.75 0.00239845
8.76 0.00243105
8.77 0.00245455
8.78 0.0024687
8.79 0.0024733
8.8 0.00246819
8.81 0.00245323
8.82 0.00242833
8.83 0.00239344
8.84 0.00234856
8.85 0.00229374
8.86 0.00222904
8.87 0.00215461
8.88 0.00207062
8.89 0.00197731
8.9 0.00187494
8.91 0.00176384
8.92 0.00164437
8.93 0.00151696
8.94 0.00138205
8.95 0.00124015
8.96 0.0010918
8.97 0.000937582
8.98 0.000778115
8.99 0.00061405
9 0.000446069
9.01 0.000274882
9.02 0.000101223
9.03 -7.41504e-05
9.04 -0.000250466
9.05 -0.000426936
9.06 -0.000602764
9.07 -0.000777147
9.08 -0.000949281
9.09 -0.00111836
9.1 -0.0012836
9.11 -0.0014442
9.12 -0.00159939
9.13 -0.00174843
9.14 -0.00189059
9.15 -0.00202516
9.16 -0.00215147
9.17 -0.0022689
9.18 -0.00237683
9.19 -0.00247473
9.2 -0.00256208
9.21 -0.00263841
9.22 -0.00270333
9.23 -0.00275649
9.24 -0.00279757
9.25 -0.00282635
9.26 -0.00284265
9.27 -0.00284634
9.28 -0.00283738
9.29 -0.00281577
9.3 -0.00278159
9.31 -0.00273496
9.32 -0.00267608
9.33 -0.0026052
9.34 -0.00252265
9.35 -0.00242879
9.36 -0.00232405
9.37 -0.00220891
9.38 -0.00208392
9.39 -0.00194964
9.4 -0.00180671
9.41 -0.0016558
9.42 -0.00149761
9.43 -0.00133288
9.44 -0.00116238
9.45 -0.00098692
9.46 -0.000807313
9.47 -0.000624398
9.48 -0.00043903
9.49 -0.000252071
9.5 -6.43875e-05
9.51 0.000123152
9.52 0.000309686
9.53 0.000494357
9.54 0.000676326
9.55 0.000854767
9.56 0.00102888
9.57 0.00119788
9.58 0.00136103
9.59 0.00151761
9.6 0.00166695
9.61 0.0018084
9.62 0.00194137
9.63 0.00206531
9.64 0.00217973
9.65 0.00228416
9.66 0.00237821
9.67 0.00246153
9.68 0.00253383
9.69 0.00259486
9.7 0.00264445
9.71 0.00268247
9.72 0.00270884
9.73 0.00272354
9.74 0.00272661
9.75 0.00271813
9.76 0.00269825
9.77 0.00266716
9.78 0.00262508
9.79 0.00257232
9.8 0.00250919
9.81 0.00243608
9.82 0.00235338
9.83 0.00226156
9.84 0.00216108
9.85 0.00205248
9.86 0.00193628
9.87 0.00181306
9.88 0.00168341
9.89 0.00154794
9.9 0.00140727
9.91 0.00126204
9.92 0.0011129
9.93 0.0009605
9.94 0.000805496
9.95 0.000648545
9.96 0.000490297
9.97 0.0003314
9.98 0.000172491
9.99 1.41959e-05
10 -0.000142873
10.01 -0.000298119
10.02 -0.000450965
10.03 -0.000600852
10.04 -0.000747244
10.05 -0.000889629
10.06 -0.00102752
10.07 -0.00116045
10.08 -0.00128798
10.09 -0.00140971
10.1 -0.00152527
10.11 -0.00163429
10.12 -0.00173646
10.13 -0.00183149
10.14 -0.00191911
10.15 -0.0019991
10.16 -0.00207126
10.17 -0.00213542
10.18 -0.00219143
10.19 -0.00223918
10.2 -0.0022786
10.21 -0.00230963
10.22 -0.00233223
10.23 -0.00234643
10.24 -0.00235223
10.25 -0.00234969
10.26 -0.0023389
10.27 -0.00231994
10.28 -0.00229295
10.29 -0.00225807
10.3 -0.00221547
10.31 -0.00216534
10.32 -0.00210787
10.33 -0.0020433
10.34 -0.00197187
10.35 -0.00189383
10.36 -0.00180946
10.37 -0.00171905
10.38 -0.0016229
10.39 -0.00152134
10.4 -0.00141468
10.41 -0.00130327
10.42 -0.00118747
10.43 -0.00106765
10.44 -0.000944175
10.45 -0.000817437
10.46 -0.000687831
10.47 -0.000555762
10.48 -0.000421643
10.49 -0.000285895
10.5 -0.000148945
10.51 -1.12245e-05
10.52 0.000126827
10.53 0.000264768
10.54 0.000402153
10.55 0.000538533
10.56 0.00067346
10.57 0.000806485
10.58 0.000937157
10.59 0.00106503
10.6 0.00118966
10.61 0.00131062
10.62 0.00142746
10.63 0.00153975
10.64 0.0016471
10.65 0.00174907
10.66 0.00184529
10.67 0.00193535
10.68 0.00201891
10.69 0.00209559
10.7 0.00216507
10.71 0.00222704
10.72 0.00228118
10.73 0.00232724
10.74 0.00236496
10.75 0.00239412
10.76 0.00241452
10.77 0.002426
10.78 0.00242842
10.79 0.00242167
10.8 0.00240569
10.81 0.00238042
10.82 0.00234589
10.83 0.0023021
10.84 0.00224915
10.85 0.00218712
10.86 0.00211618
10.87 0.0020365
10.88 0.00194831
10.89 0.00185186
10.9 0.00174745
10.91 0.00163543
10.92 0.00151616
10.93 0.00139004
10.94 0.00125753
10.95 0.00111909
10.96 0.000975239
10.97 0.000826505
10.98 0.000673456
10.99 0.000516683
11 0.000356801
11.01 0.000194446
11.02 3.02741e-05
11.03 -0.000135044
11.04 -0.000300823
11.05 -0.000466369
11.06 -0.000630978
11.07 -0.000793944
11.08 -0.000954561
11.09 -0.00111212
11.1 -0.00126593
11.11 -0.0014153
11.12 -0.00155955
11.13 -0.00169802
11.14 -0.00183008
11.15 -0.0019551
11.16 -0.0020725
11.17 -0.00218172
11.18 -0.00228223
11.19 -0.00237353
11.2 -0.00245518
11.21 -0.00252676
11.22 -0.0025879
11.23 -0.00263829
11.24 -0.00267764
11.25 -0.00270572
11.26 -0.00272238
11.27 -0.00272747
11.28 -0.00272093
11.29 -0.00270274
11.3 -0.00267293
11.31 -0.00263161
11.32 -0.00257891
11.33 -0.00251503
11.34 -0.00244022
11.35 -0.00235478
11.36 -0.00225907
11.37 -0.00215348
11.38 -0.00203847
11.39 -0.00191453
11.4 -0.00178219
11.41 -0.00164204
11.42 -0.00149468
11.43 -0.00134076
11.44 -0.00118097
11.45 -0.00101602
11.46 -0.000846625
11.47 -0.000673551
11.48 -0.000497568
11.49 -0.000319458
11.5 -0.000140015
11.51 3.99605e-05
11.52 0.000219669
11.53 0.000398311
11.54 0.000575096
11.55 0.00074924
11.56 0.000919977
11.57 0.00108656
11.58 0.00124825
11.59 0.00140435
11.6 0.00155419
11.61 0.00169711
11.62 0.00183252
11.63 0.00195982
11.64 0.0020785
11.65 0.00218806
11.66 0.00228805
11.67 0.00237807
11.68 0.00245776
11.69 0.00252681
11.7 0.00258498
11.71 0.00263205
11.72 0.00266787
11.73 0.00269234
11.74 0.00270541
11.75 0.00270707
11.76 0.00269738
11.77 0.00267644
11.78 0.0026444
11.79 0.00260147
11.8 0.00254788
11.81 0.00248394
11.82 0.00240996
11.83 0.00232634
11.84 0.00223349
11.85 0.00213185
11.86 0.00202192
11.87 0.00190421
11.88 0.00177927
11.89 0.00164766
11.9 0.00150999
11.91 0.00136687
11.92 0.00121892
11.93 0.00106681
11.94 0.000911167
11.95 0.000752671
11.96 0.000591987
11.97 0.000429783
11.98 0.000266729
11.99 0.000103489
12 -5.92789e-05
12.01 -0.000220927
12.02 -0.00038082
12.03 -0.000538334
12.04 -0.000692866
12.05 -0.000843829
12.06 -0.000990658
12.07 -0.00113281
12.08 -0.00126977
12.09 -0.00140105
12.1 -0.00152619
12.11 -0.00164474
12.12 -0.00175632
12.13 -0.00186054
12.14 -0.00195708
12.15 -0.00204562
12.16 -0.00212589
12.17 -0.00219765
12.18 -0.00226071
12.19 -0.00231489
12.2 -0.00236006
12.21 -0.00239611
12.22 -0.00242299
12.23 -0.00244066
12.24 -0.00244911
12.25 -0.00244839
12.26 -0.00243855
12.27 -0.0024197
12.28 -0.00239196
12.29 -0.00235547
12.3 -0.00231043
12.31 -0.00225705
12.32 -0.00219556
12.33 -0.00212622
12.34 -0.00204932
12.35 -0.00196516
12.36 -0.00187408
12.37 -0.00177643
12.38 -0.00167256
12.39 -0.00156287
12.4 -0.00144777
12.41 -0.00132766
12.42 -0.00120298
12.43 -0.00107417
12.44 -0.000941694
12.45 -0.000806009
12.46 -0.000667591
12.47 -0.00052692
12.48 -0.000384482
12.49 -0.000240769
12.5 -9.6274e-05
12.51 4.85064e-05
12.52 0.000193076
12.53 0.000336939
12.54 0.000479602
12.55 0.000620575
12.56 0.000759372
12.57 0.000895514
12.58 0.00102853
12.59 0.00115795
12.6 0.00128333
12.61 0.00140422
12.62 0.0015202
12.63 0.00163084
12.64 0.00173575
12.65 0.00183454
12.66 0.00192684
12.67 0.00201231
12.68 0.00209062
12.69 0.00216146
12.7 0.00222455
12.71 0.00227963
12.72 0.00232646
12.73 0.00236484
12.74 0.00239458
12.75 0.00241553
12.76 0.00242758
12.77 0.00243061
12.78 0.00242458
12.79 0.00240944
12.8 0.00238521
12.81 0.00235191
12.82 0.0023096
12.83 0.0022584
12.84 0.00219843
12.85 0.00212985
12.86 0.00205288
12.87 0.00196774
12.88 0.0018747
12.89 0.00177406
12.9 0.00166615
12.91 0.00155133
12.92 0.00143
12.93 0.00130257
12.94 0.00116951
12.95 0.00103127
12.96 0.000888372
12.97 0.000741336
12.98 0.000590709
12.99 0.00043706
13 0.000280974
13.01 0.000123054
13.02 -3.60866e-05
13.03 -0.00019582
13.04 -0.000355511
13.05 -0.000514518
13.06 -0.000672198
13.07 -0.000827903
13.08 -0.00098099
13.09 -0.00113082
13.1 -0.00127677
13.11 -0.0014182
13.12 -0.00155452
13.13 -0.00168514
13.14 -0.00180948
13.15 -0.00192699
13.16 -0.00203715
13.17 -0.00213946
13.18 -0.00223344
13.19 -0.00231868
13.2 -0.00239475
13.21 -0.0024613
13.22 -0.002518
13.23 -0.00256455
13.24 -0.00260073
13.25 -0.00262631
13.26 -0.00264116
13.27 -0.00264515
13.28 -0.00263822
13.29 -0.00262035
13.3 -0.00259158
13.31 -0.00255198
13.32 -0.00250169
13.33 -0.00244086
13.34 -0.00236973
13.35 -0.00228857
13.36 -0.00219768
13.37 -0.00209744
13.38 -0.00198822
13.39 -0.00187049
13.4 -0.00174472
13.41 -0.00161143
13.42 -0.00147118
13.43 -0.00132455
13.44 -0.00117216
13.45 -0.00101465
13.46 -0.000852689
13.47 -0.000686972
13.48 -0.000518202
13.49 -0.000347104
13.5 -0.000174409
13.51 -8.59747e-07
13.52 0.000172798
13.53 0.000345816
13.54 0.00051745
13.55 0.000686962
13.56 0.000853621
13.57 0.00101671
13.58 0.00117553
13.59 0.0013294
13.6 0.00147765
13.61 0.00161966
13.62 0.00175483
13.63 0.00188256
13.64 0.00200233
13.65 0.00211363
13.66 0.00221599
13.67 0.002309
13.68 0.00239225
13.69 0.00246543
13.7 0.00252822
13.71 0.00258039
13.72 0.00262174
13.73 0.0026521
13.74 0.00267139
13.75 0.00267955
13.76 0.00267656
13.77 0.00266249
13.78 0.00263741
13.79 0.00260147
13.8 0.00255485
13.81 0.00249778
13.82 0.00243055
13.83 0.00235347
13.84 0.0022669
13.85 0.00217124
13.86 0.00206692
13.87 0.00195441
13.88 0.00183422
13.89 0.00170688
13.9 0.00157294
13.91 0.001433
13.92 0.00128765
13.93 0.00113752
13.94 0.000983258
13.95 0.000825509
13.96 0.00066494
13.97 0.000502223
13.98 0.000338033
13.99 0.000173047
14 7.9398e-06
14.01 -0.000156617
14.02 -0.00031996
14.03 -0.000481435
14.04 -0.000640402
14.05 -0.000796233
14.06 -0.000948322
14.07 -0.00109608
14.08 -0.00123894
14.09 -0.00137636
14.1 -0.00150782
14.11 -0.00163284
14.12 -0.00175096
14.13 -0.00186175
14.14 -0.00196481
14.15 -0.00205979
14.16 -0.00214636
14.17 -0.00222422
14.18 -0.00229313
14.19 -0.00235286
14.2 -0.00240323
14.21 -0.00244409
14.22 -0.00247535
14.23 -0.00249693
14.24 -0.00250881
14.25 -0.00251097
14.26 -0.00250347
14.27 -0.00248639
14.28 -0.00245983
14.29 -0.00242395
14.3 -0.00237891
14.31 -0.00232494
14.32 -0.00226228
14.33 -0.0021912
14.34 -0.002112
14.35 -0.00202502
14.36 -0.00193061
14.37 -0.00182915
14.38 -0.00172104
14.39 -0.0016067
14.4 -0.00148659
14.41 -0.00136116
14.42 -0.0012309
14.43 -0.00109628
14.44 -0.000957832
14.45 -0.000816057
14.46 -0.000671486
14.47 -0.000524651
14.48 -0.000376091
14.49 -0.000226351
14.5 -7.59756e-05
14.51 7.44899e-05
14.52 0.000224501
14.53 0.000373515
14.54 0.000520997
14.55 0.000666415
14.56 0.000809247
14.57 0.00094898
14.58 0.00108511
14.59 0.00121716
14.6 0.00134463
14.61 0.00146709
14.62 0.00158408
14.63 0.00169519
14.64 0.0018
14.65 0.00189814
14.66 0.00198925
14.67 0.00207299
14.68 0.00214905
14.69 0.00221715
14.7 0.00227703
14.71 0.00232845
14.72 0.00237123
14.73 0.00240518
14.74 0.00243016
14.75 0.00244607
14.76 0.00245282
14.77 0.00245036
14.78 0.00243869
14.79 0.00241782
14.8 0.0023878
14.81 0.00234871
14.82 0.00230067
14.83 0.00224383
14.84 0.00217836
14.85 0.00210449
14.86 0.00202246
14.87 0.00193254
14.88 0.00183503
14.89 0.00173029
14.9 0.00161866
14.91 0.00150056
14.92 0.00137638
14.93 0.00124658
14.94 0.00111163
14.95 0.000972024
14.96 0.000828265
14.97 0.000680889
14.98 0.000530445
14.99 0.000377498
15 0.000222625
15.01 6.64154e-05
15.02 -9.05311e-05
15.03 -0.000247609
15.04 -0.000404208
15.05 -0.000559715
15.06 -0.000713517
15.07 -0.000865003
15.08 -0.00101357
15.09 -0.00115861
15.1 -0.00129955
15.11 -0.0014358
15.12 -0.0015668
15.13 -0.00169202
15.14 -0.00181092
15.15 -0.00192299
15.16 -0.00202778
15.17 -0.00212481
15.18 -0.00221367
15.19 -0.00229396
15.2 -0.00236532
15.21 -0.00242744
15.22 -0.00248
15.23 -0.00252277
15.24 -0.00255553
15.25 -0.00257811
15.26 -0.00259036
15.27 -0.00259221
15.28 -0.0025836
15.29 -0.00256453
15.3 -0.00253504
15.31 -0.00249522
15.32 -0.00244518
15.33 -0.0023851
15.34 -0.0023152
15.35 -0.00223572
15.36 -0.00214698
15.37 -0.0020493
15.38 -0.00194306
15.39 -0.00182868
15.4 -0.00170661
15.41 -0.00157734
15.42 -0.00144138
15.43 -0.00129929
15.44 -0.00115163
15.45 -0.000999017
15.46 -0.000842071
15.47 -0.000681439
15.48 -0.000517783
15.49 -0.000351781
15.5 -0.000184124
15.51 -1.55097e-05
15.52 0.000153358
15.53 0.000321773
15.54 0.000489028
15.55 0.000654421
15.56 0.000817258
15.57 0.000976853
15.58 0.00113253
15.59 0.00128364
15.6 0.00142955
15.61 0.00156962
15.62 0.00170329
15.63 0.00182998
15.64 0.00194916
15.65 0.00206033
15.66 0.00216303
15.67 0.00225681
15.68 0.0023413
15.69 0.00241614
15.7 0.00248102
15.71 0.00253567
15.72 0.00257987
15.73 0.00261345
15.74 0.00263627
15.75 0.00264824
15.76 0.00264934
15.77 0.00263955
15.78 0.00261895
15.79 0.00258763
15.8 0.00254574
15.81 0.00249346
15.82 0.00243103
15.83 0.00235873
15.84 0.00227688
15.85 0.00218583
15.86 0.00208598
15.87 0.00197776
15.88 0.00186164
15.89 0.00173812
15.9 0.00160772
15.91 0.001471
15.92 0.00132854
15.93 0.00118093
15.94 0.00102881
15.95 0.000872796
15.96 0.000713553
15.97 0.000551738
15.98 0.000388021
15.99 0.000223076
16 5.75801e-05
16.01 -0.000107791
16.02 -0.000272366
16.03 -0.000435478
16.04 -0.000596471
16.05 -0.0007547
16.06 -0.000909534
16.07 -0.00106036
16.08 -0.00120659
16.09 -0.00134764
16.1 -0.00148297
16.11 -0.00161206
16.12 -0.00173441
16.13 -0.00184956
16.14 -0.00195707
16.15 -0.00205655
16.16 -0.00214763
16.17 -0.00222997
16.18 -0.00230329
16.19 -0.00236733
16.2 -0.00242188
16.21 -0.00246674
16.22 -0.00250178
16.23 -0.00252691
16.24 -0.00254205
16.25 -0.00254719
16.26 -0.00254234
16.27 -0.00252756
16.28 -0.00250294
16.29 -0.00246862
16.3 -0.00242476
16.31 -0.00237156
16.32 -0.00230927
16.33 -0.00223815
16.34 -0.00215852
16.35 -0.00207069
16.36 -0.00197505
16.37 -0.00187198
16.38 -0.00176191
16.39 -0.00164526
16.4 -0.00152251
16.41 -0.00139415
16.42 -0.00126067
16.43 -0.0011226
16.44 -0.000980484
16.45 -0.00083486
16.46 -0.00068629
16.47 -0.000535344
16.48 -0.000382597
16.49 -0.000228628
16.5 -7.40191e-05
16.51 8.06474e-05
16.52 0.000234791
16.53 0.000387834
16.54 0.000539206
16.55 0.000688343
16.56 0.000834691
16.57 0.000977708
16.58 0.00111686
16.59 0.00125165
16.6 0.00138156
16.61 0.00150612
16.62 0.00162487
16.63 0.00173737
16.64 0.00184322
16.65 0.00194202
16.66 0.0020334
16.67 0.00211704
16.68 0.00219262
16.69 0.00225986
16.7 0.00231852
16.71 0.00236837
16.72 0.00240923
16.73 0.00244095
16.74 0.00246341
16.75 0.00247651
16.76 0.0024802
16.77 0.00247446
16.78 0.00245931
16.79 0.0024348
16.8 0.002401
16.81 0.00235804
16.82 0.00230606
16.83 0.00224524
16.84 0.0021758
16.85 0.002098
16.86 0.0020121
16.87 0.00191841
16.88 0.00181729
16.89 0.00170908
16.9 0.00159419
16.91 0.00147304
16.92 0.00134607
16.93 0.00121375
16.94 0.00107657
16.95 0.000935045
16.96 0.000789693
16.97 0.000641062
16.98 0.000489711
16.99 0.000336211
17 0.000181143
17.01 2.50969e-05
17.02 -0.000131331
17.03 -0.000287542
17.04 -0.000442932
17.05 -0.000596902
17.06 -0.000748853
17.07 -0.000898191
17.08 -0.00104433
17.09 -0.00118669
17.1 -0.00132471
17.11 -0.00145785
17.12 -0.00158555
17.13 -0.00170732
17.14 -0.00182265
17.15 -0.00193108
17.16 -0.00203215
17.17 -0.00212545
17.18 -0.00221058
17.19 -0.00228719
17.2 -0.00235494
17.21 -0.00241354
17.22 -0.00246273
17.23 -0.00250228
17.24 -0.00253201
17.25 -0.00255177
17.26 -0.00256145
17.27 -0.00256097
17.28 -0.00255032
17.29 -0.00252951
17.3 -0.00249858
17.31 -0.00245763
17.32 -0.0024068
17.33 -0.00234627
17.34 -0.00227624
17.35 -0.00219698
17.36 -0.00210878
17.37 -0.00201197
17.38 -0.00190693
17.39 -0.00179405
17.4 -0.00167377
17.41 -0.00154657
17.42 -0.00141293
17.43 -0.0012734
17.44 -0.00112852
17.45 -0.000978865
17.46 -0.000825045
17.47 -0.000667672
17.48 -0.000507382
17.49 -0.000344823
17.5 -0.000180656
17.51 -1.55487e-05
17.52 0.000149825
17.53 0.000314789
17.54 0.000478666
17.55 0.000640783
17.56 0.000800473
17.57 0.000957077
17.58 0.00110995
17.59 0.00125845
17.6 0.00140198
17.61 0.00153992
17.62 0.00167172
17.63 0.00179682
17.64 0.0019147
17.65 0.00202488
17.66 0.00212688
17.67 0.00222029
17.68 0.00230472
17.69 0.00237982
17.7 0.00244527
17.71 0.0025008
17.72 0.00254617
17.73 0.00258121
17.74 0.00260576
17.75 0.00261972
17.76 0.00262304
17.77 0.0026157
17.78 0.00259774
17.79 0.00256923
17.8 0.0025303
17.81 0.0024811
17.82 0.00242185
17.83 0.00235279
17.84 0.00227422
17.85 0.00218647
17.86 0.0020899
17.87 0.00198491
17.88 0.00187195
17.89 0.00175148
17.9 0.00162401
17.91 0.00149007
17.92 0.00135021
17.93 0.00120501
17.94 0.00105508
17.95 0.000901029
17.96 0.000743494
17.97 0.000583124
17.98 0.000420575
17.99 0.000256514
18 9.16106e-05
18.01 -7.34636e-05
18.02 -0.000238038
18.03 -0.000401445
18.04 -0.000563026
18.05 -0.000722128
18.06 -0.000878114
18.07 -0.00103036
18.08 -0.00117826
18.09 -0.00132122
18.1 -0.00145868
18.11 -0.0015901
18.12 -0.00171496
18.13 -0.00183277
18.14 -0.00194309
18.15 -0.00204548
18.16 -0.00213956
18.17 -0.00222496
18.18 -0.00230137
18.19 -0.0023685
18.2 -0.00242611
18.21 -0.002474
18.22 -0.00251199
18.23 -0.00253997
18.24 -0.00255784
18.25 -0.00256556
18.26 -0.00256312
18.27 -0.00255057
18.28 -0.00252797
18.29 -0.00249544
18.3 -0.00245314
18.31 -0.00240126
18.32 -0.00234001
18.33 -0.00226968
18.34 -0.00219055
18.35 -0.00210295
18.36 -0.00200726
18.37 -0.00190387
18.38 -0.00179319
18.39 -0.00167567
18.4 -0.0015518
18.41 -0.00142206
18.42 -0.00128697
18.43 -0.00114707
18.44 -0.00100292
18.45 -0.000855071
18.46 -0.000704115
18.47 -0.000550637
18.48 -0.000395236
18.49 -0.000238515
18.5 -8.1078e-05
18.51 7.64662e-05
18.52 0.000233513
18.53 0.000389459
18.54 0.000543709
18.55 0.000695675
18.56 0.000844778
18.57 0.000990452
18.58 0.00113215
18.59 0.00126933
18.6 0.00140147
18.61 0.00152809
18.62 0.0016487
18.63 0.00176285
18.64 0.00187012
18.65 0.0019701
18.66 0.00206243
18.67 0.00214675
18.68 0.00222276
18.69 0.00229017
18.7 0.00234873
18.71 0.00239823
18.72 0.00243848
18.73 0.00246934
18.74 0.00249069
18.75 0.00250246
18.76 0.0025046
18.77 0.00249711
18.78 0.00248001
18.79 0.00245338
18.8 0.00241732
18.81 0.00237195
18.82 0.00231746
18.83 0.00225405
18.84 0.00218194
18.85 0.00210143
18.86 0.0020128
18.87 0.00191639
18.88 0.00181257
18.89 0.00170172
18.9 0.00158425
18.91 0.00146063
18.92 0.0013313
18.93 0.00119675
18.94 0.0010575
18.95 0.000914075
18.96 0.000767012
18.97 0.000616872
18.98 0.000464225
18.99 0.000309654
19 0.000153747
19.01 -2.89914e-06
19.02 -0.000159684
19.03 -0.000316006
19.04 -0.000471262
19.05 -0.000624855
19.06 -0.000776188
19.07 -0.000924676
19.08 -0.00106974
19.09 -0.00121081
19.1 -0.00134734
19.11 -0.00147879
19.12 -0.00160464
19.13 -0.0017244
19.14 -0.00183758
19.15 -0.00194373
19.16 -0.00204243
19.17 -0.00213327
19.18 -0.00221589
19.19 -0.00228995
19.2 -0.00235514
19.21 -0.00241118
19.22 -0.00245784
19.23 -0.00249492
19.24 -0.00252225
19.25 -0.0025397
19.26 -0.00254718
19.27 -0.00254464
19.28 -0.00253207
19.29 -0.0025095
19.3 -0.002477
19.31 -0.00243467
19.32 -0.00238267
19.33 -0.00232116
19.34 -0.00225039
19.35 -0.00217061
19.36 -0.00208212
19.37 -0.00198525
19.38 -0.00188037
19.39 -0.00176789
19.4 -0.00164823
19.41 -0.00152186
19.42 -0.00138927
19.43 -0.00125099
19.44 -0.00110754
19.45 -0.000959501
19.46 -0.000807451
19.47 -0.000651995
19.48 -0.000493749
19.49 -0.000333345
19.5 -0.000171424
19.51 -8.63277e-06
19.52 0.000154374
19.53 0.000316939
19.54 0.000478409
19.55 0.000638129
19.56 0.000795454
19.57 0.000949745
19.58 0.00110037
19.59 0.00124673
19.6 0.00138821
19.61 0.00152424
19.62 0.00165427
19.63 0.00177775
19.64 0.00189419
19.65 0.0020031
19.66 0.00210403
19.67 0.00219657
19.68 0.00228034
19.69 0.00235499
19.7 0.0024202
19.71 0.00247571
19.72 0.00252128
19.73 0.00255673
19.74 0.0025819
19.75 0.00259668
19.76 0.00260102
19.77 0.00259489
19.78 0.00257831
19.79 0.00255134
19.8 0.00251409
19.81 0.00246672
19.82 0.00240941
19.83 0.00234239
19.84 0.00226595
19.85 0.00218038
19.86 0.00208603
19.87 0.0019833
19.88 0.0018726
19.89 0.00175438
19.9 0.00162913
19.91 0.00149734
19.92 0.00135958
19.93 0.00121638
19.94 0.00106835
19.95 0.00091607
19.96 0.000760174
19.97 0.000601293
19.98 0.000440072
19.99 0.000277166
20 0.000113235
