0.01 -0.00627045
0.02 -0.0124989
0.03 -0.0186604
0.04 -0.024729
0.05 -0.0306761
0.06 -0.0364677
0.07 -0.0420617
0.08 -0.0474036
0.09 -0.0524237
0.1 -0.0570343
0.11 -0.0611294
0.12 -0.0645856
0.13 -0.0672663
0.14 -0.0690282
0.15 -0.0697294
0.16 -0.0692398
0.17 -0.0674521
0.18 -0.0642913
0.19 -0.0597244
0.2 -0.0537658
0.21 -0.0464807
0.22 -0.0379836
0.23 -0.0284336
0.24 -0.0180256
0.25 -0.00697912
0.26 0.00447513
0.27 0.016109
0.28 0.0277101
0.29 0.0390929
0.3 0.0501066
0.31 0.0606405
0.32 0.0706239
0.33 0.0800231
0.34 0.0888354
0.35 0.09708
0.36 0.104788
0.37 0.111991
0.38 0.118714
0.39 0.124964
0.4 0.130728
0.41 0.135969
0.42 0.140624
0.43 0.144612
0.44 0.147833
0.45 0.15018
0.46 0.151539
0.47 0.151803
0.48 0.150874
0.49 0.148667
0.5 0.145119
0.51 0.140187
0.52 0.133849
0.53 0.126109
0.54 0.116994
0.55 0.10655
0.56 0.0948497
0.57 0.0819832
0.58 0.0680625
0.59 0.0532183
0.6 0.0375992
0.61 0.0213693
0.62 0.0047053
0.63 -0.0122074
0.64 -0.0291798
0.65 -0.0460247
0.66 -0.0625632
0.67 -0.0786307
0.68 -0.0940821
0.69 -0.108797
0.7 -0.122681
0.71 -0.135669
0.72 -0.147721
0.73 -0.158819
0.74 -0.168965
0.75 -0.178166
0.76 -0.186437
0.77 -0.193784
0.78 -0.200203
0.79 -0.20567
0.8 -0.210145
0.81 -0.213565
0.82 -0.215848
0.83 -0.216901
0.84 -0.216624
0.85 -0.214916
0.86 -0.211688
0.87 -0.20687
0.88 -0.200418
0.89 -0.19232
0.9 -0.182599
0.91 -0.171316
0.92 -0.158566
0.93 -0.144477
0.94 -0.129203
0.95 -0.112918
0.96 -0.0958091
0.97 -0.0780682
0.98 -0.0598865
0.99 -0.041448
1 -0.0229259
1.01 -0.00447894
1.02 0.0137498
1.03 0.0316337
1.04 0.0490615
1.05 0.0659369
1.06 0.0821765
1.07 0.0977083
1.08 0.11247
1.09 0.126408
1.1 0.139474
1.11 0.151627
1.12 0.162828
1.13 0.173042
1.14 0.182235
1.15 0.190373
1.16 0.19742
1.17 0.203337
1.18 0.208082
1.19 0.21161
1.2 0.213872
1.21 0.21482
1.22 0.214405
1.23 0.212587
1.24 0.209332
1.25 0.204622
1.26 0.198457
1.27 0.19086
1.28 0.181879
1.29 0.171591
1.3 0.160098
1.31 0.147529
1.32 0.134036
1.33 0.119787
1.34 0.104961
1.35 0.0897414
1.36 0.0743072
1.37 0.0588287
1.38 0.0434601
1.39 0.0283354
1.4 0.0135661
1.41 -0.000759637
1.42 -0.0145762
1.43 -0.0278375
1.44 -0.0405136
1.45 -0.0525855
1.46 -0.0640404
1.47 -0.0748671
1.48 -0.0850515
1.49 -0.0945741
1.5 -0.103407
1.51 -0.111515
1.52 -0.118855
1.53 -0.125376
1.54 -0.131027
1.55 -0.135753
1.56 -0.139506
1.57 -0.142241
1.58 -0.143923
1.59 -0.14453
1.6 -0.144052
1.61 -0.142495
1.62 -0.139881
1.63 -0.136247
1.64 -0.131645
1.65 -0.126143
1.66 -0.119823
1.67 -0.112779
1.68 -0.105114
1.69 -0.0969428
1.7 -0.0883834
1.71 -0.0795585
1.72 -0.0705907
1.73 -0.0615999
1.74 -0.0526995
1.75 -0.0439934
1.76 -0.0355731
1.77 -0.0275152
1.78 -0.0198801
1.79 -0.0127109
1.8 -0.00603406
1.81 0.000139353
1.82 0.00581128
1.83 0.0109935
1.84 0.015704
1.85 0.019963
1.86 0.0237892
1.87 0.0271965
1.88 0.0301916
1.89 0.0327724
1.9 0.034928
1.91 0.0366396
1.92 0.0378828
1.93 0.0386303
1.94 0.038856
1.95 0.0385387
1.96 0.0376661
1.97 0.0362383
1.98 0.03427
1.99 0.0317925
2 0.0288543
2.01 0.0255196
2.02 0.0218672
2.03 0.0179875
2.04 0.0139788
2.05 0.00994388
2.06 0.00598549
2.07 0.00220301
2.08 -0.00131121
2.09 -0.00447456
2.1 -0.00721637
2.11 -0.0094792
2.12 -0.0112196
2.13 -0.0124079
2.14 -0.0130281
2.15 -0.0130763
2.16 -0.0125599
2.17 -0.0114956
2.18 -0.00990838
2.19 -0.00782912
2.2 -0.0052934
2.21 -0.00233962
2.22 0.000992436
2.23 0.0046631
2.24 0.00863401
2.25 0.0128691
2.26 0.0173354
2.27 0.0220031
2.28 0.0268459
2.29 0.0318398
2.3 0.0369629
2.31 0.0421932
2.32 0.0475076
2.33 0.0528792
2.34 0.0582763
2.35 0.0636596
2.36 0.0689816
2.37 0.0741853
2.38 0.0792043
2.39 0.0839632
2.4 0.088379
2.41 0.0923639
2.42 0.0958274
2.43 0.0986803
2.44 0.100838
2.45 0.102224
2.46 0.102774
2.47 0.102436
2.48 0.101178
2.49 0.0989819
2.5 0.0958487
2.51 0.0917962
2.52 0.0868573
2.53 0.081078
2.54 0.0745145
2.55 0.0672304
2.56 0.0592937
2.57 0.0507741
2.58 0.0417407
2.59 0.0322605
2.6 0.0223969
2.61 0.0122099
2.62 0.0017553
2.63 -0.00891367
2.64 -0.019746
2.65 -0.0306913
2.66 -0.0416989
2.67 -0.0527158
2.68 -0.0636862
2.69 -0.0745505
2.7 -0.0852443
2.71 -0.0956984
2.72 -0.105839
2.73 -0.115588
2.74 -0.124864
2.75 -0.133581
2.76 -0.141655
2.77 -0.148999
2.78 -0.155531
2.79 -0.161169
2.8 -0.16584
2.81 -0.169477
2.82 -0.172022
2.83 -0.173429
2.84 -0.173665
2.85 -0.172711
2.86 -0.170562
2.87 -0.167229
2.88 -0.162736
2.89 -0.157124
2.9 -0.150443
2.91 -0.142758
2.92 -0.134137
2.93 -0.12466
2.94 -0.114407
2.95 -0.10346
2.96 -0.0919015
2.97 -0.079811
2.98 -0.0672646
2.99 -0.0543346
3 -0.0410898
3.01 -0.0275958
3.02 -0.0139161
3.03 -0.000113846
3.04 0.013747
3.05 0.0275999
3.06 0.0413746
3.07 0.054996
3.08 0.0683839
3.09 0.081453
3.1 0.0941135
3.11 0.106272
3.12 0.117835
3.13 0.128708
3.14 0.138798
3.15 0.14802
3.16 0.156294
3.17 0.163549
3.18 0.169726
3.19 0.174777
3.2 0.178669
3.21 0.18138
3.22 0.182902
3.23 0.183241
3.24 0.182414
3.25 0.180451
3.26 0.17739
3.27 0.173279
3.28 0.168172
3.29 0.162129
3.3 0.155214
3.31 0.147493
3.32 0.139035
3.33 0.129909
3.34 0.120182
3.35 0.109922
3.36 0.0991937
3.37 0.0880624
3.38 0.0765907
3.39 0.0648406
3.4 0.0528739
3.41 0.0407529
3.42 0.0285411
3.43 0.0163037
3.44 0.00410863
3.45 -0.0079734
3.46 -0.0198688
3.47 -0.0315012
3.48 -0.0427925
3.49 -0.0536636
3.5 -0.0640361
3.51 -0.0738337
3.52 -0.0829843
3.53 -0.0914218
3.54 -0.099088
3.55 -0.105934
3.56 -0.111923
3.57 -0.117028
3.58 -0.121236
3.59 -0.124544
3.6 -0.126963
3.61 -0.128514
3.62 -0.129225
3.63 -0.129135
3.64 -0.128286
3.65 -0.126725
3.66 -0.124502
3.67 -0.121666
3.68 -0.118268
3.69 -0.114355
3.7 -0.109975
3.71 -0.105172
3.72 -0.0999872
3.73 -0.0944628
3.74 -0.0886379
3.75 -0.0825517
3.76 -0.0762433
3.77 -0.0697528
3.78 -0.0631213
3.79 -0.0563916
3.8 -0.0496084
3.81 -0.042818
3.82 -0.0360684
3.83 -0.0294088
3.84 -0.0228887
3.85 -0.0165577
3.86 -0.0104639
3.87 -0.00465353
3.88 0.000830699
3.89 0.00595024
3.9 0.010672
3.91 0.0149692
3.92 0.0188223
3.93 0.0222194
3.94 0.0251571
3.95 0.0276399
3.96 0.0296806
3.97 0.0312997
3.98 0.0325244
3.99 0.0333876
4 0.0339268
4.01 0.0341825
4.02 0.034197
4.03 0.0340125
4.04 0.0336703
4.05 0.033209
4.06 0.0326641
4.07 0.0320674
4.08 0.0314462
4.09 0.0308241
4.1 0.0302206
4.11 0.0296522
4.12 0.0291329
4.13 0.0286751
4.14 0.0282905
4.15 0.0279907
4.16 0.027788
4.17 0.0276956
4.18 0.0277275
4.19 0.027899
4.2 0.0282253
4.21 0.0287219
4.22 0.0294027
4.23 0.03028
4.24 0.0313627
4.25 0.0326558
4.26 0.0341596
4.27 0.0358687
4.28 0.0377717
4.29 0.0398508
4.3 0.0420821
4.31 0.0444357
4.32 0.0468764
4.33 0.0493639
4.34 0.0518544
4.35 0.0543013
4.36 0.0566563
4.37 0.0588705
4.38 0.0608958
4.39 0.0626858
4.4 0.0641968
4.41 0.0653886
4.42 0.0662253
4.43 0.0666759
4.44 0.0667145
4.45 0.0663204
4.46 0.065478
4.47 0.0641768
4.48 0.0624109
4.49 0.0601783
4.5 0.0574808
4.51 0.0543228
4.52 0.0507114
4.53 0.0466553
4.54 0.0421648
4.55 0.0372516
4.56 0.0319286
4.57 0.02621
4.58 0.0201118
4.59 0.0136523
4.6 0.00685235
4.61 -0.000263533
4.62 -0.0076669
4.63 -0.0153246
4.64 -0.0231984
4.65 -0.0312447
4.66 -0.0394144
4.67 -0.0476533
4.68 -0.0559024
4.69 -0.0640985
4.7 -0.0721756
4.71 -0.0800653
4.72 -0.0876987
4.73 -0.0950074
4.74 -0.101925
4.75 -0.108387
4.76 -0.114334
4.77 -0.119713
4.78 -0.124473
4.79 -0.128572
4.8 -0.131973
4.81 -0.134648
4.82 -0.136571
4.83 -0.137726
4.84 -0.138101
4.85 -0.137689
4.86 -0.136488
4.87 -0.134501
4.88 -0.131734
4.89 -0.128197
4.9 -0.123903
4.91 -0.118868
4.92 -0.113112
4.93 -0.106658
4.94 -0.099531
4.95 -0.091762
4.96 -0.0833843
4.97 -0.0744358
4.98 -0.0649588
4.99 -0.0550004
5 -0.0446124
5.01 -0.0338516
5.02 -0.0227795
5.03 -0.0114621
5.04 3.03469e-05
5.05 0.011624
5.06 0.0232422
5.07 0.0348065
5.08 0.0462372
5.09 0.0574548
5.1 0.0683811
5.11 0.0789403
5.12 0.0890597
5.13 0.0986714
5.14 0.107712
5.15 0.116125
5.16 0.12386
5.17 0.130872
5.18 0.137124
5.19 0.142584
5.2 0.147228
5.21 0.151037
5.22 0.153998
5.23 0.156101
5.24 0.157343
5.25 0.157722
5.26 0.157244
5.27 0.155913
5.28 0.153742
5.29 0.150744
5.3 0.146936
5.31 0.142339
5.32 0.13698
5.33 0.130889
5.34 0.124099
5.35 0.116651
5.36 0.10859
5.37 0.0999642
5.38 0.0908289
5.39 0.081243
5.4 0.0712698
5.41 0.0609757
5.42 0.0504303
5.43 0.0397051
5.44 0.0288725
5.45 0.0180054
5.46 0.00717566
5.47 -0.00354617
5.48 -0.0140922
5.49 -0.0243978
5.5 -0.0344022
5.51 -0.0440489
5.52 -0.0532865
5.53 -0.0620687
5.54 -0.0703542
5.55 -0.0781071
5.56 -0.0852965
5.57 -0.0918967
5.58 -0.0978861
5.59 -0.103248
5.6 -0.107969
5.61 -0.112039
5.62 -0.115452
5.63 -0.118206
5.64 -0.120298
5.65 -0.121733
5.66 -0.122514
5.67 -0.12265
5.68 -0.122152
5.69 -0.121034
5.7 -0.119313
5.71 -0.117012
5.72 -0.114154
5.73 -0.11077
5.74 -0.106893
5.75 -0.102558
5.76 -0.0978068
5.77 -0.0926823
5.78 -0.0872306
5.79 -0.0814996
5.8 -0.0755383
5.81 -0.0693964
5.82 -0.0631231
5.83 -0.0567664
5.84 -0.0503726
5.85 -0.0439855
5.86 -0.0376456
5.87 -0.0313903
5.88 -0.0252532
5.89 -0.0192638
5.9 -0.0134479
5.91 -0.00782757
5.92 -0.00242126
5.93 0.00275588
5.94 0.00769166
5.95 0.0123765
5.96 0.0168032
5.97 0.0209663
5.98 0.0248624
5.99 0.0284892
6 0.0318459
6.01 0.034933
6.02 0.037752
6.03 0.040306
6.04 0.0425992
6.05 0.0446372
6.06 0.0464272
6.07 0.0479782
6.08 0.0493009
6.09 0.0504079
6.1 0.0513135
6.11 0.0520339
6.12 0.0525868
6.13 0.0529914
6.14 0.0532678
6.15 0.0534367
6.16 0.0535192
6.17 0.053536
6.18 0.0535068
6.19 0.05345
6.2 0.0533822
6.21 0.0533176
6.22 0.0532674
6.23 0.0532402
6.24 0.0532409
6.25 0.0532715
6.26 0.0533304
6.27 0.0534133
6.28 0.0535127
6.29 0.0536189
6.3 0.0537199
6.31 0.0538025
6.32 0.0538519
6.33 0.0538527
6.34 0.0537894
6.35 0.0536462
6.36 0.0534079
6.37 0.0530594
6.38 0.0525867
6.39 0.051976
6.4 0.0512144
6.41 0.0502895
6.42 0.0491894
6.43 0.0479026
6.44 0.0464181
6.45 0.0447251
6.46 0.0428131
6.47 0.0406721
6.48 0.0382926
6.49 0.0356659
6.5 0.0327844
6.51 0.0296414
6.52 0.0262324
6.53 0.0225544
6.54 0.0186073
6.55 0.0143934
6.56 0.00991803
6.57 0.00519003
6.58 0.000221659
6.59 -0.00497119
6.6 -0.010369
6.61 -0.0159485
6.62 -0.0216832
6.63 -0.0275432
6.64 -0.0334958
6.65 -0.039506
6.66 -0.0455363
6.67 -0.0515482
6.68 -0.0575018
6.69 -0.0633567
6.7 -0.0690724
6.71 -0.0746089
6.72 -0.0799269
6.73 -0.0849882
6.74 -0.0897561
6.75 -0.0941953
6.76 -0.0982725
6.77 -0.101956
6.78 -0.105216
6.79 -0.108026
6.8 -0.110358
6.81 -0.11219
6.82 -0.113499
6.83 -0.114266
6.84 -0.114474
6.85 -0.114107
6.86 -0.113152
6.87 -0.111601
6.88 -0.109446
6.89 -0.106684
6.9 -0.103316
6.91 -0.0993459
6.92 -0.0947834
6.93 -0.0896414
6.94 -0.0839381
6.95 -0.0776959
6.96 -0.0709423
6.97 -0.0637091
6.98 -0.0560323
6.99 -0.0479523
7 -0.0395129
7.01 -0.030761
7.02 -0.0217465
7.03 -0.0125213
7.04 -0.00313895
7.05 0.00634569
7.06 0.0158773
7.07 0.0254002
7.08 0.0348593
7.09 0.0441999
7.1 0.0533686
7.11 0.062313
7.12 0.0709826
7.13 0.0793283
7.14 0.0873032
7.15 0.0948623
7.16 0.101963
7.17 0.108565
7.18 0.114629
7.19 0.120122
7.2 0.125009
7.21 0.129261
7.22 0.132852
7.23 0.135758
7.24 0.137959
7.25 0.139441
7.26 0.14019
7.27 0.1402
7.28 0.139468
7.29 0.137996
7.3 0.135792
7.31 0.132867
7.32 0.129239
7.33 0.124929
7.34 0.119965
7.35 0.114377
7.36 0.108201
7.37 0.101477
7.38 0.0942477
7.39 0.086558
7.4 0.0784562
7.41 0.0699924
7.42 0.0612182
7.43 0.0521858
7.44 0.0429483
7.45 0.0335587
7.46 0.02407
7.47 0.0145345
7.48 0.00500383
7.49 -0.00447125
7.5 -0.0138412
7.51 -0.0230578
7.52 -0.0320741
7.53 -0.0408448
7.54 -0.0493263
7.55 -0.0574768
7.56 -0.0652565
7.57 -0.0726277
7.58 -0.0795553
7.59 -0.0860066
7.6 -0.0919521
7.61 -0.097365
7.62 -0.102222
7.63 -0.106504
7.64 -0.110195
7.65 -0.113282
7.66 -0.11576
7.67 -0.117622
7.68 -0.118872
7.69 -0.119513
7.7 -0.119554
7.71 -0.119008
7.72 -0.117892
7.73 -0.116225
7.74 -0.11403
7.75 -0.111334
7.76 -0.108164
7.77 -0.10455
7.78 -0.100523
7.79 -0.0961172
7.8 -0.0913651
7.81 -0.0863011
7.82 -0.0809597
7.83 -0.0753753
7.84 -0.0695824
7.85 -0.0636148
7.86 -0.0575061
7.87 -0.0512894
7.88 -0.044997
7.89 -0.0386606
7.9 -0.0323113
7.91 -0.025979
7.92 -0.019693
7.93 -0.0134814
7.94 -0.00737129
7.95 -0.00138834
7.96 0.00444317
7.97 0.0101006
7.98 0.0155633
7.99 0.0208122
8 0.0258308
8.01 0.0306048
8.02 0.0351221
8.03 0.0393734
8.04 0.0433515
8.05 0.0470522
8.06 0.0504732
8.07 0.0536147
8.08 0.0564791
8.09 0.0590706
8.1 0.0613949
8.11 0.0634594
8.12 0.0652722
8.13 0.0668427
8.14 0.0681805
8.15 0.0692957
8.16 0.0701983
8.17 0.0708984
8.18 0.0714055
8.19 0.0717291
8.2 0.0718779
8.21 0.0718601
8.22 0.0716833
8.23 0.0713547
8.24 0.0708807
8.25 0.0702673
8.26 0.0695199
8.27 0.0686436
8.28 0.0676429
8.29 0.066522
8.3 0.0652845
8.31 0.0639338
8.32 0.0624727
8.33 0.0609035
8.34 0.059228
8.35 0.0574473
8.36 0.0555621
8.37 0.0535721
8.38 0.0514765
8.39 0.0492738
8.4 0.0469618
8.41 0.0445376
8.42 0.041998
8.43 0.0393392
8.44 0.0365575
8.45 0.0336489
8.46 0.0306098
8.47 0.0274369
8.48 0.0241275
8.49 0.0206801
8.5 0.0170941
8.51 0.0133701
8.52 0.00951042
8.53 0.00551891
8.54 0.00140112
8.55 -0.00283565
8.56 -0.00718228
8.57 -0.0116279
8.58 -0.0161599
8.59 -0.0207642
8.6 -0.0254251
8.61 -0.0301255
8.62 -0.0348472
8.63 -0.0395708
8.64 -0.0442759
8.65 -0.0489416
8.66 -0.0535459
8.67 -0.0580665
8.68 -0.0624805
8.69 -0.0667648
8.7 -0.0708957
8.71 -0.0748495
8.72 -0.0786025
8.73 -0.0821306
8.74 -0.0854101
8.75 -0.0884173
8.76 -0.0911289
8.77 -0.0935221
8.78 -0.0955748
8.79 -0.0972655
8.8 -0.0985741
8.81 -0.0994817
8.82 -0.0999709
8.83 -0.100026
8.84 -0.0996341
8.85 -0.0987833
8.86 -0.0974652
8.87 -0.0956739
8.88 -0.0934063
8.89 -0.0906622
8.9 -0.0874448
8.91 -0.0837603
8.92 -0.079618
8.93 -0.0750306
8.94 -0.0700136
8.95 -0.0645855
8.96 -0.058768
8.97 -0.0525849
8.98 -0.0460631
8.99 -0.0392313
9 -0.0321206
9.01 -0.024764
9.02 -0.0171961
9.03 -0.00945312
9.04 -0.00157263
9.05 0.0064067
9.06 0.0144452
9.07 0.0225023
9.08 0.0305369
9.09 0.0385073
9.1 0.0463718
9.11 0.0540882
9.12 0.0616149
9.13 0.0689102
9.14 0.0759334
9.15 0.0826445
9.16 0.0890047
9.17 0.0949765
9.18 0.100524
9.19 0.105614
9.2 0.110216
9.21 0.114299
9.22 0.11784
9.23 0.120814
9.24 0.123203
9.25 0.12499
9.26 0.126163
9.27 0.126714
9.28 0.126638
9.29 0.125933
9.3 0.124602
9.31 0.122653
9.32 0.120093
9.33 0.116938
9.34 0.113204
9.35 0.10891
9.36 0.104079
9.37 0.0987382
9.38 0.0929149
9.39 0.0866401
9.4 0.079947
9.41 0.0728709
9.42 0.0654489
9.43 0.0577198
9.44 0.049724
9.45 0.0415033
9.46 0.0331006
9.47 0.0245597
9.48 0.0159251
9.49 0.00724185
9.5 -0.00144483
9.51 -0.0100897
9.52 -0.018648
9.53 -0.0270754
9.54 -0.0353284
9.55 -0.043365
9.56 -0.0511445
9.57 -0.058628
9.58 -0.0657786
9.59 -0.0725618
9.6 -0.0789455
9.61 -0.0849006
9.62 -0.0904006
9.63 -0.0954222
9.64 -0.0999451
9.65 -0.103952
9.66 -0.10743
9.67 -0.110368
9.68 -0.112759
9.69 -0.114597
9.7 -0.115883
9.71 -0.116617
9.72 -0.116804
9.73 -0.116452
9.74 -0.115571
9.75 -0.114171
9.76 -0.112269
9.77 -0.109882
9.78 -0.107028
9.79 -0.103728
9.8 -0.100005
9.81 -0.0958844
9.82 -0.091392
9.83 -0.0865554
9.84 -0.0814037
9.85 -0.0759669
9.86 -0.0702761
9.87 -0.064363
9.88 -0.0582599
9.89 -0.0519996
9.9 -0.0456145
9.91 -0.0391374
9.92 -0.0326004
9.93 -0.0260351
9.94 -0.0194725
9.95 -0.0129422
9.96 -0.00647293
9.97 -9.20474e-05
9.98 0.00617467
9.99 0.012303
10 0.0182703
10.01 0.024056
10.02 0.0296408
10.03 0.0350076
10.04 0.040141
10.05 0.0450271
10.06 0.049654
10.07 0.0540113
10.08 0.0580902
10.09 0.0618833
10.1 0.0653849
10.11 0.0685904
10.12 0.0714968
10.13 0.074102
10.14 0.0764055
10.15 0.0784075
10.16 0.0801097
10.17 0.0815146
10.18 0.0826258
10.19 0.0834477
10.2 0.0839858
10.21 0.0842462
10.22 0.0842358
10.23 0.0839621
10.24 0.0834334
10.25 0.0826581
10.26 0.0816451
10.27 0.0804037
10.28 0.078943
10.29 0.0772725
10.3 0.0754014
10.31 0.0733387
10.32 0.0710932
10.33 0.0686736
10.34 0.066088
10.35 0.0633443
10.36 0.0604498
10.37 0.0574117
10.38 0.0542367
10.39 0.0509312
10.4 0.0475014
10.41 0.0439534
10.42 0.040293
10.43 0.0365263
10.44 0.0326591
10.45 0.0286975
10.46 0.0246481
10.47 0.0205172
10.48 0.016312
10.49 0.0120398
10.5 0.0077083
10.51 0.0033258
10.52 -0.00109903
10.53 -0.00555701
10.54 -0.0100385
10.55 -0.0145333
10.56 -0.0190309
10.57 -0.0235201
10.58 -0.0279894
10.59 -0.0324267
10.6 -0.0368197
10.61 -0.0411555
10.62 -0.0454205
10.63 -0.049601
10.64 -0.0536829
10.65 -0.0576513
10.66 -0.0614913
10.67 -0.0651873
10.68 -0.0687236
10.69 -0.0720841
10.7 -0.0752525
10.71 -0.0782124
10.72 -0.0809473
10.73 -0.0834408
10.74 -0.0856769
10.75 -0.0876396
10.76 -0.0893136
10.77 -0.0906842
10.78 -0.0917376
10.79 -0.0924608
10.8 -0.092842
10.81 -0.0928706
10.82 -0.0925374
10.83 -0.091835
10.84 -0.0907571
10.85 -0.0892995
10.86 -0.0874598
10.87 -0.0852373
10.88 -0.0826333
10.89 -0.079651
10.9 -0.0762957
10.91 -0.0725746
10.92 -0.0684969
10.93 -0.0640736
10.94 -0.059318
10.95 -0.0542449
10.96 -0.0488714
10.97 -0.0432162
10.98 -0.0372997
10.99 -0.0311444
11 -0.0247743
11.01 -0.0182148
11.02 -0.0114931
11.03 -0.00463789
11.04 0.0023211
11.05 0.00935276
11.06 0.016425
11.07 0.0235047
11.08 0.0305583
11.09 0.0375514
11.1 0.0444494
11.11 0.0512176
11.12 0.0578213
11.13 0.0642262
11.14 0.0703986
11.15 0.0763055
11.16 0.0819149
11.17 0.087196
11.18 0.0921196
11.19 0.096658
11.2 0.100785
11.21 0.104478
11.22 0.107714
11.23 0.110473
11.24 0.11274
11.25 0.114499
11.26 0.115738
11.27 0.116449
11.28 0.116623
11.29 0.116259
11.3 0.115353
11.31 0.113909
11.32 0.11193
11.33 0.109423
11.34 0.106399
11.35 0.10287
11.36 0.0988512
11.37 0.0943608
11.38 0.0894192
11.39 0.0840493
11.4 0.0782764
11.41 0.072128
11.42 0.0656338
11.43 0.0588253
11.44 0.0517357
11.45 0.0444002
11.46 0.0368548
11.47 0.0291371
11.48 0.0212854
11.49 0.0133388
11.5 0.00533678
11.51 -0.0026809
11.52 -0.0106746
11.53 -0.0186049
11.54 -0.0264329
11.55 -0.0341205
11.56 -0.0416305
11.57 -0.0489269
11.58 -0.055975
11.59 -0.0627417
11.6 -0.0691957
11.61 -0.0753072
11.62 -0.0810488
11.63 -0.0863948
11.64 -0.0913221
11.65 -0.0958095
11.66 -0.0998385
11.67 -0.103393
11.68 -0.106459
11.69 -0.109025
11.7 -0.111084
11.71 -0.112628
11.72 -0.113655
11.73 -0.114165
11.74 -0.114158
11.75 -0.11364
11.76 -0.112617
11.77 -0.1111
11.78 -0.109099
11.79 -0.10663
11.8 -0.103709
11.81 -0.100355
11.82 -0.096587
11.83 -0.0924289
11.84 -0.0879041
11.85 -0.0830381
11.86 -0.0778577
11.87 -0.0723907
11.88 -0.0666658
11.89 -0.0607125
11.9 -0.0545609
11.91 -0.0482411
11.92 -0.0417839
11.93 -0.0352196
11.94 -0.0285787
11.95 -0.0218913
11.96 -0.015187
11.97 -0.00849485
11.98 -0.00184325
11.99 0.00474023
12 0.0112289
12.01 0.0175972
12.02 0.0238205
12.03 0.0298754
12.04 0.0357397
12.05 0.0413927
12.06 0.0468149
12.07 0.0519883
12.08 0.0568963
12.09 0.0615239
12.1 0.0658578
12.11 0.0698859
12.12 0.0735981
12.13 0.0769856
12.14 0.0800414
12.15 0.0827599
12.16 0.0851371
12.17 0.0871705
12.18 0.0888592
12.19 0.0902035
12.2 0.0912049
12.21 0.0918666
12.22 0.0921924
12.23 0.0921875
12.24 0.0918581
12.25 0.0912112
12.26 0.0902547
12.27 0.088997
12.28 0.0874474
12.29 0.0856157
12.3 0.0835121
12.31 0.0811475
12.32 0.078533
12.33 0.0756801
12.34 0.0726005
12.35 0.0693064
12.36 0.0658099
12.37 0.0621237
12.38 0.0582605
12.39 0.054233
12.4 0.0500542
12.41 0.0457373
12.42 0.0412954
12.43 0.0367418
12.44 0.0320897
12.45 0.0273526
12.46 0.0225438
12.47 0.0176765
12.48 0.0127642
12.49 0.00782015
12.5 0.00285755
12.51 -0.00211036
12.52 -0.00707043
12.53 -0.0120095
12.54 -0.0169146
12.55 -0.0217726
12.56 -0.0265705
12.57 -0.0312953
12.58 -0.035934
12.59 -0.0404737
12.6 -0.0449013
12.61 -0.0492038
12.62 -0.0533683
12.63 -0.0573818
12.64 -0.0612314
12.65 -0.0649041
12.66 -0.0683872
12.67 -0.0716679
12.68 -0.074734
12.69 -0.077573
12.7 -0.0801731
12.71 -0.0825226
12.72 -0.0846104
12.73 -0.0864258
12.74 -0.0879589
12.75 -0.0892
12.76 -0.0901406
12.77 -0.0907727
12.78 -0.0910893
12.79 -0.0910842
12.8 -0.0907524
12.81 -0.0900898
12.82 -0.0890933
12.83 -0.0877612
12.84 -0.0860929
12.85 -0.084089
12.86 -0.0817514
12.87 -0.0790835
12.88 -0.0760898
12.89 -0.0727763
12.9 -0.0691505
12.91 -0.0652212
12.92 -0.0609988
12.93 -0.056495
12.94 -0.0517231
12.95 -0.0466977
12.96 -0.0414351
12.97 -0.0359526
12.98 -0.0302694
12.99 -0.0244056
13 -0.0183829
13.01 -0.0122239
13.02 -0.00595256
13.03 0.000406233
13.04 0.00682664
13.05 0.013282
13.06 0.0197451
13.07 0.0261879
13.08 0.0325823
13.09 0.0388996
13.1 0.0451113
13.11 0.0511887
13.12 0.0571035
13.13 0.0628275
13.14 0.0683332
13.15 0.0735937
13.16 0.078583
13.17 0.0832758
13.18 0.0876481
13.19 0.091677
13.2 0.0953411
13.21 0.0986204
13.22 0.101496
13.23 0.103952
13.24 0.105974
13.25 0.107547
13.26 0.108662
13.27 0.109309
13.28 0.109482
13.29 0.109176
13.3 0.108389
13.31 0.107121
13.32 0.105375
13.33 0.103156
13.34 0.100471
13.35 0.0973297
13.36 0.093744
13.37 0.0897284
13.38 0.0852993
13.39 0.0804755
13.4 0.0752778
13.41 0.069729
13.42 0.0638538
13.43 0.0576783
13.44 0.0512307
13.45 0.0445403
13.46 0.0376377
13.47 0.0305548
13.48 0.0233242
13.49 0.0159796
13.5 0.00855488
13.51 0.00108469
13.52 -0.00639626
13.53 -0.0138532
13.54 -0.0212513
13.55 -0.0285562
13.56 -0.0357341
13.57 -0.0427516
13.58 -0.0495762
13.59 -0.0561765
13.6 -0.0625219
13.61 -0.0685835
13.62 -0.0743335
13.63 -0.0797459
13.64 -0.0847962
13.65 -0.089462
13.66 -0.0937224
13.67 -0.0975591
13.68 -0.100956
13.69 -0.103898
13.7 -0.106373
13.71 -0.108373
13.72 -0.109889
13.73 -0.110918
13.74 -0.111456
13.75 -0.111504
13.76 -0.111064
13.77 -0.110141
13.78 -0.108741
13.79 -0.106875
13.8 -0.104553
13.81 -0.10179
13.82 -0.0986
13.83 -0.0950009
13.84 -0.0910118
13.85 -0.0866533
13.86 -0.0819478
13.87 -0.0769188
13.88 -0.0715911
13.89 -0.0659908
13.9 -0.0601445
13.91 -0.0540802
13.92 -0.0478262
13.93 -0.0414114
13.94 -0.0348651
13.95 -0.0282169
13.96 -0.0214964
13.97 -0.0147332
13.98 -0.00795672
13.99 -0.00119606
14 0.00552014
14.01 0.0121639
14.02 0.0187077
14.03 0.0251253
14.04 0.031391
14.05 0.0374804
14.06 0.0433701
14.07 0.0490381
14.08 0.0544635
14.09 0.0596271
14.1 0.0645108
14.11 0.0690982
14.12 0.0733745
14.13 0.0773263
14.14 0.0809419
14.15 0.084211
14.16 0.0871252
14.17 0.0896774
14.18 0.0918622
14.19 0.0936757
14.2 0.0951155
14.21 0.0961807
14.22 0.0968718
14.23 0.0971907
14.24 0.0971407
14.25 0.0967264
14.26 0.0959536
14.27 0.0948293
14.28 0.0933615
14.29 0.0915596
14.3 0.0894338
14.31 0.0869951
14.32 0.0842558
14.33 0.0812287
14.34 0.0779275
14.35 0.0743665
14.36 0.0705607
14.37 0.0665256
14.38 0.0622773
14.39 0.0578322
14.4 0.0532071
14.41 0.0484191
14.42 0.0434856
14.43 0.038424
14.44 0.0332521
14.45 0.0279875
14.46 0.0226481
14.47 0.0172515
14.48 0.0118154
14.49 0.00635736
14.5 0.000894934
14.51 -0.0045546
14.52 -0.00997411
14.53 -0.0153467
14.54 -0.0206556
14.55 -0.0258844
14.56 -0.031017
14.57 -0.0360375
14.58 -0.0409303
14.59 -0.0456802
14.6 -0.0502724
14.61 -0.0546926
14.62 -0.0589266
14.63 -0.062961
14.64 -0.0667827
14.65 -0.0703792
14.66 -0.0737385
14.67 -0.0768492
14.68 -0.0797006
14.69 -0.0822825
14.7 -0.0845855
14.71 -0.0866009
14.72 -0.0883207
14.73 -0.0897377
14.74 -0.0908456
14.75 -0.0916388
14.76 -0.0921126
14.77 -0.0922634
14.78 -0.0920882
14.79 -0.0915852
14.8 -0.0907536
14.81 -0.0895934
14.82 -0.0881059
14.83 -0.0862932
14.84 -0.0841588
14.85 -0.081707
14.86 -0.0789435
14.87 -0.0758749
14.88 -0.0725091
14.89 -0.0688552
14.9 -0.0649233
14.91 -0.0607249
14.92 -0.0562726
14.93 -0.05158
14.94 -0.0466619
14.95 -0.0415344
14.96 -0.0362143
14.97 -0.0307198
14.98 -0.0250699
14.99 -0.0192845
15 -0.0133843
15.01 -0.00739114
15.02 -0.00132715
15.03 0.00478466
15.04 0.0109208
15.05 0.0170573
15.06 0.0231697
15.07 0.0292336
15.08 0.0352242
15.09 0.0411166
15.1 0.046886
15.11 0.0525079
15.12 0.0579579
15.13 0.063212
15.14 0.0682469
15.15 0.0730395
15.16 0.0775679
15.17 0.0818106
15.18 0.0857475
15.19 0.0893592
15.2 0.0926276
15.21 0.0955359
15.22 0.0980687
15.23 0.100212
15.24 0.101953
15.25 0.103282
15.26 0.104189
15.27 0.104668
15.28 0.104712
15.29 0.104318
15.3 0.103486
15.31 0.102215
15.32 0.100508
15.33 0.0983694
15.34 0.095806
15.35 0.0928264
15.36 0.0894411
15.37 0.0856625
15.38 0.0815052
15.39 0.0769852
15.4 0.0721208
15.41 0.0669315
15.42 0.0614388
15.43 0.0556656
15.44 0.049636
15.45 0.0433758
15.46 0.0369117
15.47 0.0302716
15.48 0.0234844
15.49 0.0165795
15.5 0.00958743
15.51 0.00253889
15.52 -0.0045349
15.53 -0.0116025
15.54 -0.0186325
15.55 -0.0255934
15.56 -0.0324541
15.57 -0.0391838
15.58 -0.0457523
15.59 -0.05213
15.6 -0.0582882
15.61 -0.0641994
15.62 -0.0698369
15.63 -0.0751755
15.64 -0.0801913
15.65 -0.0848618
15.66 -0.0891665
15.67 -0.0930863
15.68 -0.0966039
15.69 -0.0997041
15.7 -0.102374
15.71 -0.104601
15.72 -0.106377
15.73 -0.107695
15.74 -0.10855
15.75 -0.108939
15.76 -0.108861
15.77 -0.108317
15.78 -0.107312
15.79 -0.105852
15.8 -0.103943
15.81 -0.101596
15.82 -0.0988227
15.83 -0.0956366
15.84 -0.0920531
15.85 -0.0880896
15.86 -0.0837647
15.87 -0.0790989
15.88 -0.074114
15.89 -0.0688331
15.9 -0.0632805
15.91 -0.0574814
15.92 -0.0514623
15.93 -0.0452503
15.94 -0.038873
15.95 -0.0323588
15.96 -0.0257365
15.97 -0.0190348
15.98 -0.012283
15.99 -0.00551003
16 0.00125528
16.01 0.00798434
16.02 0.014649
16.03 0.0212217
16.04 0.0276755
16.05 0.0339842
16.06 0.0401227
16.07 0.0460666
16.08 0.0517927
16.09 0.0572792
16.1 0.0625051
16.11 0.0674512
16.12 0.0720992
16.13 0.0764327
16.14 0.0804364
16.15 0.0840968
16.16 0.0874019
16.17 0.0903412
16.18 0.0929058
16.19 0.0950886
16.2 0.0968839
16.21 0.0982878
16.22 0.099298
16.23 0.0999136
16.24 0.100135
16.25 0.0999659
16.26 0.0994088
16.27 0.0984694
16.28 0.0971545
16.29 0.0954723
16.3 0.0934319
16.31 0.0910442
16.32 0.088321
16.33 0.0852751
16.34 0.0819207
16.35 0.0782725
16.36 0.0743465
16.37 0.0701594
16.38 0.0657285
16.39 0.0610719
16.4 0.0562083
16.41 0.0511569
16.42 0.0459373
16.43 0.0405695
16.44 0.0350738
16.45 0.0294708
16.46 0.023781
16.47 0.0180254
16.48 0.0122247
16.49 0.00639972
16.5 0.000571074
16.51 -0.0052407
16.52 -0.0110153
16.53 -0.0167327
16.54 -0.0223732
16.55 -0.0279175
16.56 -0.0333467
16.57 -0.0386424
16.58 -0.0437867
16.59 -0.0487624
16.6 -0.0535528
16.61 -0.0581419
16.62 -0.0625143
16.63 -0.0666555
16.64 -0.0705517
16.65 -0.07419
16.66 -0.0775581
16.67 -0.0806448
16.68 -0.0834397
16.69 -0.0859334
16.7 -0.0881172
16.71 -0.0899837
16.72 -0.0915263
16.73 -0.0927394
16.74 -0.0936184
16.75 -0.0941598
16.76 -0.0943613
16.77 -0.0942213
16.78 -0.0937396
16.79 -0.0929169
16.8 -0.0917552
16.81 -0.0902573
16.82 -0.0884274
16.83 -0.0862706
16.84 -0.0837933
16.85 -0.0810029
16.86 -0.0779078
16.87 -0.0745177
16.88 -0.0708432
16.89 -0.066896
16.9 -0.0626888
16.91 -0.0582355
16.92 -0.0535507
16.93 -0.0486501
16.94 -0.0435502
16.95 -0.0382685
16.96 -0.0328232
16.97 -0.0272334
16.98 -0.0215186
16.99 -0.0156994
17 -0.00979649
17.01 -0.00383148
17.02 0.00217378
17.03 0.00819698
17.04 0.0142156
17.05 0.0202067
17.06 0.0261474
17.07 0.0320148
17.08 0.0377858
17.09 0.0434375
17.1 0.0489474
17.11 0.0542931
17.12 0.0594526
17.13 0.0644046
17.14 0.069128
17.15 0.0736028
17.16 0.0778095
17.17 0.0817296
17.18 0.0853456
17.19 0.0886408
17.2 0.0915999
17.21 0.0942087
17.22 0.0964544
17.23 0.0983254
17.24 0.0998117
17.25 0.100905
17.26 0.101597
17.27 0.101885
17.28 0.101762
17.29 0.101228
17.3 0.100283
17.31 0.0989269
17.32 0.0971638
17.33 0.0949985
17.34 0.0924375
17.35 0.0894894
17.36 0.0861642
17.37 0.0824739
17.38 0.0784319
17.39 0.0740534
17.4 0.069355
17.41 0.0643548
17.42 0.0590726
17.43 0.0535292
17.44 0.0477469
17.45 0.0417492
17.46 0.0355604
17.47 0.0292062
17.48 0.0227128
17.49 0.0161073
17.5 0.00941757
17.51 0.00267174
17.52 -0.00410154
17.53 -0.0108734
17.54 -0.0176148
17.55 -0.0242969
17.56 -0.0308908
17.57 -0.037368
17.58 -0.0437004
17.59 -0.0498604
17.6 -0.0558213
17.61 -0.061557
17.62 -0.0670424
17.63 -0.0722536
17.64 -0.0771677
17.65 -0.0817631
17.66 -0.0860196
17.67 -0.0899187
17.68 -0.0934431
17.69 -0.0965775
17.7 -0.0993081
17.71 -0.101623
17.72 -0.103512
17.73 -0.104967
17.74 -0.105982
17.75 -0.106552
17.76 -0.106675
17.77 -0.106351
17.78 -0.105582
17.79 -0.10437
17.8 -0.102723
17.81 -0.100646
17.82 -0.0981502
17.83 -0.0952462
17.84 -0.0919471
17.85 -0.0882676
17.86 -0.0842243
17.87 -0.0798351
17.88 -0.0751195
17.89 -0.0700982
17.9 -0.0647935
17.91 -0.0592285
17.92 -0.0534277
17.93 -0.0474164
17.94 -0.0412205
17.95 -0.034867
17.96 -0.0283832
17.97 -0.0217968
17.98 -0.0151361
17.99 -0.00842922
18 -0.00170464
18.01 0.00500941
18.02 0.0116848
18.03 0.0182939
18.04 0.0248092
18.05 0.0312041
18.06 0.0374524
18.07 0.0435289
18.08 0.049409
18.09 0.0550695
18.1 0.0604878
18.11 0.0656429
18.12 0.0705148
18.13 0.0750848
18.14 0.0793357
18.15 0.0832518
18.16 0.0868187
18.17 0.0900238
18.18 0.0928559
18.19 0.0953054
18.2 0.0973647
18.21 0.0990273
18.22 0.100289
18.23 0.101146
18.24 0.101599
18.25 0.101646
18.26 0.101291
18.27 0.100536
18.28 0.0993881
18.29 0.0978527
18.3 0.0959383
18.31 0.0936545
18.32 0.0910125
18.33 0.0880243
18.34 0.0847037
18.35 0.0810653
18.36 0.077125
18.37 0.0728996
18.38 0.0684069
18.39 0.0636656
18.4 0.0586951
18.41 0.0535157
18.42 0.0481482
18.43 0.042614
18.44 0.0369347
18.45 0.0311328
18.46 0.0252305
18.47 0.0192507
18.48 0.0132161
18.49 0.00714952
18.5 0.00107384
18.51 -0.0049883
18.52 -0.0110144
18.53 -0.0169823
18.54 -0.0228701
18.55 -0.0286565
18.56 -0.0343204
18.57 -0.0398415
18.58 -0.0452001
18.59 -0.0503771
18.6 -0.0553541
18.61 -0.0601136
18.62 -0.064639
18.63 -0.0689144
18.64 -0.0729249
18.65 -0.0766567
18.66 -0.0800968
18.67 -0.0832335
18.68 -0.0860559
18.69 -0.0885546
18.7 -0.0907208
18.71 -0.0925474
18.72 -0.094028
18.73 -0.0951579
18.74 -0.0959331
18.75 -0.0963511
18.76 -0.0964106
18.77 -0.0961114
18.78 -0.0954548
18.79 -0.094443
18.8 -0.0930796
18.81 -0.0913695
18.82 -0.0893184
18.83 -0.0869337
18.84 -0.0842235
18.85 -0.0811975
18.86 -0.077866
18.87 -0.0742408
18.88 -0.0703345
18.89 -0.0661608
18.9 -0.0617345
18.91 -0.057071
18.92 -0.052187
18.93 -0.0470997
18.94 -0.0418272
18.95 -0.0363883
18.96 -0.0308027
18.97 -0.0250903
18.98 -0.0192719
18.99 -0.0133686
19 -0.0074021
19.01 -0.0013942
19.02 0.00463286
19.03 0.0106567
19.04 0.0166548
19.05 0.0226045
19.06 0.0284834
19.07 0.034269
19.08 0.0399391
19.09 0.0454718
19.1 0.0508455
19.11 0.0560391
19.12 0.0610321
19.13 0.0658043
19.14 0.0703366
19.15 0.0746105
19.16 0.0786084
19.17 0.0823134
19.18 0.0857101
19.19 0.0887837
19.2 0.0915208
19.21 0.0939091
19.22 0.0959377
19.23 0.097597
19.24 0.0988787
19.25 0.0997759
19.26 0.100283
19.27 0.100397
19.28 0.100115
19.29 0.0994366
19.3 0.0983621
19.31 0.0968944
19.32 0.0950373
19.33 0.0927966
19.34 0.0901796
19.35 0.0871949
19.36 0.0838531
19.37 0.080166
19.38 0.0761471
19.39 0.0718111
19.4 0.0671743
19.41 0.0622544
19.42 0.0570701
19.43 0.0516415
19.44 0.0459899
19.45 0.0401374
19.46 0.0341074
19.47 0.0279238
19.48 0.0216115
19.49 0.0151961
19.5 0.00870352
19.51 0.00216035
19.52 -0.00440656
19.53 -0.0109701
19.54 -0.0175032
19.55 -0.0239787
19.56 -0.0303694
19.57 -0.0366487
19.58 -0.0427902
19.59 -0.0487679
19.6 -0.0545567
19.61 -0.0601317
19.62 -0.0654695
19.63 -0.0705471
19.64 -0.0753429
19.65 -0.0798362
19.66 -0.0840076
19.67 -0.0878392
19.68 -0.0913143
19.69 -0.0944179
19.7 -0.0971363
19.71 -0.0994578
19.72 -0.101372
19.73 -0.10287
19.74 -0.103946
19.75 -0.104595
19.76 -0.104814
19.77 -0.1046
19.78 -0.103956
19.79 -0.102884
19.8 -0.101387
19.81 -0.0994726
19.82 -0.0971483
19.83 -0.0944239
19.84 -0.0913109
19.85 -0.0878225
19.86 -0.0839733
19.87 -0.0797797
19.88 -0.0752595
19.89 -0.0704317
19.9 -0.0653169
19.91 -0.0599367
19.92 -0.0543139
19.93 -0.0484722
19.94 -0.0424363
19.95 -0.0362316
19.96 -0.0298843
19.97 -0.0234209
19.98 -0.0168687
19.99 -0.010255
20 -0.0036075
