0.01 -0.0615659
0.02 -0.12282
0.03 -0.183486
0.04 -0.243192
0.05 -0.301354
0.06 -0.357018
0.07 -0.408701
0.08 -0.454307
0.09 -0.49117
0.1 -0.51626
0.11 -0.526561
0.12 -0.519552
0.13 -0.493714
0.14 -0.448934
0.15 -0.386705
0.16 -0.310042
0.17 -0.223117
0.18 -0.130644
0.19 -0.0371518
0.2 0.0537179
0.21 0.139729
0.22 0.220271
0.23 0.296231
0.24 0.369534
0.25 0.442465
0.26 0.516903
0.27 0.593666
0.28 0.672084
0.29 0.749903
0.3 0.82354
0.31 0.888616
0.32 0.940658
0.33 0.975806
0.34 0.991389
0.35 0.986263
0.36 0.960858
0.37 0.916961
0.38 0.857304
0.39 0.785071
0.4 0.703421
0.41 0.615135
0.42 0.522412
0.43 0.426839
0.44 0.329473
0.45 0.230998
0.46 0.131888
0.47 0.032533
0.48 -0.0666754
0.49 -0.165305
0.5 -0.262849
0.51 -0.358669
0.52 -0.451907
0.53 -0.54137
0.54 -0.62542
0.55 -0.701925
0.56 -0.768315
0.57 -0.821776
0.58 -0.859576
0.59 -0.87949
0.6 -0.880221
0.61 -0.861743
0.62 -0.825458
0.63 -0.774116
0.64 -0.711477
0.65 -0.641774
0.66 -0.569067
0.67 -0.496631
0.68 -0.426493
0.69 -0.359245
0.7 -0.29416
0.71 -0.22959
0.72 -0.163578
0.73 -0.094523
0.74 -0.0217783
0.75 0.0539744
0.76 0.130636
0.77 0.204913
0.78 0.272797
0.79 0.330192
0.8 0.373556
0.81 0.400432
0.82 0.409757
0.83 0.40192
0.84 0.378567
0.85 0.342231
0.86 0.295876
0.87 0.242456
0.88 0.184568
0.89 0.124255
0.9 0.0629591
0.91 0.0015913
0.92 -0.0593207
0.93 -0.119472
0.94 -0.178641
0.95 -0.236598
0.96 -0.29304
0.97 -0.347561
0.98 -0.399595
0.99 -0.448359
1 -0.492766
1.01 -0.531354
1.02 -0.562267
1.03 -0.583318
1.04 -0.592172
1.05 -0.586629
1.06 -0.564987
1.07 -0.526403
1.08 -0.471169
1.09 -0.400846
1.1 -0.318167
1.11 -0.226741
1.12 -0.130569
1.13 -0.0334794
1.14 0.0614167
1.15 0.152124
1.16 0.237935
1.17 0.319321
1.18 0.397582
1.19 0.474306
1.2 0.550775
1.21 0.627441
1.22 0.703583
1.23 0.777234
1.24 0.845374
1.25 0.904361
1.26 0.950494
1.27 0.980594
1.28 0.99249
1.29 0.985302
1.3 0.959501
1.31 0.91674
1.32 0.859519
1.33 0.790759
1.34 0.713394
1.35 0.63004
1.36 0.542798
1.37 0.453196
1.38 0.362248
1.39 0.270592
1.4 0.178645
1.41 0.0867448
1.42 -0.00474212
1.43 -0.0953556
1.44 -0.184498
1.45 -0.271396
1.46 -0.355056
1.47 -0.434208
1.48 -0.507271
1.49 -0.57235
1.5 -0.627316
1.51 -0.66997
1.52 -0.698295
1.53 -0.710767
1.54 -0.706659
1.55 -0.686273
1.56 -0.651034
1.57 -0.603404
1.58 -0.546607
1.59 -0.4842
1.6 -0.419576
1.61 -0.355487
1.62 -0.293693
1.63 -0.234818
1.64 -0.178438
1.65 -0.123407
1.66 -0.0683204
1.67 -0.0120541
1.68 0.0457757
1.69 0.104507
1.7 0.162365
1.71 0.216631
1.72 0.264034
1.73 0.301251
1.74 0.325439
1.75 0.334665
1.76 0.328183
1.77 0.306481
1.78 0.27114
1.79 0.224521
1.8 0.169385
1.81 0.108504
1.82 0.0443484
1.83 -0.0211047
1.84 -0.0864356
1.85 -0.150732
1.86 -0.213464
1.87 -0.27433
1.88 -0.333116
1.89 -0.389578
1.9 -0.443368
1.91 -0.493993
1.92 -0.540778
1.93 -0.582837
1.94 -0.619042
1.95 -0.648011
1.96 -0.668126
1.97 -0.677614
1.98 -0.674699
1.99 -0.657827
2 -0.625926
2.01 -0.578662
2.02 -0.516632
2.03 -0.441426
2.04 -0.355542
2.05 -0.262131
2.06 -0.164624
2.07 -0.0662802
2.08 0.0302227
2.09 0.1231
2.1 0.211585
2.11 0.295846
2.12 0.376705
2.13 0.455218
2.14 0.532205
2.15 0.607839
2.16 0.681379
2.17 0.751104
2.18 0.814471
2.19 0.868463
2.2 0.910041
2.21 0.936618
2.22 0.946463
2.23 0.938939
2.24 0.914563
2.25 0.874872
2.26 0.822146
2.27 0.759052
2.28 0.688285
2.29 0.612273
2.3 0.532989
2.31 0.451882
2.32 0.369921
2.33 0.287707
2.34 0.20562
2.35 0.123966
2.36 0.0430888
2.37 -0.0365475
2.38 -0.114315
2.39 -0.189395
2.4 -0.260758
2.41 -0.327157
2.42 -0.387131
2.43 -0.439043
2.44 -0.48116
2.45 -0.511802
2.46 -0.529531
2.47 -0.533381
2.48 -0.523068
2.49 -0.499146
2.5 -0.463053
2.51 -0.417021
2.52 -0.363844
2.53 -0.306548
2.54 -0.247994
2.55 -0.190514
2.56 -0.135644
2.57 -0.0840163
2.58 -0.0354345
2.59 0.0108748
2.6 0.0558895
2.61 0.100377
2.62 0.144528
2.63 0.18772
2.64 0.228457
2.65 0.264518
2.66 0.293259
2.67 0.312026
2.68 0.31858
2.69 0.311461
2.7 0.29021
2.71 0.255422
2.72 0.208626
2.73 0.152037
2.74 0.0882222
2.75 0.0197741
2.76 -0.0509721
2.77 -0.122118
2.78 -0.192272
2.79 -0.260517
2.8 -0.3263
2.81 -0.3893
2.82 -0.449277
2.83 -0.50596
2.84 -0.558965
2.85 -0.607745
2.86 -0.651572
2.87 -0.689526
2.88 -0.720502
2.89 -0.743229
2.9 -0.756317
2.91 -0.758347
2.92 -0.747995
2.93 -0.72421
2.94 -0.686401
2.95 -0.634614
2.96 -0.569656
2.97 -0.493119
2.98 -0.407291
2.99 -0.314946
3 -0.219043
3.01 -0.122378
3.02 -0.0272669
3.03 0.0646936
3.04 0.152715
3.05 0.236749
3.06 0.317265
3.07 0.394918
3.08 0.470187
3.09 0.543046
3.1 0.612755
3.11 0.67782
3.12 0.736109
3.13 0.785138
3.14 0.822435
3.15 0.845927
3.16 0.854268
3.17 0.847042
3.18 0.82481
3.19 0.789011
3.2 0.741724
3.21 0.685373
3.22 0.622415
3.23 0.55508
3.24 0.485199
3.25 0.41413
3.26 0.342787
3.27 0.271739
3.28 0.201339
3.29 0.131867
3.3 0.063643
3.31 -0.00288859
3.32 -0.0671142
3.33 -0.128231
3.34 -0.185251
3.35 -0.237014
3.36 -0.282225
3.37 -0.319508
3.38 -0.347494
3.39 -0.364939
3.4 -0.370882
3.41 -0.364799
3.42 -0.346756
3.43 -0.3175
3.44 -0.278471
3.45 -0.231715
3.46 -0.179689
3.47 -0.124995
3.48 -0.0700728
3.49 -0.01692
3.5 0.0331111
3.51 0.0793921
3.52 0.121953
3.53 0.161284
3.54 0.198042
3.55 0.232726
3.56 0.26539
3.57 0.295459
3.58 0.321687
3.59 0.342273
3.6 0.355106
3.61 0.358102
3.62 0.349543
3.63 0.328378
3.64 0.294403
3.65 0.248311
3.66 0.191591
3.67 0.126322
3.68 0.0548946
3.69 -0.0202772
3.7 -0.0969976
3.71 -0.173456
3.72 -0.248296
3.73 -0.320598
3.74 -0.389784
3.75 -0.455496
3.76 -0.51746
3.77 -0.575374
3.78 -0.628825
3.79 -0.677243
3.8 -0.719884
3.81 -0.755843
3.82 -0.784075
3.83 -0.803439
3.84 -0.812763
3.85 -0.810922
3.86 -0.79696
3.87 -0.770214
3.88 -0.730453
3.89 -0.677999
3.9 -0.613795
3.91 -0.539407
3.92 -0.456931
3.93 -0.368818
3.94 -0.277635
3.95 -0.185791
3.96 -0.0952902
3.97 -0.00756015
3.98 0.0766201
3.99 0.157058
4 0.233972
4.01 0.307729
4.02 0.378563
4.03 0.446317
4.04 0.510287
4.05 0.569183
4.06 0.621236
4.07 0.664422
4.08 0.696758
4.09 0.716615
4.1 0.722987
4.11 0.715651
4.12 0.695218
4.13 0.663037
4.14 0.62101
4.15 0.571336
4.16 0.516244
4.17 0.45777
4.18 0.397596
4.19 0.336981
4.2 0.276783
4.21 0.217535
4.22 0.159569
4.23 0.103139
4.24 0.048538
4.25 -0.00382783
4.26 -0.0533899
4.27 -0.0994069
4.28 -0.140978
4.29 -0.177074
4.3 -0.206592
4.31 -0.228414
4.32 -0.241498
4.33 -0.244976
4.34 -0.238275
4.35 -0.221229
4.36 -0.194173
4.37 -0.158003
4.38 -0.114154
4.39 -0.0645215
4.4 -0.0112934
4.41 0.0432635
4.42 0.0970423
4.43 0.148312
4.44 0.195868
4.45 0.239093
4.46 0.277893
4.47 0.312544
4.48 0.343462
4.49 0.370944
4.5 0.394952
4.51 0.414965
4.52 0.429951
4.53 0.438467
4.54 0.438851
4.55 0.429495
4.56 0.409125
4.57 0.377034
4.58 0.333238
4.59 0.278511
4.6 0.214304
4.61 0.142567
4.62 0.0655223
4.63 -0.0145883
4.64 -0.095712
4.65 -0.176134
4.66 -0.254545
4.67 -0.330029
4.68 -0.401986
4.69 -0.470025
4.7 -0.533837
4.71 -0.593093
4.72 -0.647363
4.73 -0.696074
4.74 -0.738501
4.75 -0.773782
4.76 -0.80096
4.77 -0.819033
4.78 -0.827024
4.79 -0.824066
4.8 -0.809491
4.81 -0.782937
4.82 -0.744439
4.83 -0.694511
4.84 -0.634174
4.85 -0.564944
4.86 -0.488736
4.87 -0.407721
4.88 -0.324131
4.89 -0.240044
4.9 -0.157198
4.91 -0.0768589
4.92 0.000229262
4.93 0.0737889
4.94 0.143869
4.95 0.210641
4.96 0.274174
4.97 0.334243
4.98 0.3902
4.99 0.440954
5 0.485057
5.01 0.520886
5.02 0.546882
5.03 0.561804
5.04 0.564939
5.05 0.556243
5.06 0.536369
5.07 0.506596
5.08 0.468669
5.09 0.424583
5.1 0.37636
5.11 0.325846
5.12 0.274579
5.13 0.223723
5.14 0.174072
5.15 0.126128
5.16 0.0801984
5.17 0.0365155
5.18 -0.00466257
5.19 -0.0429762
5.2 -0.0779229
5.21 -0.108849
5.22 -0.134971
5.23 -0.155416
5.24 -0.169278
5.25 -0.175691
5.26 -0.173904
5.27 -0.163369
5.28 -0.143831
5.29 -0.115408
5.3 -0.0786489
5.31 -0.0345551
5.32 0.0154457
5.33 0.0695851
5.34 0.125891
5.35 0.182363
5.36 0.237158
5.37 0.288756
5.38 0.336074
5.39 0.378504
5.4 0.415863
5.41 0.448267
5.42 0.475947
5.43 0.499055
5.44 0.517488
5.45 0.530782
5.46 0.538091
5.47 0.53827
5.48 0.53003
5.49 0.512162
5.5 0.483755
5.51 0.444391
5.52 0.394263
5.53 0.334207
5.54 0.265627
5.55 0.190353
5.56 0.110441
5.57 0.0279648
5.58 -0.0551693
5.59 -0.137351
5.6 -0.217329
5.61 -0.294205
5.62 -0.367368
5.63 -0.436401
5.64 -0.500971
5.65 -0.560731
5.66 -0.61525
5.67 -0.663972
5.68 -0.706213
5.69 -0.741178
5.7 -0.768013
5.71 -0.785859
5.72 -0.793919
5.73 -0.791542
5.74 -0.778295
5.75 -0.754043
5.76 -0.719017
5.77 -0.673856
5.78 -0.619618
5.79 -0.557746
5.8 -0.489987
5.81 -0.418264
5.82 -0.344518
5.83 -0.270542
5.84 -0.197838
5.85 -0.127518
5.86 -0.0602734
5.87 0.00358177
5.88 0.0639937
5.89 0.12101
5.9 0.174606
5.91 0.22453
5.92 0.270216
5.93 0.310764
5.94 0.345016
5.95 0.371701
5.96 0.389631
5.97 0.3979
5.98 0.396056
5.99 0.384211
6 0.363062
6.01 0.333832
6.02 0.298128
6.03 0.25777
6.04 0.214587
6.05 0.170258
6.06 0.126185
6.07 0.0834345
6.08 0.0427459
6.09 0.00458629
6.1 -0.0307571
6.11 -0.0630752
6.12 -0.0921447
6.13 -0.117659
6.14 -0.13919
6.15 -0.156188
6.16 -0.167998
6.17 -0.17391
6.18 -0.173217
6.19 -0.165283
6.2 -0.149614
6.21 -0.125933
6.22 -0.0942437
6.23 -0.054887
6.24 -0.00857237
6.25 0.0436215
6.26 0.100285
6.27 0.159756
6.28 0.220242
6.29 0.279955
6.3 0.337264
6.31 0.390818
6.32 0.439632
6.33 0.483112
6.34 0.521007
6.35 0.553315
6.36 0.580131
6.37 0.601499
6.38 0.617277
6.39 0.627055
6.4 0.630146
6.41 0.625651
6.42 0.612592
6.43 0.590082
6.44 0.557507
6.45 0.514681
6.46 0.461936
6.47 0.400144
6.48 0.330656
6.49 0.25518
6.5 0.175611
6.51 0.0938519
6.52 0.0116618
6.53 -0.0694626
6.54 -0.148341
6.55 -0.224108
6.56 -0.296157
6.57 -0.364063
6.58 -0.427479
6.59 -0.486059
6.6 -0.539384
6.61 -0.586936
6.62 -0.628087
6.63 -0.662132
6.64 -0.688327
6.65 -0.705956
6.66 -0.714388
6.67 -0.713158
6.68 -0.702022
6.69 -0.681021
6.7 -0.650524
6.71 -0.61125
6.72 -0.564258
6.73 -0.510911
6.74 -0.452795
6.75 -0.391611
6.76 -0.329047
6.77 -0.266648
6.78 -0.205705
6.79 -0.147186
6.8 -0.091712
6.81 -0.0395997
6.82 0.00904597
6.83 0.0542059
6.84 0.095811
6.85 0.133626
6.86 0.16718
6.87 0.195758
6.88 0.218464
6.89 0.234341
6.9 0.24252
6.91 0.24239
6.92 0.233729
6.93 0.216787
6.94 0.192305
6.95 0.16146
6.96 0.125746
6.97 0.0868263
6.98 0.0463664
6.99 0.00589149
7 -0.0333195
7.01 -0.0702858
7.02 -0.104322
7.03 -0.134991
7.04 -0.162025
7.05 -0.185234
7.06 -0.204429
7.07 -0.219357
7.08 -0.229667
7.09 -0.234912
7.1 -0.23457
7.11 -0.228091
7.12 -0.214952
7.13 -0.194724
7.14 -0.167136
7.15 -0.132133
7.16 -0.0899246
7.17 -0.0410244
7.18 0.0137418
7.19 0.0732476
7.2 0.13611
7.21 0.200765
7.22 0.265569
7.23 0.328911
7.24 0.389333
7.25 0.445623
7.26 0.496879
7.27 0.542521
7.28 0.582255
7.29 0.615989
7.3 0.643722
7.31 0.665422
7.32 0.680923
7.33 0.68987
7.34 0.691709
7.35 0.685746
7.36 0.671252
7.37 0.647604
7.38 0.614425
7.39 0.571707
7.4 0.519885
7.41 0.459845
7.42 0.392875
7.43 0.320557
7.44 0.244625
7.45 0.166816
7.46 0.0887362
7.47 0.0117596
7.48 -0.0630174
7.49 -0.134778
7.5 -0.202939
7.51 -0.267082
7.52 -0.32687
7.53 -0.381968
7.54 -0.431992
7.55 -0.476474
7.56 -0.514864
7.57 -0.546553
7.58 -0.570921
7.59 -0.587389
7.6 -0.595484
7.61 -0.594899
7.62 -0.585549
7.63 -0.567609
7.64 -0.541546
7.65 -0.508126
7.66 -0.46839
7.67 -0.423612
7.68 -0.375229
7.69 -0.324744
7.7 -0.273625
7.71 -0.223199
7.72 -0.174572
7.73 -0.128574
7.74 -0.0857483
7.75 -0.0463887
7.76 -0.0106141
7.77 0.0215322
7.78 0.049976
7.79 0.0745239
7.8 0.0948112
7.81 0.110301
7.82 0.120333
7.83 0.124225
7.84 0.121391
7.85 0.111474
7.86 0.0944505
7.87 0.0706962
7.88 0.0409931
7.89 0.00648123
7.9 -0.0314397
7.91 -0.0712396
7.92 -0.111396
7.93 -0.150517
7.94 -0.187433
7.95 -0.22124
7.96 -0.2513
7.97 -0.277201
7.98 -0.29869
7.99 -0.315597
8 -0.327761
8.01 -0.334976
8.02 -0.336967
8.03 -0.333384
8.04 -0.32383
8.05 -0.307901
8.06 -0.285241
8.07 -0.255601
8.08 -0.218893
8.09 -0.175241
8.1 -0.125016
8.11 -0.0688547
8.12 -0.00766191
8.13 0.0574154
8.14 0.125033
8.15 0.19372
8.16 0.261964
8.17 0.328307
8.18 0.391437
8.19 0.45026
8.2 0.503949
8.21 0.551943
8.22 0.593922
8.23 0.629736
8.24 0.659313
8.25 0.682573
8.26 0.699344
8.27 0.70932
8.28 0.712063
8.29 0.707045
8.3 0.693743
8.31 0.67174
8.32 0.640847
8.33 0.601192
8.34 0.553276
8.35 0.497982
8.36 0.436523
8.37 0.370353
8.38 0.301048
8.39 0.230178
8.4 0.159194
8.41 0.089341
8.42 0.0216193
8.43 -0.0432183
8.44 -0.10463
8.45 -0.162224
8.46 -0.215687
8.47 -0.264718
8.48 -0.308981
8.49 -0.348076
8.5 -0.381541
8.51 -0.408878
8.52 -0.429589
8.53 -0.443237
8.54 -0.449492
8.55 -0.44819
8.56 -0.439378
8.57 -0.423338
8.58 -0.400609
8.59 -0.371978
8.6 -0.338457
8.61 -0.301233
8.62 -0.261604
8.63 -0.220902
8.64 -0.1804
8.65 -0.141239
8.66 -0.10436
8.67 -0.0704666
8.68 -0.0400225
8.69 -0.0132825
8.7 0.00964624
8.71 0.0287249
8.72 0.0439004
8.73 0.0550382
8.74 0.061884
8.75 0.0640658
8.76 0.0611368
8.77 0.0526536
8.78 0.0382751
8.79 0.0178638
8.8 -0.00843185
8.81 -0.0401295
8.82 -0.0764101
8.83 -0.116162
8.84 -0.158067
8.85 -0.200708
8.86 -0.242685
8.87 -0.282723
8.88 -0.319747
8.89 -0.352919
8.9 -0.381644
8.91 -0.405531
8.92 -0.424338
8.93 -0.437907
8.94 -0.446102
8.95 -0.448761
8.96 -0.445672
8.97 -0.436574
8.98 -0.421181
8.99 -0.399218
9 -0.37047
9.01 -0.334838
9.02 -0.292383
9.03 -0.243367
9.04 -0.188276
9.05 -0.127833
9.06 -0.0629827
9.07 0.00513095
9.08 0.075216
9.09 0.145895
9.1 0.215779
9.11 0.283546
9.12 0.348015
9.13 0.408199
9.14 0.463338
9.15 0.512903
9.16 0.556564
9.17 0.594135
9.18 0.625505
9.19 0.650565
9.2 0.669149
9.21 0.681003
9.22 0.685787
9.23 0.683115
9.24 0.672626
9.25 0.65407
9.26 0.627401
9.27 0.592848
9.28 0.550954
9.29 0.502577
9.3 0.44885
9.31 0.391099
9.32 0.330743
9.33 0.269189
9.34 0.20773
9.35 0.147479
9.36 0.0893317
9.37 0.0339623
9.38 -0.0181433
9.39 -0.066637
9.4 -0.111247
9.41 -0.151722
9.42 -0.187787
9.43 -0.219124
9.44 -0.245371
9.45 -0.266142
9.46 -0.281072
9.47 -0.289856
9.48 -0.292302
9.49 -0.288377
9.5 -0.278238
9.51 -0.262257
9.52 -0.241024
9.53 -0.215336
9.54 -0.186168
9.55 -0.154626
9.56 -0.121887
9.57 -0.0891285
9.58 -0.0574617
9.59 -0.0278651
9.6 -0.001137
9.61 0.0221307
9.62 0.041552
9.63 0.0569185
9.64 0.0681492
9.65 0.0752273
9.66 0.0781363
9.67 0.0768081
9.68 0.0710958
9.69 0.0607778
9.7 0.0455937
9.71 0.0253073
9.72 -0.00021488
9.73 -0.0309249
9.74 -0.0665299
9.75 -0.106458
9.76 -0.149861
9.77 -0.195652
9.78 -0.242584
9.79 -0.289337
9.8 -0.334619
9.81 -0.377258
9.82 -0.416258
9.83 -0.450845
9.84 -0.480455
9.85 -0.504717
9.86 -0.523399
9.87 -0.53635
9.88 -0.543454
9.89 -0.544583
9.9 -0.539582
9.91 -0.528264
9.92 -0.510436
9.93 -0.485932
9.94 -0.454656
9.95 -0.416627
9.96 -0.372019
9.97 -0.321195
9.98 -0.264717
9.99 -0.203356
10 -0.138068
10.01 -0.0699688
10.02 -0.000284032
10.03 0.0697066
10.04 0.138735
10.05 0.205607
10.06 0.269262
10.07 0.328816
10.08 0.383581
10.09 0.433065
10.1 0.476947
10.11 0.515028
10.12 0.547182
10.13 0.573292
10.14 0.593211
10.15 0.606737
10.16 0.61362
10.17 0.61359
10.18 0.606422
10.19 0.592
10.2 0.570388
10.21 0.541885
10.22 0.507056
10.23 0.466726
10.24 0.42194
10.25 0.373899
10.26 0.323871
10.27 0.273103
10.28 0.222735
10.29 0.173748
10.3 0.126924
10.31 0.0828509
10.32 0.0419472
10.33 0.00450352
10.34 -0.0292638
10.35 -0.0591645
10.36 -0.0849982
10.37 -0.106536
10.38 -0.12352
10.39 -0.135686
10.4 -0.142796
10.41 -0.144678
10.42 -0.141268
10.43 -0.13265
10.44 -0.119082
10.45 -0.101007
10.46 -0.0790568
10.47 -0.054031
10.48 -0.026868
10.49 0.00140108
10.5 0.0297063
10.51 0.056998
10.52 0.0823044
10.53 0.104783
10.54 0.123755
10.55 0.138727
10.56 0.149382
10.57 0.15556
10.58 0.157211
10.59 0.154349
10.6 0.147
10.61 0.135161
10.62 0.118785
10.63 0.0977816
10.64 0.0720501
10.65 0.0415282
10.66 0.0062544
10.67 -0.0335712
10.68 -0.0775395
10.69 -0.125008
10.7 -0.175109
10.71 -0.226784
10.72 -0.27885
10.73 -0.330073
10.74 -0.379261
10.75 -0.425329
10.76 -0.467359
10.77 -0.504627
10.78 -0.536605
10.79 -0.562936
10.8 -0.583396
10.81 -0.597841
10.82 -0.60617
10.83 -0.608284
10.84 -0.604071
10.85 -0.593409
10.86 -0.576182
10.87 -0.552309
10.88 -0.521789
10.89 -0.48473
10.9 -0.441389
10.91 -0.392195
10.92 -0.337753
10.93 -0.278849
10.94 -0.216424
10.95 -0.151543
10.96 -0.0853534
10.97 -0.0190294
10.98 0.0462807
10.99 0.109509
11 0.169713
11.01 0.226109
11.02 0.278085
11.03 0.3252
11.04 0.367157
11.05 0.403768
11.06 0.434909
11.07 0.460477
11.08 0.480355
11.09 0.494398
11.1 0.502437
11.11 0.504307
11.12 0.499896
11.13 0.489195
11.14 0.472353
11.15 0.449724
11.16 0.421876
11.17 0.389595
11.18 0.353841
11.19 0.315693
11.2 0.276277
11.21 0.236687
11.22 0.197919
11.23 0.160821
11.24 0.126064
11.25 0.094145
11.26 0.0654064
11.27 0.0400733
11.28 0.0182978
11.29 0.000200286
11.3 -0.0140992
11.31 -0.0244654
11.32 -0.0307493
11.33 -0.032805
11.34 -0.030519
11.35 -0.0238453
11.36 -0.012841
11.37 0.00230339
11.38 0.0212432
11.39 0.0434717
11.4 0.0683261
11.41 0.0950069
11.42 0.122611
11.43 0.150172
11.44 0.17671
11.45 0.201286
11.46 0.223041
11.47 0.241246
11.48 0.255322
11.49 0.264855
11.5 0.269589
11.51 0.269406
11.52 0.26429
11.53 0.254283
11.54 0.239452
11.55 0.219856
11.56 0.195532
11.57 0.166501
11.58 0.132793
11.59 0.0944853
11.6 0.051755
11.61 0.00492089
11.62 -0.0455196
11.63 -0.0988756
11.64 -0.154272
11.65 -0.210683
11.66 -0.266989
11.67 -0.322043
11.68 -0.374738
11.69 -0.424075
11.7 -0.469207
11.71 -0.509461
11.72 -0.544341
11.73 -0.573508
11.74 -0.596747
11.75 -0.613921
11.76 -0.624942
11.77 -0.629735
11.78 -0.628225
11.79 -0.62034
11.8 -0.606027
11.81 -0.585275
11.82 -0.558151
11.83 -0.52483
11.84 -0.485624
11.85 -0.440997
11.86 -0.391571
11.87 -0.338121
11.88 -0.281547
11.89 -0.22285
11.9 -0.163083
11.91 -0.103312
11.92 -0.0445606
11.93 0.0122267
11.94 0.0662262
11.95 0.116757
11.96 0.16329
11.97 0.205443
11.98 0.242963
11.99 0.275688
12 0.303518
12.01 0.326381
12.02 0.344202
12.03 0.356896
12.04 0.364374
12.05 0.366565
12.06 0.363453
12.07 0.355121
12.08 0.341787
12.09 0.323842
12.1 0.301855
12.11 0.276567
12.12 0.248857
12.13 0.219694
12.14 0.190071
12.15 0.160942
12.16 0.133169
12.17 0.107473
12.18 0.0844211
12.19 0.0644171
12.2 0.0477265
12.21 0.0345054
12.22 0.024838
12.23 0.0187723
12.24 0.0163462
12.25 0.0176014
12.26 0.0225819
12.27 0.0313197
12.28 0.0438102
12.29 0.0599826
12.3 0.0796702
12.31 0.102587
12.32 0.128311
12.33 0.156285
12.34 0.185818
12.35 0.216116
12.36 0.246306
12.37 0.27548
12.38 0.302735
12.39 0.327219
12.4 0.348171
12.41 0.364949
12.42 0.377057
12.43 0.384146
12.44 0.386008
12.45 0.382561
12.46 0.373814
12.47 0.359837
12.48 0.340731
12.49 0.316606
12.5 0.287566
12.51 0.253721
12.52 0.215202
12.53 0.172197
12.54 0.124985
12.55 0.0739712
12.56 0.0197138
12.57 -0.0370699
12.58 -0.0955132
12.59 -0.154633
12.6 -0.213375
12.61 -0.270676
12.62 -0.325517
12.63 -0.376983
12.64 -0.424294
12.65 -0.466832
12.66 -0.504137
12.67 -0.53589
12.68 -0.561889
12.69 -0.582009
12.7 -0.596175
12.71 -0.604334
12.72 -0.606443
12.73 -0.602474
12.74 -0.592421
12.75 -0.576329
12.76 -0.554316
12.77 -0.526604
12.78 -0.493536
12.79 -0.45559
12.8 -0.413382
12.81 -0.367654
12.82 -0.319251
12.83 -0.269094
12.84 -0.218136
12.85 -0.167326
12.86 -0.117566
12.87 -0.0696727
12.88 -0.0243531
12.89 0.0178171
12.9 0.0563979
12.91 0.091078
12.92 0.121657
12.93 0.148019
12.94 0.170105
12.95 0.187885
12.96 0.201336
12.97 0.210442
12.98 0.215192
12.99 0.2156
13 0.211739
13.01 0.203769
13.02 0.191968
13.03 0.176755
13.04 0.158697
13.05 0.138493
13.06 0.11695
13.07 0.0949352
13.08 0.0733244
13.09 0.0529484
13.1 0.0345453
13.11 0.0187253
13.12 0.00595381
13.13 -0.0034489
13.14 -0.00929165
13.15 -0.0114855
13.16 -0.0100122
13.17 -0.00489386
13.18 0.00382923
13.19 0.0161107
13.2 0.0318972
13.21 0.0511165
13.22 0.0736569
13.23 0.0993431
13.24 0.127912
13.25 0.158996
13.26 0.192107
13.27 0.226646
13.28 0.261904
13.29 0.297094
13.3 0.331372
13.31 0.36388
13.32 0.393782
13.33 0.420299
13.34 0.442747
13.35 0.460559
13.36 0.473301
13.37 0.480675
13.38 0.482512
13.39 0.478755
13.4 0.469435
13.41 0.454641
13.42 0.4345
13.43 0.409157
13.44 0.37877
13.45 0.343513
13.46 0.303592
13.47 0.259272
13.48 0.210903
13.49 0.158947
13.5 0.103995
13.51 0.0467697
13.52 -0.0118889
13.53 -0.0710493
13.54 -0.129732
13.55 -0.186958
13.56 -0.241801
13.57 -0.293428
13.58 -0.341133
13.59 -0.384354
13.6 -0.422673
13.61 -0.455801
13.62 -0.483555
13.63 -0.505827
13.64 -0.522558
13.65 -0.53372
13.66 -0.539301
13.67 -0.539309
13.68 -0.53378
13.69 -0.522804
13.7 -0.506536
13.71 -0.485227
13.72 -0.459238
13.73 -0.429045
13.74 -0.39524
13.75 -0.358521
13.76 -0.319666
13.77 -0.279505
13.78 -0.23889
13.79 -0.19865
13.8 -0.159564
13.81 -0.122326
13.82 -0.0875251
13.83 -0.0556308
13.84 -0.026991
13.85 -0.00183906
13.86 0.0196894
13.87 0.0375351
13.88 0.0516914
13.89 0.0621825
13.9 0.0690492
13.91 0.0723428
13.92 0.0721305
13.93 0.0685106
13.94 0.0616347
13.95 0.0517324
13.96 0.0391342
13.97 0.0242849
13.98 0.00774623
13.99 -0.00981649
14 -0.0276608
14.01 -0.0450057
14.02 -0.0610767
14.03 -0.0751507
14.04 -0.086596
14.05 -0.0949007
14.06 -0.0996867
14.07 -0.100709
14.08 -0.0978434
14.09 -0.0910604
14.1 -0.0804011
14.11 -0.0659508
14.12 -0.047819
14.13 -0.0261299
14.14 -0.00102197
14.15 0.0273418
14.16 0.0587579
14.17 0.0929624
14.18 0.129612
14.19 0.16827
14.2 0.208402
14.21 0.249374
14.22 0.29047
14.23 0.330913
14.24 0.36989
14.25 0.40659
14.26 0.440233
14.27 0.470106
14.28 0.495588
14.29 0.516172
14.3 0.531476
14.31 0.54124
14.32 0.545326
14.33 0.543694
14.34 0.536388
14.35 0.523511
14.36 0.505207
14.37 0.481644
14.38 0.453014
14.39 0.419536
14.4 0.381465
14.41 0.339115
14.42 0.29288
14.43 0.24325
14.44 0.190823
14.45 0.136304
14.46 0.080494
14.47 0.024259
14.48 -0.031503
14.49 -0.085905
14.5 -0.138113
14.51 -0.187384
14.52 -0.23309
14.53 -0.274733
14.54 -0.311945
14.55 -0.344474
14.56 -0.372165
14.57 -0.394935
14.58 -0.41275
14.59 -0.425609
14.6 -0.433532
14.61 -0.436563
14.62 -0.434777
14.63 -0.428297
14.64 -0.417312
14.65 -0.402093
14.66 -0.383005
14.67 -0.360513
14.68 -0.335178
14.69 -0.307644
14.7 -0.278618
14.71 -0.248838
14.72 -0.219051
14.73 -0.189972
14.74 -0.162259
14.75 -0.136488
14.76 -0.113133
14.77 -0.0925609
14.78 -0.0750254
14.79 -0.0606793
14.8 -0.0495873
14.81 -0.0417448
14.82 -0.037098
14.83 -0.0355607
14.84 -0.0370261
14.85 -0.0413712
14.86 -0.0484524
14.87 -0.0580937
14.88 -0.0700695
14.89 -0.0840866
14.9 -0.0997685
14.91 -0.116646
14.92 -0.13416
14.93 -0.151674
14.94 -0.168499
14.95 -0.183925
14.96 -0.197262
14.97 -0.207879
14.98 -0.215232
14.99 -0.218893
15 -0.218555
15.01 -0.214037
15.02 -0.205269
15.03 -0.192273
15.04 -0.175138
15.05 -0.154001
15.06 -0.129028
15.07 -0.100408
15.08 -0.0683482
15.09 -0.033085
15.1 0.00510419
15.11 0.0458853
15.12 0.0888534
15.13 0.133523
15.14 0.179323
15.15 0.225604
15.16 0.271652
15.17 0.316708
15.18 0.359992
15.19 0.40074
15.2 0.438226
15.21 0.471794
15.22 0.500881
15.23 0.525031
15.24 0.543903
15.25 0.557272
15.26 0.565019
15.27 0.56712
15.28 0.563627
15.29 0.554648
15.3 0.540337
15.31 0.520876
15.32 0.496478
15.33 0.467384
15.34 0.43388
15.35 0.396304
15.36 0.355069
15.37 0.310669
15.38 0.263688
15.39 0.214797
15.4 0.164739
15.41 0.114306
15.42 0.0643068
15.43 0.0155307
15.44 -0.0312875
15.45 -0.0754974
15.46 -0.116556
15.47 -0.154036
15.48 -0.187627
15.49 -0.217127
15.5 -0.242417
15.51 -0.26345
15.52 -0.280223
15.53 -0.292769
15.54 -0.301143
15.55 -0.305426
15.56 -0.305732
15.57 -0.302217
15.58 -0.295096
15.59 -0.284657
15.6 -0.271264
15.61 -0.255368
15.62 -0.237494
15.63 -0.218231
15.64 -0.198214
15.65 -0.178096
15.66 -0.158519
15.67 -0.140093
15.68 -0.123363
15.69 -0.108793
15.7 -0.0967515
15.71 -0.0875046
15.72 -0.081218
15.73 -0.0779642
15.74 -0.0777361
15.75 -0.0804632
15.76 -0.0860282
15.77 -0.0942808
15.78 -0.105048
15.79 -0.118136
15.8 -0.133329
15.81 -0.15038
15.82 -0.168994
15.83 -0.188823
15.84 -0.209447
15.85 -0.230377
15.86 -0.251053
15.87 -0.27086
15.88 -0.289154
15.89 -0.305283
15.9 -0.318628
15.91 -0.32863
15.92 -0.334817
15.93 -0.336827
15.94 -0.334412
15.95 -0.327441
15.96 -0.315885
15.97 -0.299803
15.98 -0.279321
15.99 -0.254615
16 -0.225892
16.01 -0.193388
16.02 -0.157362
16.03 -0.118105
16.04 -0.0759475
16.05 -0.0312727
16.06 0.0154727
16.07 0.0637724
16.08 0.11304
16.09 0.162624
16.1 0.211824
16.11 0.259908
16.12 0.306139
16.13 0.3498
16.14 0.390222
16.15 0.426804
16.16 0.459036
16.17 0.486509
16.18 0.508922
16.19 0.526077
16.2 0.537877
16.21 0.544308
16.22 0.545428
16.23 0.541349
16.24 0.532228
16.25 0.518254
16.26 0.499647
16.27 0.476662
16.28 0.449593
16.29 0.418788
16.3 0.384656
16.31 0.347678
16.32 0.308408
16.33 0.267465
16.34 0.225527
16.35 0.183301
16.36 0.1415
16.37 0.100811
16.38 0.0618681
16.39 0.0252221
16.4 -0.00867264
16.41 -0.0394678
16.42 -0.06692
16.43 -0.090881
16.44 -0.111283
16.45 -0.128119
16.46 -0.141428
16.47 -0.151283
16.48 -0.157781
16.49 -0.161042
16.5 -0.161219
16.51 -0.158503
16.52 -0.153135
16.53 -0.145416
16.54 -0.135714
16.55 -0.12446
16.56 -0.112149
16.57 -0.0993174
16.58 -0.0865339
16.59 -0.0743699
16.6 -0.0633783
16.61 -0.0540684
16.62 -0.0468853
16.63 -0.0421929
16.64 -0.0402636
16.65 -0.0412741
16.66 -0.0453082
16.67 -0.0523641
16.68 -0.0623672
16.69 -0.0751839
16.7 -0.0906359
16.71 -0.108512
16.72 -0.128576
16.73 -0.150571
16.74 -0.174215
16.75 -0.199195
16.76 -0.22516
16.77 -0.251711
16.78 -0.278394
16.79 -0.3047
16.8 -0.33007
16.81 -0.353908
16.82 -0.375603
16.83 -0.394554
16.84 -0.410195
16.85 -0.422028
16.86 -0.429638
16.87 -0.432714
16.88 -0.431053
16.89 -0.424559
16.9 -0.413233
16.91 -0.397159
16.92 -0.376486
16.93 -0.351413
16.94 -0.322175
16.95 -0.289036
16.96 -0.252289
16.97 -0.212259
16.98 -0.169309
16.99 -0.123851
17 -0.0763514
17.01 -0.0273374
17.02 0.022606
17.03 0.0728432
17.04 0.122701
17.05 0.171487
17.06 0.218514
17.07 0.263121
17.08 0.304694
17.09 0.342695
17.1 0.376664
17.11 0.406243
17.12 0.431167
17.13 0.451271
17.14 0.466476
17.15 0.476782
17.16 0.482253
17.17 0.483006
17.18 0.479199
17.19 0.471021
17.2 0.458697
17.21 0.442482
17.22 0.422671
17.23 0.399606
17.24 0.37368
17.25 0.345348
17.26 0.315118
17.27 0.283555
17.28 0.251258
17.29 0.218848
17.3 0.186938
17.31 0.156112
17.32 0.126898
17.33 0.0997483
17.34 0.0750243
17.35 0.0529914
17.36 0.0338206
17.37 0.0175968
17.38 0.0043328
17.39 -0.00601593
17.4 -0.0135362
17.41 -0.018346
17.42 -0.0205877
17.43 -0.0204275
17.44 -0.0180583
17.45 -0.013707
17.46 -0.00764254
17.47 -0.000182516
17.48 0.00830331
17.49 0.0173944
17.5 0.0266268
17.51 0.0355053
17.52 0.0435213
17.53 0.0501729
17.54 0.0549866
17.55 0.0575377
17.56 0.057468
17.57 0.0544997
17.58 0.0484424
17.59 0.0391964
17.6 0.0267484
17.61 0.0111643
17.62 -0.00742229
17.63 -0.0288225
17.64 -0.0528046
17.65 -0.0791041
17.66 -0.107431
17.67 -0.137472
17.68 -0.16889
17.69 -0.20132
17.7 -0.234364
17.71 -0.267582
17.72 -0.300494
17.73 -0.332577
17.74 -0.363274
17.75 -0.392008
17.76 -0.418197
17.77 -0.44128
17.78 -0.46074
17.79 -0.476124
17.8 -0.487064
17.81 -0.493288
17.82 -0.494625
17.83 -0.491005
17.84 -0.482447
17.85 -0.469048
17.86 -0.450968
17.87 -0.428416
17.88 -0.40164
17.89 -0.370918
17.9 -0.336557
17.91 -0.298897
17.92 -0.258314
17.93 -0.215229
17.94 -0.170108
17.95 -0.12347
17.96 -0.0758804
17.97 -0.0279434
17.98 0.0197099
17.99 0.0664393
18 0.111615
18.01 0.15464
18.02 0.194966
18.03 0.232116
18.04 0.265691
18.05 0.295381
18.06 0.320966
18.07 0.342313
18.08 0.359369
18.09 0.372151
18.1 0.380733
18.11 0.38524
18.12 0.38583
18.13 0.382698
18.14 0.376066
18.15 0.366188
18.16 0.353353
18.17 0.337888
18.18 0.320165
18.19 0.300602
18.2 0.279662
18.21 0.257843
18.22 0.235669
18.23 0.213671
18.24 0.192365
18.25 0.172231
18.26 0.153697
18.27 0.137114
18.28 0.122753
18.29 0.110793
18.3 0.101332
18.31 0.0943863
18.32 0.0899099
18.33 0.0878026
18.34 0.0879254
18.35 0.09011
18.36 0.0941651
18.37 0.099878
18.38 0.107012
18.39 0.115304
18.4 0.124454
18.41 0.134126
18.42 0.143945
18.43 0.153497
18.44 0.162339
18.45 0.170012
18.46 0.176056
18.47 0.180026
18.48 0.181514
18.49 0.180165
18.5 0.175692
18.51 0.167886
18.52 0.156625
18.53 0.141869
18.54 0.123662
18.55 0.102121
18.56 0.0774263
18.57 0.0498102
18.58 0.0195465
18.59 -0.0130584
18.6 -0.0476726
18.61 -0.0839407
18.62 -0.121484
18.63 -0.159899
18.64 -0.198752
18.65 -0.237577
18.66 -0.275878
18.67 -0.313126
18.68 -0.348772
18.69 -0.382259
18.7 -0.413034
18.71 -0.440574
18.72 -0.464402
18.73 -0.484105
18.74 -0.499353
18.75 -0.509906
18.76 -0.515618
18.77 -0.516433
18.78 -0.512383
18.79 -0.503567
18.8 -0.490149
18.81 -0.472336
18.82 -0.450377
18.83 -0.424549
18.84 -0.39516
18.85 -0.362548
18.86 -0.327086
18.87 -0.289182
18.88 -0.249288
18.89 -0.207897
18.9 -0.165538
18.91 -0.12277
18.92 -0.080168
18.93 -0.0383107
18.94 0.00224145
18.95 0.040962
18.96 0.0773757
18.97 0.111073
18.98 0.141719
18.99 0.169061
19 0.192927
19.01 0.213224
19.02 0.22993
19.03 0.243085
19.04 0.252782
19.05 0.259153
19.06 0.26237
19.07 0.262628
19.08 0.260153
19.09 0.255197
19.1 0.248039
19.11 0.238993
19.12 0.228406
19.13 0.216658
19.14 0.204164
19.15 0.19136
19.16 0.178693
19.17 0.166611
19.18 0.155537
19.19 0.145855
19.2 0.137894
19.21 0.131914
19.22 0.128095
19.23 0.126537
19.24 0.127262
19.25 0.130223
19.26 0.135311
19.27 0.14237
19.28 0.151209
19.29 0.161606
19.3 0.173323
19.31 0.1861
19.32 0.199656
19.33 0.21369
19.34 0.227873
19.35 0.241848
19.36 0.25523
19.37 0.267608
19.38 0.278555
19.39 0.287639
19.4 0.294436
19.41 0.298547
19.42 0.299614
19.43 0.297338
19.44 0.291487
19.45 0.281905
19.46 0.268518
19.47 0.251335
19.48 0.230439
19.49 0.205983
19.5 0.178179
19.51 0.14729
19.52 0.113618
19.53 0.0774949
19.54 0.0392813
19.55 -0.000640955
19.56 -0.0418678
19.57 -0.0839721
19.58 -0.126502
19.59 -0.16898
19.6 -0.210905
19.61 -0.251755
19.62 -0.290997
19.63 -0.328097
19.64 -0.362538
19.65 -0.393831
19.66 -0.421539
19.67 -0.445288
19.68 -0.464782
19.69 -0.479808
19.7 -0.490239
19.71 -0.496034
19.72 -0.497228
19.73 -0.493922
19.74 -0.486273
19.75 -0.474484
19.76 -0.458792
19.77 -0.439466
19.78 -0.416802
19.79 -0.391124
19.8 -0.362787
19.81 -0.332176
19.82 -0.299713
19.83 -0.26585
19.84 -0.231068
19.85 -0.19587
19.86 -0.160765
19.87 -0.12626
19.88 -0.0928377
19.89 -0.0609476
19.9 -0.0309866
19.91 -0.00328992
19.92 0.0218776
19.93 0.044325
19.94 0.0639353
19.95 0.0806616
19.96 0.09452
19.97 0.105581
19.98 0.113962
19.99 0.119815
20 0.123324
