0.01 -1.53915e-06
0.02 -9.2271e-06
0.03 -2.91824e-05
0.04 -6.74622e-05
0.05 -0.000130023
0.06 -0.000222656
0.07 -0.000350892
0.08 -0.000519845
0.09 -0.000734011
0.1 -0.000997
0.11 -0.00131124
0.12 -0.00167771
0.13 -0.00209567
0.14 -0.00256252
0.15 -0.00307382
0.16 -0.00362344
0.17 -0.00420381
0.18 -0.00480634
0.19 -0.00542192
0.2 -0.00604128
0.21 -0.00665539
0.22 -0.00725566
0.23 -0.00783402
0.24 -0.00838282
0.25 -0.00889468
0.26 -0.00936225
0.27 -0.00977808
0.28 -0.0101345
0.29 -0.0104237
0.3 -0.0106381
0.31 -0.0107703
0.32 -0.0108139
0.33 -0.0107639
0.34 -0.0106169
0.35 -0.0103712
0.36 -0.0100274
0.37 -0.00958792
0.38 -0.00905718
0.39 -0.00844103
0.4 -0.0077466
0.41 -0.006982
0.42 -0.006156
0.43 -0.00527782
0.44 -0.00435701
0.45 -0.00340327
0.46 -0.00242646
0.47 -0.00143646
0.48 -0.000443199
0.49 0.000543405
0.5 0.00151351
0.51 0.00245736
0.52 0.00336542
0.53 0.00422838
0.54 0.00503734
0.55 0.00578394
0.56 0.00646061
0.57 0.00706077
0.58 0.00757914
0.59 0.008012
0.6 0.00835739
0.61 0.00861524
0.62 0.00878736
0.63 0.00887731
0.64 0.00889013
0.65 0.00883198
0.66 0.00870973
0.67 0.00853056
0.68 0.00830168
0.69 0.00803007
0.7 0.00772249
0.71 0.00738547
0.72 0.00702553
0.73 0.00664931
0.74 0.00626373
0.75 0.00587605
0.76 0.00549379
0.77 0.00512453
0.78 0.0047756
0.79 0.0044537
0.8 0.00416446
0.81 0.00391216
0.82 0.00369947
0.83 0.00352732
0.84 0.00339498
0.85 0.00330017
0.86 0.00323933
0.87 0.0032079
0.88 0.00320061
0.89 0.00321171
0.9 0.00323522
0.91 0.00326502
0.92 0.00329499
0.93 0.00331904
0.94 0.00333118
0.95 0.00332548
0.96 0.00329615
0.97 0.00323758
0.98 0.0031443
0.99 0.00301115
1 0.00283328
1.01 0.00260627
1.02 0.00232632
1.03 0.00199039
1.04 0.00159643
1.05 0.00114361
1.06 0.000632536
1.07 6.53844e-05
1.08 -0.000553991
1.09 -0.00122011
1.1 -0.001926
1.11 -0.00266349
1.12 -0.00342353
1.13 -0.00419661
1.14 -0.00497309
1.15 -0.00574353
1.16 -0.00649889
1.17 -0.00723056
1.18 -0.00793038
1.19 -0.00859047
1.2 -0.00920315
1.21 -0.00976074
1.22 -0.0102556
1.23 -0.0106802
1.24 -0.0110271
1.25 -0.0112898
1.26 -0.0114624
1.27 -0.0115403
1.28 -0.0115206
1.29 -0.0114021
1.3 -0.0111856
1.31 -0.0108735
1.32 -0.0104701
1.33 -0.00998109
1.34 -0.0094132
1.35 -0.00877411
1.36 -0.00807212
1.37 -0.0073159
1.38 -0.0065144
1.39 -0.00567669
1.4 -0.00481193
1.41 -0.00392931
1.42 -0.003038
1.43 -0.00214714
1.44 -0.00126578
1.45 -0.000402813
1.46 0.000433094
1.47 0.00123361
1.48 0.00199085
1.49 0.00269757
1.5 0.00334731
1.51 0.00393462
1.52 0.00445529
1.53 0.00490653
1.54 0.00528711
1.55 0.00559743
1.56 0.00583949
1.57 0.00601676
1.58 0.00613392
1.59 0.00619656
1.6 0.00621083
1.61 0.00618313
1.62 0.00611983
1.63 0.00602708
1.64 0.00591079
1.65 0.00577662
1.66 0.00563012
1.67 0.00547681
1.68 0.00532233
1.69 0.00517246
1.7 0.00503301
1.71 0.00490971
1.72 0.0048079
1.73 0.00473224
1.74 0.00468638
1.75 0.00467269
1.76 0.00469207
1.77 0.00474389
1.78 0.00482602
1.79 0.00493498
1.8 0.00506618
1.81 0.00521417
1.82 0.00537294
1.83 0.0055361
1.84 0.00569716
1.85 0.0058496
1.86 0.00598701
1.87 0.00610311
1.88 0.00619184
1.89 0.00624731
1.9 0.00626389
1.91 0.00623621
1.92 0.00615923
1.93 0.00602829
1.94 0.00583922
1.95 0.00558842
1.96 0.00527303
1.97 0.00489111
1.98 0.00444173
1.99 0.00392523
2 0.00334332
2.01 0.00269921
2.02 0.0019976
2.03 0.00124465
2.04 0.000447829
2.05 -0.000384359
2.06 -0.00124266
2.07 -0.0021174
2.08 -0.00299881
2.09 -0.00387729
2.1 -0.00474357
2.11 -0.0055888
2.12 -0.00640453
2.13 -0.00718265
2.14 -0.00791528
2.15 -0.00859473
2.16 -0.00921345
2.17 -0.00976412
2.18 -0.0102398
2.19 -0.0106344
2.2 -0.0109423
2.21 -0.0111597
2.22 -0.0112838
2.23 -0.0113137
2.24 -0.0112501
2.25 -0.0110954
2.26 -0.0108536
2.27 -0.0105298
2.28 -0.0101303
2.29 -0.00966215
2.3 -0.00913282
2.31 -0.00855024
2.32 -0.00792248
2.33 -0.00725775
2.34 -0.00656424
2.35 -0.00585015
2.36 -0.00512366
2.37 -0.00439282
2.38 -0.00366559
2.39 -0.00294972
2.4 -0.0022527
2.41 -0.00158163
2.42 -0.000943117
2.43 -0.000343116
2.44 0.000213227
2.45 0.00072174
2.46 0.0011794
2.47 0.00158445
2.48 0.00193651
2.49 0.00223661
2.5 0.0024871
2.51 0.00269153
2.52 0.00285444
2.53 0.00298107
2.54 0.00307707
2.55 0.00314825
2.56 0.00320031
2.57 0.00323872
2.58 0.00326866
2.59 0.003295
2.6 0.00332239
2.61 0.00335536
2.62 0.00339836
2.63 0.00345578
2.64 0.00353192
2.65 0.00363079
2.66 0.00375592
2.67 0.00391013
2.68 0.00409524
2.69 0.00431186
2.7 0.00455928
2.71 0.00483538
2.72 0.00513672
2.73 0.00545868
2.74 0.00579567
2.75 0.00614135
2.76 0.00648896
2.77 0.00683146
2.78 0.00716178
2.79 0.00747291
2.8 0.00775806
2.81 0.00801064
2.82 0.00822437
2.83 0.00839326
2.84 0.00851164
2.85 0.00857423
2.86 0.00857617
2.87 0.0085131
2.88 0.00838125
2.89 0.00817756
2.9 0.00789978
2.91 0.00754665
2.92 0.00711799
2.93 0.00661488
2.94 0.00603969
2.95 0.00539621
2.96 0.00468959
2.97 0.0039263
2.98 0.00311394
2.99 0.002261
3 0.00137666
3.01 0.000470437
3.02 -0.000448065
3.03 -0.00136937
3.04 -0.00228431
3.05 -0.00318407
3.06 -0.00406025
3.07 -0.00490477
3.08 -0.00570986
3.09 -0.006468
3.1 -0.0071719
3.11 -0.00781465
3.12 -0.00838978
3.13 -0.00889154
3.14 -0.00931507
3.15 -0.00965671
3.16 -0.00991413
3.17 -0.0100865
3.18 -0.0101746
3.19 -0.0101805
3.2 -0.0101078
3.21 -0.00996114
3.22 -0.00974612
3.23 -0.00946897
3.24 -0.00913638
3.25 -0.00875529
3.26 -0.0083328
3.27 -0.00787602
3.28 -0.00739206
3.29 -0.00688793
3.3 -0.00637059
3.31 -0.00584684
3.32 -0.00532332
3.33 -0.00480644
3.34 -0.00430228
3.35 -0.00381651
3.36 -0.00335427
3.37 -0.00292007
3.38 -0.00251758
3.39 -0.00214957
3.4 -0.00181778
3.41 -0.00152277
3.42 -0.00126394
3.43 -0.00103951
3.44 -0.00084658
3.45 -0.000681306
3.46 -0.000539072
3.47 -0.000414741
3.48 -0.000302903
3.49 -0.000198117
3.5 -9.51009e-05
3.51 1.11327e-05
3.52 0.000125212
3.53 0.000251407
3.54 0.000393665
3.55 0.000555676
3.56 0.000740909
3.57 0.000952616
3.58 0.00119377
3.59 0.00146696
3.6 0.00177418
3.61 0.00211666
3.62 0.00249466
3.63 0.00290731
3.64 0.00335247
3.65 0.00382676
3.66 0.00432563
3.67 0.00484344
3.68 0.00537372
3.69 0.00590941
3.7 0.00644302
3.71 0.00696695
3.72 0.00747356
3.73 0.00795542
3.74 0.00840529
3.75 0.00881627
3.76 0.00918179
3.77 0.00949567
3.78 0.00975212
3.79 0.00994581
3.8 0.0100719
3.81 0.0101262
3.82 0.0101051
3.83 0.0100058
3.84 0.00982647
3.85 0.0095661
3.86 0.00922493
3.87 0.0088044
3.88 0.00830716
3.89 0.0077372
3.9 0.00709973
3.91 0.00640114
3.92 0.00564881
3.93 0.00485092
3.94 0.00401623
3.95 0.0031538
3.96 0.00227275
3.97 0.0013821
3.98 0.000490608
3.99 -0.000393315
4 -0.00126162
4.01 -0.00210661
4.02 -0.0029209
4.03 -0.0036974
4.04 -0.00442938
4.05 -0.00511044
4.06 -0.00573477
4.07 -0.00629719
4.08 -0.00679344
4.09 -0.00722032
4.1 -0.00757588
4.11 -0.00785949
4.12 -0.00807186
4.13 -0.00821499
4.14 -0.00829208
4.15 -0.00830725
4.16 -0.00826542
4.17 -0.00817206
4.18 -0.00803296
4.19 -0.00785411
4.2 -0.00764155
4.21 -0.00740129
4.22 -0.00713924
4.23 -0.0068612
4.24 -0.0065728
4.25 -0.00627949
4.26 -0.0059865
4.27 -0.00569875
4.28 -0.00542083
4.29 -0.00515688
4.3 -0.00491046
4.31 -0.00468452
4.32 -0.00448119
4.33 -0.00430178
4.34 -0.00414661
4.35 -0.00401501
4.36 -0.00390528
4.37 -0.00381474
4.38 -0.00373981
4.39 -0.00367615
4.4 -0.00361885
4.41 -0.00356265
4.42 -0.00350214
4.43 -0.00343199
4.44 -0.0033471
4.45 -0.00324273
4.46 -0.00311456
4.47 -0.00295871
4.48 -0.0027717
4.49 -0.00255042
4.5 -0.00229214
4.51 -0.00199447
4.52 -0.00165542
4.53 -0.00127354
4.54 -0.000848018
4.55 -0.000378853
4.56 0.000132986
4.57 0.000685445
4.58 0.00127531
4.59 0.00189823
4.6 0.00254877
4.61 0.00322054
4.62 0.00390644
4.63 0.00459882
4.64 0.00528971
4.65 0.00597105
4.66 0.00663482
4.67 0.00727322
4.68 0.0078787
4.69 0.00844407
4.7 0.00896256
4.71 0.00942777
4.72 0.00983379
4.73 0.0101752
4.74 0.0104472
4.75 0.0106455
4.76 0.0107666
4.77 0.0108079
4.78 0.0107675
4.79 0.0106447
4.8 0.0104398
4.81 0.0101542
4.82 0.00979061
4.83 0.00935288
4.84 0.00884595
4.85 0.00827583
4.86 0.00764939
4.87 0.00697419
4.88 0.00625829
4.89 0.00550999
4.9 0.00473765
4.91 0.00394953
4.92 0.00315364
4.93 0.00235769
4.94 0.00156903
4.95 0.000794669
4.96 4.12949e-05
4.97 -0.000684748
4.98 -0.00137747
4.99 -0.0020313
5 -0.0026412
5.01 -0.00320281
5.02 -0.00371257
5.03 -0.00416792
5.04 -0.00456738
5.05 -0.00491065
5.06 -0.00519857
5.07 -0.0054331
5.08 -0.00561718
5.09 -0.00575454
5.1 -0.00584955
5.11 -0.00590698
5.12 -0.00593184
5.13 -0.00592924
5.14 -0.00590423
5.15 -0.00586177
5.16 -0.00580665
5.17 -0.00574346
5.18 -0.00567655
5.19 -0.00561003
5.2 -0.00554773
5.21 -0.00549312
5.22 -0.00544927
5.23 -0.00541878
5.24 -0.00540367
5.25 -0.0054053
5.26 -0.00542429
5.27 -0.00546045
5.28 -0.00551273
5.29 -0.00557917
5.3 -0.00565694
5.31 -0.00574239
5.32 -0.00583114
5.33 -0.00591826
5.34 -0.00599835
5.35 -0.00606586
5.36 -0.00611517
5.37 -0.00614084
5.38 -0.00613775
5.39 -0.00610117
5.4 -0.00602687
5.41 -0.0059111
5.42 -0.00575063
5.43 -0.00554267
5.44 -0.00528493
5.45 -0.00497556
5.46 -0.00461327
5.47 -0.00419735
5.48 -0.00372781
5.49 -0.00320551
5.5 -0.00263225
5.51 -0.0020109
5.52 -0.00134537
5.53 -0.000640667
5.54 9.72443e-05
5.55 0.000861551
5.56 0.00164478
5.57 0.00243898
5.58 0.00323597
5.59 0.00402746
5.6 0.00480528
5.61 0.00556143
5.62 0.00628827
5.63 0.00697846
5.64 0.00762513
5.65 0.00822182
5.66 0.00876257
5.67 0.00924194
5.68 0.00965507
5.69 0.00999777
5.7 0.0102665
5.71 0.0104588
5.72 0.0105726
5.73 0.0106073
5.74 0.0105632
5.75 0.0104415
5.76 0.0102446
5.77 0.00997616
5.78 0.00964051
5.79 0.00924309
5.8 0.00879005
5.81 0.0082881
5.82 0.00774438
5.83 0.00716621
5.84 0.00656096
5.85 0.00593586
5.86 0.00529794
5.87 0.0046539
5.88 0.00401013
5.89 0.00337268
5.9 0.00274725
5.91 0.00213918
5.92 0.00155346
5.93 0.000994634
5.94 0.000466726
5.95 -2.68689e-05
5.96 -0.000483513
5.97 -0.000901435
5.98 -0.00127982
5.99 -0.00161885
6 -0.00191969
6.01 -0.00218443
6.02 -0.00241594
6.03 -0.00261776
6.04 -0.00279388
6.05 -0.00294856
6.06 -0.00308621
6.07 -0.00321121
6.08 -0.00332781
6.09 -0.00344008
6.1 -0.00355182
6.11 -0.00366655
6.12 -0.00378752
6.13 -0.00391761
6.14 -0.00405936
6.15 -0.00421492
6.16 -0.00438598
6.17 -0.00457368
6.18 -0.00477861
6.19 -0.00500068
6.2 -0.00523908
6.21 -0.00549225
6.22 -0.0057578
6.23 -0.0060326
6.24 -0.0063127
6.25 -0.00659352
6.26 -0.00686986
6.27 -0.0071361
6.28 -0.00738635
6.29 -0.00761458
6.3 -0.00781489
6.31 -0.00798156
6.32 -0.00810926
6.33 -0.00819314
6.34 -0.00822884
6.35 -0.00821259
6.36 -0.00814114
6.37 -0.00801181
6.38 -0.00782247
6.39 -0.00757156
6.4 -0.00725811
6.41 -0.00688183
6.42 -0.0064432
6.43 -0.00594355
6.44 -0.00538514
6.45 -0.00477124
6.46 -0.00410611
6.47 -0.00339502
6.48 -0.00264411
6.49 -0.00186028
6.5 -0.00105104
6.51 -0.000224285
6.52 0.00061184
6.53 0.00144916
6.54 0.00227959
6.55 0.00309526
6.56 0.00388861
6.57 0.00465245
6.58 0.00538
6.59 0.00606492
6.6 0.00670137
6.61 0.00728402
6.62 0.00780813
6.63 0.00826962
6.64 0.00866509
6.65 0.00899194
6.66 0.00924843
6.67 0.00943372
6.68 0.00954794
6.69 0.0095922
6.7 0.0095686
6.71 0.00948017
6.72 0.00933081
6.73 0.00912517
6.74 0.00886857
6.75 0.00856676
6.76 0.00822583
6.77 0.00785199
6.78 0.00745145
6.79 0.00703027
6.8 0.0065943
6.81 0.00614908
6.82 0.00569981
6.83 0.00525135
6.84 0.00480823
6.85 0.0043746
6.86 0.00395422
6.87 0.00355043
6.88 0.00316607
6.89 0.00280339
6.9 0.00246395
6.91 0.00214856
6.92 0.00185719
6.93 0.00158899
6.94 0.00134227
6.95 0.00111463
6.96 0.000903013
6.97 0.00070389
6.98 0.000513411
6.99 0.000327568
7 0.000142346
7.01 -4.61524e-05
7.02 -0.000241606
7.03 -0.000447407
7.04 -0.000666617
7.05 -0.000901933
7.06 -0.00115567
7.07 -0.00142975
7.08 -0.00172564
7.09 -0.00204438
7.1 -0.00238647
7.11 -0.00275186
7.12 -0.00313989
7.13 -0.00354924
7.14 -0.00397788
7.15 -0.00442305
7.16 -0.00488125
7.17 -0.00534828
7.18 -0.00581926
7.19 -0.00628875
7.2 -0.00675083
7.21 -0.00719926
7.22 -0.0076276
7.23 -0.00802943
7.24 -0.00839843
7.25 -0.00872861
7.26 -0.00901435
7.27 -0.00925054
7.28 -0.00943263
7.29 -0.00955665
7.3 -0.00961921
7.31 -0.00961755
7.32 -0.00954951
7.33 -0.00941353
7.34 -0.00920875
7.35 -0.00893499
7.36 -0.00859287
7.37 -0.00818386
7.38 -0.00771032
7.39 -0.00717558
7.4 -0.00658389
7.41 -0.00594042
7.42 -0.00525114
7.43 -0.00452271
7.44 -0.00376231
7.45 -0.0029775
7.46 -0.00217601
7.47 -0.00136562
7.48 -0.000553998
7.49 0.000251397
7.5 0.0010434
7.51 0.00181522
7.52 0.00256043
7.53 0.00327308
7.54 0.00394765
7.55 0.00457917
7.56 0.00516318
7.57 0.00569588
7.58 0.00617411
7.59 0.00659545
7.6 0.00695825
7.61 0.00726172
7.62 0.00750592
7.63 0.00769179
7.64 0.00782109
7.65 0.00789642
7.66 0.0079211
7.67 0.00789907
7.68 0.00783476
7.69 0.00773298
7.7 0.00759875
7.71 0.00743713
7.72 0.00725316
7.73 0.00705165
7.74 0.00683721
7.75 0.00661411
7.76 0.00638628
7.77 0.0061573
7.78 0.00593038
7.79 0.00570836
7.8 0.00549369
7.81 0.00528838
7.82 0.00509396
7.83 0.00491142
7.84 0.00474113
7.85 0.00458281
7.86 0.00443545
7.87 0.00429738
7.88 0.00416622
7.89 0.00403904
7.9 0.00391243
7.91 0.00378262
7.92 0.00364569
7.93 0.00349764
7.94 0.00333459
7.95 0.00315287
7.96 0.00294913
7.97 0.00272036
7.98 0.00246398
7.99 0.00217784
8 0.00186027
8.01 0.00151004
8.02 0.00112645
8.03 0.000709294
8.04 0.000258953
8.05 -0.000223612
8.06 -0.000736799
8.07 -0.00127834
8.08 -0.00184526
8.09 -0.00243389
8.1 -0.00303989
8.11 -0.00365823
8.12 -0.00428334
8.13 -0.00490912
8.14 -0.00552909
8.15 -0.00613653
8.16 -0.00672462
8.17 -0.00728655
8.18 -0.00781573
8.19 -0.00830588
8.2 -0.00875112
8.21 -0.00914612
8.22 -0.00948607
8.23 -0.00976679
8.24 -0.00998468
8.25 -0.0101368
8.26 -0.0102208
8.27 -0.0102351
8.28 -0.0101786
8.29 -0.0100511
8.3 -0.00985311
8.31 -0.00958596
8.32 -0.00925185
8.33 -0.00885388
8.34 -0.008396
8.35 -0.00788297
8.36 -0.0073203
8.37 -0.00671409
8.38 -0.00607093
8.39 -0.0053977
8.4 -0.00470145
8.41 -0.00398926
8.42 -0.00326808
8.43 -0.00254467
8.44 -0.00182549
8.45 -0.00111669
8.46 -0.000423996
8.47 0.000247236
8.48 0.000892116
8.49 0.00150623
8.5 0.00208567
8.51 0.00262711
8.52 0.00312783
8.53 0.00358577
8.54 0.00399957
8.55 0.00436861
8.56 0.00469302
8.57 0.00497367
8.58 0.00521215
8.59 0.00541072
8.6 0.00557222
8.61 0.00569996
8.62 0.00579764
8.63 0.00586919
8.64 0.00591864
8.65 0.00595001
8.66 0.00596721
8.67 0.0059739
8.68 0.00597345
8.69 0.00596891
8.7 0.00596294
8.71 0.00595784
8.72 0.00595552
8.73 0.00595749
8.74 0.00596485
8.75 0.00597828
8.76 0.005998
8.77 0.00602368
8.78 0.00605449
8.79 0.00608897
8.8 0.0061251
8.81 0.00616024
8.82 0.00619126
8.83 0.00621455
8.84 0.00622616
8.85 0.00622196
8.86 0.0061977
8.87 0.00614922
8.88 0.00607254
8.89 0.00596398
8.9 0.00582025
8.91 0.00563847
8.92 0.00541626
8.93 0.00515175
8.94 0.00484358
8.95 0.00449095
8.96 0.00409358
8.97 0.00365179
8.98 0.0031665
8.99 0.00263926
9 0.00207227
9.01 0.0014684
9.02 0.000831222
9.03 0.000164967
9.04 -0.000525473
9.05 -0.00123461
9.06 -0.00195641
9.07 -0.00268444
9.08 -0.0034119
9.09 -0.00413182
9.1 -0.00483718
9.11 -0.00552101
9.12 -0.00617657
9.13 -0.00679743
9.14 -0.0073776
9.15 -0.00791157
9.16 -0.00839441
9.17 -0.00882174
9.18 -0.00918981
9.19 -0.00949548
9.2 -0.00973627
9.21 -0.0099103
9.22 -0.0100164
9.23 -0.0100541
9.24 -0.0100237
9.25 -0.00992628
9.26 -0.00976362
9.27 -0.00953842
9.28 -0.00925411
9.29 -0.00891487
9.3 -0.00852551
9.31 -0.00809136
9.32 -0.00761817
9.33 -0.00711194
9.34 -0.00657878
9.35 -0.00602482
9.36 -0.00545606
9.37 -0.00487829
9.38 -0.00429705
9.39 -0.00371753
9.4 -0.00314458
9.41 -0.00258265
9.42 -0.00203579
9.43 -0.00150758
9.44 -0.00100116
9.45 -0.000519135
9.46 -6.35817e-05
9.47 0.000364018
9.48 0.000762791
9.49 0.00113249
9.5 0.00147351
9.51 0.00178685
9.52 0.0020741
9.53 0.00233736
9.54 0.00257917
9.55 0.00280242
9.56 0.00301024
9.57 0.00320587
9.58 0.00339256
9.59 0.00357346
9.6 0.00375149
9.61 0.00392933
9.62 0.00410928
9.63 0.00429328
9.64 0.00448288
9.65 0.00467918
9.66 0.00488291
9.67 0.00509434
9.68 0.00531334
9.69 0.00553934
9.7 0.00577129
9.71 0.00600767
9.72 0.00624646
9.73 0.00648509
9.74 0.00672051
9.75 0.00694917
9.76 0.00716709
9.77 0.00736997
9.78 0.00755326
9.79 0.00771229
9.8 0.00784243
9.81 0.00793916
9.82 0.00799827
9.83 0.00801586
9.84 0.00798848
9.85 0.0079132
9.86 0.00778759
9.87 0.00760977
9.88 0.00737847
9.89 0.00709298
9.9 0.00675317
9.91 0.00635957
9.92 0.0059133
9.93 0.00541616
9.94 0.00487059
9.95 0.00427973
9.96 0.00364737
9.97 0.00297796
9.98 0.00227658
9.99 0.00154884
10 0.000800866
10.01 3.91558e-05
10.02 -0.000729511
10.03 -0.0014982
10.04 -0.00225994
10.05 -0.00300786
10.06 -0.0037353
10.07 -0.00443592
10.08 -0.00510378
10.09 -0.00573341
10.1 -0.00631987
10.11 -0.00685878
10.12 -0.00734634
10.13 -0.00777934
10.14 -0.00815515
10.15 -0.00847181
10.16 -0.00872796
10.17 -0.00892292
10.18 -0.0090567
10.19 -0.00913002
10.2 -0.00914431
10.21 -0.00910174
10.22 -0.00900515
10.23 -0.00885798
10.24 -0.00866425
10.25 -0.00842841
10.26 -0.00815523
10.27 -0.00784968
10.28 -0.00751681
10.29 -0.00716163
10.3 -0.00678902
10.31 -0.00640366
10.32 -0.00600992
10.33 -0.00561191
10.34 -0.00521335
10.35 -0.00481763
10.36 -0.00442772
10.37 -0.0040462
10.38 -0.00367522
10.39 -0.00331647
10.4 -0.00297117
10.41 -0.00264001
10.42 -0.00232319
10.43 -0.00202036
10.44 -0.00173068
10.45 -0.00145279
10.46 -0.00118491
10.47 -0.000924855
10.48 -0.00067015
10.49 -0.000418103
10.5 -0.000165916
10.51 8.92162e-05
10.52 0.000349999
10.53 0.000618941
10.54 0.000898274
10.55 0.00118988
10.56 0.00149526
10.57 0.00181546
10.58 0.0021511
10.59 0.00250235
10.6 0.00286892
10.61 0.00325008
10.62 0.00364465
10.63 0.00405097
10.64 0.00446696
10.65 0.00489003
10.66 0.00531714
10.67 0.00574475
10.68 0.00616891
10.69 0.00658523
10.7 0.00698897
10.71 0.00737517
10.72 0.00773868
10.73 0.00807433
10.74 0.00837702
10.75 0.00864186
10.76 0.00886427
10.77 0.00904006
10.78 0.00916552
10.79 0.00923747
10.8 0.00925326
10.81 0.00921087
10.82 0.00910885
10.83 0.00894636
10.84 0.0087232
10.85 0.0084398
10.86 0.00809722
10.87 0.00769719
10.88 0.0072421
10.89 0.00673498
10.9 0.00617956
10.91 0.00558014
10.92 0.00494163
10.93 0.00426946
10.94 0.00356949
10.95 0.00284794
10.96 0.00211127
10.97 0.00136607
10.98 0.000618935
10.99 -0.000123621
11 -0.000855301
11.01 -0.00157011
11.02 -0.00226241
11.03 -0.00292703
11.04 -0.00355925
11.05 -0.00415489
11.06 -0.0047103
11.07 -0.00522235
11.08 -0.0056885
11.09 -0.00610675
11.1 -0.00647572
11.11 -0.0067946
11.12 -0.0070632
11.13 -0.00728197
11.14 -0.00745198
11.15 -0.0075749
11.16 -0.00765297
11.17 -0.00768897
11.18 -0.00768609
11.19 -0.00764789
11.2 -0.00757815
11.21 -0.00748079
11.22 -0.00735974
11.23 -0.00721885
11.24 -0.00706183
11.25 -0.00689213
11.26 -0.00671293
11.27 -0.00652711
11.28 -0.00633719
11.29 -0.00614535
11.3 -0.0059534
11.31 -0.00576275
11.32 -0.00557445
11.33 -0.00538912
11.34 -0.00520697
11.35 -0.00502775
11.36 -0.00485081
11.37 -0.00467505
11.38 -0.00449897
11.39 -0.00432068
11.4 -0.00413798
11.41 -0.00394839
11.42 -0.00374929
11.43 -0.00353792
11.44 -0.00331157
11.45 -0.00306759
11.46 -0.00280355
11.47 -0.0025173
11.48 -0.00220702
11.49 -0.00187133
11.5 -0.00150927
11.51 -0.00112038
11.52 -0.00070467
11.53 -0.000262652
11.54 0.000204673
11.55 0.000695824
11.56 0.00120884
11.57 0.0017413
11.58 0.00229029
11.59 0.00285244
11.6 0.00342393
11.61 0.00400049
11.62 0.00457745
11.63 0.00514979
11.64 0.0057122
11.65 0.00625914
11.66 0.00678503
11.67 0.00728424
11.68 0.00775131
11.69 0.00818099
11.7 0.00856837
11.71 0.00890895
11.72 0.00919872
11.73 0.00943419
11.74 0.00961247
11.75 0.00973122
11.76 0.00978873
11.77 0.0097839
11.78 0.00971626
11.79 0.00958595
11.8 0.00939378
11.81 0.00914116
11.82 0.00883017
11.83 0.00846352
11.84 0.00804453
11.85 0.00757712
11.86 0.00706573
11.87 0.00651528
11.88 0.0059311
11.89 0.00531882
11.9 0.00468428
11.91 0.00403343
11.92 0.00337222
11.93 0.00270651
11.94 0.00204195
11.95 0.00138393
11.96 0.000737481
11.97 0.000107254
11.98 -0.000502545
11.99 -0.00108817
12 -0.00164634
12.01 -0.00217429
12.02 -0.00266973
12.03 -0.00313087
12.04 -0.00355646
12.05 -0.00394574
12.06 -0.00429849
12.07 -0.00461504
12.08 -0.00489619
12.09 -0.00514328
12.1 -0.00535809
12.11 -0.00554279
12.12 -0.0056999
12.13 -0.00583216
12.14 -0.00594246
12.15 -0.00603374
12.16 -0.0061089
12.17 -0.00617068
12.18 -0.00622165
12.19 -0.00626411
12.2 -0.00630004
12.21 -0.00633111
12.22 -0.00635864
12.23 -0.00638359
12.24 -0.00640658
12.25 -0.00642784
12.26 -0.00644725
12.27 -0.00646431
12.28 -0.00647814
12.29 -0.00648749
12.3 -0.00649076
12.31 -0.00648599
12.32 -0.00647088
12.33 -0.00644289
12.34 -0.00639923
12.35 -0.00633697
12.36 -0.00625309
12.37 -0.00614462
12.38 -0.00600864
12.39 -0.00584246
12.4 -0.00564365
12.41 -0.00541012
12.42 -0.00514022
12.43 -0.00483274
12.44 -0.00448697
12.45 -0.00410273
12.46 -0.00368037
12.47 -0.00322076
12.48 -0.00272529
12.49 -0.00219588
12.5 -0.00163493
12.51 -0.00104534
12.52 -0.000430496
12.53 0.000205755
12.54 0.000859121
12.55 0.00152489
12.56 0.00219798
12.57 0.00287297
12.58 0.00354421
12.59 0.00420589
12.6 0.00485212
12.61 0.00547704
12.62 0.00607495
12.63 0.0066404
12.64 0.00716825
12.65 0.0076538
12.66 0.00809279
12.67 0.00848151
12.68 0.00881678
12.69 0.00909601
12.7 0.00931718
12.71 0.00947889
12.72 0.00958032
12.73 0.00962126
12.74 0.0096021
12.75 0.00952385
12.76 0.00938811
12.77 0.00919709
12.78 0.00895353
12.79 0.00866075
12.8 0.00832251
12.81 0.00794303
12.82 0.00752684
12.83 0.00707878
12.84 0.00660382
12.85 0.00610705
12.86 0.00559352
12.87 0.00506819
12.88 0.00453582
12.89 0.00400094
12.9 0.00346775
12.91 0.00294011
12.92 0.00242147
12.93 0.00191489
12.94 0.001423
12.95 0.000948019
12.96 0.000491717
12.97 5.54395e-05
12.98 -0.000359902
12.99 -0.000753833
13 -0.00112631
13.01 -0.00147772
13.02 -0.00180884
13.03 -0.00212086
13.04 -0.00241527
13.05 -0.00269386
13.06 -0.00295864
13.07 -0.00321173
13.08 -0.00345532
13.09 -0.00369155
13.1 -0.00392244
13.11 -0.0041498
13.12 -0.00437522
13.13 -0.00459995
13.14 -0.00482494
13.15 -0.00505077
13.16 -0.00527766
13.17 -0.00550546
13.18 -0.00573365
13.19 -0.00596138
13.2 -0.0061874
13.21 -0.00641015
13.22 -0.00662771
13.23 -0.00683782
13.24 -0.00703792
13.25 -0.00722517
13.26 -0.00739647
13.27 -0.00754853
13.28 -0.0076779
13.29 -0.00778108
13.3 -0.00785458
13.31 -0.00789498
13.32 -0.00789906
13.33 -0.00786385
13.34 -0.00778671
13.35 -0.00766541
13.36 -0.00749818
13.37 -0.00728375
13.38 -0.0070214
13.39 -0.00671093
13.4 -0.00635273
13.41 -0.00594772
13.42 -0.00549738
13.43 -0.00500372
13.44 -0.00446927
13.45 -0.00389707
13.46 -0.00329063
13.47 -0.00265394
13.48 -0.00199143
13.49 -0.00130791
13.5 -0.000608579
13.51 0.000101098
13.52 0.000815416
13.53 0.00152853
13.54 0.00223456
13.55 0.00292764
13.56 0.00360209
13.57 0.00425245
13.58 0.00487355
13.59 0.00546066
13.6 0.00600945
13.61 0.0065161
13.62 0.00697731
13.63 0.0073903
13.64 0.00775285
13.65 0.00806328
13.66 0.00832048
13.67 0.00852388
13.68 0.0086735
13.69 0.00876987
13.7 0.00881409
13.71 0.00880779
13.72 0.00875308
13.73 0.00865255
13.74 0.00850921
13.75 0.00832642
13.76 0.00810782
13.77 0.0078573
13.78 0.00757883
13.79 0.00727647
13.8 0.00695421
13.81 0.00661595
13.82 0.0062654
13.83 0.00590602
13.84 0.005541
13.85 0.00517319
13.86 0.00480511
13.87 0.0044389
13.88 0.00407635
13.89 0.00371888
13.9 0.00336754
13.91 0.00302302
13.92 0.00268564
13.93 0.00235539
13.94 0.00203191
13.95 0.00171452
13.96 0.00140223
13.97 0.0010938
13.98 0.000787756
13.99 0.000482462
14 0.000176178
14.01 -0.000132859
14.02 -0.000446364
14.03 -0.000765928
14.04 -0.00109294
14.05 -0.00142853
14.06 -0.00177353
14.07 -0.0021284
14.08 -0.00249325
14.09 -0.00286778
14.1 -0.00325132
14.11 -0.0036428
14.12 -0.00404079
14.13 -0.00444347
14.14 -0.00484868
14.15 -0.00525391
14.16 -0.00565633
14.17 -0.0060528
14.18 -0.00643992
14.19 -0.00681402
14.2 -0.00717126
14.21 -0.00750764
14.22 -0.00781908
14.23 -0.00810149
14.24 -0.00835084
14.25 -0.00856327
14.26 -0.00873511
14.27 -0.00886302
14.28 -0.00894403
14.29 -0.0089756
14.3 -0.00895569
14.31 -0.00888276
14.32 -0.00875586
14.33 -0.00857457
14.34 -0.00833905
14.35 -0.00805003
14.36 -0.00770879
14.37 -0.00731717
14.38 -0.00687751
14.39 -0.00639266
14.4 -0.00586598
14.41 -0.00530126
14.42 -0.00470273
14.43 -0.00407499
14.44 -0.00342299
14.45 -0.00275197
14.46 -0.00206735
14.47 -0.00137469
14.48 -0.00067959
14.49 1.23916e-05
14.5 0.000695838
14.51 0.00136555
14.52 0.0020166
14.53 0.00264446
14.54 0.00324494
14.55 0.00381436
14.56 0.00434944
14.57 0.00484743
14.58 0.00530605
14.59 0.00572353
14.6 0.00609856
14.61 0.00643036
14.62 0.00671863
14.63 0.00696353
14.64 0.00716572
14.65 0.00732629
14.66 0.00744674
14.67 0.00752897
14.68 0.00757523
14.69 0.00758802
14.7 0.00757009
14.71 0.00752431
14.72 0.00745365
14.73 0.00736106
14.74 0.00724945
14.75 0.00712156
14.76 0.00697996
14.77 0.00682698
14.78 0.00666467
14.79 0.00649477
14.8 0.00631872
14.81 0.00613764
14.82 0.0059523
14.83 0.00576317
14.84 0.00557041
14.85 0.00537388
14.86 0.00517314
14.87 0.00496749
14.88 0.00475598
14.89 0.00453741
14.9 0.00431038
14.91 0.00407335
14.92 0.00382464
14.93 0.00356251
14.94 0.00328524
14.95 0.00299114
14.96 0.00267871
14.97 0.00234662
14.98 0.00199382
14.99 0.0016196
15 0.00122358
15.01 0.000805811
15.02 0.000366746
15.03 -9.27412e-05
15.04 -0.000571352
15.05 -0.00106738
15.06 -0.0015787
15.07 -0.00210284
15.08 -0.00263694
15.09 -0.00317779
15.1 -0.00372187
15.11 -0.00426538
15.12 -0.00480425
15.13 -0.00533419
15.14 -0.00585075
15.15 -0.00634936
15.16 -0.00682542
15.17 -0.00727434
15.18 -0.00769163
15.19 -0.00807299
15.2 -0.00841435
15.21 -0.00871199
15.22 -0.00896257
15.23 -0.00916317
15.24 -0.00931141
15.25 -0.00940539
15.26 -0.00944379
15.27 -0.00942583
15.28 -0.00935129
15.29 -0.00922053
15.3 -0.00903444
15.31 -0.00879444
15.32 -0.00850248
15.33 -0.00816098
15.34 -0.00777286
15.35 -0.00734146
15.36 -0.00687051
15.37 -0.00636414
15.38 -0.00582676
15.39 -0.00526306
15.4 -0.00467792
15.41 -0.0040763
15.42 -0.00346325
15.43 -0.00284374
15.44 -0.00222262
15.45 -0.00160457
15.46 -0.000993985
15.47 -0.000394969
15.48 0.000188741
15.49 0.000753791
15.5 0.00129723
15.51 0.00181654
15.52 0.00230961
15.53 0.00277476
15.54 0.00321074
15.55 0.0036167
15.56 0.00399223
15.57 0.00433727
15.58 0.00465219
15.59 0.00493768
15.6 0.00519477
15.61 0.0054248
15.62 0.00562935
15.63 0.00581018
15.64 0.00596921
15.65 0.00610841
15.66 0.0062298
15.67 0.0063353
15.68 0.00642675
15.69 0.00650581
15.7 0.00657393
15.71 0.0066323
15.72 0.00668185
15.73 0.00672321
15.74 0.00675669
15.75 0.00678232
15.76 0.00679983
15.77 0.00680868
15.78 0.00680803
15.79 0.00679682
15.8 0.00677375
15.81 0.00673729
15.82 0.00668576
15.83 0.0066173
15.84 0.00652994
15.85 0.00642162
15.86 0.00629027
15.87 0.00613384
15.88 0.00595036
15.89 0.00573802
15.9 0.00549522
15.91 0.00522064
15.92 0.0049133
15.93 0.00457258
15.94 0.00419828
15.95 0.00379066
15.96 0.00335041
15.97 0.00287868
15.98 0.00237708
15.99 0.00184766
16 0.00129287
16.01 0.000715592
16.02 0.000119061
16.03 -0.000493125
16.04 -0.00111705
16.05 -0.0017485
16.06 -0.00238304
16.07 -0.00301598
16.08 -0.00364253
16.09 -0.00425776
16.1 -0.00485674
16.11 -0.00543456
16.12 -0.00598644
16.13 -0.00650777
16.14 -0.0069942
16.15 -0.00744171
16.16 -0.00784664
16.17 -0.00820579
16.18 -0.00851642
16.19 -0.00877628
16.2 -0.00898367
16.21 -0.00913741
16.22 -0.00923684
16.23 -0.00928187
16.24 -0.00927289
16.25 -0.0092108
16.26 -0.00909701
16.27 -0.00893336
16.28 -0.00872215
16.29 -0.00846607
16.3 -0.00816819
16.31 -0.00783192
16.32 -0.00746094
16.33 -0.00705916
16.34 -0.00663066
16.35 -0.00617961
16.36 -0.00571023
16.37 -0.00522666
16.38 -0.00473297
16.39 -0.00423304
16.4 -0.00373052
16.41 -0.00322878
16.42 -0.00273091
16.43 -0.00223964
16.44 -0.00175737
16.45 -0.00128614
16.46 -0.00082764
16.47 -0.000383191
16.48 4.62131e-05
16.49 0.00045992
16.5 0.0008576
16.51 0.00123923
16.52 0.00160508
16.53 0.00195567
16.54 0.00229177
16.55 0.00261433
16.56 0.00292448
16.57 0.00322343
16.58 0.00351244
16.59 0.00379278
16.6 0.00406566
16.61 0.00433216
16.62 0.0045932
16.63 0.00484948
16.64 0.00510148
16.65 0.00534938
16.66 0.00559308
16.67 0.00583216
16.68 0.00606594
16.69 0.00629342
16.7 0.0065133
16.71 0.00672407
16.72 0.00692392
16.73 0.00711088
16.74 0.00728273
16.75 0.00743713
16.76 0.00757158
16.77 0.00768351
16.78 0.00777026
16.79 0.00782917
16.8 0.00785765
16.81 0.00785315
16.82 0.00781332
16.83 0.00773599
16.84 0.0076193
16.85 0.00746167
16.86 0.00726196
16.87 0.00701939
16.88 0.00673366
16.89 0.00640496
16.9 0.00603391
16.91 0.00562167
16.92 0.00516982
16.93 0.00468043
16.94 0.00415601
16.95 0.00359947
16.96 0.00301411
16.97 0.00240361
16.98 0.00177195
16.99 0.00112342
17 0.000462566
17.01 -0.00020589
17.02 -0.000877057
17.03 -0.00154596
17.04 -0.00220758
17.05 -0.00285696
17.06 -0.00348924
17.07 -0.00409972
17.08 -0.00468397
17.09 -0.00523784
17.1 -0.00575754
17.11 -0.00623968
17.12 -0.00668132
17.13 -0.00707995
17.14 -0.00743359
17.15 -0.0077407
17.16 -0.00800025
17.17 -0.0082117
17.18 -0.00837495
17.19 -0.0084904
17.2 -0.00855885
17.21 -0.00858153
17.22 -0.00856005
17.23 -0.00849638
17.24 -0.00839282
17.25 -0.00825196
17.26 -0.00807661
17.27 -0.00786977
17.28 -0.00763461
17.29 -0.00737432
17.3 -0.00709213
17.31 -0.00679122
17.32 -0.00647466
17.33 -0.00614536
17.34 -0.00580602
17.35 -0.00545912
17.36 -0.00510684
17.37 -0.00475111
17.38 -0.00439354
17.39 -0.00403547
17.4 -0.00367792
17.41 -0.00332167
17.42 -0.00296718
17.43 -0.00261469
17.44 -0.00226419
17.45 -0.00191545
17.46 -0.00156804
17.47 -0.00122135
17.48 -0.000874657
17.49 -0.000527118
17.5 -0.000177836
17.51 0.0001741
17.52 0.000529565
17.53 0.000889347
17.54 0.0012541
17.55 0.0016243
17.56 0.00200018
17.57 0.00238174
17.58 0.00276867
17.59 0.00316037
17.6 0.0035559
17.61 0.00395404
17.62 0.00435321
17.63 0.00475157
17.64 0.00514698
17.65 0.00553706
17.66 0.00591917
17.67 0.0062905
17.68 0.00664805
17.69 0.00698868
17.7 0.00730917
17.71 0.00760621
17.72 0.00787651
17.73 0.00811677
17.74 0.00832381
17.75 0.00849458
17.76 0.0086262
17.77 0.00871609
17.78 0.00876194
17.79 0.00876181
17.8 0.00871419
17.81 0.00861797
17.82 0.00847255
17.83 0.00827779
17.84 0.00803405
17.85 0.00774219
17.86 0.00740355
17.87 0.00701991
17.88 0.00659354
17.89 0.00612711
17.9 0.00562367
17.91 0.00508666
17.92 0.00451984
17.93 0.00392724
17.94 0.00331318
17.95 0.00268214
17.96 0.00203878
17.97 0.00138784
17.98 0.000734093
17.99 8.22975e-05
18 -0.000562893
18.01 -0.00119697
18.02 -0.00181566
18.03 -0.00241493
18.04 -0.00299108
18.05 -0.00354075
18.06 -0.00406099
18.07 -0.00454924
18.08 -0.00500336
18.09 -0.00542166
18.1 -0.00580284
18.11 -0.00614605
18.12 -0.00645084
18.13 -0.00671714
18.14 -0.00694525
18.15 -0.00713584
18.16 -0.00728988
18.17 -0.00740866
18.18 -0.0074937
18.19 -0.00754677
18.2 -0.00756982
18.21 -0.00756492
18.22 -0.00753424
18.23 -0.00748
18.24 -0.00740437
18.25 -0.00730947
18.26 -0.00719732
18.27 -0.00706974
18.28 -0.00692839
18.29 -0.00677471
18.3 -0.00660989
18.31 -0.00643488
18.32 -0.00625036
18.33 -0.00605679
18.34 -0.00585439
18.35 -0.00564314
18.36 -0.00542283
18.37 -0.00519307
18.38 -0.00495328
18.39 -0.00470277
18.4 -0.0044407
18.41 -0.00416617
18.42 -0.00387823
18.43 -0.0035759
18.44 -0.00325823
18.45 -0.00292436
18.46 -0.00257354
18.47 -0.00220515
18.48 -0.00181883
18.49 -0.00141443
18.5 -0.000992085
18.51 -0.000552257
18.52 -9.57273e-05
18.53 0.000376378
18.54 0.000862583
18.55 0.00136107
18.56 0.00186969
18.57 0.00238599
18.58 0.00290719
18.59 0.00343029
18.6 0.00395204
18.61 0.00446898
18.62 0.00497749
18.63 0.00547383
18.64 0.00595417
18.65 0.00641464
18.66 0.00685136
18.67 0.00726052
18.68 0.00763841
18.69 0.00798147
18.7 0.00828638
18.71 0.00855006
18.72 0.00876978
18.73 0.00894316
18.74 0.00906824
18.75 0.00914351
18.76 0.0091679
18.77 0.00914086
18.78 0.0090623
18.79 0.00893261
18.8 0.00875268
18.81 0.00852385
18.82 0.00824789
18.83 0.00792699
18.84 0.00756372
18.85 0.00716102
18.86 0.00672213
18.87 0.00625059
18.88 0.00575019
18.89 0.00522489
18.9 0.00467883
18.91 0.00411623
18.92 0.00354135
18.93 0.00295843
18.94 0.00237164
18.95 0.00178504
18.96 0.00120247
18.97 0.000627571
18.98 6.3704e-05
18.99 -0.000486073
19 -0.00101903
19.01 -0.00153279
19.02 -0.00202531
19.03 -0.00249493
19.04 -0.00294032
19.05 -0.00336052
19.06 -0.00375489
19.07 -0.00412309
19.08 -0.00446509
19.09 -0.00478115
19.1 -0.00507174
19.11 -0.00533757
19.12 -0.00557954
19.13 -0.0057987
19.14 -0.00599621
19.15 -0.00617331
19.16 -0.00633128
19.17 -0.00647136
19.18 -0.00659475
19.19 -0.00670256
19.2 -0.00679574
19.21 -0.00687507
19.22 -0.00694117
19.23 -0.00699439
19.24 -0.00703491
19.25 -0.00706264
19.26 -0.0070773
19.27 -0.00707838
19.28 -0.00706518
19.29 -0.00703681
19.3 -0.00699225
19.31 -0.00693034
19.32 -0.00684979
19.33 -0.00674927
19.34 -0.00662737
19.35 -0.0064827
19.36 -0.00631385
19.37 -0.0061195
19.38 -0.00589843
19.39 -0.00564955
19.4 -0.00537197
19.41 -0.005065
19.42 -0.00472826
19.43 -0.00436164
19.44 -0.00396538
19.45 -0.00354006
19.46 -0.00308665
19.47 -0.00260648
19.48 -0.00210126
19.49 -0.0015731
19.5 -0.00102442
19.51 -0.000457994
19.52 0.000123087
19.53 0.000715469
19.54 0.00131555
19.55 0.00191951
19.56 0.00252338
19.57 0.00312304
19.58 0.00371429
19.59 0.00429289
19.6 0.00485461
19.61 0.00539527
19.62 0.00591079
19.63 0.00639726
19.64 0.00685099
19.65 0.00726854
19.66 0.00764681
19.67 0.00798301
19.68 0.0082748
19.69 0.00852021
19.7 0.00871777
19.71 0.00886641
19.72 0.00896556
19.73 0.00901511
19.74 0.00901537
19.75 0.00896711
19.76 0.0088715
19.77 0.00873009
19.78 0.00854483
19.79 0.00831796
19.8 0.00805205
19.81 0.00774991
19.82 0.0074146
19.83 0.00704935
19.84 0.00665755
19.85 0.00624264
19.86 0.00580815
19.87 0.00535757
19.88 0.00489433
19.89 0.00442177
19.9 0.00394307
19.91 0.00346121
19.92 0.00297896
19.93 0.00249883
19.94 0.00202307
19.95 0.00155362
19.96 0.00109217
19.97 0.000640097
19.98 0.000198517
19.99 -0.000231729
20 -0.000650052
